<?xml version="1.0" encoding="utf-8"?><testsuites name="pytest tests"><testsuite name="pytest" errors="0" failures="0" skipped="23" tests="4759" time="113.223" timestamp="2025-12-24T02:25:21.645948+00:00" hostname="e834832f5276"><testcase classname="tests.integration.agents.test_performance.TestModuleImports" name="test_can_import_all_public_api" time="0.002" /><testcase classname="tests.integration.agents.test_performance.TestModuleImports" name="test_import_time_is_reasonable" time="0.428" /><testcase classname="tests.integration.agents.test_performance.TestDataclassPerformance" name="test_agent_usage_creation_is_fast" time="0.003" /><testcase classname="tests.integration.agents.test_performance.TestDataclassPerformance" name="test_agent_result_creation_is_fast" time="0.004" /><testcase classname="tests.integration.agents.test_performance.TestRegistryIntegration" name="test_register_and_create_agent" time="0.000" /><testcase classname="tests.integration.agents.test_performance.TestRegistryIntegration" name="test_decorator_registration_works" time="0.000" /><testcase classname="tests.integration.agents.test_performance.TestErrorHandlingIntegration" name="test_invalid_tool_provides_helpful_message" time="0.000" /><testcase classname="tests.integration.agents.test_performance.TestErrorHandlingIntegration" name="test_agent_not_found_error_includes_name" time="0.000" /><testcase classname="tests.integration.agents.test_performance.TestErrorHandlingIntegration" name="test_duplicate_agent_error_includes_name" time="0.000" /><testcase classname="tests.integration.agents.test_performance.TestContextIntegration" name="test_context_with_config_defaults" time="0.006" /><testcase classname="tests.integration.agents.test_performance.TestUtilitiesIntegration" name="test_extract_text_with_mock_messages" time="0.000" /><testcase classname="tests.integration.agents.test_performance.TestUtilitiesIntegration" name="test_extract_all_text_filters_non_assistant_messages" time="0.001" /><testcase classname="tests.integration.cli.test_cli_commands.TestFlyWorkflowIntegration" name="test_fly_workflow_end_to_end_success" time="0.078" /><testcase classname="tests.integration.cli.test_cli_commands.TestFlyWorkflowIntegration" name="test_fly_workflow_dry_run" time="0.086" /><testcase classname="tests.integration.cli.test_cli_commands.TestFlyWorkflowIntegration" name="test_fly_workflow_branch_not_found" time="0.083" /><testcase classname="tests.integration.cli.test_cli_commands.TestRefuelWorkflowIntegration" name="test_refuel_workflow_end_to_end_success" time="0.054" /><testcase classname="tests.integration.cli.test_cli_commands.TestRefuelWorkflowIntegration" name="test_refuel_workflow_dry_run" time="0.058" /><testcase classname="tests.integration.cli.test_cli_commands.TestReviewCommandIntegration" name="test_review_command_json_output" time="0.028" /><testcase classname="tests.integration.cli.test_cli_commands.TestReviewCommandIntegration" name="test_review_command_markdown_output" time="0.008" /><testcase classname="tests.integration.cli.test_cli_commands.TestReviewCommandIntegration" name="test_review_command_pr_not_found" time="0.006" /><testcase classname="tests.integration.cli.test_cli_commands.TestConfigSubcommandsIntegration" name="test_config_init_creates_file" time="0.006" /><testcase classname="tests.integration.cli.test_cli_commands.TestConfigSubcommandsIntegration" name="test_config_init_force_overwrites" time="0.007" /><testcase classname="tests.integration.cli.test_cli_commands.TestConfigSubcommandsIntegration" name="test_config_show_yaml_format" time="0.008" /><testcase classname="tests.integration.cli.test_cli_commands.TestConfigSubcommandsIntegration" name="test_config_show_json_format" time="0.007" /><testcase classname="tests.integration.cli.test_cli_commands.TestConfigSubcommandsIntegration" name="test_config_validate_valid" time="0.009" /><testcase classname="tests.integration.cli.test_cli_commands.TestConfigSubcommandsIntegration" name="test_config_validate_invalid" time="0.002" /><testcase classname="tests.integration.cli.test_cli_commands.TestCLIStartupPerformance" name="test_cli_startup_time_under_500ms" time="0.004" /><testcase classname="tests.integration.cli.test_cli_commands.TestCLIStartupPerformance" name="test_cli_version_startup_time" time="0.002" /><testcase classname="tests.integration.cli.test_commands_example.TestBasicCLIPatterns" name="test_version_flag" time="0.001" /><testcase classname="tests.integration.cli.test_commands_example.TestBasicCLIPatterns" name="test_help_flag" time="0.001" /><testcase classname="tests.integration.cli.test_commands_example.TestBasicCLIPatterns" name="test_no_command_shows_help" time="0.002" /><testcase classname="tests.integration.cli.test_commands_example.TestConfigCommandExamples" name="test_config_init_creates_file" time="0.006" /><testcase classname="tests.integration.cli.test_commands_example.TestConfigCommandExamples" name="test_config_show_with_valid_config" time="0.005" /><testcase classname="tests.integration.cli.test_commands_example.TestConfigCommandExamples" name="test_config_validate_detects_invalid" time="0.002" /><testcase classname="tests.integration.cli.test_commands_example.TestVerbosityOptions" name="test_verbose_flag" time="0.002" /><testcase classname="tests.integration.cli.test_commands_example.TestVerbosityOptions" name="test_quiet_flag" time="0.004" /><testcase classname="tests.integration.cli.test_commands_example.TestErrorHandling" name="test_invalid_command" time="0.002" /><testcase classname="tests.integration.cli.test_commands_example.TestErrorHandling" name="test_missing_required_argument" time="0.094" /><testcase classname="tests.integration.cli.test_review_text_output" name="test_review_command_text_output" time="0.008" /><testcase classname="tests.integration.dsl.test_branch_workflow.TestBranchWorkflowYAML" name="test_simple_branch_workflow" time="0.008" /><testcase classname="tests.integration.dsl.test_branch_workflow.TestBranchWorkflowYAML" name="test_branch_with_negation" time="0.003" /><testcase classname="tests.integration.dsl.test_branch_workflow.TestBranchWorkflowYAML" name="test_branch_with_fallback" time="0.003" /><testcase classname="tests.integration.dsl.test_branch_workflow.TestBranchWorkflowYAML" name="test_branch_no_match_returns_none" time="0.002" /><testcase classname="tests.integration.dsl.test_branch_workflow.TestBranchWorkflowYAML" name="test_branch_evaluates_in_order" time="0.003" /><testcase classname="tests.integration.dsl.test_branch_workflow.TestBranchWorkflowYAML" name="test_branch_with_step_output_reference" time="0.005" /><testcase classname="tests.integration.dsl.test_branch_workflow.TestBranchWorkflowYAML" name="test_branch_in_multi_step_workflow" time="0.007" /><testcase classname="tests.integration.dsl.test_parallel_workflow.TestParallelWorkflowExecution" name="test_parallel_for_each_yaml_workflow" time="0.003" /><testcase classname="tests.integration.dsl.test_parallel_workflow.TestParallelWorkflowExecution" name="test_parallel_for_each_multiple_steps_yaml" time="0.003" /><testcase classname="tests.integration.dsl.test_parallel_workflow.TestParallelWorkflowExecution" name="test_parallel_for_each_with_subsequent_step" time="0.003" /><testcase classname="tests.integration.dsl.test_parallel_workflow.TestParallelWorkflowExecution" name="test_parallel_without_for_each_yaml" time="0.003" /><testcase classname="tests.integration.dsl.test_parallel_workflow.TestParallelWorkflowExecution" name="test_parallel_for_each_empty_list_yaml" time="0.002" /><testcase classname="tests.integration.dsl.test_parallel_workflow.TestParallelWorkflowExecution" name="test_parallel_for_each_with_partial_failure_yaml" time="0.003" /><testcase classname="tests.integration.dsl.test_parallel_workflow.TestParallelWorkflowEdgeCases" name="test_parallel_for_each_nested_data_yaml" time="0.004" /><testcase classname="tests.integration.dsl.test_quickstart_examples.TestBasicWorkflowExample" name="test_hello_workflow" time="0.005" /><testcase classname="tests.integration.dsl.test_quickstart_examples.TestPythonStepExamples" name="test_python_example_workflow" time="0.001" /><testcase classname="tests.integration.dsl.test_quickstart_examples.TestSubWorkflowExample" name="test_subworkflow_execution" time="0.001" /><testcase classname="tests.integration.dsl.test_quickstart_examples.TestErrorHandlingExamples" name="test_step_failure_stops_workflow" time="0.001" /><testcase classname="tests.integration.dsl.test_quickstart_examples.TestProgressEventsForTUI" name="test_progress_event_matching" time="0.002" /><testcase classname="tests.integration.dsl.test_quickstart_examples.TestBestPracticesExamples" name="test_explicit_return" time="0.001" /><testcase classname="tests.integration.dsl.test_quickstart_examples.TestBestPracticesExamples" name="test_implicit_return" time="0.001" /><testcase classname="tests.integration.dsl.test_quickstart_examples.TestAccessingPriorResults" name="test_context_builder_access" time="0.001" /><testcase classname="tests.integration.dsl.test_workflow_execution.TestUserStory1TwoStepWorkflow" name="test_two_step_workflow_execution" time="0.002" /><testcase classname="tests.integration.dsl.test_workflow_execution.TestUserStory1TwoStepWorkflow" name="test_workflow_with_async_steps" time="0.023" /><testcase classname="tests.integration.dsl.test_workflow_execution.TestUserStory1TwoStepWorkflow" name="test_workflow_step_failure_propagation" time="0.002" /><testcase classname="tests.integration.dsl.test_workflow_execution.TestUserStory1TwoStepWorkflow" name="test_workflow_with_complex_data_types" time="0.002" /><testcase classname="tests.integration.dsl.test_workflow_execution.TestUserStory1TwoStepWorkflow" name="test_workflow_serialization" time="0.003" /><testcase classname="tests.integration.dsl.test_workflow_execution.TestUserStory2AgentWorkflow" name="test_agent_step_with_static_context" time="0.002" /><testcase classname="tests.integration.dsl.test_workflow_execution.TestUserStory2AgentWorkflow" name="test_agent_step_with_callable_context" time="0.004" /><testcase classname="tests.integration.dsl.test_workflow_execution.TestUserStory2AgentWorkflow" name="test_generate_step_execution" time="0.002" /><testcase classname="tests.integration.dsl.test_workflow_execution.TestUserStory2AgentWorkflow" name="test_mixed_step_types_workflow" time="0.005" /><testcase classname="tests.integration.dsl.test_workflow_execution.TestUserStory2AgentWorkflow" name="test_agent_failure_handling" time="0.003" /><testcase classname="tests.integration.dsl.test_workflow_execution.TestUserStory3ValidateWorkflow" name="test_validate_step_passes_first_try" time="0.004" /><testcase classname="tests.integration.dsl.test_workflow_execution.TestUserStory3ValidateWorkflow" name="test_subworkflow_step_execution" time="0.006" /><testcase classname="tests.integration.dsl.test_workflow_execution.TestUserStory3ValidateWorkflow" name="test_nested_subworkflows" time="0.010" /><testcase classname="tests.integration.dsl.test_workflow_execution.TestUserStory3ValidateWorkflow" name="test_subworkflow_failure_propagation" time="0.005" /><testcase classname="tests.integration.dsl.test_workflow_execution.TestUserStory3ValidateWorkflow" name="test_validate_and_subworkflow_combined" time="0.005" /><testcase classname="tests.integration.dsl.test_workflow_execution.TestEdgeCases" name="test_context_builder_failure_stops_workflow" time="0.007" /><testcase classname="tests.integration.dsl.test_workflow_execution.TestEdgeCases" name="test_validate_step_stages_not_found_returns_failed_result" time="0.002" /><testcase classname="tests.integration.dsl.test_workflow_execution.TestEdgeCases" name="test_engine_catches_step_execution_exception" time="0.007" /><testcase classname="tests.integration.dsl.test_workflow_execution.TestEdgeCases" name="test_workflow_cancellation" time="0.011" /><testcase classname="tests.integration.dsl.test_workflow_roundtrip.TestWorkflowRoundtripBasic" name="test_minimal_workflow_yaml_roundtrip" time="0.005" /><testcase classname="tests.integration.dsl.test_workflow_roundtrip.TestWorkflowRoundtripBasic" name="test_workflow_with_description_roundtrip" time="0.003" /><testcase classname="tests.integration.dsl.test_workflow_roundtrip.TestWorkflowRoundtripBasic" name="test_workflow_with_inputs_roundtrip" time="0.010" /><testcase classname="tests.integration.dsl.test_workflow_roundtrip.TestWorkflowRoundtripStepTypes" name="test_python_step_roundtrip" time="0.006" /><testcase classname="tests.integration.dsl.test_workflow_roundtrip.TestWorkflowRoundtripStepTypes" name="test_agent_step_roundtrip" time="0.003" /><testcase classname="tests.integration.dsl.test_workflow_roundtrip.TestWorkflowRoundtripStepTypes" name="test_generate_step_roundtrip" time="0.003" /><testcase classname="tests.integration.dsl.test_workflow_roundtrip.TestWorkflowRoundtripStepTypes" name="test_validate_step_roundtrip" time="0.002" /><testcase classname="tests.integration.dsl.test_workflow_roundtrip.TestWorkflowRoundtripStepTypes" name="test_validate_with_on_failure_roundtrip" time="0.003" /><testcase classname="tests.integration.dsl.test_workflow_roundtrip.TestWorkflowRoundtripStepTypes" name="test_subworkflow_step_roundtrip" time="0.005" /><testcase classname="tests.integration.dsl.test_workflow_roundtrip.TestWorkflowRoundtripStepTypes" name="test_branch_step_roundtrip" time="0.011" /><testcase classname="tests.integration.dsl.test_workflow_roundtrip.TestWorkflowRoundtripStepTypes" name="test_parallel_step_roundtrip" time="0.004" /><testcase classname="tests.integration.dsl.test_workflow_roundtrip.TestWorkflowRoundtripExpressions" name="test_expression_in_when_field" time="0.002" /><testcase classname="tests.integration.dsl.test_workflow_roundtrip.TestWorkflowRoundtripExpressions" name="test_expressions_in_args_kwargs" time="0.003" /><testcase classname="tests.integration.dsl.test_workflow_roundtrip.TestWorkflowRoundtripExpressions" name="test_expressions_in_context" time="0.003" /><testcase classname="tests.integration.dsl.test_workflow_roundtrip.TestWorkflowRoundtripNestedStructures" name="test_deeply_nested_branch_in_parallel" time="0.005" /><testcase classname="tests.integration.dsl.test_workflow_roundtrip.TestWorkflowRoundtripNestedStructures" name="test_validate_with_nested_on_failure_branch" time="0.004" /><testcase classname="tests.integration.dsl.test_workflow_roundtrip.TestWorkflowRoundtripJSON" name="test_minimal_workflow_json_roundtrip" time="0.001" /><testcase classname="tests.integration.dsl.test_workflow_roundtrip.TestWorkflowRoundtripJSON" name="test_complex_workflow_json_roundtrip" time="0.002" /><testcase classname="tests.integration.dsl.test_workflow_roundtrip.TestWorkflowRoundtripEquivalence" name="test_model_equality_after_roundtrip" time="0.002" /><testcase classname="tests.integration.dsl.test_workflow_roundtrip.TestWorkflowRoundtripEquivalence" name="test_multiple_roundtrips_stable" time="0.003" /><testcase classname="tests.integration.dsl.test_workflow_roundtrip.TestWorkflowRoundtripEquivalence" name="test_field_ordering_preserved" time="0.003" /><testcase classname="tests.integration.hooks.test_hook_composition.TestSafetyHooksIntegration" name="test_bash_command_blocking_dangerous_rm_rf" time="0.010" /><testcase classname="tests.integration.hooks.test_hook_composition.TestSafetyHooksIntegration" name="test_bash_command_blocking_fork_bombs_and_system_commands" time="0.008" /><testcase classname="tests.integration.hooks.test_hook_composition.TestSafetyHooksIntegration" name="test_bash_command_allows_safe_commands" time="0.003" /><testcase classname="tests.integration.hooks.test_hook_composition.TestSafetyHooksIntegration" name="test_bash_command_with_custom_blocklist" time="0.010" /><testcase classname="tests.integration.hooks.test_hook_composition.TestSafetyHooksIntegration" name="test_bash_command_with_allow_override" time="0.002" /><testcase classname="tests.integration.hooks.test_hook_composition.TestSafetyHooksIntegration" name="test_file_write_blocking_sensitive_paths" time="0.009" /><testcase classname="tests.integration.hooks.test_hook_composition.TestSafetyHooksIntegration" name="test_file_write_allows_safe_paths" time="0.002" /><testcase classname="tests.integration.hooks.test_hook_composition.TestSafetyHooksIntegration" name="test_file_write_with_allowlist" time="0.002" /><testcase classname="tests.integration.hooks.test_hook_composition.TestSafetyHooksIntegration" name="test_file_write_with_custom_blocklist" time="0.002" /><testcase classname="tests.integration.hooks.test_hook_composition.TestSafetyHooksIntegration" name="test_safety_hooks_can_be_disabled" time="0.001" /><testcase classname="tests.integration.hooks.test_hook_composition.TestLoggingHooksIntegration" name="test_logging_hook_creates_log_entries" time="0.002" /><testcase classname="tests.integration.hooks.test_hook_composition.TestLoggingHooksIntegration" name="test_logging_hook_sanitizes_sensitive_data" time="0.002" /><testcase classname="tests.integration.hooks.test_hook_composition.TestLoggingHooksIntegration" name="test_metrics_collector_records_entries" time="0.001" /><testcase classname="tests.integration.hooks.test_hook_composition.TestLoggingHooksIntegration" name="test_metrics_collector_aggregates_multiple_calls" time="0.001" /><testcase classname="tests.integration.hooks.test_hook_composition.TestLoggingHooksIntegration" name="test_metrics_collector_tracks_multiple_tools" time="0.001" /><testcase classname="tests.integration.hooks.test_hook_composition.TestLoggingHooksIntegration" name="test_logging_can_be_disabled" time="0.001" /><testcase classname="tests.integration.hooks.test_hook_composition.TestCombinedHooksIntegration" name="test_safety_blocks_before_logging" time="0.001" /><testcase classname="tests.integration.hooks.test_hook_composition.TestCombinedHooksIntegration" name="test_safety_allows_then_logging_records" time="0.001" /><testcase classname="tests.integration.hooks.test_hook_composition.TestCombinedHooksIntegration" name="test_combined_hooks_workflow" time="0.002" /><testcase classname="tests.integration.hooks.test_hook_composition.TestFailClosedBehavior" name="test_bash_validation_fails_closed_on_exception" time="0.001" /><testcase classname="tests.integration.hooks.test_hook_composition.TestFailClosedBehavior" name="test_file_validation_fails_closed_on_exception" time="0.001" /><testcase classname="tests.integration.hooks.test_hook_composition.TestFailClosedBehavior" name="test_logging_hook_does_not_fail_on_exception" time="0.001" /><testcase classname="tests.integration.hooks.test_hook_composition.TestFailClosedBehavior" name="test_metrics_collection_does_not_fail_on_exception" time="0.001" /><testcase classname="tests.integration.hooks.test_hook_composition.TestHookPerformance" name="test_safety_hook_performance_under_10ms" time="0.001" /><testcase classname="tests.integration.hooks.test_hook_composition.TestHookPerformance" name="test_file_write_hook_performance_under_10ms" time="0.001" /><testcase classname="tests.integration.hooks.test_hook_composition.TestHookPerformance" name="test_logging_hook_performance_under_10ms" time="0.001" /><testcase classname="tests.integration.hooks.test_hook_composition.TestHookPerformance" name="test_metrics_collection_performance_under_10ms" time="0.001" /><testcase classname="tests.integration.hooks.test_hook_composition.TestHookPerformance" name="test_combined_hooks_performance_under_20ms" time="0.001" /><testcase classname="tests.integration.hooks.test_hook_composition.TestHookPerformance" name="test_concurrent_hook_execution_performance" time="0.001" /><testcase classname="tests.integration.runners.test_integration.TestCommandRunnerIntegration" name="test_run_echo_command" time="0.004" /><testcase classname="tests.integration.runners.test_integration.TestCommandRunnerIntegration" name="test_run_command_with_error" time="0.003" /><testcase classname="tests.integration.runners.test_integration.TestGitHubCLIRunnerIntegration" name="test_list_issues" time="0.000"><skipped type="pytest.skip" message="Requires gh CLI authentication">/workspaces/maverick/tests/integration/runners/test_integration.py:51: Requires gh CLI authentication</skipped></testcase><testcase classname="tests.integration.runners.test_integration.TestValidationRunnerIntegration" name="test_validation_stages" time="0.000"><skipped type="pytest.skip" message="Requires ruff to be installed">/workspaces/maverick/tests/integration/runners/test_integration.py:67: Requires ruff to be installed</skipped></testcase><testcase classname="tests.integration.test_checkpoint_resume" name="test_checkpoint_saves_state" time="0.009" /><testcase classname="tests.integration.test_checkpoint_resume" name="test_resume_from_checkpoint" time="0.006" /><testcase classname="tests.integration.test_checkpoint_resume" name="test_resume_with_mismatched_inputs_fails" time="0.006" /><testcase classname="tests.integration.test_checkpoint_resume" name="test_checkpoint_persists_to_file" time="0.004" /><testcase classname="tests.integration.test_commit_push_fragment.TestCommitAndPushFragment" name="test_fragment_with_provided_message" time="0.019" /><testcase classname="tests.integration.test_commit_push_fragment.TestCommitAndPushFragment" name="test_fragment_with_generated_message" time="0.018" /><testcase classname="tests.integration.test_commit_push_fragment.TestCommitAndPushFragment" name="test_fragment_with_push_disabled" time="0.012" /><testcase classname="tests.integration.test_commit_push_fragment.TestCommitAndPushFragment" name="test_fragment_with_default_push" time="0.012" /><testcase classname="tests.integration.test_commit_push_fragment.TestCommitAndPushFragment" name="test_fragment_step_execution_order" time="0.016" /><testcase classname="tests.integration.test_commit_push_fragment.TestCommitAndPushFragment" name="test_fragment_commit_includes_attribution" time="0.013" /><testcase classname="tests.integration.test_commit_push_fragment.TestCommitAndPushFragment" name="test_fragment_commit_adds_all_files" time="0.014" /><testcase classname="tests.integration.test_commit_push_fragment.TestCommitAndPushFragment" name="test_fragment_context_builder_integration" time="0.012" /><testcase classname="tests.integration.test_commit_push_fragment.TestCommitAndPushFragment" name="test_fragment_with_empty_message_string" time="0.012" /><testcase classname="tests.integration.test_config_loading.TestConfigLoadingIntegration" name="test_full_config_hierarchy" time="0.004" /><testcase classname="tests.integration.test_config_loading.TestConfigLoadingIntegration" name="test_defaults_only" time="0.002" /><testcase classname="tests.integration.test_config_performance.TestConfigPerformance" name="test_config_loading_under_100ms" time="0.007" /><testcase classname="tests.integration.test_config_performance.TestConfigPerformance" name="test_config_loading_warm_cache_under_100ms" time="0.008" /><testcase classname="tests.integration.test_config_performance.TestConfigPerformance" name="test_config_loading_defaults_only_under_100ms" time="0.002" /><testcase classname="tests.integration.test_fragment_invocation" name="test_workflow_invokes_fragment_by_name" time="0.288" /><testcase classname="tests.integration.test_fragment_invocation" name="test_workflow_fragment_not_found_error" time="0.265" /><testcase classname="tests.integration.test_fragment_invocation" name="test_nested_fragment_invocation" time="0.292" /><testcase classname="tests.integration.test_fragment_override" name="test_fragment_project_overrides_user" time="0.004" /><testcase classname="tests.integration.test_fragment_override" name="test_fragment_user_overrides_builtin" time="0.005" /><testcase classname="tests.integration.test_pr_creation_fragment.TestCreatePRWithSummaryFragment" name="test_fragment_with_provided_title" time="0.000"><skipped type="pytest.skip" message="Expression parser doesn't support ternary 'if...else...' syntax yet">/workspaces/maverick/tests/integration/test_pr_creation_fragment.py:113: Expression parser doesn't support ternary 'if...else...' syntax yet</skipped></testcase><testcase classname="tests.integration.test_pr_creation_fragment.TestCreatePRWithSummaryFragment" name="test_fragment_with_generated_title" time="0.000"><skipped type="pytest.skip" message="Expression parser doesn't support ternary 'if...else...' syntax yet">/workspaces/maverick/tests/integration/test_pr_creation_fragment.py:177: Expression parser doesn't support ternary 'if...else...' syntax yet</skipped></testcase><testcase classname="tests.integration.test_pr_creation_fragment.TestCreatePRWithSummaryFragment" name="test_fragment_with_draft_pr" time="0.000"><skipped type="pytest.skip" message="Expression parser doesn't support ternary 'if...else...' syntax yet">/workspaces/maverick/tests/integration/test_pr_creation_fragment.py:232: Expression parser doesn't support ternary 'if...else...' syntax yet</skipped></testcase><testcase classname="tests.integration.test_pr_creation_fragment.TestCreatePRWithSummaryFragment" name="test_fragment_with_default_draft" time="0.000"><skipped type="pytest.skip" message="Expression parser doesn't support ternary 'if...else...' syntax yet">/workspaces/maverick/tests/integration/test_pr_creation_fragment.py:265: Expression parser doesn't support ternary 'if...else...' syntax yet</skipped></testcase><testcase classname="tests.integration.test_pr_creation_fragment.TestCreatePRWithSummaryFragment" name="test_fragment_with_custom_base_branch" time="0.000"><skipped type="pytest.skip" message="Expression parser doesn't support ternary 'if...else...' syntax yet">/workspaces/maverick/tests/integration/test_pr_creation_fragment.py:292: Expression parser doesn't support ternary 'if...else...' syntax yet</skipped></testcase><testcase classname="tests.integration.test_pr_creation_fragment.TestCreatePRWithSummaryFragment" name="test_fragment_with_default_base_branch" time="0.000"><skipped type="pytest.skip" message="Expression parser doesn't support ternary 'if...else...' syntax yet">/workspaces/maverick/tests/integration/test_pr_creation_fragment.py:322: Expression parser doesn't support ternary 'if...else...' syntax yet</skipped></testcase><testcase classname="tests.integration.test_pr_creation_fragment.TestCreatePRWithSummaryFragment" name="test_fragment_step_execution_order" time="0.017" /><testcase classname="tests.integration.test_pr_creation_fragment.TestCreatePRWithSummaryFragment" name="test_fragment_pr_body_generation" time="0.000"><skipped type="pytest.skip" message="Expression parser doesn't support ternary 'if...else...' syntax yet">/workspaces/maverick/tests/integration/test_pr_creation_fragment.py:416: Expression parser doesn't support ternary 'if...else...' syntax yet</skipped></testcase><testcase classname="tests.integration.test_pr_creation_fragment.TestCreatePRWithSummaryFragment" name="test_fragment_title_context_builder_integration" time="0.000"><skipped type="pytest.skip" message="Expression parser doesn't support ternary 'if...else...' syntax yet">/workspaces/maverick/tests/integration/test_pr_creation_fragment.py:458: Expression parser doesn't support ternary 'if...else...' syntax yet</skipped></testcase><testcase classname="tests.integration.test_pr_creation_fragment.TestCreatePRWithSummaryFragment" name="test_fragment_body_context_builder_integration" time="0.014" /><testcase classname="tests.integration.test_pr_creation_fragment.TestCreatePRWithSummaryFragment" name="test_fragment_with_all_custom_inputs" time="0.000"><skipped type="pytest.skip" message="Expression parser doesn't support ternary 'if...else...' syntax yet">/workspaces/maverick/tests/integration/test_pr_creation_fragment.py:522: Expression parser doesn't support ternary 'if...else...' syntax yet</skipped></testcase><testcase classname="tests.integration.test_pr_creation_fragment.TestCreatePRWithSummaryFragment" name="test_fragment_returns_pr_metadata" time="0.000"><skipped type="pytest.skip" message="Expression parser doesn't support ternary 'if...else...' syntax yet">/workspaces/maverick/tests/integration/test_pr_creation_fragment.py:557: Expression parser doesn't support ternary 'if...else...' syntax yet</skipped></testcase><testcase classname="tests.integration.test_pr_creation_fragment.TestCreatePRWithSummaryFragment" name="test_fragment_with_empty_title_string" time="0.000"><skipped type="pytest.skip" message="Expression parser doesn't support ternary 'if...else...' syntax yet">/workspaces/maverick/tests/integration/test_pr_creation_fragment.py:586: Expression parser doesn't support ternary 'if...else...' syntax yet</skipped></testcase><testcase classname="tests.integration.test_quick_fix_workflow.TestQuickFixWorkflowIntegration" name="test_quick_fix_workflow_complete_flow" time="0.016" /><testcase classname="tests.integration.test_quick_fix_workflow.TestQuickFixWorkflowIntegration" name="test_quick_fix_workflow_issue_fetch_failure" time="0.017" /><testcase classname="tests.integration.test_quick_fix_workflow.TestQuickFixWorkflowIntegration" name="test_quick_fix_workflow_validation_failure_exhausts_attempts" time="0.016" /><testcase classname="tests.integration.test_quick_fix_workflow.TestQuickFixWorkflowIntegration" name="test_quick_fix_workflow_emits_progress_events" time="0.026" /><testcase classname="tests.integration.test_quick_fix_workflow.TestQuickFixWorkflowActions" name="test_fetch_issue_action_success" time="0.001" /><testcase classname="tests.integration.test_quick_fix_workflow.TestQuickFixWorkflowActions" name="test_fetch_issue_action_failure" time="0.001" /><testcase classname="tests.integration.test_quick_fix_workflow.TestQuickFixWorkflowActions" name="test_fetch_issue_with_no_assignees" time="0.001" /><testcase classname="tests.integration.test_quick_fix_workflow.TestQuickFixWorkflowEdgeCases" name="test_workflow_with_closed_issue" time="0.001" /><testcase classname="tests.integration.test_quick_fix_workflow.TestQuickFixWorkflowEdgeCases" name="test_workflow_with_unicode_in_issue" time="0.001" /><testcase classname="tests.integration.test_quick_fix_workflow.TestQuickFixWorkflowEdgeCases" name="test_workflow_with_missing_issue_body" time="0.001" /><testcase classname="tests.integration.test_quick_fix_workflow.TestQuickFixWorkflowEdgeCases" name="test_workflow_network_timeout" time="0.001" /><testcase classname="tests.integration.test_review_workflow.TestReviewWorkflowIntegration" name="test_review_workflow_with_pr_number" time="0.015" /><testcase classname="tests.integration.test_review_workflow.TestReviewWorkflowIntegration" name="test_review_workflow_auto_detect_pr" time="0.022" /><testcase classname="tests.integration.test_review_workflow.TestReviewWorkflowIntegration" name="test_review_workflow_with_coderabbit" time="0.021" /><testcase classname="tests.integration.test_review_workflow.TestReviewWorkflowActions" name="test_gather_context_action" time="0.002" /><testcase classname="tests.integration.test_review_workflow.TestReviewWorkflowActions" name="test_run_coderabbit_when_unavailable" time="0.001" /><testcase classname="tests.integration.test_review_workflow.TestReviewWorkflowActions" name="test_run_coderabbit_when_available" time="0.002" /><testcase classname="tests.integration.test_review_workflow.TestReviewWorkflowActions" name="test_combine_results_action" time="0.001" /><testcase classname="tests.integration.test_review_workflow.TestReviewWorkflowEdgeCases" name="test_workflow_with_empty_diff" time="0.001" /><testcase classname="tests.integration.test_review_workflow.TestReviewWorkflowEdgeCases" name="test_workflow_handles_pr_fetch_failure" time="0.002" /><testcase classname="tests.integration.test_review_workflow.TestReviewWorkflowEdgeCases" name="test_workflow_with_unicode_in_pr" time="0.001" /><testcase classname="tests.integration.test_scaffold_workflow.TestWorkflowNameValidation" name="test_valid_names" time="0.001" /><testcase classname="tests.integration.test_scaffold_workflow.TestWorkflowNameValidation" name="test_invalid_empty_name" time="0.000" /><testcase classname="tests.integration.test_scaffold_workflow.TestWorkflowNameValidation" name="test_invalid_too_long" time="0.000" /><testcase classname="tests.integration.test_scaffold_workflow.TestWorkflowNameValidation" name="test_invalid_uppercase_start" time="0.000" /><testcase classname="tests.integration.test_scaffold_workflow.TestWorkflowNameValidation" name="test_invalid_number_start" time="0.000" /><testcase classname="tests.integration.test_scaffold_workflow.TestWorkflowNameValidation" name="test_invalid_special_characters" time="0.000" /><testcase classname="tests.integration.test_scaffold_workflow.TestDefaultOutputDirectory" name="test_default_output_dir" time="0.001" /><testcase classname="tests.integration.test_scaffold_workflow.TestBasicTemplateScaffolding" name="test_scaffold_basic_yaml_workflow" time="0.124" /><testcase classname="tests.integration.test_scaffold_workflow.TestBasicTemplateScaffolding" name="test_scaffold_basic_yaml_with_default_values" time="0.007" /><testcase classname="tests.integration.test_scaffold_workflow.TestBasicTemplateScaffolding" name="test_scaffold_rejects_invalid_name" time="0.002" /><testcase classname="tests.integration.test_scaffold_workflow.TestBasicTemplateScaffolding" name="test_scaffold_rejects_existing_file" time="0.002" /><testcase classname="tests.integration.test_scaffold_workflow.TestBasicTemplateScaffolding" name="test_scaffold_overwrites_with_flag" time="0.007" /><testcase classname="tests.integration.test_scaffold_workflow.TestFullTemplateScaffolding" name="test_scaffold_full_yaml_workflow" time="0.007" /><testcase classname="tests.integration.test_scaffold_workflow.TestFullTemplateScaffolding" name="test_full_template_includes_subworkflow_references" time="0.004" /><testcase classname="tests.integration.test_scaffold_workflow.TestParallelTemplateScaffolding" name="test_scaffold_parallel_yaml_workflow" time="0.019" /><testcase classname="tests.integration.test_scaffold_workflow.TestParallelTemplateScaffolding" name="test_parallel_template_has_multiple_substeps" time="0.013" /><testcase classname="tests.integration.test_scaffold_workflow.TestPythonTemplateScaffolding" name="test_scaffold_basic_python_workflow" time="0.005" /><testcase classname="tests.integration.test_scaffold_workflow.TestPythonTemplateScaffolding" name="test_scaffold_full_python_workflow" time="0.005" /><testcase classname="tests.integration.test_scaffold_workflow.TestPythonTemplateScaffolding" name="test_scaffold_parallel_python_workflow" time="0.010" /><testcase classname="tests.integration.test_scaffold_workflow.TestScaffoldCustomValues" name="test_custom_description_appears_in_output" time="0.012" /><testcase classname="tests.integration.test_scaffold_workflow.TestScaffoldCustomValues" name="test_custom_author_appears_in_output" time="0.010" /><testcase classname="tests.integration.test_scaffold_workflow.TestScaffoldCustomValues" name="test_all_custom_values_together" time="0.014" /><testcase classname="tests.integration.test_scaffold_workflow.TestScaffoldDirectoryHandling" name="test_scaffold_to_project_directory" time="0.011" /><testcase classname="tests.integration.test_scaffold_workflow.TestScaffoldDirectoryHandling" name="test_scaffold_to_custom_directory" time="0.008" /><testcase classname="tests.integration.test_scaffold_workflow.TestScaffoldDirectoryHandling" name="test_scaffold_creates_parent_directories" time="0.008" /><testcase classname="tests.integration.test_scaffold_workflow.TestScaffoldPreviewMode" name="test_preview_returns_content_without_creating_file" time="0.007" /><testcase classname="tests.integration.test_scaffold_workflow.TestScaffoldPreviewMode" name="test_preview_content_is_valid_workflow" time="0.010" /><testcase classname="tests.integration.test_scaffold_workflow.TestScaffoldPreviewMode" name="test_preview_python_content_has_valid_syntax" time="0.005" /><testcase classname="tests.integration.test_scaffold_workflow.TestScaffoldPreviewMode" name="test_preview_with_invalid_name_raises_error" time="0.002" /><testcase classname="tests.integration.test_scaffold_workflow.TestTemplateList" name="test_list_templates_returns_all_types" time="0.002" /><testcase classname="tests.integration.test_scaffold_workflow.TestTemplateList" name="test_list_templates_includes_both_formats" time="0.002" /><testcase classname="tests.integration.test_scaffold_workflow.TestTemplateList" name="test_template_info_has_description" time="0.002" /><testcase classname="tests.integration.test_scaffold_workflow.TestTemplateList" name="test_template_info_has_example_steps" time="0.005" /><testcase classname="tests.integration.test_validate_and_fix_fragment.TestValidateAndFixFragment" name="test_fragment_with_default_inputs" time="0.012"><skipped type="pytest.skip" message="Requires validate step type implementation in executor">/workspaces/maverick/tests/integration/test_validate_and_fix_fragment.py:196: Requires validate step type implementation in executor</skipped></testcase><testcase classname="tests.integration.test_validate_and_fix_fragment.TestValidateAndFixFragment" name="test_fragment_with_custom_stages" time="0.013"><skipped type="pytest.skip" message="Requires validate step type implementation in executor">/workspaces/maverick/tests/integration/test_validate_and_fix_fragment.py:219: Requires validate step type implementation in executor</skipped></testcase><testcase classname="tests.integration.test_validate_and_fix_fragment.TestValidateAndFixFragment" name="test_fragment_with_zero_max_attempts" time="0.012"><skipped type="pytest.skip" message="Requires validate step type implementation in executor">/workspaces/maverick/tests/integration/test_validate_and_fix_fragment.py:240: Requires validate step type implementation in executor</skipped></testcase><testcase classname="tests.integration.test_validate_and_fix_fragment.TestValidateAndFixFragment" name="test_fragment_validation_passes_initially" time="0.018"><skipped type="pytest.skip" message="Requires validate step type implementation in executor">/workspaces/maverick/tests/integration/test_validate_and_fix_fragment.py:261: Requires validate step type implementation in executor</skipped></testcase><testcase classname="tests.integration.test_validate_and_fix_fragment.TestValidateAndFixFragment" name="test_fragment_validation_fails_then_succeeds" time="0.014"><skipped type="pytest.skip" message="Requires validate step type implementation in executor">/workspaces/maverick/tests/integration/test_validate_and_fix_fragment.py:282: Requires validate step type implementation in executor</skipped></testcase><testcase classname="tests.integration.test_validate_and_fix_fragment.TestValidateAndFixFragment" name="test_fragment_validation_exhausts_attempts" time="0.013"><skipped type="pytest.skip" message="Requires validate step type implementation in executor">/workspaces/maverick/tests/integration/test_validate_and_fix_fragment.py:306: Requires validate step type implementation in executor</skipped></testcase><testcase classname="tests.integration.test_validate_and_fix_fragment.TestValidateAndFixFragment" name="test_fragment_with_custom_fixer_agent" time="0.024"><skipped type="pytest.skip" message="Requires validate step type implementation in executor">/workspaces/maverick/tests/integration/test_validate_and_fix_fragment.py:328: Requires validate step type implementation in executor</skipped></testcase><testcase classname="tests.integration.test_validate_and_fix_fragment.TestValidateAndFixFragment" name="test_fragment_step_execution_order" time="0.015"><skipped type="pytest.skip" message="Requires validate step type implementation in executor">/workspaces/maverick/tests/integration/test_validate_and_fix_fragment.py:347: Requires validate step type implementation in executor</skipped></testcase><testcase classname="tests.integration.test_validate_and_fix_fragment.TestValidateAndFixFragment" name="test_fragment_reports_all_stage_results" time="0.013"><skipped type="pytest.skip" message="Requires validate step type implementation in executor">/workspaces/maverick/tests/integration/test_validate_and_fix_fragment.py:368: Requires validate step type implementation in executor</skipped></testcase><testcase classname="tests.integration.test_validate_workflow.TestValidateWorkflowIntegration" name="test_validate_workflow_with_fix_disabled" time="0.013" /><testcase classname="tests.integration.test_validate_workflow.TestValidateWorkflowIntegration" name="test_validate_workflow_passes_on_first_attempt" time="0.014" /><testcase classname="tests.integration.test_validate_workflow.TestValidateWorkflowIntegration" name="test_validate_workflow_with_fix_enabled_and_failure" time="0.018" /><testcase classname="tests.integration.test_validate_workflow.TestValidateWorkflowIntegration" name="test_validate_workflow_with_custom_max_attempts" time="0.012" /><testcase classname="tests.integration.test_validate_workflow.TestValidateWorkflowActions" name="test_log_message_action" time="0.001" /><testcase classname="tests.integration.test_validate_workflow.TestValidateWorkflowActions" name="test_generate_validation_report_with_success" time="0.001" /><testcase classname="tests.integration.test_validate_workflow.TestValidateWorkflowActions" name="test_generate_validation_report_with_fixes" time="0.001" /><testcase classname="tests.integration.test_validate_workflow.TestValidateWorkflowEdgeCases" name="test_workflow_with_zero_max_attempts" time="0.001" /><testcase classname="tests.integration.test_validate_workflow.TestValidateWorkflowEdgeCases" name="test_workflow_with_empty_stages" time="0.001" /><testcase classname="tests.integration.test_validate_workflow.TestValidateWorkflowEdgeCases" name="test_workflow_validation_failure_with_fix_disabled" time="0.001" /><testcase classname="tests.integration.test_workflow_discovery.TestWorkflowDiscoveryIntegration" name="test_complete_discovery_flow_with_all_sources" time="0.242" /><testcase classname="tests.integration.test_workflow_discovery.TestWorkflowDiscoveryIntegration" name="test_partial_discovery_without_builtin" time="0.005" /><testcase classname="tests.integration.test_workflow_discovery.TestWorkflowDiscoveryIntegration" name="test_error_resilience_with_invalid_files" time="0.003" /><testcase classname="tests.integration.test_workflow_discovery.TestWorkflowDiscoveryIntegration" name="test_fragment_discovery_with_override_precedence" time="0.256" /><testcase classname="tests.integration.test_workflow_discovery.TestWorkflowDiscoveryIntegration" name="test_builtin_workflows_from_library" time="0.336" /><testcase classname="tests.integration.test_workflow_discovery.TestWorkflowDiscoveryIntegration" name="test_builtin_fragments_from_library" time="0.297" /><testcase classname="tests.integration.test_workflow_discovery.TestWorkflowDiscoveryIntegration" name="test_discovery_performance_metrics" time="0.003" /><testcase classname="tests.integration.tools.test_github.TestGitHubToolsServerCreation" name="test_create_server_with_valid_prerequisites" time="0.001" /><testcase classname="tests.integration.tools.test_github.TestGitHubToolsServerCreation" name="test_create_server_skip_verification" time="0.000" /><testcase classname="tests.integration.tools.test_github.TestGitHubToolsServerCreation" name="test_server_tools_have_correct_parameters" time="0.000" /><testcase classname="tests.integration.tools.test_github.TestGitHubToolsPerformance" name="test_list_issues_performance_under_5_seconds" time="0.388" /><testcase classname="tests.integration.tools.test_github.TestGitHubToolsPerformance" name="test_get_issue_performance_under_5_seconds" time="1.002" /><testcase classname="tests.integration.tools.test_github.TestGitHubToolsPerformance" name="test_server_creation_performance" time="0.002" /><testcase classname="tests.integration.tools.test_github.TestGitHubToolsPerformance" name="test_multiple_tool_calls_performance" time="1.753" /><testcase classname="tests.integration.tools.test_github.TestGitHubToolsPerformance" name="test_parallel_tool_calls_performance" time="0.489" /><testcase classname="tests.integration.tools.test_github.TestGitHubToolsErrorHandling" name="test_create_server_outside_git_repo_succeeds_with_lazy_verification" time="0.002" /><testcase classname="tests.integration.tools.test_github.TestGitHubToolsErrorHandling" name="test_verify_prerequisites_outside_git_repo_fails" time="0.307" /><testcase classname="tests.integration.tools.test_github.TestGitHubToolsErrorHandling" name="test_invalid_issue_number_returns_error" time="0.002" /><testcase classname="tests.integration.tools.test_github.TestGitHubToolsErrorHandling" name="test_nonexistent_issue_returns_not_found" time="0.310" /><testcase classname="tests.integration.tools.test_github.TestGitHubToolsErrorHandling" name="test_invalid_state_returns_validation_error" time="0.001" /><testcase classname="tests.integration.tools.test_github.TestGitHubToolsErrorHandling" name="test_empty_issue_list_handled_gracefully" time="0.690" /><testcase classname="tests.integration.tools.test_github.TestGitHubToolsResponseFormats" name="test_list_issues_response_format" time="0.352" /><testcase classname="tests.integration.tools.test_github.TestGitHubToolsResponseFormats" name="test_get_issue_response_format" time="0.901" /><testcase classname="tests.integration.tools.test_github.TestGitHubToolsResponseFormats" name="test_error_response_format" time="0.002" /><testcase classname="tests.integration.workflows.test_fly_e2e" name="test_complete_workflow_execution_with_all_mocked_dependencies" time="0.012" /><testcase classname="tests.integration.workflows.test_fly_e2e" name="test_workflow_handles_git_runner_branch_creation_failure" time="0.004" /><testcase classname="tests.integration.workflows.test_fly_e2e" name="test_workflow_handles_github_runner_pr_creation_failure" time="0.006" /><testcase classname="tests.integration.workflows.test_fly_e2e" name="test_workflow_handles_implementer_agent_failure" time="0.005" /><testcase classname="tests.integration.workflows.test_fly_e2e" name="test_validation_failure_continues_workflow_with_draft_pr" time="0.004" /><testcase classname="tests.integration.workflows.test_fly_e2e" name="test_validation_failure_captured_in_final_result" time="0.003" /><testcase classname="tests.integration.workflows.test_fly_e2e" name="test_workflow_with_skip_review_flag" time="0.002" /><testcase classname="tests.integration.workflows.test_fly_e2e" name="test_workflow_with_skip_pr_flag" time="0.003" /><testcase classname="tests.integration.workflows.test_validation_e2e" name="test_workflow_with_real_echo_commands" time="0.004" /><testcase classname="tests.integration.workflows.test_validation_e2e" name="test_workflow_with_failing_command" time="0.003" /><testcase classname="tests.integration.workflows.test_validation_e2e" name="test_workflow_with_command_not_found" time="0.002" /><testcase classname="tests.integration.workflows.test_validation_e2e" name="test_workflow_with_cwd_config" time="0.003" /><testcase classname="tests.integration.workflows.test_validation_e2e" name="test_workflow_with_timeout" time="0.509" /><testcase classname="tests.integration.workflows.test_validation_e2e" name="test_workflow_with_mock_fix_agent" time="0.005" /><testcase classname="tests.integration.workflows.test_validation_e2e" name="test_workflow_fix_agent_called_on_failure" time="0.008" /><testcase classname="tests.integration.workflows.test_validation_e2e" name="test_create_python_workflow_factory" time="0.002" /><testcase classname="tests.integration.workflows.test_validation_e2e" name="test_create_python_workflow_with_config" time="0.002" /><testcase classname="tests.integration.workflows.test_validation_e2e" name="test_create_python_workflow_with_fix_agent" time="0.002" /><testcase classname="tests.integration.workflows.test_validation_e2e" name="test_dry_run_mode_no_execution" time="0.001" /><testcase classname="tests.integration.workflows.test_validation_e2e" name="test_cancellation_integration" time="0.001" /><testcase classname="tests.integration.workflows.test_validation_e2e" name="test_cancellation_mid_workflow" time="0.002" /><testcase classname="tests.integration.workflows.test_validation_example" name="test_simple_workflow_with_runner" time="0.003" /><testcase classname="tests.integration.workflows.test_validation_example" name="test_workflow_event_filtering" time="0.002" /><testcase classname="tests.integration.workflows.test_validation_example" name="test_direct_async_generator_capture" time="0.002" /><testcase classname="tests.integration.workflows.test_validation_example" name="test_workflow_with_config" time="0.001" /><testcase classname="tests.integration.workflows.test_validation_example" name="test_workflow_with_failure" time="0.003" /><testcase classname="tests.integration.workflows.test_validation_example" name="test_multi_stage_workflow" time="0.005" /><testcase classname="tests.performance.test_discovery_performance.TestDiscoveryPerformance" name="test_discovery_performance_100_workflows" time="0.149" /><testcase classname="tests.performance.test_discovery_performance.TestDiscoveryPerformance" name="test_discovery_performance_with_fragments" time="0.150" /><testcase classname="tests.performance.test_discovery_performance.TestDiscoveryPerformance" name="test_discovery_performance_with_nested_directories" time="0.154" /><testcase classname="tests.performance.test_discovery_performance.TestDiscoveryPerformance" name="test_discovery_performance_benchmark_200_workflows" time="0.303" /><testcase classname="tests.test_github_fixtures" name="test_mock_github_cli_fixture_available" time="0.000" /><testcase classname="tests.test_github_fixtures" name="test_mock_github_cli_set_response" time="0.000" /><testcase classname="tests.test_github_fixtures" name="test_mock_github_cli_call_recording" time="0.000" /><testcase classname="tests.test_github_fixtures" name="test_mock_github_cli_pattern_matching" time="0.000" /><testcase classname="tests.test_github_fixtures" name="test_mock_github_cli_default_response" time="0.000" /><testcase classname="tests.test_github_fixtures" name="test_mock_github_cli_reset" time="0.000" /><testcase classname="tests.test_github_fixtures" name="test_command_response_defaults" time="0.000" /><testcase classname="tests.test_github_fixtures" name="test_command_response_custom_values" time="0.000" /><testcase classname="tests.test_github_fixtures" name="test_command_call_attributes" time="0.000" /><testcase classname="tests.tui.screens.test_home_example" name="test_workflow_list_renders_header" time="0.060" /><testcase classname="tests.tui.screens.test_home_example" name="test_workflow_list_widget_present" time="0.037" /><testcase classname="tests.tui.screens.test_home_example" name="test_workflow_list_widget_count" time="0.031" /><testcase classname="tests.tui.screens.test_home_example" name="test_workflow_list_sets_workflows" time="0.106" /><testcase classname="tests.tui.screens.test_home_example" name="test_workflow_list_selection" time="0.133" /><testcase classname="tests.tui.screens.test_home_example" name="test_workflow_list_empty_state" time="0.106" /><testcase classname="tests.tui.screens.test_home_example" name="test_workflow_list_navigation_actions" time="0.274" /><testcase classname="tests.tui.test_conftest.TestTUITestApp" name="test_tui_test_app_basic_usage" time="0.014" /><testcase classname="tests.tui.test_conftest.TestTUITestApp" name="test_tui_test_app_compose" time="0.011" /><testcase classname="tests.tui.test_conftest.TestTUITestApp" name="test_tui_test_app_no_css_by_default" time="0.002" /><testcase classname="tests.tui.test_conftest.TestScreenTestApp" name="test_screen_test_app_basic_usage" time="0.012" /><testcase classname="tests.tui.test_conftest.TestScreenTestApp" name="test_screen_test_app_no_css_by_default" time="0.001" /><testcase classname="tests.tui.test_conftest.TestTUIPilotFixture" name="test_tui_pilot_fixture_provides_pilot" time="0.009" /><testcase classname="tests.tui.test_conftest.TestTUIPilotFixture" name="test_tui_pilot_fixture_app_is_tui_test_app" time="0.009" /><testcase classname="tests.tui.test_conftest.TestAssertHasClass" name="test_assert_has_class_passes_when_class_exists" time="0.011" /><testcase classname="tests.tui.test_conftest.TestAssertHasClass" name="test_assert_has_class_fails_when_class_missing" time="0.012" /><testcase classname="tests.tui.test_conftest.TestAssertNotHasClass" name="test_assert_not_has_class_passes_when_class_missing" time="0.011" /><testcase classname="tests.tui.test_conftest.TestAssertNotHasClass" name="test_assert_not_has_class_fails_when_class_exists" time="0.012" /><testcase classname="tests.tui.test_conftest.TestAssertWidgetCount" name="test_assert_widget_count_passes_when_count_matches" time="0.014" /><testcase classname="tests.tui.test_conftest.TestAssertWidgetCount" name="test_assert_widget_count_fails_when_count_differs" time="0.015" /><testcase classname="tests.tui.test_conftest.TestAssertWidgetCount" name="test_assert_widget_count_with_id_selector" time="0.011" /><testcase classname="tests.tui.test_conftest.TestAssertWidgetCount" name="test_assert_widget_count_with_zero_count" time="0.011" /><testcase classname="tests.unit.agents.generators.test_base.TestGeneratorAgentConstruction" name="test_construction_with_required_fields" time="0.001" /><testcase classname="tests.unit.agents.generators.test_base.TestGeneratorAgentConstruction" name="test_construction_with_custom_model" time="0.000" /><testcase classname="tests.unit.agents.generators.test_base.TestGeneratorAgentConstruction" name="test_construction_with_empty_name_raises_error" time="0.001" /><testcase classname="tests.unit.agents.generators.test_base.TestGeneratorAgentConstruction" name="test_construction_with_empty_system_prompt_raises_error" time="0.001" /><testcase classname="tests.unit.agents.generators.test_base.TestGeneratorAgentProperties" name="test_name_property_is_read_only" time="0.000" /><testcase classname="tests.unit.agents.generators.test_base.TestGeneratorAgentProperties" name="test_system_prompt_property_is_read_only" time="0.000" /><testcase classname="tests.unit.agents.generators.test_base.TestGeneratorAgentProperties" name="test_model_property_is_read_only" time="0.000" /><testcase classname="tests.unit.agents.generators.test_base.TestTruncateInput" name="test_no_truncation_when_under_limit" time="0.000" /><testcase classname="tests.unit.agents.generators.test_base.TestTruncateInput" name="test_truncation_when_over_limit" time="0.001" /><testcase classname="tests.unit.agents.generators.test_base.TestTruncateInput" name="test_truncation_logs_warning" time="0.001" /><testcase classname="tests.unit.agents.generators.test_base.TestTruncateInput" name="test_exact_limit_no_truncation" time="0.000" /><testcase classname="tests.unit.agents.generators.test_base.TestQuery" name="test_query_returns_text_from_response" time="0.001" /><testcase classname="tests.unit.agents.generators.test_base.TestQuery" name="test_query_handles_multiple_text_blocks" time="0.001" /><testcase classname="tests.unit.agents.generators.test_base.TestQuery" name="test_query_handles_multiple_messages" time="0.001" /><testcase classname="tests.unit.agents.generators.test_base.TestQuery" name="test_query_wraps_expected_errors_in_generator_error" time="0.001" /><testcase classname="tests.unit.agents.generators.test_base.TestQuery" name="test_query_reraises_unexpected_errors" time="0.002" /><testcase classname="tests.unit.agents.generators.test_base.TestQuery" name="test_query_logs_debug_info" time="0.002" /><testcase classname="tests.unit.agents.generators.test_base.TestConstants" name="test_max_diff_size_is_100kb" time="0.000" /><testcase classname="tests.unit.agents.generators.test_base.TestConstants" name="test_max_snippet_size_is_10kb" time="0.000" /><testcase classname="tests.unit.agents.generators.test_base.TestConstants" name="test_default_model" time="0.000" /><testcase classname="tests.unit.agents.generators.test_code_analyzer.TestCodeAnalyzerConstruction" name="test_construction_with_defaults" time="0.000" /><testcase classname="tests.unit.agents.generators.test_code_analyzer.TestCodeAnalyzerConstruction" name="test_construction_with_custom_model" time="0.000" /><testcase classname="tests.unit.agents.generators.test_code_analyzer.TestCodeAnalyzerGenerate" name="test_generate_with_explain_type_returns_explanation" time="0.001" /><testcase classname="tests.unit.agents.generators.test_code_analyzer.TestCodeAnalyzerGenerate" name="test_generate_with_review_type_returns_issues" time="0.001" /><testcase classname="tests.unit.agents.generators.test_code_analyzer.TestCodeAnalyzerGenerate" name="test_generate_with_summarize_type_returns_summary" time="0.001" /><testcase classname="tests.unit.agents.generators.test_code_analyzer.TestCodeAnalyzerGenerate" name="test_generate_with_invalid_analysis_type_defaults_to_explain" time="0.001" /><testcase classname="tests.unit.agents.generators.test_code_analyzer.TestCodeAnalyzerGenerate" name="test_generate_with_language_hint_includes_language_in_prompt" time="0.001" /><testcase classname="tests.unit.agents.generators.test_code_analyzer.TestCodeAnalyzerGenerate" name="test_generate_with_empty_code_raises_error" time="0.001" /><testcase classname="tests.unit.agents.generators.test_code_analyzer.TestCodeAnalyzerGenerate" name="test_generate_with_whitespace_only_code_raises_error" time="0.001" /><testcase classname="tests.unit.agents.generators.test_code_analyzer.TestCodeAnalyzerGenerate" name="test_generate_with_missing_code_raises_error" time="0.001" /><testcase classname="tests.unit.agents.generators.test_code_analyzer.TestCodeAnalyzerGenerate" name="test_generate_truncates_large_code_at_10kb" time="0.001" /><testcase classname="tests.unit.agents.generators.test_code_analyzer.TestCodeAnalyzerGenerate" name="test_generate_logs_truncation_at_warning_level" time="0.003" /><testcase classname="tests.unit.agents.generators.test_code_analyzer.TestCodeAnalyzerGenerate" name="test_generate_without_analysis_type_defaults_to_explain" time="0.002" /><testcase classname="tests.unit.agents.generators.test_commit_message.TestCommitMessageGeneratorConstruction" name="test_construction_with_defaults" time="0.001" /><testcase classname="tests.unit.agents.generators.test_commit_message.TestCommitMessageGeneratorConstruction" name="test_construction_with_custom_model" time="0.001" /><testcase classname="tests.unit.agents.generators.test_commit_message.TestCommitMessageGeneratorConstruction" name="test_generator_has_no_tools" time="0.000" /><testcase classname="tests.unit.agents.generators.test_commit_message.TestCommitMessageGeneratorGenerate" name="test_generate_returns_conventional_commit_format" time="0.004" /><testcase classname="tests.unit.agents.generators.test_commit_message.TestCommitMessageGeneratorGenerate" name="test_scope_hint_override_works" time="0.001" /><testcase classname="tests.unit.agents.generators.test_commit_message.TestCommitMessageGeneratorGenerate" name="test_bug_fix_diff_produces_fix_type" time="0.001" /><testcase classname="tests.unit.agents.generators.test_commit_message.TestCommitMessageGeneratorGenerate" name="test_empty_diff_raises_generator_error" time="0.001" /><testcase classname="tests.unit.agents.generators.test_commit_message.TestCommitMessageGeneratorGenerate" name="test_missing_diff_raises_generator_error" time="0.001" /><testcase classname="tests.unit.agents.generators.test_commit_message.TestCommitMessageGeneratorGenerate" name="test_diff_truncation_at_100kb_with_warning" time="0.001" /><testcase classname="tests.unit.agents.generators.test_commit_message.TestCommitMessageGeneratorGenerate" name="test_file_stats_included_in_prompt" time="0.001" /><testcase classname="tests.unit.agents.generators.test_commit_message.TestCommitMessageGeneratorGenerate" name="test_optional_scope_hint_not_required" time="0.001" /><testcase classname="tests.unit.agents.generators.test_commit_message.TestCommitMessageGeneratorEdgeCases" name="test_whitespace_only_diff_raises_error" time="0.001" /><testcase classname="tests.unit.agents.generators.test_commit_message.TestCommitMessageGeneratorEdgeCases" name="test_api_error_wrapped_in_generator_error" time="0.001" /><testcase classname="tests.unit.agents.generators.test_commit_message.TestCommitMessageGeneratorEdgeCases" name="test_none_file_stats_handled_gracefully" time="0.001" /><testcase classname="tests.unit.agents.generators.test_commit_message.TestCommitMessageGeneratorSystemPrompt" name="test_system_prompt_mentions_conventional_commits" time="0.000" /><testcase classname="tests.unit.agents.generators.test_commit_message.TestCommitMessageGeneratorSystemPrompt" name="test_system_prompt_lists_commit_types" time="0.001" /><testcase classname="tests.unit.agents.generators.test_commit_message.TestCommitMessageGeneratorSystemPrompt" name="test_system_prompt_enforces_format_rules" time="0.000" /><testcase classname="tests.unit.agents.generators.test_error_explainer.TestErrorExplainerConstruction" name="test_construction_with_defaults" time="0.000" /><testcase classname="tests.unit.agents.generators.test_error_explainer.TestErrorExplainerConstruction" name="test_construction_with_custom_model" time="0.000" /><testcase classname="tests.unit.agents.generators.test_error_explainer.TestErrorExplainerGenerate" name="test_type_error_explanation_with_source_context" time="0.001" /><testcase classname="tests.unit.agents.generators.test_error_explainer.TestErrorExplainerGenerate" name="test_test_failure_explanation" time="0.001" /><testcase classname="tests.unit.agents.generators.test_error_explainer.TestErrorExplainerGenerate" name="test_lint_error_explanation" time="0.001" /><testcase classname="tests.unit.agents.generators.test_error_explainer.TestErrorExplainerGenerate" name="test_error_without_source_context_still_produces_explanation" time="0.001" /><testcase classname="tests.unit.agents.generators.test_error_explainer.TestErrorExplainerGenerate" name="test_empty_error_output_raises_generator_error" time="0.001" /><testcase classname="tests.unit.agents.generators.test_error_explainer.TestErrorExplainerGenerate" name="test_missing_error_output_raises_generator_error" time="0.001" /><testcase classname="tests.unit.agents.generators.test_error_explainer.TestErrorExplainerGenerate" name="test_source_context_truncation_at_10kb_with_warning" time="0.001" /><testcase classname="tests.unit.agents.generators.test_error_explainer.TestErrorExplainerGenerate" name="test_prompt_includes_error_type_when_provided" time="0.001" /><testcase classname="tests.unit.agents.generators.test_error_explainer.TestErrorExplainerGenerate" name="test_prompt_includes_source_context_when_provided" time="0.001" /><testcase classname="tests.unit.agents.generators.test_error_explainer.TestErrorExplainerGenerate" name="test_handles_all_error_types" time="0.001" /><testcase classname="tests.unit.agents.generators.test_error_explainer.TestErrorExplainerEdgeCases" name="test_whitespace_only_error_output_raises_generator_error" time="0.001" /><testcase classname="tests.unit.agents.generators.test_error_explainer.TestErrorExplainerEdgeCases" name="test_api_error_propagates_as_generator_error" time="0.001" /><testcase classname="tests.unit.agents.generators.test_error_explainer.TestErrorExplainerEdgeCases" name="test_none_error_output_raises_generator_error" time="0.001" /><testcase classname="tests.unit.agents.generators.test_error_explainer.TestErrorExplainerEdgeCases" name="test_truncation_preserves_error_output" time="0.001" /><testcase classname="tests.unit.agents.generators.test_pr_description.TestPRDescriptionGeneratorConstruction" name="test_construction_with_defaults" time="0.000" /><testcase classname="tests.unit.agents.generators.test_pr_description.TestPRDescriptionGeneratorConstruction" name="test_construction_with_custom_sections" time="0.000" /><testcase classname="tests.unit.agents.generators.test_pr_description.TestPRDescriptionGeneratorConstruction" name="test_construction_with_custom_model" time="0.000" /><testcase classname="tests.unit.agents.generators.test_pr_description.TestPRDescriptionGeneratorConstruction" name="test_default_sections_match_base_constant" time="0.000" /><testcase classname="tests.unit.agents.generators.test_pr_description.TestPRDescriptionGeneratorConstruction" name="test_generator_has_no_tools" time="0.000" /><testcase classname="tests.unit.agents.generators.test_pr_description.TestPRDescriptionGeneratorGenerate" name="test_generate_returns_markdown_with_required_sections" time="0.001" /><testcase classname="tests.unit.agents.generators.test_pr_description.TestPRDescriptionGeneratorGenerate" name="test_generate_reflects_failing_validation_in_testing_section" time="0.001" /><testcase classname="tests.unit.agents.generators.test_pr_description.TestPRDescriptionGeneratorGenerate" name="test_generate_incorporates_task_summary_in_summary_section" time="0.001" /><testcase classname="tests.unit.agents.generators.test_pr_description.TestPRDescriptionGeneratorGenerate" name="test_generate_with_custom_sections_list" time="0.051" /><testcase classname="tests.unit.agents.generators.test_pr_description.TestPRDescriptionGeneratorGenerate" name="test_empty_commits_raises_generator_error" time="0.001" /><testcase classname="tests.unit.agents.generators.test_pr_description.TestPRDescriptionGeneratorGenerate" name="test_empty_task_summary_raises_generator_error" time="0.001" /><testcase classname="tests.unit.agents.generators.test_pr_description.TestPRDescriptionGeneratorGenerate" name="test_missing_commits_raises_generator_error" time="0.001" /><testcase classname="tests.unit.agents.generators.test_pr_description.TestPRDescriptionGeneratorGenerate" name="test_missing_task_summary_raises_generator_error" time="0.001" /><testcase classname="tests.unit.agents.generators.test_pr_description.TestPRDescriptionGeneratorGenerate" name="test_generate_with_optional_diff_stats" time="0.001" /><testcase classname="tests.unit.agents.generators.test_pr_description.TestPRDescriptionGeneratorGenerate" name="test_generate_with_optional_validation_results" time="0.001" /><testcase classname="tests.unit.agents.generators.test_pr_description.TestPRDescriptionGeneratorGenerate" name="test_api_error_raises_generator_error" time="0.001" /><testcase classname="tests.unit.agents.generators.test_pr_description.TestPRDescriptionGeneratorSystemPrompt" name="test_system_prompt_enforces_markdown_format" time="0.000" /><testcase classname="tests.unit.agents.generators.test_pr_description.TestPRDescriptionGeneratorSystemPrompt" name="test_system_prompt_includes_default_sections" time="0.000" /><testcase classname="tests.unit.agents.generators.test_pr_description.TestPRDescriptionGeneratorSystemPrompt" name="test_system_prompt_with_custom_sections" time="0.000" /><testcase classname="tests.unit.agents.generators.test_pr_description.TestPRDescriptionGeneratorPromptBuilding" name="test_prompt_includes_all_context_fields" time="0.001" /><testcase classname="tests.unit.agents.generators.test_pr_description.TestPRDescriptionGeneratorPromptBuilding" name="test_prompt_with_minimal_context" time="0.001" /><testcase classname="tests.unit.agents.test_base.TestMaverickAgentInitialization" name="test_initialization_with_required_parameters" time="0.000" /><testcase classname="tests.unit.agents.test_base.TestMaverickAgentInitialization" name="test_name_property" time="0.000" /><testcase classname="tests.unit.agents.test_base.TestMaverickAgentInitialization" name="test_system_prompt_property" time="0.000" /><testcase classname="tests.unit.agents.test_base.TestMaverickAgentInitialization" name="test_allowed_tools_property_returns_copy" time="0.000" /><testcase classname="tests.unit.agents.test_base.TestMaverickAgentInitialization" name="test_model_defaults_to_default_model" time="0.000" /><testcase classname="tests.unit.agents.test_base.TestMaverickAgentInitialization" name="test_model_can_be_overridden" time="0.000" /><testcase classname="tests.unit.agents.test_base.TestMaverickAgentInitialization" name="test_mcp_servers_defaults_to_empty_dict" time="0.000" /><testcase classname="tests.unit.agents.test_base.TestMaverickAgentInitialization" name="test_mcp_servers_returns_copy" time="0.000" /><testcase classname="tests.unit.agents.test_base.TestValidateTools" name="test_validates_builtin_tools_successfully" time="0.000" /><testcase classname="tests.unit.agents.test_base.TestValidateTools" name="test_validates_individual_builtin_tools" time="0.000" /><testcase classname="tests.unit.agents.test_base.TestValidateTools" name="test_validates_mcp_tool_patterns" time="0.000" /><testcase classname="tests.unit.agents.test_base.TestValidateTools" name="test_raises_invalid_tool_error_for_unknown_tool" time="0.000" /><testcase classname="tests.unit.agents.test_base.TestValidateTools" name="test_allows_mcp_tools_when_server_is_in_mcp_servers" time="0.000" /><testcase classname="tests.unit.agents.test_base.TestValidateTools" name="test_raises_invalid_tool_error_for_mcp_tool_without_server" time="0.000" /><testcase classname="tests.unit.agents.test_base.TestValidateTools" name="test_mixed_builtin_and_mcp_tools" time="0.000" /><testcase classname="tests.unit.agents.test_base.TestBuildOptions" name="test_returns_claude_agent_options" time="0.002" /><testcase classname="tests.unit.agents.test_base.TestBuildOptions" name="test_passes_correct_parameters_to_options" time="0.001" /><testcase classname="tests.unit.agents.test_base.TestBuildOptions" name="test_cwd_none_when_not_specified" time="0.001" /><testcase classname="tests.unit.agents.test_base.TestBuildOptions" name="test_cwd_converted_to_string_from_path" time="0.001" /><testcase classname="tests.unit.agents.test_base.TestWrapSDKError" name="test_wraps_cli_not_found_error" time="0.000" /><testcase classname="tests.unit.agents.test_base.TestWrapSDKError" name="test_wraps_process_error_with_exit_code_and_stderr" time="0.000" /><testcase classname="tests.unit.agents.test_base.TestWrapSDKError" name="test_wraps_cli_connection_error_to_network_error" time="0.000" /><testcase classname="tests.unit.agents.test_base.TestWrapSDKError" name="test_wraps_cli_json_decode_error_to_malformed_response_error" time="0.000" /><testcase classname="tests.unit.agents.test_base.TestWrapSDKError" name="test_wraps_generic_errors_to_agent_error" time="0.000" /><testcase classname="tests.unit.agents.test_base.TestWrapSDKError" name="test_wraps_unknown_sdk_error_types_to_agent_error" time="0.000" /><testcase classname="tests.unit.agents.test_base.TestExtractUsage" name="test_extracts_usage_from_result_message" time="0.000" /><testcase classname="tests.unit.agents.test_base.TestExtractUsage" name="test_returns_zeros_when_no_result_message" time="0.000" /><testcase classname="tests.unit.agents.test_base.TestExtractUsage" name="test_handles_empty_message_list" time="0.000" /><testcase classname="tests.unit.agents.test_base.TestExtractUsage" name="test_handles_result_message_without_usage" time="0.000" /><testcase classname="tests.unit.agents.test_base.TestExtractUsage" name="test_handles_partial_usage_data" time="0.000" /><testcase classname="tests.unit.agents.test_base.TestQuery" name="test_streams_messages_from_client" time="0.002" /><testcase classname="tests.unit.agents.test_base.TestQuery" name="test_raises_streaming_error_with_partial_messages_on_mid_stream_failure" time="0.002" /><testcase classname="tests.unit.agents.test_base.TestQuery" name="test_wraps_sdk_errors_when_no_partial_messages" time="0.002" /><testcase classname="tests.unit.agents.test_base.TestQuery" name="test_wraps_cli_not_found_error_from_sdk" time="0.002" /><testcase classname="tests.unit.agents.test_base.TestQuery" name="test_builds_options_with_provided_cwd" time="0.001" /><testcase classname="tests.unit.agents.test_base.TestQuery" name="test_handles_path_object_for_cwd" time="0.001" /><testcase classname="tests.unit.agents.test_base.TestExecuteMethod" name="test_concrete_agent_can_execute" time="0.002" /><testcase classname="tests.unit.agents.test_base_example.TestMockFixtures" name="test_mock_text_message_factory" time="0.000" /><testcase classname="tests.unit.agents.test_base_example.TestMockFixtures" name="test_mock_result_message_factory" time="0.000" /><testcase classname="tests.unit.agents.test_base_example.TestMockFixtures" name="test_mock_sdk_client_queue_response" time="0.001" /><testcase classname="tests.unit.agents.test_base_example.TestMockFixtures" name="test_mock_sdk_client_query_tracking" time="0.003" /><testcase classname="tests.unit.agents.test_base_example.TestMockFixtures" name="test_mock_sdk_client_error_handling" time="0.003" /><testcase classname="tests.unit.agents.test_base_example.TestMockFixtures" name="test_mock_sdk_client_multiple_response_sequences" time="0.002" /><testcase classname="tests.unit.agents.test_base_example.TestMockFixtures" name="test_mock_sdk_client_context_manager" time="0.001" /><testcase classname="tests.unit.agents.test_base_example.TestMockFixtures" name="test_mock_sdk_client_reset" time="0.000" /><testcase classname="tests.unit.agents.test_code_reviewer.TestCodeReviewerAgentInitialization" name="test_default_initialization" time="0.000" /><testcase classname="tests.unit.agents.test_code_reviewer.TestCodeReviewerAgentInitialization" name="test_custom_model" time="0.000" /><testcase classname="tests.unit.agents.test_code_reviewer.TestCodeReviewerAgentInitialization" name="test_system_prompt_contains_review_dimensions" time="0.000" /><testcase classname="tests.unit.agents.test_code_reviewer.TestCodeReviewerAgentInitialization" name="test_system_prompt_mentions_pre_gathered_context" time="0.000" /><testcase classname="tests.unit.agents.test_code_reviewer.TestCodeReviewerAgentInitialization" name="test_allowed_tools_excludes_bash" time="0.000" /><testcase classname="tests.unit.agents.test_code_reviewer.TestCodeReviewerAgentInitialization" name="test_allowed_tools_includes_read" time="0.000" /><testcase classname="tests.unit.agents.test_code_reviewer.TestCodeReviewerAgentInitialization" name="test_allowed_tools_matches_contract" time="0.000" /><testcase classname="tests.unit.agents.test_code_reviewer.TestCodeReviewerAgentInitialization" name="test_allowed_tools_uses_centralized_constants" time="0.000" /><testcase classname="tests.unit.agents.test_code_reviewer.TestCodeReviewerConstants" name="test_max_diff_lines_is_reasonable" time="0.000" /><testcase classname="tests.unit.agents.test_code_reviewer.TestCodeReviewerConstants" name="test_max_diff_files_is_reasonable" time="0.000" /><testcase classname="tests.unit.agents.test_code_reviewer.TestCodeReviewerConstants" name="test_default_base_branch_is_main" time="0.000" /><testcase classname="tests.unit.agents.test_code_reviewer.TestCodeReviewerConstants" name="test_max_tokens_per_chunk_is_set" time="0.000" /><testcase classname="tests.unit.agents.test_code_reviewer.TestEstimateTokens" name="test_estimate_tokens_empty_string" time="0.000" /><testcase classname="tests.unit.agents.test_code_reviewer.TestEstimateTokens" name="test_estimate_tokens_short_string" time="0.000" /><testcase classname="tests.unit.agents.test_code_reviewer.TestEstimateTokens" name="test_estimate_tokens_long_string" time="0.000" /><testcase classname="tests.unit.agents.test_code_reviewer.TestShouldTruncate" name="test_should_truncate_under_limits" time="0.000" /><testcase classname="tests.unit.agents.test_code_reviewer.TestShouldTruncate" name="test_should_truncate_exceeds_line_limit" time="0.000" /><testcase classname="tests.unit.agents.test_code_reviewer.TestShouldTruncate" name="test_should_truncate_exceeds_file_limit" time="0.000" /><testcase classname="tests.unit.agents.test_code_reviewer.TestShouldTruncate" name="test_should_truncate_at_exact_limits" time="0.000" /><testcase classname="tests.unit.agents.test_code_reviewer.TestParseFindings" name="test_parse_findings_valid_json" time="0.001" /><testcase classname="tests.unit.agents.test_code_reviewer.TestParseFindings" name="test_parse_findings_empty_response" time="0.001" /><testcase classname="tests.unit.agents.test_code_reviewer.TestParseFindings" name="test_parse_findings_no_json" time="0.001" /><testcase classname="tests.unit.agents.test_code_reviewer.TestParseFindings" name="test_parse_findings_invalid_json" time="0.001" /><testcase classname="tests.unit.agents.test_code_reviewer.TestParseFindings" name="test_parse_findings_filters_invalid_entries" time="0.002" /><testcase classname="tests.unit.agents.test_code_reviewer.TestExecuteMethod" name="test_execute_returns_review_result" time="0.009" /><testcase classname="tests.unit.agents.test_code_reviewer.TestExecuteMethod" name="test_execute_raises_on_merge_conflicts" time="0.001" /><testcase classname="tests.unit.agents.test_code_reviewer.TestExecuteMethod" name="test_execute_handles_empty_diff" time="0.001" /><testcase classname="tests.unit.agents.test_code_reviewer.TestReviewContextBuilding" name="test_uses_default_base_branch_when_not_specified" time="0.001" /><testcase classname="tests.unit.agents.test_code_reviewer.TestReviewContextBuilding" name="test_uses_custom_base_branch_when_specified" time="0.001" /><testcase classname="tests.unit.agents.test_code_reviewer.TestTruncateFiles" name="test_truncate_files_returns_subset" time="0.000" /><testcase classname="tests.unit.agents.test_code_reviewer.TestTruncateFiles" name="test_truncate_files_no_change_when_under_limit" time="0.000" /><testcase classname="tests.unit.agents.test_code_reviewer.TestUsageStatsConversion" name="test_converts_agent_usage_to_usage_stats" time="0.000" /><testcase classname="tests.unit.agents.test_code_reviewer.TestUsageStatsConversion" name="test_handles_none_cost" time="0.000" /><testcase classname="tests.unit.agents.test_context" name="test_agent_context_creation_with_valid_values" time="0.001" /><testcase classname="tests.unit.agents.test_context" name="test_agent_context_frozen_immutable" time="0.001" /><testcase classname="tests.unit.agents.test_context" name="test_agent_context_no_dict_attribute" time="0.001" /><testcase classname="tests.unit.agents.test_context" name="test_agent_context_extra_defaults_to_empty_dict" time="0.001" /><testcase classname="tests.unit.agents.test_context" name="test_agent_context_empty_branch_raises_value_error" time="0.001" /><testcase classname="tests.unit.agents.test_context" name="test_agent_context_from_cwd_success" time="0.002" /><testcase classname="tests.unit.agents.test_context" name="test_agent_context_from_cwd_strips_whitespace" time="0.001" /><testcase classname="tests.unit.agents.test_context" name="test_agent_context_from_cwd_with_non_existent_directory" time="0.000" /><testcase classname="tests.unit.agents.test_context" name="test_agent_context_from_cwd_without_git_repo_raises_value_error" time="0.001" /><testcase classname="tests.unit.agents.test_context" name="test_agent_context_from_cwd_with_default_config" time="0.002" /><testcase classname="tests.unit.agents.test_context" name="test_agent_context_from_cwd_with_custom_config" time="0.001" /><testcase classname="tests.unit.agents.test_context" name="test_agent_context_from_cwd_with_extra_parameter" time="0.001" /><testcase classname="tests.unit.agents.test_context" name="test_agent_context_from_cwd_with_none_extra_defaults_to_empty_dict" time="0.001" /><testcase classname="tests.unit.agents.test_context" name="test_agent_context_multiple_instances_isolated" time="0.001" /><testcase classname="tests.unit.agents.test_context" name="test_agent_context_with_pathlib_path" time="0.001" /><testcase classname="tests.unit.agents.test_context" name="test_agent_context_equality" time="0.002" /><testcase classname="tests.unit.agents.test_context" name="test_agent_context_repr" time="0.001" /><testcase classname="tests.unit.agents.test_context" name="test_agent_context_from_cwd_with_detached_head" time="0.001" /><testcase classname="tests.unit.agents.test_context" name="test_agent_context_branch_validation_only_checks_empty_string" time="0.001" /><testcase classname="tests.unit.agents.test_fixer.TestFixerAgentInitialization" name="test_default_initialization" time="0.000" /><testcase classname="tests.unit.agents.test_fixer.TestFixerAgentInitialization" name="test_allowed_tools_matches_contract" time="0.000" /><testcase classname="tests.unit.agents.test_fixer.TestFixerAgentInitialization" name="test_allowed_tools_is_minimal_set" time="0.000" /><testcase classname="tests.unit.agents.test_fixer.TestFixerAgentInitialization" name="test_allowed_tools_no_search_capabilities" time="0.000" /><testcase classname="tests.unit.agents.test_fixer.TestFixerAgentInitialization" name="test_allowed_tools_no_bash" time="0.000" /><testcase classname="tests.unit.agents.test_fixer.TestFixerAgentInitialization" name="test_custom_model" time="0.000" /><testcase classname="tests.unit.agents.test_fixer.TestFixerAgentInitialization" name="test_mcp_servers_passthrough" time="0.000" /><testcase classname="tests.unit.agents.test_fixer.TestFixerSystemPrompt" name="test_system_prompt_is_defined" time="0.000" /><testcase classname="tests.unit.agents.test_fixer.TestFixerSystemPrompt" name="test_system_prompt_emphasizes_targeted_fixes" time="0.000" /><testcase classname="tests.unit.agents.test_fixer.TestFixerSystemPrompt" name="test_system_prompt_lists_available_tools" time="0.000" /><testcase classname="tests.unit.agents.test_fixer.TestFixerSystemPrompt" name="test_system_prompt_specifies_constraints" time="0.000" /><testcase classname="tests.unit.agents.test_fixer.TestFixerSystemPrompt" name="test_system_prompt_specifies_output_format" time="0.000" /><testcase classname="tests.unit.agents.test_fixer.TestFixerSystemPrompt" name="test_system_prompt_includes_required_fields" time="0.000" /><testcase classname="tests.unit.agents.test_fixer.TestExecuteMethod" name="test_execute_returns_agent_result" time="0.002" /><testcase classname="tests.unit.agents.test_fixer.TestExecuteMethod" name="test_execute_signature_accepts_agent_context" time="0.002" /><testcase classname="tests.unit.agents.test_fixer.TestExecuteMethod" name="test_execute_extracts_prompt_from_context" time="0.003" /><testcase classname="tests.unit.agents.test_fixer.TestExecuteMethod" name="test_execute_parses_json_output" time="0.002" /><testcase classname="tests.unit.agents.test_fixer.TestExecuteMethod" name="test_execute_includes_usage_statistics" time="0.002" /><testcase classname="tests.unit.agents.test_fixer.TestErrorHandling" name="test_execute_handles_failed_fix" time="0.002" /><testcase classname="tests.unit.agents.test_fixer.TestErrorHandling" name="test_execute_handles_malformed_json" time="0.003" /><testcase classname="tests.unit.agents.test_fixer.TestErrorHandling" name="test_execute_handles_agent_error" time="0.004" /><testcase classname="tests.unit.agents.test_fixer.TestErrorHandling" name="test_execute_handles_missing_prompt" time="0.002" /><testcase classname="tests.unit.agents.test_fixer.TestFixerBehavior" name="test_fixer_preserves_working_directory" time="0.002" /><testcase classname="tests.unit.agents.test_fixer.TestFixerBehavior" name="test_fixer_output_contains_fix_details" time="0.002" /><testcase classname="tests.unit.agents.test_generators.TestGeneratorAgentInitialization" name="test_default_initialization" time="0.000" /><testcase classname="tests.unit.agents.test_generators.TestGeneratorAgentInitialization" name="test_allowed_tools_is_empty" time="0.000" /><testcase classname="tests.unit.agents.test_generators.TestGeneratorAgentInitialization" name="test_allowed_tools_uses_centralized_constants" time="0.000" /><testcase classname="tests.unit.agents.test_generators.TestGeneratorAgentInitialization" name="test_raises_on_empty_name" time="0.000" /><testcase classname="tests.unit.agents.test_generators.TestGeneratorAgentInitialization" name="test_raises_on_empty_system_prompt" time="0.000" /><testcase classname="tests.unit.agents.test_generators.TestQueryMethod" name="test_query_returns_string" time="0.001" /><testcase classname="tests.unit.agents.test_generators.TestQueryMethod" name="test_query_raises_generator_error_on_failure" time="0.003" /><testcase classname="tests.unit.agents.test_generators.TestAbstractInterface" name="test_must_implement_generate" time="0.002" /><testcase classname="tests.unit.agents.test_implementer.TestImplementerAgentInitialization" name="test_default_initialization" time="0.000" /><testcase classname="tests.unit.agents.test_implementer.TestImplementerAgentInitialization" name="test_custom_model" time="0.000" /><testcase classname="tests.unit.agents.test_implementer.TestImplementerAgentInitialization" name="test_system_prompt_contains_tdd_approach" time="0.000" /><testcase classname="tests.unit.agents.test_implementer.TestImplementerAgentInitialization" name="test_system_prompt_contains_conventional_commits" time="0.000" /><testcase classname="tests.unit.agents.test_implementer.TestImplementerAgentInitialization" name="test_system_prompt_mentions_orchestration" time="0.000" /><testcase classname="tests.unit.agents.test_implementer.TestImplementerAgentInitialization" name="test_allowed_tools_includes_required_tools" time="0.000" /><testcase classname="tests.unit.agents.test_implementer.TestImplementerAgentInitialization" name="test_allowed_tools_matches_contract" time="0.000" /><testcase classname="tests.unit.agents.test_implementer.TestImplementerAgentInitialization" name="test_allowed_tools_uses_centralized_constants" time="0.000" /><testcase classname="tests.unit.agents.test_implementer.TestImplementerConstants" name="test_implementer_system_prompt_is_string" time="0.000" /><testcase classname="tests.unit.agents.test_implementer.TestImplementerConstants" name="test_implementer_tools_is_frozenset" time="0.000" /><testcase classname="tests.unit.agents.test_implementer.TestImplementerConstants" name="test_implementer_tools_contains_core_tools" time="0.000" /><testcase classname="tests.unit.agents.test_implementer.TestBuildTaskPrompt" name="test_build_task_prompt_includes_task_id" time="0.000" /><testcase classname="tests.unit.agents.test_implementer.TestBuildTaskPrompt" name="test_build_task_prompt_includes_description" time="0.000" /><testcase classname="tests.unit.agents.test_implementer.TestBuildTaskPrompt" name="test_build_task_prompt_includes_branch" time="0.000" /><testcase classname="tests.unit.agents.test_implementer.TestBuildTaskPrompt" name="test_build_task_prompt_includes_tdd_instructions" time="0.000" /><testcase classname="tests.unit.agents.test_implementer.TestDetectFileChanges" name="test_detect_file_changes_returns_list" time="0.001" /><testcase classname="tests.unit.agents.test_implementer.TestDetectFileChanges" name="test_detect_file_changes_parses_stats_correctly" time="0.001" /><testcase classname="tests.unit.agents.test_implementer.TestDetectFileChanges" name="test_detect_file_changes_handles_errors_gracefully" time="0.002" /><testcase classname="tests.unit.agents.test_implementer.TestRunValidation" name="test_run_validation_returns_list" time="0.001" /><testcase classname="tests.unit.agents.test_implementer.TestRunValidation" name="test_run_validation_handles_errors_gracefully" time="0.002" /><testcase classname="tests.unit.agents.test_implementer.TestCreateCommit" name="test_create_commit_returns_sha" time="0.001" /><testcase classname="tests.unit.agents.test_implementer.TestCreateCommit" name="test_create_commit_returns_none_when_no_changes" time="0.001" /><testcase classname="tests.unit.agents.test_implementer.TestCreateCommit" name="test_create_commit_generates_conventional_message" time="0.002" /><testcase classname="tests.unit.agents.test_implementer.TestCreateCommit" name="test_create_commit_handles_errors_gracefully" time="0.002" /><testcase classname="tests.unit.agents.test_implementer.TestGetParallelBatch" name="test_get_parallel_batch_returns_empty_for_sequential_task" time="0.000" /><testcase classname="tests.unit.agents.test_implementer.TestGetParallelBatch" name="test_get_parallel_batch_returns_parallel_tasks" time="0.000" /><testcase classname="tests.unit.agents.test_implementer.TestGetParallelBatch" name="test_get_parallel_batch_stops_at_non_parallel" time="0.000" /><testcase classname="tests.unit.agents.test_implementer.TestGetParallelBatch" name="test_get_parallel_batch_excludes_tasks_with_dependencies" time="0.000" /><testcase classname="tests.unit.agents.test_implementer.TestGetParallelBatch" name="test_get_parallel_batch_empty_list" time="0.000" /><testcase classname="tests.unit.agents.test_implementer.TestExecuteParallelBatch" name="test_execute_parallel_batch_runs_concurrently" time="0.001" /><testcase classname="tests.unit.agents.test_implementer.TestExecuteParallelBatch" name="test_execute_parallel_batch_handles_exceptions" time="0.002" /><testcase classname="tests.unit.agents.test_implementer.TestExecuteParallelBatch" name="test_execute_parallel_batch_returns_results_in_order" time="0.001" /><testcase classname="tests.unit.agents.test_implementer.TestExecuteMethod" name="test_execute_returns_implementation_result" time="0.002" /><testcase classname="tests.unit.agents.test_implementer.TestExecuteMethod" name="test_execute_handles_single_task_description" time="0.001" /><testcase classname="tests.unit.agents.test_implementer.TestExecuteMethod" name="test_execute_handles_task_file" time="0.002" /><testcase classname="tests.unit.agents.test_implementer.TestExecuteMethod" name="test_execute_raises_on_missing_task_file" time="0.001" /><testcase classname="tests.unit.agents.test_implementer.TestExecuteMethod" name="test_execute_handles_parallel_tasks" time="0.002" /><testcase classname="tests.unit.agents.test_implementer.TestErrorHandling" name="test_handles_task_parse_error" time="0.001" /><testcase classname="tests.unit.agents.test_implementer.TestErrorHandling" name="test_failed_task_continues_to_next" time="0.002" /><testcase classname="tests.unit.agents.test_implementer.TestErrorHandling" name="test_handles_agent_error" time="0.002" /><testcase classname="tests.unit.agents.test_implementer.TestErrorHandling" name="test_handles_validation_skip" time="0.001" /><testcase classname="tests.unit.agents.test_implementer.TestErrorHandling" name="test_handles_dry_run" time="0.002" /><testcase classname="tests.unit.agents.test_implementer.TestImplementationResult" name="test_result_includes_metadata" time="0.001" /><testcase classname="tests.unit.agents.test_implementer.TestImplementationResult" name="test_result_aggregates_file_changes" time="0.001" /><testcase classname="tests.unit.agents.test_implementer.TestImplementationResult" name="test_result_has_empty_commits_list_when_agent_does_not_create_commits" time="0.004" /><testcase classname="tests.unit.agents.test_implementer.TestPhaseLevelExecution" name="test_context_is_phase_mode" time="0.001" /><testcase classname="tests.unit.agents.test_implementer.TestPhaseLevelExecution" name="test_context_phase_mode_requires_task_file" time="0.003" /><testcase classname="tests.unit.agents.test_implementer.TestPhaseLevelExecution" name="test_execute_routes_to_phase_mode" time="0.002" /><testcase classname="tests.unit.agents.test_implementer.TestPhaseLevelExecution" name="test_execute_routes_to_task_mode_without_phase" time="0.001" /><testcase classname="tests.unit.agents.test_implementer.TestPhaseLevelExecution" name="test_phase_execution_filters_to_phase" time="0.002" /><testcase classname="tests.unit.agents.test_implementer.TestPhaseLevelExecution" name="test_phase_execution_raises_on_unknown_phase" time="0.001" /><testcase classname="tests.unit.agents.test_implementer.TestPhaseLevelExecution" name="test_phase_execution_returns_empty_for_completed_tasks" time="0.001" /><testcase classname="tests.unit.agents.test_implementer.TestPhaseLevelExecution" name="test_build_phase_prompt_includes_all_tasks" time="0.000" /><testcase classname="tests.unit.agents.test_implementer.TestPhaseLevelExecution" name="test_build_phase_prompt_marks_parallel_tasks" time="0.000" /><testcase classname="tests.unit.agents.test_implementer.TestPhaseLevelExecution" name="test_phase_commit_message_format" time="0.001" /><testcase classname="tests.unit.agents.test_implementer.TestSideEffectFree" name="test_execute_does_not_call_validation" time="0.002" /><testcase classname="tests.unit.agents.test_implementer.TestSideEffectFree" name="test_execute_does_not_call_create_commit" time="0.002" /><testcase classname="tests.unit.agents.test_implementer.TestSideEffectFree" name="test_task_result_has_empty_validation" time="0.004" /><testcase classname="tests.unit.agents.test_implementer.TestSideEffectFree" name="test_task_result_has_no_commit_sha" time="0.004" /><testcase classname="tests.unit.agents.test_implementer.TestSideEffectFree" name="test_implementation_result_has_empty_commits_list" time="0.002" /><testcase classname="tests.unit.agents.test_issue_fixer.TestIssueFixerAgentInitialization" name="test_default_initialization" time="0.000" /><testcase classname="tests.unit.agents.test_issue_fixer.TestIssueFixerAgentInitialization" name="test_custom_model" time="0.000" /><testcase classname="tests.unit.agents.test_issue_fixer.TestIssueFixerAgentInitialization" name="test_mcp_servers_passthrough" time="0.000" /><testcase classname="tests.unit.agents.test_issue_fixer.TestIssueFixerAgentInitialization" name="test_system_prompt_emphasizes_minimal_changes" time="0.000" /><testcase classname="tests.unit.agents.test_issue_fixer.TestIssueFixerAgentInitialization" name="test_system_prompt_includes_verification_steps" time="0.000" /><testcase classname="tests.unit.agents.test_issue_fixer.TestIssueFixerAgentInitialization" name="test_system_prompt_includes_commit_format" time="0.000" /><testcase classname="tests.unit.agents.test_issue_fixer.TestIssueFixerConstants" name="test_system_prompt_is_non_empty" time="0.000" /><testcase classname="tests.unit.agents.test_issue_fixer.TestIssueFixerConstants" name="test_allowed_tools_includes_essential_tools" time="0.000" /><testcase classname="tests.unit.agents.test_issue_fixer.TestIssueFixerConstants" name="test_allowed_tools_includes_search_tools" time="0.000" /><testcase classname="tests.unit.agents.test_issue_fixer.TestIssueFixerConstants" name="test_allowed_tools_count" time="0.000" /><testcase classname="tests.unit.agents.test_issue_fixer.TestIssueFixerConstants" name="test_allowed_tools_matches_contract" time="0.000" /><testcase classname="tests.unit.agents.test_issue_fixer.TestIssueFixerConstants" name="test_allowed_tools_uses_centralized_constants" time="0.000" /><testcase classname="tests.unit.agents.test_issue_fixer.TestExecuteMethod" name="test_execute_returns_fix_result" time="0.002" /><testcase classname="tests.unit.agents.test_issue_fixer.TestExecuteMethod" name="test_execute_handles_issue_number_context" time="0.001" /><testcase classname="tests.unit.agents.test_issue_fixer.TestExecuteMethod" name="test_execute_handles_prefetched_issue_data" time="0.001" /><testcase classname="tests.unit.agents.test_issue_fixer.TestExecuteMethod" name="test_execute_handles_dry_run_mode" time="0.002" /><testcase classname="tests.unit.agents.test_issue_fixer.TestExecuteMethod" name="test_execute_handles_skip_validation_mode" time="0.001" /><testcase classname="tests.unit.agents.test_issue_fixer.TestExecuteMethod" name="test_execute_includes_duration_metadata" time="0.001" /><testcase classname="tests.unit.agents.test_issue_fixer.TestFetchIssue" name="test_fetch_issue_from_github" time="0.001" /><testcase classname="tests.unit.agents.test_issue_fixer.TestFetchIssue" name="test_fetch_issue_uses_prefetched_data" time="0.001" /><testcase classname="tests.unit.agents.test_issue_fixer.TestFetchIssue" name="test_fetch_issue_raises_github_error_on_failure" time="0.001" /><testcase classname="tests.unit.agents.test_issue_fixer.TestAnalyzeAndFix" name="test_analyze_and_fix_returns_tuple" time="0.001" /><testcase classname="tests.unit.agents.test_issue_fixer.TestAnalyzeAndFix" name="test_analyze_and_fix_builds_proper_prompt" time="0.001" /><testcase classname="tests.unit.agents.test_issue_fixer.TestAnalyzeAndFix" name="test_build_fix_prompt_includes_issue_details" time="0.000" /><testcase classname="tests.unit.agents.test_issue_fixer.TestAnalyzeAndFix" name="test_build_fix_prompt_includes_labels" time="0.000" /><testcase classname="tests.unit.agents.test_issue_fixer.TestAnalyzeAndFix" name="test_build_fix_prompt_handles_empty_labels" time="0.000" /><testcase classname="tests.unit.agents.test_issue_fixer.TestVerifyFix" name="test_verify_fix_runs_tests" time="0.001" /><testcase classname="tests.unit.agents.test_issue_fixer.TestVerifyFix" name="test_verify_fix_returns_false_on_failure" time="0.001" /><testcase classname="tests.unit.agents.test_issue_fixer.TestVerifyFix" name="test_verify_fix_handles_exceptions" time="0.002" /><testcase classname="tests.unit.agents.test_issue_fixer.TestDetectFileChanges" name="test_detect_file_changes_returns_file_changes" time="0.001" /><testcase classname="tests.unit.agents.test_issue_fixer.TestDetectFileChanges" name="test_detect_file_changes_handles_no_changes" time="0.001" /><testcase classname="tests.unit.agents.test_issue_fixer.TestDetectFileChanges" name="test_detect_file_changes_handles_exceptions" time="0.001" /><testcase classname="tests.unit.agents.test_issue_fixer.TestRunValidation" name="test_run_validation_returns_results" time="0.001" /><testcase classname="tests.unit.agents.test_issue_fixer.TestRunValidation" name="test_run_validation_handles_exceptions" time="0.002" /><testcase classname="tests.unit.agents.test_issue_fixer.TestCreateCommit" name="test_create_commit_creates_conventional_commit" time="0.001" /><testcase classname="tests.unit.agents.test_issue_fixer.TestCreateCommit" name="test_create_commit_includes_issue_number" time="0.001" /><testcase classname="tests.unit.agents.test_issue_fixer.TestCreateCommit" name="test_create_commit_returns_none_without_changes" time="0.001" /><testcase classname="tests.unit.agents.test_issue_fixer.TestCreateCommit" name="test_create_commit_truncates_long_descriptions" time="0.001" /><testcase classname="tests.unit.agents.test_issue_fixer.TestCreateCommit" name="test_create_commit_handles_exceptions" time="0.002" /><testcase classname="tests.unit.agents.test_issue_fixer.TestErrorHandling" name="test_execute_raises_github_error_on_fetch_failure" time="0.001" /><testcase classname="tests.unit.agents.test_issue_fixer.TestErrorHandling" name="test_execute_returns_failed_result_on_agent_error" time="0.002" /><testcase classname="tests.unit.agents.test_issue_fixer.TestErrorHandling" name="test_execute_returns_failed_result_on_general_exception" time="0.002" /><testcase classname="tests.unit.agents.test_issue_fixer.TestErrorHandling" name="test_verification_passed_always_true_when_agent_does_not_verify" time="0.001" /><testcase classname="tests.unit.agents.test_issue_fixer.TestErrorHandling" name="test_validation_passed_always_true_when_agent_does_not_validate" time="0.001" /><testcase classname="tests.unit.agents.test_issue_fixer.TestSideEffectFree" name="test_execute_does_not_call_validation" time="0.001" /><testcase classname="tests.unit.agents.test_issue_fixer.TestSideEffectFree" name="test_execute_does_not_call_create_commit" time="0.001" /><testcase classname="tests.unit.agents.test_issue_fixer.TestSideEffectFree" name="test_execute_does_not_call_verify_fix" time="0.001" /><testcase classname="tests.unit.agents.test_issue_fixer.TestSideEffectFree" name="test_fix_result_has_no_commit_sha" time="0.001" /><testcase classname="tests.unit.agents.test_issue_fixer.TestSideEffectFree" name="test_fix_result_has_validation_passed_true" time="0.001" /><testcase classname="tests.unit.agents.test_issue_fixer.TestSideEffectFree" name="test_fix_result_has_verification_passed_true" time="0.001" /><testcase classname="tests.unit.agents.test_prompts.TestPromptsDoNotMentionGitOperations" name="test_implementer_does_not_mention_git_commands" time="0.000" /><testcase classname="tests.unit.agents.test_prompts.TestPromptsDoNotMentionGitOperations" name="test_code_reviewer_does_not_mention_git_commands" time="0.000" /><testcase classname="tests.unit.agents.test_prompts.TestPromptsDoNotMentionGitOperations" name="test_issue_fixer_does_not_mention_git_commands" time="0.000" /><testcase classname="tests.unit.agents.test_prompts.TestPromptsDoNotMentionPROperations" name="test_implementer_does_not_mention_pr_creation" time="0.000" /><testcase classname="tests.unit.agents.test_prompts.TestPromptsDoNotMentionPROperations" name="test_code_reviewer_does_not_mention_pr_creation" time="0.000" /><testcase classname="tests.unit.agents.test_prompts.TestPromptsDoNotMentionPROperations" name="test_issue_fixer_does_not_mention_pr_creation" time="0.000" /><testcase classname="tests.unit.agents.test_prompts.TestPromptsDoNotMentionAPIOperations" name="test_implementer_does_not_mention_api_calls" time="0.000" /><testcase classname="tests.unit.agents.test_prompts.TestPromptsDoNotMentionAPIOperations" name="test_code_reviewer_does_not_mention_api_calls" time="0.000" /><testcase classname="tests.unit.agents.test_prompts.TestPromptsDoNotMentionAPIOperations" name="test_issue_fixer_does_not_mention_api_calls" time="0.000" /><testcase classname="tests.unit.agents.test_prompts.TestPromptsDoNotMentionAPIOperations" name="test_generator_does_not_mention_api_calls" time="0.002" /><testcase classname="tests.unit.agents.test_prompts.TestPromptsDoNotMentionBashExecution" name="test_implementer_does_not_instruct_bash_for_validation" time="0.001" /><testcase classname="tests.unit.agents.test_prompts.TestPromptsDoNotMentionBashExecution" name="test_code_reviewer_does_not_instruct_bash_execution" time="0.001" /><testcase classname="tests.unit.agents.test_prompts.TestPromptsDoNotMentionBashExecution" name="test_issue_fixer_does_not_instruct_bash_for_validation" time="0.001" /><testcase classname="tests.unit.agents.test_prompts.TestPromptsExplainConstrainedRole" name="test_implementer_explains_orchestration_context" time="0.001" /><testcase classname="tests.unit.agents.test_prompts.TestPromptsExplainConstrainedRole" name="test_code_reviewer_explains_pre_gathered_context" time="0.000" /><testcase classname="tests.unit.agents.test_prompts.TestPromptsExplainConstrainedRole" name="test_generator_explains_context_is_provided" time="0.000" /><testcase classname="tests.unit.agents.test_registry" name="test_registry_singleton_exists" time="0.000" /><testcase classname="tests.unit.agents.test_registry" name="test_register_valid_agent_class" time="0.000" /><testcase classname="tests.unit.agents.test_registry" name="test_register_raises_duplicate_agent_error" time="0.000" /><testcase classname="tests.unit.agents.test_registry" name="test_get_returns_registered_class" time="0.000" /><testcase classname="tests.unit.agents.test_registry" name="test_get_raises_agent_not_found_error" time="0.000" /><testcase classname="tests.unit.agents.test_registry" name="test_list_agents_returns_empty_list_when_nothing_registered" time="0.000" /><testcase classname="tests.unit.agents.test_registry" name="test_list_agents_returns_list_of_registered_names" time="0.000" /><testcase classname="tests.unit.agents.test_registry" name="test_create_instantiates_agent_with_kwargs" time="0.000" /><testcase classname="tests.unit.agents.test_registry" name="test_create_raises_agent_not_found_error" time="0.000" /><testcase classname="tests.unit.agents.test_registry" name="test_register_decorator_works_for_class_level_registration" time="0.000" /><testcase classname="tests.unit.agents.test_registry" name="test_create_without_kwargs" time="0.000" /><testcase classname="tests.unit.agents.test_registry" name="test_register_multiple_agents_independently" time="0.000" /><testcase classname="tests.unit.agents.test_registry" name="test_list_agents_returns_sorted_names" time="0.000" /><testcase classname="tests.unit.agents.test_registry" name="test_register_with_same_class_different_names" time="0.000" /><testcase classname="tests.unit.agents.test_registry" name="test_global_registry_can_be_used" time="0.000" /><testcase classname="tests.unit.agents.test_registry" name="test_decorator_defaults_to_global_registry" time="0.000" /><testcase classname="tests.unit.agents.test_result.TestAgentUsage" name="test_creation_with_valid_values" time="0.000" /><testcase classname="tests.unit.agents.test_result.TestAgentUsage" name="test_creation_with_none_cost" time="0.000" /><testcase classname="tests.unit.agents.test_result.TestAgentUsage" name="test_frozen_immutable" time="0.001" /><testcase classname="tests.unit.agents.test_result.TestAgentUsage" name="test_slots_no_dict" time="0.000" /><testcase classname="tests.unit.agents.test_result.TestAgentUsage" name="test_total_tokens_computed_property" time="0.000" /><testcase classname="tests.unit.agents.test_result.TestAgentUsage" name="test_total_tokens_with_zero_values" time="0.000" /><testcase classname="tests.unit.agents.test_result.TestAgentUsage" name="test_validation_input_tokens_negative" time="0.001" /><testcase classname="tests.unit.agents.test_result.TestAgentUsage" name="test_validation_output_tokens_negative" time="0.001" /><testcase classname="tests.unit.agents.test_result.TestAgentUsage" name="test_validation_duration_ms_negative" time="0.001" /><testcase classname="tests.unit.agents.test_result.TestAgentUsage" name="test_validation_total_cost_usd_negative" time="0.002" /><testcase classname="tests.unit.agents.test_result.TestAgentUsage" name="test_validation_total_cost_usd_none_is_valid" time="0.000" /><testcase classname="tests.unit.agents.test_result.TestAgentUsage" name="test_validation_zero_values_are_valid" time="0.000" /><testcase classname="tests.unit.agents.test_result.TestAgentResult" name="test_creation_with_valid_values" time="0.000" /><testcase classname="tests.unit.agents.test_result.TestAgentResult" name="test_frozen_immutable" time="0.000" /><testcase classname="tests.unit.agents.test_result.TestAgentResult" name="test_slots_no_dict" time="0.000" /><testcase classname="tests.unit.agents.test_result.TestAgentResult" name="test_success_result_factory_method" time="0.000" /><testcase classname="tests.unit.agents.test_result.TestAgentResult" name="test_success_result_factory_method_without_metadata" time="0.000" /><testcase classname="tests.unit.agents.test_result.TestAgentResult" name="test_failure_result_factory_method" time="0.000" /><testcase classname="tests.unit.agents.test_result.TestAgentResult" name="test_failure_result_factory_method_minimal" time="0.000" /><testcase classname="tests.unit.agents.test_result.TestAgentResult" name="test_failure_result_requires_at_least_one_error" time="0.002" /><testcase classname="tests.unit.agents.test_result.TestAgentResult" name="test_post_init_validation_failure_without_errors" time="0.001" /><testcase classname="tests.unit.agents.test_result.TestAgentResult" name="test_post_init_validation_success_with_errors_is_allowed" time="0.000" /><testcase classname="tests.unit.agents.test_result.TestAgentResult" name="test_default_metadata_and_errors" time="0.000" /><testcase classname="tests.unit.agents.test_result.TestAgentResult" name="test_multiple_errors" time="0.000" /><testcase classname="tests.unit.agents.test_tool_permissions.TestImplementerAgentToolPermissions" name="test_implementer_agent_uses_implementer_tools" time="0.000" /><testcase classname="tests.unit.agents.test_tool_permissions.TestImplementerAgentToolPermissions" name="test_implementer_agent_has_read_write_edit_glob_grep" time="0.000" /><testcase classname="tests.unit.agents.test_tool_permissions.TestImplementerAgentToolPermissions" name="test_implementer_agent_has_no_bash" time="0.001" /><testcase classname="tests.unit.agents.test_tool_permissions.TestImplementerAgentToolPermissions" name="test_implementer_agent_has_read_capability" time="0.000" /><testcase classname="tests.unit.agents.test_tool_permissions.TestImplementerAgentToolPermissions" name="test_implementer_agent_has_write_capabilities" time="0.000" /><testcase classname="tests.unit.agents.test_tool_permissions.TestImplementerAgentToolPermissions" name="test_implementer_agent_has_search_capabilities" time="0.000" /><testcase classname="tests.unit.agents.test_tool_permissions.TestCodeReviewerAgentToolPermissions" name="test_code_reviewer_agent_uses_reviewer_tools" time="0.000" /><testcase classname="tests.unit.agents.test_tool_permissions.TestCodeReviewerAgentToolPermissions" name="test_code_reviewer_agent_has_read_glob_grep" time="0.000" /><testcase classname="tests.unit.agents.test_tool_permissions.TestCodeReviewerAgentToolPermissions" name="test_code_reviewer_agent_is_read_only" time="0.000" /><testcase classname="tests.unit.agents.test_tool_permissions.TestCodeReviewerAgentToolPermissions" name="test_code_reviewer_agent_has_no_bash" time="0.000" /><testcase classname="tests.unit.agents.test_tool_permissions.TestCodeReviewerAgentToolPermissions" name="test_code_reviewer_agent_has_read_capability" time="0.000" /><testcase classname="tests.unit.agents.test_tool_permissions.TestCodeReviewerAgentToolPermissions" name="test_code_reviewer_agent_has_search_capabilities" time="0.000" /><testcase classname="tests.unit.agents.test_tool_permissions.TestIssueFixerAgentToolPermissions" name="test_issue_fixer_agent_uses_issue_fixer_tools" time="0.000" /><testcase classname="tests.unit.agents.test_tool_permissions.TestIssueFixerAgentToolPermissions" name="test_issue_fixer_agent_has_read_write_edit_glob_grep" time="0.000" /><testcase classname="tests.unit.agents.test_tool_permissions.TestIssueFixerAgentToolPermissions" name="test_issue_fixer_agent_has_no_bash" time="0.000" /><testcase classname="tests.unit.agents.test_tool_permissions.TestIssueFixerAgentToolPermissions" name="test_issue_fixer_agent_has_read_capability" time="0.000" /><testcase classname="tests.unit.agents.test_tool_permissions.TestIssueFixerAgentToolPermissions" name="test_issue_fixer_agent_has_write_capabilities" time="0.000" /><testcase classname="tests.unit.agents.test_tool_permissions.TestIssueFixerAgentToolPermissions" name="test_issue_fixer_agent_has_search_capabilities" time="0.000" /><testcase classname="tests.unit.agents.test_tool_permissions.TestUnauthorizedToolRejection" name="test_cannot_create_agent_with_unknown_tool" time="0.000" /><testcase classname="tests.unit.agents.test_tool_permissions.TestUnauthorizedToolRejection" name="test_cannot_create_implementer_with_bash" time="0.000" /><testcase classname="tests.unit.agents.test_tool_permissions.TestUnauthorizedToolRejection" name="test_cannot_create_reviewer_with_write_tools" time="0.000" /><testcase classname="tests.unit.agents.test_tool_permissions.TestUnauthorizedToolRejection" name="test_cannot_add_tool_not_in_builtin_tools" time="0.000" /><testcase classname="tests.unit.agents.test_tool_permissions.TestUnauthorizedToolRejection" name="test_mcp_tools_require_configured_server" time="0.000" /><testcase classname="tests.unit.agents.test_tool_permissions.TestAgentToolComparison" name="test_implementer_and_issue_fixer_have_identical_tools" time="0.000" /><testcase classname="tests.unit.agents.test_tool_permissions.TestAgentToolComparison" name="test_code_reviewer_is_subset_of_implementer" time="0.000" /><testcase classname="tests.unit.agents.test_tool_permissions.TestAgentToolComparison" name="test_code_reviewer_is_most_restrictive" time="0.000" /><testcase classname="tests.unit.agents.test_tool_permissions.TestAgentToolComparison" name="test_only_reviewer_lacks_write_tools" time="0.000" /><testcase classname="tests.unit.agents.test_tool_permissions.TestAgentToolComparison" name="test_all_agents_have_read_capability" time="0.000" /><testcase classname="tests.unit.agents.test_tool_permissions.TestAgentToolComparison" name="test_no_agent_has_bash_tool" time="0.000" /><testcase classname="tests.unit.agents.test_tool_permissions.TestAgentToolImmutability" name="test_implementer_allowed_tools_returns_copy" time="0.000" /><testcase classname="tests.unit.agents.test_tool_permissions.TestAgentToolImmutability" name="test_code_reviewer_allowed_tools_returns_copy" time="0.000" /><testcase classname="tests.unit.agents.test_tool_permissions.TestAgentToolImmutability" name="test_issue_fixer_allowed_tools_returns_copy" time="0.000" /><testcase classname="tests.unit.agents.test_tools.TestToolSetTypes" name="test_reviewer_tools_is_frozenset" time="0.000" /><testcase classname="tests.unit.agents.test_tools.TestToolSetTypes" name="test_implementer_tools_is_frozenset" time="0.000" /><testcase classname="tests.unit.agents.test_tools.TestToolSetTypes" name="test_fixer_tools_is_frozenset" time="0.000" /><testcase classname="tests.unit.agents.test_tools.TestToolSetTypes" name="test_issue_fixer_tools_is_frozenset" time="0.000" /><testcase classname="tests.unit.agents.test_tools.TestToolSetTypes" name="test_generator_tools_is_frozenset" time="0.000" /><testcase classname="tests.unit.agents.test_tools.TestToolSetTypes" name="test_frozensets_are_immutable" time="0.000" /><testcase classname="tests.unit.agents.test_tools.TestToolSetValidity" name="test_reviewer_tools_are_valid" time="0.000" /><testcase classname="tests.unit.agents.test_tools.TestToolSetValidity" name="test_implementer_tools_are_valid" time="0.000" /><testcase classname="tests.unit.agents.test_tools.TestToolSetValidity" name="test_fixer_tools_are_valid" time="0.000" /><testcase classname="tests.unit.agents.test_tools.TestToolSetValidity" name="test_issue_fixer_tools_are_valid" time="0.000" /><testcase classname="tests.unit.agents.test_tools.TestToolSetValidity" name="test_generator_tools_are_valid" time="0.000" /><testcase classname="tests.unit.agents.test_tools.TestReviewerTools" name="test_reviewer_tools_exact_composition" time="0.000" /><testcase classname="tests.unit.agents.test_tools.TestReviewerTools" name="test_reviewer_tools_is_read_only" time="0.000" /><testcase classname="tests.unit.agents.test_tools.TestReviewerTools" name="test_reviewer_tools_has_no_bash" time="0.000" /><testcase classname="tests.unit.agents.test_tools.TestReviewerTools" name="test_reviewer_tools_has_search_capabilities" time="0.000" /><testcase classname="tests.unit.agents.test_tools.TestImplementerTools" name="test_implementer_tools_exact_composition" time="0.000" /><testcase classname="tests.unit.agents.test_tools.TestImplementerTools" name="test_implementer_tools_has_no_bash" time="0.000" /><testcase classname="tests.unit.agents.test_tools.TestImplementerTools" name="test_implementer_tools_has_read_capability" time="0.000" /><testcase classname="tests.unit.agents.test_tools.TestImplementerTools" name="test_implementer_tools_has_write_capability" time="0.000" /><testcase classname="tests.unit.agents.test_tools.TestImplementerTools" name="test_implementer_tools_has_search_capability" time="0.000" /><testcase classname="tests.unit.agents.test_tools.TestImplementerTools" name="test_implementer_tools_is_superset_of_reviewer_tools" time="0.000" /><testcase classname="tests.unit.agents.test_tools.TestFixerTools" name="test_fixer_tools_exact_composition" time="0.000" /><testcase classname="tests.unit.agents.test_tools.TestFixerTools" name="test_fixer_tools_is_minimal" time="0.000" /><testcase classname="tests.unit.agents.test_tools.TestFixerTools" name="test_fixer_tools_has_no_search" time="0.000" /><testcase classname="tests.unit.agents.test_tools.TestFixerTools" name="test_fixer_tools_has_no_bash" time="0.000" /><testcase classname="tests.unit.agents.test_tools.TestFixerTools" name="test_fixer_tools_is_subset_of_implementer_tools" time="0.000" /><testcase classname="tests.unit.agents.test_tools.TestIssueFixerTools" name="test_issue_fixer_tools_exact_composition" time="0.000" /><testcase classname="tests.unit.agents.test_tools.TestIssueFixerTools" name="test_issue_fixer_tools_identical_to_implementer_tools" time="0.000" /><testcase classname="tests.unit.agents.test_tools.TestIssueFixerTools" name="test_issue_fixer_tools_has_no_bash" time="0.000" /><testcase classname="tests.unit.agents.test_tools.TestIssueFixerTools" name="test_issue_fixer_tools_has_search_capability" time="0.000" /><testcase classname="tests.unit.agents.test_tools.TestGeneratorTools" name="test_generator_tools_is_empty" time="0.000" /><testcase classname="tests.unit.agents.test_tools.TestGeneratorTools" name="test_generator_tools_has_no_file_access" time="0.000" /><testcase classname="tests.unit.agents.test_tools.TestGeneratorTools" name="test_generator_tools_has_no_search" time="0.000" /><testcase classname="tests.unit.agents.test_tools.TestGeneratorTools" name="test_generator_tools_has_no_bash" time="0.000" /><testcase classname="tests.unit.agents.test_tools.TestToolSetRelationships" name="test_all_non_empty_sets_contain_read" time="0.000" /><testcase classname="tests.unit.agents.test_tools.TestToolSetRelationships" name="test_no_tool_set_contains_bash" time="0.000" /><testcase classname="tests.unit.agents.test_tools.TestToolSetRelationships" name="test_only_write_tools_contain_edit" time="0.000" /><testcase classname="tests.unit.agents.test_tools.TestToolSetRelationships" name="test_reviewer_tools_is_smallest_non_empty_read_set" time="0.000" /><testcase classname="tests.unit.agents.test_tools.TestToolSetRelationships" name="test_fixer_tools_is_smallest_write_set" time="0.000" /><testcase classname="tests.unit.agents.test_tools.TestToolSetOperations" name="test_reviewer_plus_fixer_equals_implementer_minus_search" time="0.000" /><testcase classname="tests.unit.agents.test_tools.TestToolSetOperations" name="test_common_tools_across_all_non_empty_sets" time="0.000" /><testcase classname="tests.unit.agents.test_tools.TestToolSetOperations" name="test_implementer_and_issue_fixer_are_identical" time="0.000" /><testcase classname="tests.unit.agents.test_tools.TestModuleImports" name="test_all_tools_importable_from_agents_module" time="0.000" /><testcase classname="tests.unit.agents.test_tools.TestModuleImports" name="test_tools_module_has_correct_all_export" time="0.000" /><testcase classname="tests.unit.agents.test_utils.TestExtractText" name="test_extracts_text_from_message_with_single_text_block" time="0.000" /><testcase classname="tests.unit.agents.test_utils.TestExtractText" name="test_handles_message_with_multiple_text_blocks" time="0.001" /><testcase classname="tests.unit.agents.test_utils.TestExtractText" name="test_handles_message_with_mixed_content_blocks" time="0.000" /><testcase classname="tests.unit.agents.test_utils.TestExtractText" name="test_handles_empty_content_list" time="0.000" /><testcase classname="tests.unit.agents.test_utils.TestExtractText" name="test_handles_message_with_only_non_text_blocks" time="0.000" /><testcase classname="tests.unit.agents.test_utils.TestExtractText" name="test_handles_none_input" time="0.000" /><testcase classname="tests.unit.agents.test_utils.TestExtractText" name="test_handles_message_without_content_attribute" time="0.000" /><testcase classname="tests.unit.agents.test_utils.TestExtractAllText" name="test_extracts_and_concatenates_text_from_multiple_assistant_messages" time="0.001" /><testcase classname="tests.unit.agents.test_utils.TestExtractAllText" name="test_filters_non_assistant_message_objects_from_list" time="0.001" /><testcase classname="tests.unit.agents.test_utils.TestExtractAllText" name="test_returns_empty_string_for_empty_list" time="0.000" /><testcase classname="tests.unit.agents.test_utils.TestExtractAllText" name="test_returns_empty_string_for_list_with_no_assistant_messages" time="0.000" /><testcase classname="tests.unit.agents.test_utils.TestExtractAllText" name="test_joins_text_with_double_newline_separator" time="0.001" /><testcase classname="tests.unit.agents.test_utils.TestExtractAllText" name="test_handles_messages_with_multiple_text_blocks" time="0.001" /><testcase classname="tests.unit.agents.test_utils.TestExtractAllText" name="test_handles_messages_with_mixed_content_blocks" time="0.001" /><testcase classname="tests.unit.agents.test_utils.TestExtractAllText" name="test_handles_messages_with_empty_content" time="0.001" /><testcase classname="tests.unit.agents.test_utils.TestExtractAllText" name="test_handles_single_message_in_list" time="0.000" /><testcase classname="tests.unit.agents.test_utils.TestExtractAllText" name="test_handles_none_in_message_list" time="0.001" /><testcase classname="tests.unit.cli.test_cli_entrypoint" name="test_config_option_loads_custom_file" time="0.003" /><testcase classname="tests.unit.cli.test_cli_entrypoint" name="test_config_option_short_flag" time="0.003" /><testcase classname="tests.unit.cli.test_cli_entrypoint" name="test_config_option_nonexistent_file" time="0.003" /><testcase classname="tests.unit.cli.test_cli_entrypoint" name="test_verbose_single_flag_info_level" time="0.003" /><testcase classname="tests.unit.cli.test_cli_entrypoint" name="test_verbose_double_flag_debug_level" time="0.003" /><testcase classname="tests.unit.cli.test_cli_entrypoint" name="test_verbose_triple_flag_debug_level" time="0.003" /><testcase classname="tests.unit.cli.test_cli_entrypoint" name="test_verbose_long_flag" time="0.004" /><testcase classname="tests.unit.cli.test_cli_entrypoint" name="test_quiet_flag_sets_error_level" time="0.006" /><testcase classname="tests.unit.cli.test_cli_entrypoint" name="test_quiet_short_flag" time="0.006" /><testcase classname="tests.unit.cli.test_cli_entrypoint" name="test_no_tui_flag_disables_tui" time="0.005" /><testcase classname="tests.unit.cli.test_cli_entrypoint" name="test_no_tui_with_tty_still_disables_tui" time="0.003" /><testcase classname="tests.unit.cli.test_cli_entrypoint" name="test_version_option_output" time="0.001" /><testcase classname="tests.unit.cli.test_cli_entrypoint" name="test_version_option_exits_immediately" time="0.001" /><testcase classname="tests.unit.cli.test_cli_entrypoint" name="test_help_option_output" time="0.001" /><testcase classname="tests.unit.cli.test_cli_entrypoint" name="test_help_shows_usage_examples" time="0.001" /><testcase classname="tests.unit.cli.test_cli_entrypoint" name="test_quiet_takes_precedence_over_verbose" time="0.005" /><testcase classname="tests.unit.cli.test_cli_entrypoint" name="test_quiet_precedence_with_multiple_verbose" time="0.006" /><testcase classname="tests.unit.cli.test_cli_entrypoint" name="test_piped_stdin_detected" time="0.003" /><testcase classname="tests.unit.cli.test_cli_entrypoint" name="test_piped_stdout_detected" time="0.003" /><testcase classname="tests.unit.cli.test_cli_entrypoint" name="test_both_stdin_stdout_not_tty" time="0.003" /><testcase classname="tests.unit.cli.test_cli_entrypoint" name="test_tty_environment_enables_tui" time="0.003" /><testcase classname="tests.unit.cli.test_cli_entrypoint" name="test_all_options_together" time="0.003" /><testcase classname="tests.unit.cli.test_cli_entrypoint" name="test_cli_context_stored_in_click_context" time="0.006" /><testcase classname="tests.unit.cli.test_config_command" name="test_config_init_creates_default_file" time="0.010" /><testcase classname="tests.unit.cli.test_config_command" name="test_config_init_fails_with_existing_file" time="0.004" /><testcase classname="tests.unit.cli.test_config_command" name="test_config_init_force_overwrites_existing_file" time="0.005" /><testcase classname="tests.unit.cli.test_config_command" name="test_config_init_uses_utf8_encoding" time="0.006" /><testcase classname="tests.unit.cli.test_config_command" name="test_config_show_displays_yaml" time="0.006" /><testcase classname="tests.unit.cli.test_config_command" name="test_config_show_format_json" time="0.009" /><testcase classname="tests.unit.cli.test_config_command" name="test_config_show_format_short_flag" time="0.003" /><testcase classname="tests.unit.cli.test_config_command" name="test_config_edit_opens_editor" time="0.003" /><testcase classname="tests.unit.cli.test_config_command" name="test_config_edit_user_flag" time="0.003" /><testcase classname="tests.unit.cli.test_config_command" name="test_config_edit_creates_file_if_not_exists" time="0.003" /><testcase classname="tests.unit.cli.test_config_command" name="test_config_validate_with_valid_config" time="0.009" /><testcase classname="tests.unit.cli.test_config_command" name="test_config_validate_with_invalid_config" time="0.003" /><testcase classname="tests.unit.cli.test_config_command" name="test_config_validate_with_file_option" time="0.004" /><testcase classname="tests.unit.cli.test_config_command" name="test_config_validate_nonexistent_file" time="0.003" /><testcase classname="tests.unit.cli.test_context.TestExitCode" name="test_exit_code_success_value" time="0.000" /><testcase classname="tests.unit.cli.test_context.TestExitCode" name="test_exit_code_failure_value" time="0.000" /><testcase classname="tests.unit.cli.test_context.TestExitCode" name="test_exit_code_partial_value" time="0.000" /><testcase classname="tests.unit.cli.test_context.TestExitCode" name="test_exit_code_interrupted_value" time="0.000" /><testcase classname="tests.unit.cli.test_context.TestExitCode" name="test_exit_code_is_int_enum" time="0.000" /><testcase classname="tests.unit.cli.test_context.TestExitCode" name="test_exit_code_integer_comparison" time="0.000" /><testcase classname="tests.unit.cli.test_context.TestExitCode" name="test_exit_code_from_integer" time="0.000" /><testcase classname="tests.unit.cli.test_context.TestExitCode" name="test_exit_code_invalid_value_raises" time="0.000" /><testcase classname="tests.unit.cli.test_context.TestExitCode" name="test_exit_code_iteration" time="0.000" /><testcase classname="tests.unit.cli.test_context.TestExitCode" name="test_exit_code_membership" time="0.000" /><testcase classname="tests.unit.cli.test_context.TestExitCode" name="test_exit_code_name_attribute" time="0.000" /><testcase classname="tests.unit.cli.test_context.TestExitCode" name="test_exit_code_all_members" time="0.000" /><testcase classname="tests.unit.cli.test_context.TestExitCode" name="test_exit_code_unique_values" time="0.000" /><testcase classname="tests.unit.cli.test_context.TestExitCode" name="test_exit_code_can_be_used_as_return_value" time="0.000" /><testcase classname="tests.unit.cli.test_context.TestExitCode" name="test_exit_code_hashable" time="0.000" /><testcase classname="tests.unit.cli.test_context.TestExitCode" name="test_exit_code_identity" time="0.000" /><testcase classname="tests.unit.cli.test_context.TestCLIContext" name="test_cli_context_default_values" time="0.001" /><testcase classname="tests.unit.cli.test_context.TestCLIContext" name="test_cli_context_with_custom_values" time="0.001" /><testcase classname="tests.unit.cli.test_context.TestCLIContext" name="test_cli_context_is_frozen" time="0.001" /><testcase classname="tests.unit.cli.test_context.TestCLIContext" name="test_use_tui_returns_false_when_no_tui_true" time="0.001" /><testcase classname="tests.unit.cli.test_context.TestCLIContext" name="test_use_tui_returns_false_when_quiet_true" time="0.001" /><testcase classname="tests.unit.cli.test_context.TestCLIContext" name="test_use_tui_returns_true_when_tty_available" time="0.002" /><testcase classname="tests.unit.cli.test_context.TestCLIContext" name="test_use_tui_returns_false_when_stdin_not_tty" time="0.002" /><testcase classname="tests.unit.cli.test_context.TestCLIContext" name="test_use_tui_returns_false_when_stdout_not_tty" time="0.002" /><testcase classname="tests.unit.cli.test_context.TestCLIContext" name="test_use_tui_returns_false_when_both_not_tty" time="0.002" /><testcase classname="tests.unit.cli.test_context.TestCLIContext" name="test_use_tui_no_tui_overrides_tty" time="0.002" /><testcase classname="tests.unit.cli.test_context.TestCLIContext" name="test_use_tui_quiet_overrides_tty" time="0.002" /><testcase classname="tests.unit.cli.test_context.TestCLIContext" name="test_cli_context_verbosity_levels" time="0.001" /><testcase classname="tests.unit.cli.test_context.TestCLIContext" name="test_cli_context_with_path_types" time="0.001" /><testcase classname="tests.unit.cli.test_context.TestCLIContext" name="test_cli_context_has_slots" time="0.001" /><testcase classname="tests.unit.cli.test_context.TestAsyncCommand" name="test_async_command_wraps_async_function" time="0.001" /><testcase classname="tests.unit.cli.test_context.TestAsyncCommand" name="test_async_command_preserves_function_name" time="0.000" /><testcase classname="tests.unit.cli.test_context.TestAsyncCommand" name="test_async_command_preserves_docstring" time="0.000" /><testcase classname="tests.unit.cli.test_context.TestAsyncCommand" name="test_async_command_with_arguments" time="0.000" /><testcase classname="tests.unit.cli.test_context.TestAsyncCommand" name="test_async_command_with_keyword_arguments" time="0.000" /><testcase classname="tests.unit.cli.test_context.TestAsyncCommand" name="test_async_command_with_return_value" time="0.000" /><testcase classname="tests.unit.cli.test_context.TestAsyncCommand" name="test_async_command_propagates_exceptions" time="0.001" /><testcase classname="tests.unit.cli.test_context.TestAsyncCommand" name="test_async_command_with_none_return" time="0.000" /><testcase classname="tests.unit.cli.test_context.TestAsyncCommand" name="test_async_command_runs_coroutine_to_completion" time="0.000" /><testcase classname="tests.unit.cli.test_context.TestAsyncCommand" name="test_async_command_with_multiple_decorators" time="0.000" /><testcase classname="tests.unit.cli.test_context.TestFlyCommandInputs" name="test_fly_command_inputs_required_field" time="0.000" /><testcase classname="tests.unit.cli.test_context.TestFlyCommandInputs" name="test_fly_command_inputs_default_values" time="0.000" /><testcase classname="tests.unit.cli.test_context.TestFlyCommandInputs" name="test_fly_command_inputs_with_all_fields" time="0.000" /><testcase classname="tests.unit.cli.test_context.TestFlyCommandInputs" name="test_fly_command_inputs_is_frozen" time="0.000" /><testcase classname="tests.unit.cli.test_context.TestFlyCommandInputs" name="test_fly_command_inputs_with_path_object" time="0.000" /><testcase classname="tests.unit.cli.test_context.TestFlyCommandInputs" name="test_fly_command_inputs_with_skip_flags" time="0.000" /><testcase classname="tests.unit.cli.test_context.TestFlyCommandInputs" name="test_fly_command_inputs_has_slots" time="0.000" /><testcase classname="tests.unit.cli.test_context.TestRefuelCommandInputs" name="test_refuel_command_inputs_default_values" time="0.000" /><testcase classname="tests.unit.cli.test_context.TestRefuelCommandInputs" name="test_refuel_command_inputs_with_custom_label" time="0.000" /><testcase classname="tests.unit.cli.test_context.TestRefuelCommandInputs" name="test_refuel_command_inputs_with_custom_limit" time="0.000" /><testcase classname="tests.unit.cli.test_context.TestRefuelCommandInputs" name="test_refuel_command_inputs_with_parallel_disabled" time="0.000" /><testcase classname="tests.unit.cli.test_context.TestRefuelCommandInputs" name="test_refuel_command_inputs_with_dry_run" time="0.000" /><testcase classname="tests.unit.cli.test_context.TestRefuelCommandInputs" name="test_refuel_command_inputs_with_all_fields" time="0.000" /><testcase classname="tests.unit.cli.test_context.TestRefuelCommandInputs" name="test_refuel_command_inputs_is_frozen" time="0.001" /><testcase classname="tests.unit.cli.test_context.TestRefuelCommandInputs" name="test_refuel_command_inputs_limit_zero" time="0.000" /><testcase classname="tests.unit.cli.test_context.TestRefuelCommandInputs" name="test_refuel_command_inputs_has_slots" time="0.000" /><testcase classname="tests.unit.cli.test_context.TestReviewCommandInputs" name="test_review_command_inputs_required_field" time="0.000" /><testcase classname="tests.unit.cli.test_context.TestReviewCommandInputs" name="test_review_command_inputs_default_values" time="0.000" /><testcase classname="tests.unit.cli.test_context.TestReviewCommandInputs" name="test_review_command_inputs_with_fix_enabled" time="0.000" /><testcase classname="tests.unit.cli.test_context.TestReviewCommandInputs" name="test_review_command_inputs_with_json_output" time="0.000" /><testcase classname="tests.unit.cli.test_context.TestReviewCommandInputs" name="test_review_command_inputs_with_markdown_output" time="0.000" /><testcase classname="tests.unit.cli.test_context.TestReviewCommandInputs" name="test_review_command_inputs_with_text_output" time="0.000" /><testcase classname="tests.unit.cli.test_context.TestReviewCommandInputs" name="test_review_command_inputs_with_all_fields" time="0.000" /><testcase classname="tests.unit.cli.test_context.TestReviewCommandInputs" name="test_review_command_inputs_is_frozen" time="0.000" /><testcase classname="tests.unit.cli.test_context.TestReviewCommandInputs" name="test_review_command_inputs_pr_number_zero" time="0.000" /><testcase classname="tests.unit.cli.test_context.TestReviewCommandInputs" name="test_review_command_inputs_has_slots" time="0.000" /><testcase classname="tests.unit.cli.test_context.TestIntegration" name="test_cli_context_with_command_inputs" time="0.002" /><testcase classname="tests.unit.cli.test_context.TestIntegration" name="test_async_command_with_exit_code" time="0.001" /><testcase classname="tests.unit.cli.test_context.TestIntegration" name="test_dataclasses_are_independent" time="0.000" /><testcase classname="tests.unit.cli.test_error_handler" name="test_cli_error_handler_keyboard_interrupt" time="0.001" /><testcase classname="tests.unit.cli.test_error_handler" name="test_cli_error_handler_git_error" time="0.001" /><testcase classname="tests.unit.cli.test_error_handler" name="test_cli_error_handler_agent_error" time="0.001" /><testcase classname="tests.unit.cli.test_error_handler" name="test_cli_error_handler_maverick_error" time="0.001" /><testcase classname="tests.unit.cli.test_error_handler" name="test_cli_error_handler_generic_exception" time="0.003" /><testcase classname="tests.unit.cli.test_error_handler" name="test_cli_error_handler_success_case" time="0.000" /><testcase classname="tests.unit.cli.test_fly_command" name="test_fly_command_with_valid_branch" time="0.081" /><testcase classname="tests.unit.cli.test_fly_command" name="test_fly_with_task_file_option" time="0.039" /><testcase classname="tests.unit.cli.test_fly_command" name="test_fly_skip_review_option" time="0.062" /><testcase classname="tests.unit.cli.test_fly_command" name="test_fly_skip_pr_option" time="0.108" /><testcase classname="tests.unit.cli.test_fly_command" name="test_fly_dry_run_option" time="0.050" /><testcase classname="tests.unit.cli.test_fly_command" name="test_fly_with_nonexistent_branch_error" time="0.061" /><testcase classname="tests.unit.cli.test_fly_command" name="test_fly_keyboard_interrupt_handling" time="0.095" /><testcase classname="tests.unit.cli.test_output.TestOutputFormat" name="test_enum_values" time="0.000" /><testcase classname="tests.unit.cli.test_output.TestOutputFormat" name="test_is_string_enum" time="0.000" /><testcase classname="tests.unit.cli.test_output.TestOutputFormat" name="test_enum_member_is_string" time="0.000" /><testcase classname="tests.unit.cli.test_output.TestOutputFormat" name="test_can_compare_with_string" time="0.000" /><testcase classname="tests.unit.cli.test_output.TestOutputFormat" name="test_all_members_present" time="0.000" /><testcase classname="tests.unit.cli.test_output.TestOutputFormat" name="test_enum_membership" time="0.000" /><testcase classname="tests.unit.cli.test_output.TestFormatError" name="test_message_only" time="0.000" /><testcase classname="tests.unit.cli.test_output.TestFormatError" name="test_message_with_single_detail" time="0.000" /><testcase classname="tests.unit.cli.test_output.TestFormatError" name="test_message_with_multiple_details" time="0.000" /><testcase classname="tests.unit.cli.test_output.TestFormatError" name="test_message_with_suggestion" time="0.000" /><testcase classname="tests.unit.cli.test_output.TestFormatError" name="test_message_with_details_and_suggestion" time="0.000" /><testcase classname="tests.unit.cli.test_output.TestFormatError" name="test_empty_details_list" time="0.000" /><testcase classname="tests.unit.cli.test_output.TestFormatError" name="test_detail_indentation" time="0.000" /><testcase classname="tests.unit.cli.test_output.TestFormatError" name="test_multiline_message" time="0.000" /><testcase classname="tests.unit.cli.test_output.TestFormatError" name="test_special_characters_in_message" time="0.000" /><testcase classname="tests.unit.cli.test_output.TestFormatError" name="test_unicode_in_message" time="0.000" /><testcase classname="tests.unit.cli.test_output.TestFormatSuccess" name="test_basic_success_message" time="0.000" /><testcase classname="tests.unit.cli.test_output.TestFormatSuccess" name="test_empty_message" time="0.000" /><testcase classname="tests.unit.cli.test_output.TestFormatSuccess" name="test_multiline_message" time="0.000" /><testcase classname="tests.unit.cli.test_output.TestFormatSuccess" name="test_special_characters" time="0.000" /><testcase classname="tests.unit.cli.test_output.TestFormatSuccess" name="test_unicode_characters" time="0.000" /><testcase classname="tests.unit.cli.test_output.TestFormatSuccess" name="test_long_message" time="0.000" /><testcase classname="tests.unit.cli.test_output.TestFormatWarning" name="test_basic_warning_message" time="0.000" /><testcase classname="tests.unit.cli.test_output.TestFormatWarning" name="test_empty_message" time="0.000" /><testcase classname="tests.unit.cli.test_output.TestFormatWarning" name="test_multiline_message" time="0.000" /><testcase classname="tests.unit.cli.test_output.TestFormatWarning" name="test_special_characters" time="0.000" /><testcase classname="tests.unit.cli.test_output.TestFormatWarning" name="test_unicode_characters" time="0.000" /><testcase classname="tests.unit.cli.test_output.TestFormatWarning" name="test_long_message" time="0.000" /><testcase classname="tests.unit.cli.test_output.TestFormatJson" name="test_simple_dict" time="0.000" /><testcase classname="tests.unit.cli.test_output.TestFormatJson" name="test_simple_list" time="0.000" /><testcase classname="tests.unit.cli.test_output.TestFormatJson" name="test_nested_structure" time="0.000" /><testcase classname="tests.unit.cli.test_output.TestFormatJson" name="test_indent_is_two_spaces" time="0.000" /><testcase classname="tests.unit.cli.test_output.TestFormatJson" name="test_empty_dict" time="0.000" /><testcase classname="tests.unit.cli.test_output.TestFormatJson" name="test_empty_list" time="0.000" /><testcase classname="tests.unit.cli.test_output.TestFormatJson" name="test_none_value" time="0.000" /><testcase classname="tests.unit.cli.test_output.TestFormatJson" name="test_boolean_values" time="0.000" /><testcase classname="tests.unit.cli.test_output.TestFormatJson" name="test_numeric_values" time="0.000" /><testcase classname="tests.unit.cli.test_output.TestFormatJson" name="test_string_escaping" time="0.000" /><testcase classname="tests.unit.cli.test_output.TestFormatJson" name="test_unicode_characters" time="0.000" /><testcase classname="tests.unit.cli.test_output.TestFormatJson" name="test_non_serializable_raises_type_error" time="0.000" /><testcase classname="tests.unit.cli.test_output.TestFormatTable" name="test_simple_table" time="0.000" /><testcase classname="tests.unit.cli.test_output.TestFormatTable" name="test_empty_headers" time="0.000" /><testcase classname="tests.unit.cli.test_output.TestFormatTable" name="test_empty_rows" time="0.000" /><testcase classname="tests.unit.cli.test_output.TestFormatTable" name="test_column_width_calculation" time="0.000" /><testcase classname="tests.unit.cli.test_output.TestFormatTable" name="test_pipe_separators" time="0.000" /><testcase classname="tests.unit.cli.test_output.TestFormatTable" name="test_left_justified_alignment" time="0.000" /><testcase classname="tests.unit.cli.test_output.TestFormatTable" name="test_unicode_characters" time="0.000" /><testcase classname="tests.unit.cli.test_output.TestFormatTable" name="test_special_characters" time="0.000" /><testcase classname="tests.unit.cli.test_output.TestFormatTable" name="test_single_column" time="0.000" /><testcase classname="tests.unit.cli.test_output.TestFormatTable" name="test_many_columns" time="0.000" /><testcase classname="tests.unit.cli.test_output.TestFormatTable" name="test_uneven_row_lengths" time="0.000" /><testcase classname="tests.unit.cli.test_output.TestFormatTable" name="test_row_longer_than_headers" time="0.000" /><testcase classname="tests.unit.cli.test_output.TestFormatTable" name="test_empty_cells" time="0.000" /><testcase classname="tests.unit.cli.test_output.TestFormatTable" name="test_whitespace_preservation" time="0.000" /><testcase classname="tests.unit.cli.test_output.TestFormattingIntegration" name="test_format_error_then_json" time="0.000" /><testcase classname="tests.unit.cli.test_output.TestFormattingIntegration" name="test_format_table_with_status_indicators" time="0.000" /><testcase classname="tests.unit.cli.test_output.TestFormattingIntegration" name="test_json_roundtrip" time="0.000" /><testcase classname="tests.unit.cli.test_refuel_command" name="test_refuel_command_default_behavior" time="0.039" /><testcase classname="tests.unit.cli.test_refuel_command" name="test_refuel_label_option" time="0.088" /><testcase classname="tests.unit.cli.test_refuel_command" name="test_refuel_limit_option" time="0.052" /><testcase classname="tests.unit.cli.test_refuel_command" name="test_refuel_sequential_flag" time="0.044" /><testcase classname="tests.unit.cli.test_refuel_command" name="test_refuel_dry_run_option" time="0.088" /><testcase classname="tests.unit.cli.test_refuel_command" name="test_refuel_keyboard_interrupt_handling" time="0.037" /><testcase classname="tests.unit.cli.test_review_command" name="test_review_command_with_valid_pr_number" time="0.004" /><testcase classname="tests.unit.cli.test_review_command" name="test_review_with_fix_option" time="0.004" /><testcase classname="tests.unit.cli.test_review_command" name="test_review_output_json_option" time="0.004" /><testcase classname="tests.unit.cli.test_review_command" name="test_review_output_markdown_option" time="0.003" /><testcase classname="tests.unit.cli.test_review_command" name="test_review_output_text_option" time="0.003" /><testcase classname="tests.unit.cli.test_review_command" name="test_review_with_nonexistent_pr_error" time="0.003" /><testcase classname="tests.unit.cli.test_status_command" name="test_status_command_displays_branch_info" time="0.095" /><testcase classname="tests.unit.cli.test_status_command" name="test_status_with_pending_tasks" time="0.066" /><testcase classname="tests.unit.cli.test_status_command" name="test_status_format_json_option" time="0.045" /><testcase classname="tests.unit.cli.test_status_command" name="test_status_in_non_git_directory_error" time="0.034" /><testcase classname="tests.unit.cli.test_validators.TestDependencyStatus" name="test_creation_with_required_fields_only" time="0.001" /><testcase classname="tests.unit.cli.test_validators.TestDependencyStatus" name="test_creation_with_all_fields" time="0.001" /><testcase classname="tests.unit.cli.test_validators.TestDependencyStatus" name="test_creation_with_error" time="0.001" /><testcase classname="tests.unit.cli.test_validators.TestDependencyStatus" name="test_dataclass_is_frozen" time="0.001" /><testcase classname="tests.unit.cli.test_validators.TestDependencyStatus" name="test_dataclass_uses_slots" time="0.000" /><testcase classname="tests.unit.cli.test_validators.TestCheckDependencies" name="test_with_default_dependencies" time="0.001" /><testcase classname="tests.unit.cli.test_validators.TestCheckDependencies" name="test_with_custom_list_of_dependencies" time="0.001" /><testcase classname="tests.unit.cli.test_validators.TestCheckDependencies" name="test_with_missing_dependency" time="0.000" /><testcase classname="tests.unit.cli.test_validators.TestCheckDependencies" name="test_version_extraction_works" time="0.001" /><testcase classname="tests.unit.cli.test_validators.TestCheckDependencies" name="test_version_extraction_multiline_output" time="0.001" /><testcase classname="tests.unit.cli.test_validators.TestCheckDependencies" name="test_install_url_included_for_git" time="0.000" /><testcase classname="tests.unit.cli.test_validators.TestCheckDependencies" name="test_install_url_included_for_gh" time="0.000" /><testcase classname="tests.unit.cli.test_validators.TestCheckDependencies" name="test_install_url_none_for_unknown_tool" time="0.000" /><testcase classname="tests.unit.cli.test_validators.TestCheckDependencies" name="test_version_check_failure" time="0.001" /><testcase classname="tests.unit.cli.test_validators.TestCheckDependencies" name="test_version_check_timeout" time="0.000" /><testcase classname="tests.unit.cli.test_validators.TestCheckDependencies" name="test_version_check_exception" time="0.000" /><testcase classname="tests.unit.cli.test_validators.TestCheckDependencies" name="test_subprocess_run_called_with_correct_args" time="0.001" /><testcase classname="tests.unit.cli.test_validators.TestCheckDependencies" name="test_multiple_dependencies_mixed_availability" time="0.001" /><testcase classname="tests.unit.cli.test_validators.TestCheckGitAuth" name="test_successful_authentication" time="0.001" /><testcase classname="tests.unit.cli.test_validators.TestCheckGitAuth" name="test_failed_authentication" time="0.000" /><testcase classname="tests.unit.cli.test_validators.TestCheckGitAuth" name="test_gh_not_installed" time="0.000" /><testcase classname="tests.unit.cli.test_validators.TestCheckGitAuth" name="test_error_message_includes_suggestion" time="0.001" /><testcase classname="tests.unit.cli.test_validators.TestCheckGitAuth" name="test_auth_check_timeout" time="0.000" /><testcase classname="tests.unit.cli.test_validators.TestCheckGitAuth" name="test_auth_check_exception" time="0.000" /><testcase classname="tests.unit.cli.test_validators.TestCheckGitAuth" name="test_subprocess_run_called_with_correct_args" time="0.001" /><testcase classname="tests.unit.cli.test_validators.TestCheckGitAuth" name="test_authenticated_with_multiline_output" time="0.001" /><testcase classname="tests.unit.cli.test_validators.TestCheckGitAuth" name="test_authenticated_with_empty_stdout" time="0.001" /><testcase classname="tests.unit.cli.test_validators.TestCheckGitAuth" name="test_failed_with_empty_stderr" time="0.001" /><testcase classname="tests.unit.cli.test_validators.TestCheckGitAuth" name="test_install_url_always_included" time="0.001" /><testcase classname="tests.unit.cli.test_workflow_commands.TestWorkflowCommandGroup" name="test_workflow_command_shows_help" time="0.003" /><testcase classname="tests.unit.cli.test_workflow_commands.TestWorkflowCommandGroup" name="test_workflow_help_flag" time="0.003" /><testcase classname="tests.unit.cli.test_workflow_commands.TestWorkflowCommandGroup" name="test_workflow_group_exists" time="0.002" /><testcase classname="tests.unit.cli.test_workflow_commands.TestWorkflowList" name="test_list_with_empty_directory" time="0.279" /><testcase classname="tests.unit.cli.test_workflow_commands.TestWorkflowList" name="test_list_with_workflow_files_present" time="0.290" /><testcase classname="tests.unit.cli.test_workflow_commands.TestWorkflowList" name="test_list_format_json" time="0.293" /><testcase classname="tests.unit.cli.test_workflow_commands.TestWorkflowList" name="test_list_format_yaml" time="0.311" /><testcase classname="tests.unit.cli.test_workflow_commands.TestWorkflowShow" name="test_show_existing_workflow" time="0.269" /><testcase classname="tests.unit.cli.test_workflow_commands.TestWorkflowShow" name="test_show_nonexistent_workflow_error" time="0.280" /><testcase classname="tests.unit.cli.test_workflow_commands.TestWorkflowValidate" name="test_validate_valid_workflow" time="0.005" /><testcase classname="tests.unit.cli.test_workflow_commands.TestWorkflowValidate" name="test_validate_invalid_workflow_error" time="0.291" /><testcase classname="tests.unit.cli.test_workflow_commands.TestWorkflowValidate" name="test_validate_strict_mode" time="0.279" /><testcase classname="tests.unit.cli.test_workflow_commands.TestWorkflowViz" name="test_viz_ascii_format" time="0.284" /><testcase classname="tests.unit.cli.test_workflow_commands.TestWorkflowViz" name="test_viz_mermaid_format" time="0.269" /><testcase classname="tests.unit.cli.test_workflow_commands.TestWorkflowViz" name="test_viz_output_to_file" time="0.295" /><testcase classname="tests.unit.cli.test_workflow_commands.TestWorkflowViz" name="test_viz_direction_option" time="0.301" /><testcase classname="tests.unit.cli.test_workflow_commands.TestWorkflowRun" name="test_run_workflow_with_inputs" time="0.280" /><testcase classname="tests.unit.cli.test_workflow_commands.TestWorkflowRun" name="test_run_workflow_from_file" time="0.293" /><testcase classname="tests.unit.cli.test_workflow_commands.TestWorkflowRun" name="test_run_with_input_key_value_pairs" time="0.275" /><testcase classname="tests.unit.cli.test_workflow_commands.TestWorkflowRun" name="test_run_with_input_file" time="0.288" /><testcase classname="tests.unit.cli.test_workflow_commands.TestWorkflowRun" name="test_run_dry_run_mode" time="0.006" /><testcase classname="tests.unit.cli.test_workflow_commands.TestWorkflowRun" name="test_run_enhanced_progress_display" time="0.271" /><testcase classname="tests.unit.cli.test_workflow_commands.TestWorkflowCommandIntegration" name="test_list_show_validate_workflow" time="0.580" /><testcase classname="tests.unit.cli.test_workflow_commands.TestWorkflowCommandIntegration" name="test_validate_viz_workflow" time="0.267" /><testcase classname="tests.unit.config.test_config_example.TestConfigPatterns" name="test_sample_config_fixture" time="0.003" /><testcase classname="tests.unit.config.test_config_example.TestConfigPatterns" name="test_config_github_values" time="0.003" /><testcase classname="tests.unit.config.test_config_example.TestConfigPatterns" name="test_config_model_values" time="0.003" /><testcase classname="tests.unit.config.test_config_example.TestConfigPatterns" name="test_config_parallel_values" time="0.003" /><testcase classname="tests.unit.config.test_config_example.TestConfigPatterns" name="test_using_clean_env_and_temp_dir_directly" time="0.002" /><testcase classname="tests.unit.dsl.checkpoint.test_data.TestCheckpointData" name="test_to_dict_and_from_dict" time="0.001" /><testcase classname="tests.unit.dsl.checkpoint.test_data.TestCheckpointData" name="test_compute_inputs_hash_determinism" time="0.000" /><testcase classname="tests.unit.dsl.checkpoint.test_data.TestCheckpointData" name="test_compute_inputs_hash_different_inputs" time="0.000" /><testcase classname="tests.unit.dsl.checkpoint.test_store.TestFileCheckpointStore" name="test_save_and_load" time="0.001" /><testcase classname="tests.unit.dsl.checkpoint.test_store.TestFileCheckpointStore" name="test_load_nonexistent" time="0.001" /><testcase classname="tests.unit.dsl.checkpoint.test_store.TestFileCheckpointStore" name="test_clear" time="0.001" /><testcase classname="tests.unit.dsl.checkpoint.test_store.TestMemoryCheckpointStore" name="test_save_and_load" time="0.001" /><testcase classname="tests.unit.dsl.checkpoint.test_store.TestMemoryCheckpointStore" name="test_load_latest" time="0.001" /><testcase classname="tests.unit.dsl.checkpoint.test_store.TestMemoryCheckpointStore" name="test_clear" time="0.001" /><testcase classname="tests.unit.dsl.discovery.test_integration" name="test_load_workflows_into_registry_basic" time="0.265" /><testcase classname="tests.unit.dsl.discovery.test_integration" name="test_load_workflows_registers_fragments" time="0.281" /><testcase classname="tests.unit.dsl.discovery.test_integration" name="test_load_workflows_respects_precedence" time="0.257" /><testcase classname="tests.unit.dsl.discovery.test_integration" name="test_load_workflows_into_empty_registry" time="0.283" /><testcase classname="tests.unit.dsl.discovery.test_integration" name="test_load_workflows_no_duplicates" time="0.540" /><testcase classname="tests.unit.dsl.discovery.test_integration" name="test_load_workflows_can_be_looked_up" time="0.286" /><testcase classname="tests.unit.dsl.discovery.test_integration" name="test_load_workflows_with_project_fragment_override" time="0.276" /><testcase classname="tests.unit.dsl.discovery.test_loader" name="test_load_metadata_valid_workflow" time="0.003" /><testcase classname="tests.unit.dsl.discovery.test_loader" name="test_load_metadata_has_correct_input_names" time="0.003" /><testcase classname="tests.unit.dsl.discovery.test_loader" name="test_load_metadata_has_correct_step_count" time="0.003" /><testcase classname="tests.unit.dsl.discovery.test_loader" name="test_load_metadata_nonexistent_file" time="0.000" /><testcase classname="tests.unit.dsl.discovery.test_loader" name="test_load_metadata_invalid_yaml_syntax" time="0.001" /><testcase classname="tests.unit.dsl.discovery.test_loader" name="test_load_metadata_missing_required_fields" time="0.001" /><testcase classname="tests.unit.dsl.discovery.test_loader" name="test_load_metadata_invalid_version" time="0.002" /><testcase classname="tests.unit.dsl.discovery.test_loader" name="test_load_metadata_workflow_with_no_inputs" time="0.001" /><testcase classname="tests.unit.dsl.discovery.test_loader" name="test_load_metadata_workflow_with_many_steps" time="0.003" /><testcase classname="tests.unit.dsl.discovery.test_loader" name="test_load_full_valid_workflow" time="0.003" /><testcase classname="tests.unit.dsl.discovery.test_loader" name="test_load_full_has_correct_attributes" time="0.003" /><testcase classname="tests.unit.dsl.discovery.test_loader" name="test_load_full_nonexistent_file" time="0.000" /><testcase classname="tests.unit.dsl.discovery.test_loader" name="test_load_full_invalid_yaml_syntax" time="0.001" /><testcase classname="tests.unit.dsl.discovery.test_loader" name="test_load_full_schema_validation_error" time="0.001" /><testcase classname="tests.unit.dsl.discovery.test_loader" name="test_load_full_missing_required_fields" time="0.001" /><testcase classname="tests.unit.dsl.discovery.test_loader" name="test_infer_source_builtin_library_path" time="0.000" /><testcase classname="tests.unit.dsl.discovery.test_loader" name="test_infer_source_user_config_path" time="0.001" /><testcase classname="tests.unit.dsl.discovery.test_loader" name="test_infer_source_project_path" time="0.001" /><testcase classname="tests.unit.dsl.discovery.test_loader" name="test_load_metadata_infers_correct_source_builtin" time="0.031" /><testcase classname="tests.unit.dsl.discovery.test_loader" name="test_load_metadata_infers_correct_source_project" time="0.003" /><testcase classname="tests.unit.dsl.discovery.test_loader" name="test_load_builtin_fly_workflow" time="0.060" /><testcase classname="tests.unit.dsl.discovery.test_loader" name="test_load_builtin_validate_workflow" time="0.019" /><testcase classname="tests.unit.dsl.discovery.test_loader" name="test_load_builtin_review_workflow" time="0.025" /><testcase classname="tests.unit.dsl.discovery.test_loader" name="test_load_all_builtin_workflows" time="0.196" /><testcase classname="tests.unit.dsl.discovery.test_loader" name="test_load_metadata_empty_file" time="0.001" /><testcase classname="tests.unit.dsl.discovery.test_loader" name="test_load_metadata_whitespace_only_file" time="0.001" /><testcase classname="tests.unit.dsl.discovery.test_loader" name="test_load_full_empty_file" time="0.001" /><testcase classname="tests.unit.dsl.discovery.test_loader" name="test_load_metadata_preserves_file_path" time="0.003" /><testcase classname="tests.unit.dsl.discovery.test_loader" name="test_load_metadata_with_relative_path" time="0.003" /><testcase classname="tests.unit.dsl.discovery.test_locator.TestWorkflowLocator" name="test_scan_empty_directory" time="0.001" /><testcase classname="tests.unit.dsl.discovery.test_locator.TestWorkflowLocator" name="test_scan_nonexistent_directory" time="0.002" /><testcase classname="tests.unit.dsl.discovery.test_locator.TestWorkflowLocator" name="test_scan_file_instead_of_directory" time="0.001" /><testcase classname="tests.unit.dsl.discovery.test_locator.TestWorkflowLocator" name="test_scan_finds_yaml_files" time="0.001" /><testcase classname="tests.unit.dsl.discovery.test_locator.TestWorkflowLocator" name="test_scan_ignores_non_yaml_files" time="0.001" /><testcase classname="tests.unit.dsl.discovery.test_locator.TestWorkflowLocator" name="test_scan_ignores_directories_matching_yaml_pattern" time="0.001" /><testcase classname="tests.unit.dsl.discovery.test_locator.TestWorkflowLocator" name="test_scan_handles_permission_errors" time="0.002" /><testcase classname="tests.unit.dsl.discovery.test_locator.TestWorkflowLocator" name="test_scan_handles_os_error" time="0.002" /><testcase classname="tests.unit.dsl.discovery.test_locator.TestWorkflowLocator" name="test_scan_returns_absolute_paths" time="0.001" /><testcase classname="tests.unit.dsl.discovery.test_locator.TestWorkflowLocator" name="test_scan_with_relative_path" time="0.001" /><testcase classname="tests.unit.dsl.discovery.test_locator.TestWorkflowLocator" name="test_scan_logs_debug_when_files_found" time="0.001" /><testcase classname="tests.unit.dsl.discovery.test_locator.TestWorkflowLocator" name="test_scan_logs_debug_when_no_files_found" time="0.001" /><testcase classname="tests.unit.dsl.discovery.test_locator.TestWorkflowLocator" name="test_scan_multiple_times_consistent" time="0.001" /><testcase classname="tests.unit.dsl.discovery.test_locator.TestWorkflowLocator" name="test_scan_is_non_recursive" time="0.001" /><testcase classname="tests.unit.dsl.discovery.test_locator.TestWorkflowLocator" name="test_scan_with_hidden_yaml_files" time="0.001" /><testcase classname="tests.unit.dsl.discovery.test_locator.TestWorkflowLocator" name="test_scan_preserves_order" time="0.001" /><testcase classname="tests.unit.dsl.discovery.test_registry" name="test_get_builtin_path_returns_library_path" time="0.000" /><testcase classname="tests.unit.dsl.discovery.test_registry" name="test_get_builtin_path_contains_expected_workflows" time="0.000" /><testcase classname="tests.unit.dsl.discovery.test_registry" name="test_get_user_path_returns_config_directory" time="0.000" /><testcase classname="tests.unit.dsl.discovery.test_registry" name="test_get_project_path_returns_maverick_workflows" time="0.000" /><testcase classname="tests.unit.dsl.discovery.test_registry" name="test_get_project_path_with_custom_root" time="0.001" /><testcase classname="tests.unit.dsl.discovery.test_registry" name="test_discover_finds_builtin_workflows" time="0.277" /><testcase classname="tests.unit.dsl.discovery.test_registry" name="test_discover_finds_builtin_fragments" time="0.280" /><testcase classname="tests.unit.dsl.discovery.test_registry" name="test_discover_returns_correct_structure" time="0.264" /><testcase classname="tests.unit.dsl.discovery.test_registry" name="test_discover_workflow_names_property" time="0.291" /><testcase classname="tests.unit.dsl.discovery.test_registry" name="test_discover_fragment_names_property" time="0.282" /><testcase classname="tests.unit.dsl.discovery.test_registry" name="test_discover_get_workflow_lookup" time="0.281" /><testcase classname="tests.unit.dsl.discovery.test_registry" name="test_discover_get_fragment_lookup" time="0.284" /><testcase classname="tests.unit.dsl.discovery.test_registry" name="test_discover_locations_scanned" time="0.285" /><testcase classname="tests.unit.dsl.discovery.test_registry" name="test_discover_time_is_positive" time="0.279" /><testcase classname="tests.unit.dsl.discovery.test_registry" name="test_discover_without_builtin" time="0.001" /><testcase classname="tests.unit.dsl.discovery.test_registry" name="test_discover_skipped_list_contains_invalid_files" time="0.001" /><testcase classname="tests.unit.dsl.discovery.test_registry" name="test_discover_skipped_with_missing_required_fields" time="0.001" /><testcase classname="tests.unit.dsl.discovery.test_registry" name="test_discover_project_overrides_builtin" time="0.242" /><testcase classname="tests.unit.dsl.discovery.test_registry" name="test_discover_user_overrides_builtin" time="0.268" /><testcase classname="tests.unit.dsl.discovery.test_registry" name="test_discover_project_overrides_user" time="0.005" /><testcase classname="tests.unit.dsl.discovery.test_registry" name="test_discover_raises_conflict_error_for_duplicate_in_same_location" time="0.003" /><testcase classname="tests.unit.dsl.discovery.test_registry" name="test_discover_raises_conflict_error_for_fragments" time="0.003" /><testcase classname="tests.unit.dsl.discovery.test_registry" name="test_discover_distinguishes_workflows_from_fragments" time="0.006" /><testcase classname="tests.unit.dsl.discovery.test_registry" name="test_create_discovery_returns_instance" time="0.000" /><testcase classname="tests.unit.dsl.discovery.test_registry" name="test_create_discovery_with_custom_locator" time="0.000" /><testcase classname="tests.unit.dsl.discovery.test_registry" name="test_create_discovery_with_custom_loader" time="0.000" /><testcase classname="tests.unit.dsl.discovery.test_registry" name="test_discover_empty_project_directory" time="0.001" /><testcase classname="tests.unit.dsl.discovery.test_registry" name="test_discover_nonexistent_project_directory" time="0.001" /><testcase classname="tests.unit.dsl.discovery.test_registry" name="test_discover_yml_extension" time="0.003" /><testcase classname="tests.unit.dsl.discovery.test_registry" name="test_discover_nested_directories" time="0.003" /><testcase classname="tests.unit.dsl.discovery.test_registry" name="test_discovered_workflow_has_correct_source_builtin" time="0.276" /><testcase classname="tests.unit.dsl.discovery.test_registry" name="test_discovered_workflow_has_correct_source_project" time="0.003" /><testcase classname="tests.unit.dsl.discovery.test_registry" name="test_discovered_workflow_has_correct_source_user" time="0.003" /><testcase classname="tests.unit.dsl.discovery.test_registry" name="test_discovered_workflow_structure" time="0.274" /><testcase classname="tests.unit.dsl.discovery.test_registry" name="test_discovered_workflow_overrides_empty_when_no_conflicts" time="0.272" /><testcase classname="tests.unit.dsl.expressions.test_errors.TestExpressionError" name="test_creation_with_message_only" time="0.001" /><testcase classname="tests.unit.dsl.expressions.test_errors.TestExpressionError" name="test_creation_with_message_and_expression" time="0.001" /><testcase classname="tests.unit.dsl.expressions.test_errors.TestExpressionError" name="test_inherits_from_maverick_error" time="0.001" /><testcase classname="tests.unit.dsl.expressions.test_errors.TestExpressionError" name="test_can_be_raised_and_caught" time="0.001" /><testcase classname="tests.unit.dsl.expressions.test_errors.TestExpressionError" name="test_can_be_caught_as_maverick_error" time="0.001" /><testcase classname="tests.unit.dsl.expressions.test_errors.TestExpressionError" name="test_expression_attribute_accessible" time="0.001" /><testcase classname="tests.unit.dsl.expressions.test_errors.TestExpressionError" name="test_message_attribute_accessible" time="0.001" /><testcase classname="tests.unit.dsl.expressions.test_errors.TestExpressionSyntaxError" name="test_creation_with_basic_fields" time="0.000" /><testcase classname="tests.unit.dsl.expressions.test_errors.TestExpressionSyntaxError" name="test_creation_with_position" time="0.000" /><testcase classname="tests.unit.dsl.expressions.test_errors.TestExpressionSyntaxError" name="test_position_indicator_formatting" time="0.000" /><testcase classname="tests.unit.dsl.expressions.test_errors.TestExpressionSyntaxError" name="test_inherits_from_expression_error" time="0.000" /><testcase classname="tests.unit.dsl.expressions.test_errors.TestExpressionSyntaxError" name="test_can_be_raised_and_caught" time="0.000" /><testcase classname="tests.unit.dsl.expressions.test_errors.TestExpressionSyntaxError" name="test_can_be_caught_as_expression_error" time="0.000" /><testcase classname="tests.unit.dsl.expressions.test_errors.TestExpressionSyntaxError" name="test_position_zero_formatting" time="0.000" /><testcase classname="tests.unit.dsl.expressions.test_errors.TestExpressionSyntaxError" name="test_position_attribute_accessible" time="0.000" /><testcase classname="tests.unit.dsl.expressions.test_errors.TestExpressionSyntaxError" name="test_multiline_expression_with_position" time="0.000" /><testcase classname="tests.unit.dsl.expressions.test_errors.TestExpressionEvaluationError" name="test_creation_with_message_and_expression" time="0.000" /><testcase classname="tests.unit.dsl.expressions.test_errors.TestExpressionEvaluationError" name="test_creation_with_context_vars" time="0.000" /><testcase classname="tests.unit.dsl.expressions.test_errors.TestExpressionEvaluationError" name="test_context_vars_sorted_in_message" time="0.000" /><testcase classname="tests.unit.dsl.expressions.test_errors.TestExpressionEvaluationError" name="test_inherits_from_expression_error" time="0.000" /><testcase classname="tests.unit.dsl.expressions.test_errors.TestExpressionEvaluationError" name="test_can_be_raised_and_caught" time="0.000" /><testcase classname="tests.unit.dsl.expressions.test_errors.TestExpressionEvaluationError" name="test_can_be_caught_as_expression_error" time="0.000" /><testcase classname="tests.unit.dsl.expressions.test_errors.TestExpressionEvaluationError" name="test_empty_context_vars" time="0.000" /><testcase classname="tests.unit.dsl.expressions.test_errors.TestExpressionEvaluationError" name="test_context_vars_attribute_accessible" time="0.000" /><testcase classname="tests.unit.dsl.expressions.test_errors.TestExpressionEvaluationError" name="test_single_context_var" time="0.000" /><testcase classname="tests.unit.dsl.expressions.test_errors.TestExpressionErrorInfo" name="test_creation_with_all_fields" time="0.000" /><testcase classname="tests.unit.dsl.expressions.test_errors.TestExpressionErrorInfo" name="test_creation_with_default_position" time="0.000" /><testcase classname="tests.unit.dsl.expressions.test_errors.TestExpressionErrorInfo" name="test_is_frozen" time="0.000" /><testcase classname="tests.unit.dsl.expressions.test_errors.TestExpressionErrorInfo" name="test_all_fields_accessible" time="0.000" /><testcase classname="tests.unit.dsl.expressions.test_errors.TestExpressionErrorInfo" name="test_equality" time="0.000" /><testcase classname="tests.unit.dsl.expressions.test_errors.TestExpressionErrorInfo" name="test_hashable" time="0.000" /><testcase classname="tests.unit.dsl.expressions.test_errors.TestExpressionErrorInfo" name="test_repr" time="0.000" /><testcase classname="tests.unit.dsl.expressions.test_errors.TestExpressionErrorInfo" name="test_zero_position" time="0.000" /><testcase classname="tests.unit.dsl.expressions.test_errors.TestExpressionErrorInfo" name="test_large_position" time="0.000" /><testcase classname="tests.unit.dsl.expressions.test_errors.TestExceptionHierarchy" name="test_all_expression_errors_inherit_from_expression_error" time="0.000" /><testcase classname="tests.unit.dsl.expressions.test_errors.TestExceptionHierarchy" name="test_all_expression_errors_inherit_from_maverick_error" time="0.000" /><testcase classname="tests.unit.dsl.expressions.test_errors.TestExceptionHierarchy" name="test_can_catch_all_as_expression_error" time="0.000" /><testcase classname="tests.unit.dsl.expressions.test_errors.TestExceptionHierarchy" name="test_can_catch_all_as_maverick_error" time="0.000" /><testcase classname="tests.unit.dsl.expressions.test_errors.TestExceptionHierarchy" name="test_specific_error_types_are_distinct" time="0.000" /><testcase classname="tests.unit.dsl.expressions.test_errors.TestErrorUsagePatterns" name="test_catch_specific_then_general" time="0.000" /><testcase classname="tests.unit.dsl.expressions.test_errors.TestErrorUsagePatterns" name="test_error_context_preservation" time="0.000" /><testcase classname="tests.unit.dsl.expressions.test_errors.TestErrorUsagePatterns" name="test_creating_error_info_from_exception" time="0.000" /><testcase classname="tests.unit.dsl.expressions.test_errors.TestErrorUsagePatterns" name="test_multiple_errors_in_sequence" time="0.001" /><testcase classname="tests.unit.dsl.expressions.test_evaluator.TestInputReferenceEvaluation" name="test_simple_input_reference" time="0.001" /><testcase classname="tests.unit.dsl.expressions.test_evaluator.TestInputReferenceEvaluation" name="test_input_reference_with_underscore" time="0.001" /><testcase classname="tests.unit.dsl.expressions.test_evaluator.TestInputReferenceEvaluation" name="test_input_reference_with_boolean" time="0.001" /><testcase classname="tests.unit.dsl.expressions.test_evaluator.TestInputReferenceEvaluation" name="test_input_reference_with_number" time="0.002" /><testcase classname="tests.unit.dsl.expressions.test_evaluator.TestInputReferenceEvaluation" name="test_input_reference_with_list" time="0.000" /><testcase classname="tests.unit.dsl.expressions.test_evaluator.TestInputReferenceEvaluation" name="test_input_reference_with_dict" time="0.000" /><testcase classname="tests.unit.dsl.expressions.test_evaluator.TestInputReferenceEvaluation" name="test_input_reference_with_none" time="0.000" /><testcase classname="tests.unit.dsl.expressions.test_evaluator.TestInputReferenceEvaluation" name="test_input_reference_missing_key_raises_error" time="0.000" /><testcase classname="tests.unit.dsl.expressions.test_evaluator.TestInputReferenceEvaluation" name="test_input_reference_empty_inputs_raises_error" time="0.000" /><testcase classname="tests.unit.dsl.expressions.test_evaluator.TestStepOutputReferenceEvaluation" name="test_simple_step_output_reference" time="0.000" /><testcase classname="tests.unit.dsl.expressions.test_evaluator.TestStepOutputReferenceEvaluation" name="test_step_output_with_dict_result" time="0.000" /><testcase classname="tests.unit.dsl.expressions.test_evaluator.TestStepOutputReferenceEvaluation" name="test_step_output_with_list_result" time="0.000" /><testcase classname="tests.unit.dsl.expressions.test_evaluator.TestStepOutputReferenceEvaluation" name="test_step_output_with_boolean_result" time="0.000" /><testcase classname="tests.unit.dsl.expressions.test_evaluator.TestStepOutputReferenceEvaluation" name="test_step_output_with_none_result" time="0.000" /><testcase classname="tests.unit.dsl.expressions.test_evaluator.TestStepOutputReferenceEvaluation" name="test_step_output_missing_step_raises_error" time="0.000" /><testcase classname="tests.unit.dsl.expressions.test_evaluator.TestStepOutputReferenceEvaluation" name="test_step_output_missing_output_field_raises_error" time="0.000" /><testcase classname="tests.unit.dsl.expressions.test_evaluator.TestStepOutputReferenceEvaluation" name="test_step_output_empty_step_outputs_raises_error" time="0.000" /><testcase classname="tests.unit.dsl.expressions.test_evaluator.TestNestedFieldAccessAndNegation" name="test_nested_field_in_step_output" time="0.000" /><testcase classname="tests.unit.dsl.expressions.test_evaluator.TestNestedFieldAccessAndNegation" name="test_deeply_nested_field_access" time="0.000" /><testcase classname="tests.unit.dsl.expressions.test_evaluator.TestNestedFieldAccessAndNegation" name="test_nested_field_with_list_value" time="0.000" /><testcase classname="tests.unit.dsl.expressions.test_evaluator.TestNestedFieldAccessAndNegation" name="test_nested_field_missing_intermediate_key_raises_error" time="0.000" /><testcase classname="tests.unit.dsl.expressions.test_evaluator.TestNestedFieldAccessAndNegation" name="test_nested_field_non_dict_intermediate_raises_error" time="0.000" /><testcase classname="tests.unit.dsl.expressions.test_evaluator.TestNestedFieldAccessAndNegation" name="test_negated_input_boolean_true" time="0.000" /><testcase classname="tests.unit.dsl.expressions.test_evaluator.TestNestedFieldAccessAndNegation" name="test_negated_input_boolean_false" time="0.000" /><testcase classname="tests.unit.dsl.expressions.test_evaluator.TestNestedFieldAccessAndNegation" name="test_negated_step_output_boolean" time="0.000" /><testcase classname="tests.unit.dsl.expressions.test_evaluator.TestNestedFieldAccessAndNegation" name="test_negated_nested_field_boolean" time="0.000" /><testcase classname="tests.unit.dsl.expressions.test_evaluator.TestNestedFieldAccessAndNegation" name="test_negated_truthy_value" time="0.000" /><testcase classname="tests.unit.dsl.expressions.test_evaluator.TestNestedFieldAccessAndNegation" name="test_negated_falsy_value" time="0.000" /><testcase classname="tests.unit.dsl.expressions.test_evaluator.TestNestedFieldAccessAndNegation" name="test_nested_field_in_input" time="0.000" /><testcase classname="tests.unit.dsl.expressions.test_evaluator.TestEvaluateStringMethod" name="test_single_expression_in_string" time="0.000" /><testcase classname="tests.unit.dsl.expressions.test_evaluator.TestEvaluateStringMethod" name="test_multiple_expressions_in_string" time="0.000" /><testcase classname="tests.unit.dsl.expressions.test_evaluator.TestEvaluateStringMethod" name="test_expression_only_string" time="0.000" /><testcase classname="tests.unit.dsl.expressions.test_evaluator.TestEvaluateStringMethod" name="test_string_with_no_expressions" time="0.000" /><testcase classname="tests.unit.dsl.expressions.test_evaluator.TestEvaluateStringMethod" name="test_empty_string" time="0.000" /><testcase classname="tests.unit.dsl.expressions.test_evaluator.TestEvaluateStringMethod" name="test_mixed_expressions_and_literals" time="0.000" /><testcase classname="tests.unit.dsl.expressions.test_evaluator.TestEvaluateStringMethod" name="test_expression_with_nested_field" time="0.000" /><testcase classname="tests.unit.dsl.expressions.test_evaluator.TestEvaluateStringMethod" name="test_expression_with_boolean_stringified" time="0.000" /><testcase classname="tests.unit.dsl.expressions.test_evaluator.TestEvaluateStringMethod" name="test_expression_with_number_stringified" time="0.000" /><testcase classname="tests.unit.dsl.expressions.test_evaluator.TestEvaluateStringMethod" name="test_expression_with_none_stringified" time="0.000" /><testcase classname="tests.unit.dsl.expressions.test_evaluator.TestEvaluateStringMethod" name="test_expression_with_list_stringified" time="0.000" /><testcase classname="tests.unit.dsl.expressions.test_evaluator.TestEvaluateStringMethod" name="test_expression_with_dict_stringified" time="0.000" /><testcase classname="tests.unit.dsl.expressions.test_evaluator.TestEvaluateStringMethod" name="test_negated_expression_in_string" time="0.000" /><testcase classname="tests.unit.dsl.expressions.test_evaluator.TestEvaluateStringMethod" name="test_expression_evaluation_error_propagates" time="0.000" /><testcase classname="tests.unit.dsl.expressions.test_evaluator.TestArrayIndexAccess" name="test_array_index_access_in_input" time="0.000" /><testcase classname="tests.unit.dsl.expressions.test_evaluator.TestArrayIndexAccess" name="test_array_index_access_in_step_output" time="0.000" /><testcase classname="tests.unit.dsl.expressions.test_evaluator.TestArrayIndexAccess" name="test_array_index_out_of_bounds_raises_error" time="0.000" /><testcase classname="tests.unit.dsl.expressions.test_evaluator.TestArrayIndexAccess" name="test_array_index_on_non_list_raises_error" time="0.000" /><testcase classname="tests.unit.dsl.expressions.test_evaluator.TestArrayIndexAccess" name="test_dict_key_access_with_bracket_notation" time="0.000" /><testcase classname="tests.unit.dsl.expressions.test_evaluator.TestEdgeCasesAndErrors" name="test_expression_directly_created" time="0.000" /><testcase classname="tests.unit.dsl.expressions.test_evaluator.TestEdgeCasesAndErrors" name="test_evaluator_with_empty_contexts" time="0.000" /><testcase classname="tests.unit.dsl.expressions.test_evaluator.TestEdgeCasesAndErrors" name="test_error_message_includes_available_variables" time="0.000" /><testcase classname="tests.unit.dsl.expressions.test_evaluator.TestEdgeCasesAndErrors" name="test_step_output_with_multiple_steps" time="0.000" /><testcase classname="tests.unit.dsl.expressions.test_evaluator.TestEdgeCasesAndErrors" name="test_unicode_values_in_context" time="0.000" /><testcase classname="tests.unit.dsl.expressions.test_evaluator.TestEdgeCasesAndErrors" name="test_special_characters_in_string_values" time="0.000" /><testcase classname="tests.unit.dsl.expressions.test_evaluator.TestIterationContextEvaluation" name="test_simple_item_reference" time="0.000" /><testcase classname="tests.unit.dsl.expressions.test_evaluator.TestIterationContextEvaluation" name="test_item_with_nested_field" time="0.000" /><testcase classname="tests.unit.dsl.expressions.test_evaluator.TestIterationContextEvaluation" name="test_item_with_deep_nesting" time="0.000" /><testcase classname="tests.unit.dsl.expressions.test_evaluator.TestIterationContextEvaluation" name="test_item_with_array_index" time="0.000" /><testcase classname="tests.unit.dsl.expressions.test_evaluator.TestIterationContextEvaluation" name="test_simple_index_reference" time="0.000" /><testcase classname="tests.unit.dsl.expressions.test_evaluator.TestIterationContextEvaluation" name="test_item_reference_outside_loop_raises_error" time="0.002" /><testcase classname="tests.unit.dsl.expressions.test_evaluator.TestIterationContextEvaluation" name="test_index_reference_outside_loop_raises_error" time="0.002" /><testcase classname="tests.unit.dsl.expressions.test_evaluator.TestIterationContextEvaluation" name="test_negated_item_reference" time="0.000" /><testcase classname="tests.unit.dsl.expressions.test_evaluator.TestIterationContextEvaluation" name="test_item_in_template_string" time="0.000" /><testcase classname="tests.unit.dsl.expressions.test_evaluator.TestIterationContextEvaluation" name="test_item_with_inputs_and_steps" time="0.000" /><testcase classname="tests.unit.dsl.expressions.test_integration.TestParseAndEvaluate" name="test_simple_input_expression" time="0.000" /><testcase classname="tests.unit.dsl.expressions.test_integration.TestParseAndEvaluate" name="test_simple_step_expression" time="0.000" /><testcase classname="tests.unit.dsl.expressions.test_integration.TestParseAndEvaluate" name="test_nested_field_expression" time="0.001" /><testcase classname="tests.unit.dsl.expressions.test_integration.TestParseAndEvaluate" name="test_negated_expression" time="0.000" /><testcase classname="tests.unit.dsl.expressions.test_integration.TestParseAndEvaluate" name="test_array_index_expression" time="0.000" /><testcase classname="tests.unit.dsl.expressions.test_integration.TestParseAndEvaluate" name="test_template_string_evaluation" time="0.000" /><testcase classname="tests.unit.dsl.expressions.test_integration.TestParseAndEvaluate" name="test_complex_workflow_scenario" time="0.000" /><testcase classname="tests.unit.dsl.expressions.test_integration.TestParseAndEvaluate" name="test_error_handling_integration" time="0.000" /><testcase classname="tests.unit.dsl.expressions.test_integration.TestParseAndEvaluate" name="test_bracket_notation_dict_access" time="0.000" /><testcase classname="tests.unit.dsl.expressions.test_integration.TestParseAndEvaluate" name="test_deeply_nested_with_mixed_access" time="0.000" /><testcase classname="tests.unit.dsl.expressions.test_integration.TestRealWorldUseCases" name="test_conditional_message_generation" time="0.000" /><testcase classname="tests.unit.dsl.expressions.test_integration.TestRealWorldUseCases" name="test_dynamic_file_path_generation" time="0.000" /><testcase classname="tests.unit.dsl.expressions.test_integration.TestRealWorldUseCases" name="test_error_message_formatting" time="0.000" /><testcase classname="tests.unit.dsl.expressions.test_integration.TestRealWorldUseCases" name="test_multi_step_pipeline_data_flow" time="0.000" /><testcase classname="tests.unit.dsl.expressions.test_parser.TestTokenizeSimpleIdentifiers" name="test_single_identifier" time="0.000" /><testcase classname="tests.unit.dsl.expressions.test_parser.TestTokenizeSimpleIdentifiers" name="test_multiple_word_identifier" time="0.000" /><testcase classname="tests.unit.dsl.expressions.test_parser.TestTokenizeSimpleIdentifiers" name="test_identifier_with_numbers" time="0.000" /><testcase classname="tests.unit.dsl.expressions.test_parser.TestTokenizeSimpleIdentifiers" name="test_identifier_starting_with_underscore" time="0.000" /><testcase classname="tests.unit.dsl.expressions.test_parser.TestTokenizeDotSeparatedPaths" name="test_simple_dot_path" time="0.000" /><testcase classname="tests.unit.dsl.expressions.test_parser.TestTokenizeDotSeparatedPaths" name="test_three_part_dot_path" time="0.000" /><testcase classname="tests.unit.dsl.expressions.test_parser.TestTokenizeDotSeparatedPaths" name="test_four_part_dot_path" time="0.001" /><testcase classname="tests.unit.dsl.expressions.test_parser.TestTokenizeDotSeparatedPaths" name="test_dot_path_with_underscores" time="0.000" /><testcase classname="tests.unit.dsl.expressions.test_parser.TestTokenizeDotSeparatedPaths" name="test_dot_path_with_numbers" time="0.000" /><testcase classname="tests.unit.dsl.expressions.test_parser.TestTokenizeBracketNotation" name="test_simple_array_index" time="0.000" /><testcase classname="tests.unit.dsl.expressions.test_parser.TestTokenizeBracketNotation" name="test_array_index_with_dot_path" time="0.000" /><testcase classname="tests.unit.dsl.expressions.test_parser.TestTokenizeBracketNotation" name="test_nested_array_indices" time="0.000" /><testcase classname="tests.unit.dsl.expressions.test_parser.TestTokenizeBracketNotation" name="test_array_index_with_field_access" time="0.000" /><testcase classname="tests.unit.dsl.expressions.test_parser.TestTokenizeBracketNotation" name="test_string_key_in_brackets" time="0.000" /><testcase classname="tests.unit.dsl.expressions.test_parser.TestTokenizeBracketNotation" name="test_double_quoted_string_key" time="0.000" /><testcase classname="tests.unit.dsl.expressions.test_parser.TestTokenizeNotOperator" name="test_not_with_simple_identifier" time="0.000" /><testcase classname="tests.unit.dsl.expressions.test_parser.TestTokenizeNotOperator" name="test_not_with_dot_path" time="0.000" /><testcase classname="tests.unit.dsl.expressions.test_parser.TestTokenizeNotOperator" name="test_not_with_step_output" time="0.000" /><testcase classname="tests.unit.dsl.expressions.test_parser.TestTokenizeNotOperator" name="test_not_with_nested_field" time="0.000" /><testcase classname="tests.unit.dsl.expressions.test_parser.TestTokenizeWhitespace" name="test_leading_whitespace" time="0.000" /><testcase classname="tests.unit.dsl.expressions.test_parser.TestTokenizeWhitespace" name="test_trailing_whitespace" time="0.000" /><testcase classname="tests.unit.dsl.expressions.test_parser.TestTokenizeWhitespace" name="test_whitespace_around_dots" time="0.000" /><testcase classname="tests.unit.dsl.expressions.test_parser.TestTokenizeWhitespace" name="test_multiple_spaces_between_tokens" time="0.000" /><testcase classname="tests.unit.dsl.expressions.test_parser.TestTokenizeWhitespace" name="test_tabs_and_spaces" time="0.000" /><testcase classname="tests.unit.dsl.expressions.test_parser.TestTokenizeWhitespace" name="test_whitespace_in_brackets" time="0.000" /><testcase classname="tests.unit.dsl.expressions.test_parser.TestTokenizeInvalidSyntax" name="test_empty_string" time="0.000" /><testcase classname="tests.unit.dsl.expressions.test_parser.TestTokenizeInvalidSyntax" name="test_only_whitespace" time="0.000" /><testcase classname="tests.unit.dsl.expressions.test_parser.TestTokenizeInvalidSyntax" name="test_starts_with_dot" time="0.001" /><testcase classname="tests.unit.dsl.expressions.test_parser.TestTokenizeInvalidSyntax" name="test_ends_with_dot" time="0.001" /><testcase classname="tests.unit.dsl.expressions.test_parser.TestTokenizeInvalidSyntax" name="test_consecutive_dots" time="0.001" /><testcase classname="tests.unit.dsl.expressions.test_parser.TestTokenizeInvalidSyntax" name="test_unmatched_opening_bracket" time="0.001" /><testcase classname="tests.unit.dsl.expressions.test_parser.TestTokenizeInvalidSyntax" name="test_unmatched_closing_bracket" time="0.001" /><testcase classname="tests.unit.dsl.expressions.test_parser.TestTokenizeInvalidSyntax" name="test_empty_brackets" time="0.001" /><testcase classname="tests.unit.dsl.expressions.test_parser.TestTokenizeInvalidSyntax" name="test_invalid_character" time="0.001" /><testcase classname="tests.unit.dsl.expressions.test_parser.TestTokenizeInvalidSyntax" name="test_unterminated_string_single_quote" time="0.001" /><testcase classname="tests.unit.dsl.expressions.test_parser.TestTokenizeInvalidSyntax" name="test_unterminated_string_double_quote" time="0.000" /><testcase classname="tests.unit.dsl.expressions.test_parser.TestTokenizeEdgeCases" name="test_single_character_identifier" time="0.000" /><testcase classname="tests.unit.dsl.expressions.test_parser.TestTokenizeEdgeCases" name="test_very_long_identifier" time="0.000" /><testcase classname="tests.unit.dsl.expressions.test_parser.TestTokenizeEdgeCases" name="test_deep_nesting" time="0.000" /><testcase classname="tests.unit.dsl.expressions.test_parser.TestTokenizeEdgeCases" name="test_mixed_access_patterns" time="0.000" /><testcase classname="tests.unit.dsl.expressions.test_parser.TestTokenizeEdgeCases" name="test_number_as_identifier" time="0.000" /><testcase classname="tests.unit.dsl.expressions.test_parser.TestTokenizeEdgeCases" name="test_not_as_part_of_identifier" time="0.000" /><testcase classname="tests.unit.dsl.expressions.test_parser.TestTokenizeEdgeCases" name="test_not_with_no_space" time="0.000" /><testcase classname="tests.unit.dsl.expressions.test_parser.TestTokenizeRealWorldExamples" name="test_input_reference" time="0.000" /><testcase classname="tests.unit.dsl.expressions.test_parser.TestTokenizeRealWorldExamples" name="test_step_output_reference" time="0.000" /><testcase classname="tests.unit.dsl.expressions.test_parser.TestTokenizeRealWorldExamples" name="test_nested_step_output" time="0.000" /><testcase classname="tests.unit.dsl.expressions.test_parser.TestTokenizeRealWorldExamples" name="test_negated_input" time="0.000" /><testcase classname="tests.unit.dsl.expressions.test_parser.TestTokenizeRealWorldExamples" name="test_array_item_from_step" time="0.000" /><testcase classname="tests.unit.dsl.expressions.test_parser.TestTokenizeRealWorldExamples" name="test_complex_nested_access" time="0.000" /><testcase classname="tests.unit.dsl.expressions.test_parser.TestTokenizePositionTracking" name="test_error_position_for_invalid_char" time="0.000" /><testcase classname="tests.unit.dsl.expressions.test_parser.TestTokenizePositionTracking" name="test_error_position_for_trailing_dot" time="0.000" /><testcase classname="tests.unit.dsl.expressions.test_parser.TestTokenizePositionTracking" name="test_error_position_for_consecutive_dots" time="0.000" /><testcase classname="tests.unit.dsl.expressions.test_parser.TestTokenizePositionTracking" name="test_error_position_for_unmatched_bracket" time="0.000" /><testcase classname="tests.unit.dsl.expressions.test_parser.TestTokenizeSpecialCases" name="test_keyword_not_case_sensitive" time="0.000" /><testcase classname="tests.unit.dsl.expressions.test_parser.TestTokenizeSpecialCases" name="test_not_followed_by_bracket" time="0.000" /><testcase classname="tests.unit.dsl.expressions.test_parser.TestTokenizeSpecialCases" name="test_underscore_only_identifier" time="0.001" /><testcase classname="tests.unit.dsl.expressions.test_parser.TestTokenizeSpecialCases" name="test_multiple_underscores_identifier" time="0.000" /><testcase classname="tests.unit.dsl.expressions.test_parser.TestTokenizeSpecialCases" name="test_identifier_ending_with_numbers" time="0.000" /><testcase classname="tests.unit.dsl.expressions.test_parser.TestTokenizeSpecialCases" name="test_unicode_in_identifier" time="0.000" /><testcase classname="tests.unit.dsl.expressions.test_parser.TestTokenizeSpecialCases" name="test_bracket_with_negative_index" time="0.000" /><testcase classname="tests.unit.dsl.expressions.test_parser.TestTokenizeSpecialCases" name="test_nested_brackets_with_strings" time="0.000" /><testcase classname="tests.unit.dsl.expressions.test_parser.TestParseExpressionBasicInputs" name="test_parse_simple_input_reference" time="0.000" /><testcase classname="tests.unit.dsl.expressions.test_parser.TestParseExpressionBasicInputs" name="test_parse_input_reference_with_wrapper" time="0.000" /><testcase classname="tests.unit.dsl.expressions.test_parser.TestParseExpressionBasicInputs" name="test_parse_input_reference_with_extra_whitespace" time="0.000" /><testcase classname="tests.unit.dsl.expressions.test_parser.TestParseExpressionBasicInputs" name="test_parse_input_reference_multipart_name" time="0.000" /><testcase classname="tests.unit.dsl.expressions.test_parser.TestParseExpressionBasicInputs" name="test_parse_input_reference_with_numbers" time="0.000" /><testcase classname="tests.unit.dsl.expressions.test_parser.TestParseExpressionBasicSteps" name="test_parse_simple_step_reference" time="0.000" /><testcase classname="tests.unit.dsl.expressions.test_parser.TestParseExpressionBasicSteps" name="test_parse_step_reference_with_wrapper" time="0.000" /><testcase classname="tests.unit.dsl.expressions.test_parser.TestParseExpressionBasicSteps" name="test_parse_step_reference_long_id" time="0.000" /><testcase classname="tests.unit.dsl.expressions.test_parser.TestParseExpressionBasicSteps" name="test_parse_step_reference_with_numbers" time="0.000" /><testcase classname="tests.unit.dsl.expressions.test_parser.TestParseExpressionNestedPaths" name="test_parse_step_nested_output_field" time="0.000" /><testcase classname="tests.unit.dsl.expressions.test_parser.TestParseExpressionNestedPaths" name="test_parse_step_deeply_nested_output" time="0.000" /><testcase classname="tests.unit.dsl.expressions.test_parser.TestParseExpressionNestedPaths" name="test_parse_step_nested_with_underscores" time="0.000" /><testcase classname="tests.unit.dsl.expressions.test_parser.TestParseExpressionNestedPaths" name="test_parse_step_very_deep_nesting" time="0.000" /><testcase classname="tests.unit.dsl.expressions.test_parser.TestParseExpressionNegation" name="test_parse_negated_input" time="0.000" /><testcase classname="tests.unit.dsl.expressions.test_parser.TestParseExpressionNegation" name="test_parse_negated_input_with_wrapper" time="0.000" /><testcase classname="tests.unit.dsl.expressions.test_parser.TestParseExpressionNegation" name="test_parse_negated_step" time="0.000" /><testcase classname="tests.unit.dsl.expressions.test_parser.TestParseExpressionNegation" name="test_parse_negated_with_extra_whitespace" time="0.000" /><testcase classname="tests.unit.dsl.expressions.test_parser.TestParseExpressionNegation" name="test_parse_negated_nested_field" time="0.000" /><testcase classname="tests.unit.dsl.expressions.test_parser.TestParseExpressionEdgeCases" name="test_parse_empty_wrapper" time="0.000" /><testcase classname="tests.unit.dsl.expressions.test_parser.TestParseExpressionEdgeCases" name="test_parse_only_whitespace" time="0.000" /><testcase classname="tests.unit.dsl.expressions.test_parser.TestParseExpressionEdgeCases" name="test_parse_empty_string" time="0.000" /><testcase classname="tests.unit.dsl.expressions.test_parser.TestParseExpressionEdgeCases" name="test_parse_single_identifier" time="0.000" /><testcase classname="tests.unit.dsl.expressions.test_parser.TestParseExpressionEdgeCases" name="test_parse_wrapper_only_left" time="0.000" /><testcase classname="tests.unit.dsl.expressions.test_parser.TestParseExpressionEdgeCases" name="test_parse_wrapper_only_right" time="0.000" /><testcase classname="tests.unit.dsl.expressions.test_parser.TestParseExpressionEdgeCases" name="test_parse_mismatched_wrapper" time="0.000" /><testcase classname="tests.unit.dsl.expressions.test_parser.TestParseExpressionInvalidSyntax" name="test_parse_invalid_prefix" time="0.000" /><testcase classname="tests.unit.dsl.expressions.test_parser.TestParseExpressionInvalidSyntax" name="test_parse_trailing_dot" time="0.000" /><testcase classname="tests.unit.dsl.expressions.test_parser.TestParseExpressionInvalidSyntax" name="test_parse_double_dot" time="0.000" /><testcase classname="tests.unit.dsl.expressions.test_parser.TestParseExpressionInvalidSyntax" name="test_parse_leading_dot" time="0.000" /><testcase classname="tests.unit.dsl.expressions.test_parser.TestParseExpressionInvalidSyntax" name="test_parse_invalid_step_no_output" time="0.000" /><testcase classname="tests.unit.dsl.expressions.test_parser.TestParseExpressionInvalidSyntax" name="test_parse_step_wrong_second_level" time="0.000" /><testcase classname="tests.unit.dsl.expressions.test_parser.TestParseExpressionInvalidSyntax" name="test_parse_invalid_identifier_chars" time="0.000" /><testcase classname="tests.unit.dsl.expressions.test_parser.TestParseExpressionInvalidSyntax" name="test_parse_identifier_starts_with_number" time="0.000" /><testcase classname="tests.unit.dsl.expressions.test_parser.TestParseExpressionInvalidSyntax" name="test_parse_double_negation" time="0.000" /><testcase classname="tests.unit.dsl.expressions.test_parser.TestParseExpressionInvalidSyntax" name="test_parse_negation_at_end" time="0.000" /><testcase classname="tests.unit.dsl.expressions.test_parser.TestParseExpressionErrorPositions" name="test_error_position_invalid_prefix" time="0.000" /><testcase classname="tests.unit.dsl.expressions.test_parser.TestParseExpressionErrorPositions" name="test_error_position_trailing_dot" time="0.000" /><testcase classname="tests.unit.dsl.expressions.test_parser.TestParseExpressionErrorPositions" name="test_error_position_invalid_char" time="0.000" /><testcase classname="tests.unit.dsl.expressions.test_parser.TestParseExpressionErrorPositions" name="test_error_message_includes_position" time="0.000" /><testcase classname="tests.unit.dsl.expressions.test_parser.TestParseExpressionTypeChecking" name="test_parse_returns_expression_instance" time="0.000" /><testcase classname="tests.unit.dsl.expressions.test_parser.TestParseExpressionTypeChecking" name="test_parsed_expression_is_frozen" time="0.000" /><testcase classname="tests.unit.dsl.expressions.test_parser.TestParseExpressionTypeChecking" name="test_expression_kind_is_enum" time="0.000" /><testcase classname="tests.unit.dsl.expressions.test_parser.TestParseExpressionTypeChecking" name="test_expression_path_is_tuple" time="0.000" /><testcase classname="tests.unit.dsl.expressions.test_parser.TestParseExpressionTypeChecking" name="test_expression_negated_is_bool" time="0.000" /><testcase classname="tests.unit.dsl.expressions.test_parser.TestParseExpressionRawField" name="test_raw_field_preserves_wrapper" time="0.000" /><testcase classname="tests.unit.dsl.expressions.test_parser.TestParseExpressionRawField" name="test_raw_field_without_wrapper" time="0.000" /><testcase classname="tests.unit.dsl.expressions.test_parser.TestParseExpressionRawField" name="test_raw_field_preserves_whitespace" time="0.001" /><testcase classname="tests.unit.dsl.expressions.test_parser.TestParseExpressionRawField" name="test_raw_field_with_negation" time="0.000" /><testcase classname="tests.unit.dsl.expressions.test_parser.TestParseExpressionRawField" name="test_raw_field_with_wrapper_and_negation" time="0.000" /><testcase classname="tests.unit.dsl.expressions.test_parser.TestParseExpressionComprehensive" name="test_parse_all_input_variations" time="0.000" /><testcase classname="tests.unit.dsl.expressions.test_parser.TestParseExpressionComprehensive" name="test_parse_all_step_variations" time="0.000" /><testcase classname="tests.unit.dsl.expressions.test_parser.TestParseExpressionComprehensive" name="test_parse_wrapper_variations" time="0.000" /><testcase classname="tests.unit.dsl.expressions.test_parser.TestParseExpressionComprehensive" name="test_parse_negation_variations" time="0.000" /><testcase classname="tests.unit.dsl.expressions.test_parser.TestParseExpressionDocumentation" name="test_example_inputs_name" time="0.000" /><testcase classname="tests.unit.dsl.expressions.test_parser.TestParseExpressionDocumentation" name="test_example_steps_x_output" time="0.000" /><testcase classname="tests.unit.dsl.expressions.test_parser.TestParseExpressionDocumentation" name="test_example_not_inputs_condition" time="0.000" /><testcase classname="tests.unit.dsl.expressions.test_parser.TestParseExpressionIterationVariables" name="test_parse_item_simple" time="0.000" /><testcase classname="tests.unit.dsl.expressions.test_parser.TestParseExpressionIterationVariables" name="test_parse_item_with_field" time="0.000" /><testcase classname="tests.unit.dsl.expressions.test_parser.TestParseExpressionIterationVariables" name="test_parse_item_with_deep_nesting" time="0.000" /><testcase classname="tests.unit.dsl.expressions.test_parser.TestParseExpressionIterationVariables" name="test_parse_item_with_array_index" time="0.000" /><testcase classname="tests.unit.dsl.expressions.test_parser.TestParseExpressionIterationVariables" name="test_parse_index_simple" time="0.000" /><testcase classname="tests.unit.dsl.expressions.test_parser.TestParseExpressionIterationVariables" name="test_parse_index_with_field_raises_error" time="0.002" /><testcase classname="tests.unit.dsl.expressions.test_parser.TestParseExpressionIterationVariables" name="test_parse_negated_item" time="0.000" /><testcase classname="tests.unit.dsl.expressions.test_parser.TestParseExpressionIterationVariables" name="test_parse_item_without_wrapper" time="0.000" /><testcase classname="tests.unit.dsl.expressions.test_parser.TestParseExpressionIterationVariables" name="test_parse_index_without_wrapper" time="0.000" /><testcase classname="tests.unit.dsl.serialization.test_executor" name="test_executor_simple_workflow" time="0.002" /><testcase classname="tests.unit.dsl.serialization.test_executor" name="test_executor_async_action" time="0.001" /><testcase classname="tests.unit.dsl.serialization.test_executor" name="test_executor_expression_resolution" time="0.001" /><testcase classname="tests.unit.dsl.serialization.test_executor" name="test_executor_conditional_skip" time="0.006" /><testcase classname="tests.unit.dsl.serialization.test_executor" name="test_executor_step_output_reference" time="0.005" /><testcase classname="tests.unit.dsl.serialization.test_executor" name="test_executor_action_not_found" time="0.003" /><testcase classname="tests.unit.dsl.serialization.test_executor" name="test_executor_step_failure_stops_workflow" time="0.002" /><testcase classname="tests.unit.dsl.serialization.test_executor" name="test_executor_get_result_before_execution" time="0.002" /><testcase classname="tests.unit.dsl.serialization.test_executor" name="test_executor_cancellation" time="0.001" /><testcase classname="tests.unit.dsl.serialization.test_executor_steps.TestAgentStepExecution" name="test_agent_step_success" time="0.007" /><testcase classname="tests.unit.dsl.serialization.test_executor_steps.TestAgentStepExecution" name="test_agent_step_async_agent" time="0.001" /><testcase classname="tests.unit.dsl.serialization.test_executor_steps.TestAgentStepExecution" name="test_agent_step_with_expression_in_context" time="0.003" /><testcase classname="tests.unit.dsl.serialization.test_executor_steps.TestAgentStepExecution" name="test_agent_step_with_context_builder" time="0.004" /><testcase classname="tests.unit.dsl.serialization.test_executor_steps.TestAgentStepExecution" name="test_agent_step_with_async_context_builder" time="0.001" /><testcase classname="tests.unit.dsl.serialization.test_executor_steps.TestAgentStepExecution" name="test_agent_step_missing_agent" time="0.002" /><testcase classname="tests.unit.dsl.serialization.test_executor_steps.TestAgentStepExecution" name="test_agent_step_missing_context_builder" time="0.002" /><testcase classname="tests.unit.dsl.serialization.test_executor_steps.TestAgentStepExecution" name="test_agent_step_agent_raises_exception" time="0.002" /><testcase classname="tests.unit.dsl.serialization.test_executor_steps.TestGenerateStepExecution" name="test_generate_step_success" time="0.001" /><testcase classname="tests.unit.dsl.serialization.test_executor_steps.TestGenerateStepExecution" name="test_generate_step_async_generator" time="0.001" /><testcase classname="tests.unit.dsl.serialization.test_executor_steps.TestGenerateStepExecution" name="test_generate_step_with_expression_in_context" time="0.001" /><testcase classname="tests.unit.dsl.serialization.test_executor_steps.TestGenerateStepExecution" name="test_generate_step_with_context_builder" time="0.001" /><testcase classname="tests.unit.dsl.serialization.test_executor_steps.TestGenerateStepExecution" name="test_generate_step_missing_generator" time="0.003" /><testcase classname="tests.unit.dsl.serialization.test_executor_steps.TestGenerateStepExecution" name="test_generate_step_missing_context_builder" time="0.002" /><testcase classname="tests.unit.dsl.serialization.test_executor_steps.TestGenerateStepExecution" name="test_generate_step_generator_raises_exception" time="0.002" /><testcase classname="tests.unit.dsl.serialization.test_executor_steps.TestValidateStepExecution" name="test_validate_step_success" time="0.001" /><testcase classname="tests.unit.dsl.serialization.test_executor_steps.TestValidateStepExecution" name="test_validate_step_multiple_stages" time="0.001" /><testcase classname="tests.unit.dsl.serialization.test_executor_steps.TestValidateStepExecution" name="test_validate_step_with_retry" time="0.001" /><testcase classname="tests.unit.dsl.serialization.test_executor_steps.TestValidateStepExecution" name="test_validate_step_empty_stages" time="0.001" /><testcase classname="tests.unit.dsl.serialization.test_executor_steps.TestBranchStepExecution" name="test_branch_step_first_condition_true" time="0.001" /><testcase classname="tests.unit.dsl.serialization.test_executor_steps.TestBranchStepExecution" name="test_branch_step_second_condition_true" time="0.001" /><testcase classname="tests.unit.dsl.serialization.test_executor_steps.TestBranchStepExecution" name="test_branch_step_no_condition_matches" time="0.001" /><testcase classname="tests.unit.dsl.serialization.test_executor_steps.TestBranchStepExecution" name="test_branch_step_with_negation_condition" time="0.001" /><testcase classname="tests.unit.dsl.serialization.test_executor_steps.TestBranchStepExecution" name="test_branch_step_evaluates_in_order" time="0.001" /><testcase classname="tests.unit.dsl.serialization.test_executor_steps.TestParallelStepExecution" name="test_parallel_step_success" time="0.001" /><testcase classname="tests.unit.dsl.serialization.test_executor_steps.TestParallelStepExecution" name="test_parallel_step_multiple_steps" time="0.001" /><testcase classname="tests.unit.dsl.serialization.test_executor_steps.TestParallelStepExecution" name="test_parallel_step_with_exceptions" time="0.001" /><testcase classname="tests.unit.dsl.serialization.test_executor_steps.TestParallelStepExecution" name="test_parallel_step_with_sync_and_async" time="0.001" /><testcase classname="tests.unit.dsl.serialization.test_executor_steps.TestParallelStepExecution" name="test_parallel_step_with_for_each" time="0.001" /><testcase classname="tests.unit.dsl.serialization.test_executor_steps.TestParallelStepExecution" name="test_parallel_step_for_each_with_multiple_steps" time="0.001" /><testcase classname="tests.unit.dsl.serialization.test_executor_steps.TestParallelStepExecution" name="test_parallel_step_for_each_empty_list" time="0.001" /><testcase classname="tests.unit.dsl.serialization.test_executor_steps.TestParallelStepExecution" name="test_parallel_step_for_each_invalid_expression" time="0.002" /><testcase classname="tests.unit.dsl.serialization.test_executor_steps.TestParallelStepExecution" name="test_parallel_step_for_each_with_exception" time="0.001" /><testcase classname="tests.unit.dsl.serialization.test_executor_steps.TestStepExecutionEdgeCases" name="test_step_with_invalid_condition_expression" time="0.002" /><testcase classname="tests.unit.dsl.serialization.test_executor_steps.TestStepExecutionEdgeCases" name="test_agent_step_empty_context" time="0.001" /><testcase classname="tests.unit.dsl.serialization.test_executor_steps.TestStepExecutionEdgeCases" name="test_generate_step_empty_context" time="0.001" /><testcase classname="tests.unit.dsl.serialization.test_parser" name="test_parse_yaml_valid" time="0.001" /><testcase classname="tests.unit.dsl.serialization.test_parser" name="test_parse_yaml_empty_content" time="0.000" /><testcase classname="tests.unit.dsl.serialization.test_parser" name="test_parse_yaml_invalid_syntax" time="0.001" /><testcase classname="tests.unit.dsl.serialization.test_parser" name="test_parse_yaml_not_dict" time="0.001" /><testcase classname="tests.unit.dsl.serialization.test_parser" name="test_parse_yaml_preserves_line_numbers" time="0.001" /><testcase classname="tests.unit.dsl.serialization.test_parser" name="test_validate_schema_valid" time="0.000" /><testcase classname="tests.unit.dsl.serialization.test_parser" name="test_validate_schema_missing_required_field" time="0.000" /><testcase classname="tests.unit.dsl.serialization.test_parser" name="test_validate_schema_invalid_type" time="0.000" /><testcase classname="tests.unit.dsl.serialization.test_parser" name="test_validate_schema_invalid_version_format" time="0.000" /><testcase classname="tests.unit.dsl.serialization.test_parser" name="test_validate_schema_invalid_workflow_name" time="0.000" /><testcase classname="tests.unit.dsl.serialization.test_parser" name="test_validate_schema_duplicate_step_names" time="0.000" /><testcase classname="tests.unit.dsl.serialization.test_parser" name="test_validate_schema_empty_steps" time="0.000" /><testcase classname="tests.unit.dsl.serialization.test_parser" name="test_validate_version_supported" time="0.000" /><testcase classname="tests.unit.dsl.serialization.test_parser" name="test_validate_version_unsupported_future" time="0.000" /><testcase classname="tests.unit.dsl.serialization.test_parser" name="test_validate_version_unsupported_legacy" time="0.000" /><testcase classname="tests.unit.dsl.serialization.test_parser" name="test_extract_expressions_from_workflow" time="0.000" /><testcase classname="tests.unit.dsl.serialization.test_parser" name="test_extract_expressions_nested_structures" time="0.000" /><testcase classname="tests.unit.dsl.serialization.test_parser" name="test_extract_expressions_none_found" time="0.000" /><testcase classname="tests.unit.dsl.serialization.test_parser" name="test_extract_expressions_validates_syntax" time="0.000" /><testcase classname="tests.unit.dsl.serialization.test_parser" name="test_resolve_references_valid_action" time="0.000" /><testcase classname="tests.unit.dsl.serialization.test_parser" name="test_resolve_references_invalid_action" time="0.000" /><testcase classname="tests.unit.dsl.serialization.test_parser" name="test_resolve_references_valid_generator" time="0.000" /><testcase classname="tests.unit.dsl.serialization.test_parser" name="test_resolve_references_invalid_generator" time="0.000" /><testcase classname="tests.unit.dsl.serialization.test_parser" name="test_resolve_references_context_builder" time="0.000" /><testcase classname="tests.unit.dsl.serialization.test_parser" name="test_resolve_references_invalid_context_builder" time="0.000" /><testcase classname="tests.unit.dsl.serialization.test_parser" name="test_resolve_references_subworkflow" time="0.000" /><testcase classname="tests.unit.dsl.serialization.test_parser" name="test_resolve_references_invalid_subworkflow" time="0.000" /><testcase classname="tests.unit.dsl.serialization.test_parser" name="test_resolve_references_nested_steps" time="0.000" /><testcase classname="tests.unit.dsl.serialization.test_parser" name="test_resolve_references_branch_steps" time="0.000" /><testcase classname="tests.unit.dsl.serialization.test_parser" name="test_resolve_references_lenient_mode" time="0.000" /><testcase classname="tests.unit.dsl.serialization.test_parser" name="test_parse_workflow_valid" time="0.002" /><testcase classname="tests.unit.dsl.serialization.test_parser" name="test_parse_workflow_yaml_error" time="0.002" /><testcase classname="tests.unit.dsl.serialization.test_parser" name="test_parse_workflow_schema_error" time="0.001" /><testcase classname="tests.unit.dsl.serialization.test_parser" name="test_parse_workflow_version_error" time="0.001" /><testcase classname="tests.unit.dsl.serialization.test_parser" name="test_parse_workflow_expression_error" time="0.001" /><testcase classname="tests.unit.dsl.serialization.test_parser" name="test_parse_workflow_reference_error" time="0.001" /><testcase classname="tests.unit.dsl.serialization.test_parser" name="test_parse_workflow_without_registry" time="0.001" /><testcase classname="tests.unit.dsl.serialization.test_parser" name="test_parse_workflow_validate_only_mode" time="0.001" /><testcase classname="tests.unit.dsl.serialization.test_parser" name="test_parse_workflow_lenient_mode" time="0.001" /><testcase classname="tests.unit.dsl.serialization.test_parser" name="test_parse_workflow_complex_nested_structure" time="0.003" /><testcase classname="tests.unit.dsl.serialization.test_registry" name="test_action_registry_register_and_get" time="0.000" /><testcase classname="tests.unit.dsl.serialization.test_registry" name="test_action_registry_decorator_registration" time="0.000" /><testcase classname="tests.unit.dsl.serialization.test_registry" name="test_action_registry_list_names" time="0.003" /><testcase classname="tests.unit.dsl.serialization.test_registry" name="test_action_registry_has" time="0.001" /><testcase classname="tests.unit.dsl.serialization.test_registry" name="test_action_registry_duplicate_error" time="0.001" /><testcase classname="tests.unit.dsl.serialization.test_registry" name="test_action_registry_get_missing_error" time="0.001" /><testcase classname="tests.unit.dsl.serialization.test_registry" name="test_generator_registry_register_and_get" time="0.001" /><testcase classname="tests.unit.dsl.serialization.test_registry" name="test_generator_registry_decorator_registration" time="0.000" /><testcase classname="tests.unit.dsl.serialization.test_registry" name="test_generator_registry_list_names" time="0.000" /><testcase classname="tests.unit.dsl.serialization.test_registry" name="test_generator_registry_has" time="0.000" /><testcase classname="tests.unit.dsl.serialization.test_registry" name="test_generator_registry_duplicate_error" time="0.000" /><testcase classname="tests.unit.dsl.serialization.test_registry" name="test_generator_registry_get_missing_error" time="0.000" /><testcase classname="tests.unit.dsl.serialization.test_registry" name="test_context_builder_registry_register_and_get" time="0.000" /><testcase classname="tests.unit.dsl.serialization.test_registry" name="test_context_builder_registry_decorator_registration" time="0.000" /><testcase classname="tests.unit.dsl.serialization.test_registry" name="test_context_builder_registry_list_names" time="0.000" /><testcase classname="tests.unit.dsl.serialization.test_registry" name="test_context_builder_registry_has" time="0.058" /><testcase classname="tests.unit.dsl.serialization.test_registry" name="test_context_builder_registry_duplicate_error" time="0.000" /><testcase classname="tests.unit.dsl.serialization.test_registry" name="test_context_builder_registry_get_missing_error" time="0.000" /><testcase classname="tests.unit.dsl.serialization.test_registry" name="test_workflow_registry_register_and_get" time="0.000" /><testcase classname="tests.unit.dsl.serialization.test_registry" name="test_workflow_registry_decorator_registration" time="0.000" /><testcase classname="tests.unit.dsl.serialization.test_registry" name="test_workflow_registry_list_names" time="0.000" /><testcase classname="tests.unit.dsl.serialization.test_registry" name="test_workflow_registry_has" time="0.000" /><testcase classname="tests.unit.dsl.serialization.test_registry" name="test_workflow_registry_duplicate_error" time="0.000" /><testcase classname="tests.unit.dsl.serialization.test_registry" name="test_workflow_registry_get_missing_error" time="0.000" /><testcase classname="tests.unit.dsl.serialization.test_registry" name="test_component_registry_creates_default_registries" time="0.000" /><testcase classname="tests.unit.dsl.serialization.test_registry" name="test_component_registry_uses_provided_registries" time="0.000" /><testcase classname="tests.unit.dsl.serialization.test_registry" name="test_component_registry_strict_mode" time="0.000" /><testcase classname="tests.unit.dsl.serialization.test_registry" name="test_component_registry_lenient_mode" time="0.000" /><testcase classname="tests.unit.dsl.serialization.test_registry" name="test_component_registry_integration" time="0.000" /><testcase classname="tests.unit.dsl.serialization.test_registry" name="test_module_level_action_registry_exists" time="0.000" /><testcase classname="tests.unit.dsl.serialization.test_registry" name="test_module_level_generator_registry_exists" time="0.000" /><testcase classname="tests.unit.dsl.serialization.test_registry" name="test_module_level_context_builder_registry_exists" time="0.000" /><testcase classname="tests.unit.dsl.serialization.test_registry" name="test_module_level_workflow_registry_exists" time="0.000" /><testcase classname="tests.unit.dsl.serialization.test_registry" name="test_module_level_component_registry_exists" time="0.000" /><testcase classname="tests.unit.dsl.serialization.test_registry" name="test_module_level_component_registry_uses_singletons" time="0.000" /><testcase classname="tests.unit.dsl.serialization.test_registry" name="test_action_registry_get_error_message_includes_available" time="0.000" /><testcase classname="tests.unit.dsl.serialization.test_registry" name="test_generator_registry_get_error_message_includes_available" time="0.000" /><testcase classname="tests.unit.dsl.serialization.test_registry" name="test_context_builder_registry_get_error_message_includes_available" time="0.000" /><testcase classname="tests.unit.dsl.serialization.test_registry" name="test_workflow_registry_get_error_message_includes_available" time="0.000" /><testcase classname="tests.unit.dsl.serialization.test_registry" name="test_action_registry_empty_list" time="0.000" /><testcase classname="tests.unit.dsl.serialization.test_registry" name="test_generator_registry_empty_list" time="0.000" /><testcase classname="tests.unit.dsl.serialization.test_registry" name="test_context_builder_registry_empty_list" time="0.000" /><testcase classname="tests.unit.dsl.serialization.test_registry" name="test_workflow_registry_empty_list" time="0.000" /><testcase classname="tests.unit.dsl.serialization.test_schema.TestInputType" name="test_all_enum_values_exist" time="0.000" /><testcase classname="tests.unit.dsl.serialization.test_schema.TestInputType" name="test_enum_values_are_strings" time="0.000" /><testcase classname="tests.unit.dsl.serialization.test_schema.TestInputType" name="test_enum_values_match_expected_strings" time="0.000" /><testcase classname="tests.unit.dsl.serialization.test_schema.TestInputType" name="test_can_use_in_fstrings" time="0.000" /><testcase classname="tests.unit.dsl.serialization.test_schema.TestInputType" name="test_can_use_in_comparisons" time="0.000" /><testcase classname="tests.unit.dsl.serialization.test_schema.TestInputType" name="test_enum_iteration" time="0.000" /><testcase classname="tests.unit.dsl.serialization.test_schema.TestInputType" name="test_enum_membership" time="0.000" /><testcase classname="tests.unit.dsl.serialization.test_schema.TestInputType" name="test_enum_from_string_value" time="0.000" /><testcase classname="tests.unit.dsl.serialization.test_schema.TestInputType" name="test_invalid_enum_value_raises_error" time="0.000" /><testcase classname="tests.unit.dsl.serialization.test_schema.TestInputType" name="test_enum_is_hashable" time="0.000" /><testcase classname="tests.unit.dsl.serialization.test_schema.TestInputDefinition" name="test_minimal_required_input" time="0.000" /><testcase classname="tests.unit.dsl.serialization.test_schema.TestInputDefinition" name="test_minimal_optional_input_with_default" time="0.000" /><testcase classname="tests.unit.dsl.serialization.test_schema.TestInputDefinition" name="test_full_input_definition" time="0.000" /><testcase classname="tests.unit.dsl.serialization.test_schema.TestInputDefinition" name="test_string_type_with_default" time="0.000" /><testcase classname="tests.unit.dsl.serialization.test_schema.TestInputDefinition" name="test_integer_type_with_default" time="0.000" /><testcase classname="tests.unit.dsl.serialization.test_schema.TestInputDefinition" name="test_boolean_type_with_default" time="0.000" /><testcase classname="tests.unit.dsl.serialization.test_schema.TestInputDefinition" name="test_float_type_with_default" time="0.000" /><testcase classname="tests.unit.dsl.serialization.test_schema.TestInputDefinition" name="test_object_type_with_default" time="0.000" /><testcase classname="tests.unit.dsl.serialization.test_schema.TestInputDefinition" name="test_array_type_with_default" time="0.000" /><testcase classname="tests.unit.dsl.serialization.test_schema.TestInputDefinition" name="test_required_true_with_none_default_is_valid" time="0.000" /><testcase classname="tests.unit.dsl.serialization.test_schema.TestInputDefinition" name="test_required_true_with_explicit_default_raises_error" time="0.000" /><testcase classname="tests.unit.dsl.serialization.test_schema.TestInputDefinition" name="test_required_true_with_integer_default_raises_error" time="0.000" /><testcase classname="tests.unit.dsl.serialization.test_schema.TestInputDefinition" name="test_required_true_with_boolean_default_raises_error" time="0.000" /><testcase classname="tests.unit.dsl.serialization.test_schema.TestInputDefinition" name="test_required_true_with_empty_string_default_raises_error" time="0.000" /><testcase classname="tests.unit.dsl.serialization.test_schema.TestInputDefinition" name="test_required_true_with_zero_default_raises_error" time="0.000" /><testcase classname="tests.unit.dsl.serialization.test_schema.TestInputDefinition" name="test_required_true_with_empty_array_default_raises_error" time="0.000" /><testcase classname="tests.unit.dsl.serialization.test_schema.TestInputDefinition" name="test_required_true_with_empty_object_default_raises_error" time="0.000" /><testcase classname="tests.unit.dsl.serialization.test_schema.TestInputDefinition" name="test_optional_input_without_default_is_valid" time="0.000" /><testcase classname="tests.unit.dsl.serialization.test_schema.TestInputDefinition" name="test_can_create_from_dict" time="0.000" /><testcase classname="tests.unit.dsl.serialization.test_schema.TestInputDefinition" name="test_can_serialize_to_dict" time="0.000" /><testcase classname="tests.unit.dsl.serialization.test_schema.TestInputDefinition" name="test_can_serialize_to_json" time="0.000" /><testcase classname="tests.unit.dsl.serialization.test_schema.TestInputDefinition" name="test_type_field_is_required" time="0.000" /><testcase classname="tests.unit.dsl.serialization.test_schema.TestInputDefinition" name="test_invalid_type_value_raises_error" time="0.001" /><testcase classname="tests.unit.dsl.serialization.test_schema.TestInputDefinition" name="test_description_defaults_to_empty_string" time="0.001" /><testcase classname="tests.unit.dsl.serialization.test_schema.TestInputDefinition" name="test_description_can_be_multiline" time="0.001" /><testcase classname="tests.unit.dsl.serialization.test_schema.TestInputDefinition" name="test_default_can_be_complex_object" time="0.001" /><testcase classname="tests.unit.dsl.serialization.test_schema.TestInputDefinition" name="test_default_can_be_nested_array" time="0.000" /><testcase classname="tests.unit.dsl.serialization.test_schema.TestInputDefinition" name="test_boolean_false_default_is_allowed" time="0.000" /><testcase classname="tests.unit.dsl.serialization.test_schema.TestInputDefinition" name="test_zero_default_is_allowed_when_optional" time="0.000" /><testcase classname="tests.unit.dsl.serialization.test_schema.TestInputDefinition" name="test_empty_string_default_is_allowed_when_optional" time="0.000" /><testcase classname="tests.unit.dsl.serialization.test_schema.TestInputDefinition" name="test_empty_collection_defaults_are_allowed_when_optional" time="0.000" /><testcase classname="tests.unit.dsl.serialization.test_schema.TestInputDefinition" name="test_model_equality" time="0.000" /><testcase classname="tests.unit.dsl.serialization.test_schema.TestInputDefinition" name="test_model_immutability_via_copy" time="0.000" /><testcase classname="tests.unit.dsl.serialization.test_schema.TestInputDefinition" name="test_type_coercion_from_string" time="0.000" /><testcase classname="tests.unit.dsl.serialization.test_schema.TestValidationError" name="test_create_validation_error_with_all_fields" time="0.000" /><testcase classname="tests.unit.dsl.serialization.test_schema.TestValidationError" name="test_create_validation_error_without_suggestion" time="0.000" /><testcase classname="tests.unit.dsl.serialization.test_schema.TestValidationError" name="test_validation_error_is_immutable" time="0.000" /><testcase classname="tests.unit.dsl.serialization.test_schema.TestValidationError" name="test_validation_error_equality" time="0.000" /><testcase classname="tests.unit.dsl.serialization.test_schema.TestValidationError" name="test_validation_error_hashable" time="0.000" /><testcase classname="tests.unit.dsl.serialization.test_schema.TestValidationError" name="test_validation_error_repr" time="0.000" /><testcase classname="tests.unit.dsl.serialization.test_schema.TestValidationWarning" name="test_create_validation_warning" time="0.000" /><testcase classname="tests.unit.dsl.serialization.test_schema.TestValidationWarning" name="test_validation_warning_is_immutable" time="0.000" /><testcase classname="tests.unit.dsl.serialization.test_schema.TestValidationWarning" name="test_validation_warning_equality" time="0.000" /><testcase classname="tests.unit.dsl.serialization.test_schema.TestValidationWarning" name="test_validation_warning_hashable" time="0.000" /><testcase classname="tests.unit.dsl.serialization.test_schema.TestValidationWarning" name="test_validation_warning_repr" time="0.000" /><testcase classname="tests.unit.dsl.serialization.test_schema.TestValidationResult" name="test_create_valid_result_empty" time="0.000" /><testcase classname="tests.unit.dsl.serialization.test_schema.TestValidationResult" name="test_create_valid_result_with_warnings" time="0.000" /><testcase classname="tests.unit.dsl.serialization.test_schema.TestValidationResult" name="test_create_invalid_result_with_errors" time="0.000" /><testcase classname="tests.unit.dsl.serialization.test_schema.TestValidationResult" name="test_create_invalid_result_with_errors_and_warnings" time="0.000" /><testcase classname="tests.unit.dsl.serialization.test_schema.TestValidationResult" name="test_validation_result_is_immutable" time="0.000" /><testcase classname="tests.unit.dsl.serialization.test_schema.TestValidationResult" name="test_validation_result_tuples_are_immutable" time="0.000" /><testcase classname="tests.unit.dsl.serialization.test_schema.TestValidationResult" name="test_validation_result_equality" time="0.000" /><testcase classname="tests.unit.dsl.serialization.test_schema.TestValidationResult" name="test_validation_result_hashable" time="0.000" /><testcase classname="tests.unit.dsl.serialization.test_schema.TestValidationResult" name="test_validation_result_repr" time="0.000" /><testcase classname="tests.unit.dsl.serialization.test_schema.TestValidationResult" name="test_validation_result_empty_tuples" time="0.000" /><testcase classname="tests.unit.dsl.serialization.test_schema.TestStepRecordBase" name="test_valid_base_step" time="0.001" /><testcase classname="tests.unit.dsl.serialization.test_schema.TestStepRecordBase" name="test_step_with_condition" time="0.001" /><testcase classname="tests.unit.dsl.serialization.test_schema.TestStepRecordBase" name="test_empty_name_fails" time="0.004" /><testcase classname="tests.unit.dsl.serialization.test_schema.TestStepRecordBase" name="test_whitespace_name_fails" time="0.002" /><testcase classname="tests.unit.dsl.serialization.test_schema.TestStepRecordBase" name="test_missing_name_fails" time="0.000" /><testcase classname="tests.unit.dsl.serialization.test_schema.TestStepRecordBase" name="test_missing_type_fails" time="0.000" /><testcase classname="tests.unit.dsl.serialization.test_schema.TestPythonStepRecord" name="test_minimal_python_step" time="0.000" /><testcase classname="tests.unit.dsl.serialization.test_schema.TestPythonStepRecord" name="test_python_step_with_args" time="0.000" /><testcase classname="tests.unit.dsl.serialization.test_schema.TestPythonStepRecord" name="test_python_step_with_kwargs" time="0.000" /><testcase classname="tests.unit.dsl.serialization.test_schema.TestPythonStepRecord" name="test_python_step_with_args_and_kwargs" time="0.000" /><testcase classname="tests.unit.dsl.serialization.test_schema.TestPythonStepRecord" name="test_python_step_with_expression_args" time="0.000" /><testcase classname="tests.unit.dsl.serialization.test_schema.TestPythonStepRecord" name="test_empty_action_fails" time="0.000" /><testcase classname="tests.unit.dsl.serialization.test_schema.TestAgentStepRecord" name="test_minimal_agent_step" time="0.000" /><testcase classname="tests.unit.dsl.serialization.test_schema.TestAgentStepRecord" name="test_agent_step_with_dict_context" time="0.000" /><testcase classname="tests.unit.dsl.serialization.test_schema.TestAgentStepRecord" name="test_agent_step_with_context_builder" time="0.000" /><testcase classname="tests.unit.dsl.serialization.test_schema.TestAgentStepRecord" name="test_empty_agent_fails" time="0.000" /><testcase classname="tests.unit.dsl.serialization.test_schema.TestGenerateStepRecord" name="test_minimal_generate_step" time="0.000" /><testcase classname="tests.unit.dsl.serialization.test_schema.TestGenerateStepRecord" name="test_generate_step_with_dict_context" time="0.000" /><testcase classname="tests.unit.dsl.serialization.test_schema.TestGenerateStepRecord" name="test_generate_step_with_context_builder" time="0.000" /><testcase classname="tests.unit.dsl.serialization.test_schema.TestGenerateStepRecord" name="test_empty_generator_fails" time="0.000" /><testcase classname="tests.unit.dsl.serialization.test_schema.TestValidateStepRecord" name="test_minimal_validate_step" time="0.000" /><testcase classname="tests.unit.dsl.serialization.test_schema.TestValidateStepRecord" name="test_validate_step_with_config_key" time="0.000" /><testcase classname="tests.unit.dsl.serialization.test_schema.TestValidateStepRecord" name="test_validate_step_with_custom_retry" time="0.000" /><testcase classname="tests.unit.dsl.serialization.test_schema.TestValidateStepRecord" name="test_validate_step_with_zero_retry" time="0.000" /><testcase classname="tests.unit.dsl.serialization.test_schema.TestValidateStepRecord" name="test_validate_step_with_on_failure" time="0.000" /><testcase classname="tests.unit.dsl.serialization.test_schema.TestValidateStepRecord" name="test_negative_retry_fails" time="0.000" /><testcase classname="tests.unit.dsl.serialization.test_schema.TestSubWorkflowStepRecord" name="test_minimal_subworkflow_step" time="0.000" /><testcase classname="tests.unit.dsl.serialization.test_schema.TestSubWorkflowStepRecord" name="test_subworkflow_step_with_inputs" time="0.000" /><testcase classname="tests.unit.dsl.serialization.test_schema.TestSubWorkflowStepRecord" name="test_subworkflow_step_with_expression_inputs" time="0.000" /><testcase classname="tests.unit.dsl.serialization.test_schema.TestSubWorkflowStepRecord" name="test_empty_workflow_fails" time="0.000" /><testcase classname="tests.unit.dsl.serialization.test_schema.TestBranchOptionRecord" name="test_valid_branch_option" time="0.000" /><testcase classname="tests.unit.dsl.serialization.test_schema.TestBranchOptionRecord" name="test_branch_option_with_nested_step" time="0.000" /><testcase classname="tests.unit.dsl.serialization.test_schema.TestBranchOptionRecord" name="test_empty_when_fails" time="0.000" /><testcase classname="tests.unit.dsl.serialization.test_schema.TestBranchStepRecord" name="test_minimal_branch_step" time="0.001" /><testcase classname="tests.unit.dsl.serialization.test_schema.TestBranchStepRecord" name="test_branch_step_with_multiple_options" time="0.000" /><testcase classname="tests.unit.dsl.serialization.test_schema.TestBranchStepRecord" name="test_branch_step_with_nested_agent" time="0.000" /><testcase classname="tests.unit.dsl.serialization.test_schema.TestBranchStepRecord" name="test_branch_step_with_nested_branch" time="0.000" /><testcase classname="tests.unit.dsl.serialization.test_schema.TestBranchStepRecord" name="test_empty_options_fails" time="0.000" /><testcase classname="tests.unit.dsl.serialization.test_schema.TestParallelStepRecord" name="test_minimal_parallel_step" time="0.000" /><testcase classname="tests.unit.dsl.serialization.test_schema.TestParallelStepRecord" name="test_parallel_step_with_multiple_steps" time="0.000" /><testcase classname="tests.unit.dsl.serialization.test_schema.TestParallelStepRecord" name="test_parallel_step_with_nested_parallel" time="0.000" /><testcase classname="tests.unit.dsl.serialization.test_schema.TestParallelStepRecord" name="test_duplicate_step_names_fails" time="0.002" /><testcase classname="tests.unit.dsl.serialization.test_schema.TestParallelStepRecord" name="test_empty_steps_fails" time="0.000" /><testcase classname="tests.unit.dsl.serialization.test_schema.TestStepRecordUnion" name="test_parse_python_step_from_dict" time="0.001" /><testcase classname="tests.unit.dsl.serialization.test_schema.TestStepRecordUnion" name="test_parse_agent_step_from_dict" time="0.001" /><testcase classname="tests.unit.dsl.serialization.test_schema.TestStepRecordUnion" name="test_parse_generate_step_from_dict" time="0.001" /><testcase classname="tests.unit.dsl.serialization.test_schema.TestStepRecordUnion" name="test_parse_validate_step_from_dict" time="0.001" /><testcase classname="tests.unit.dsl.serialization.test_schema.TestStepRecordUnion" name="test_parse_subworkflow_step_from_dict" time="0.001" /><testcase classname="tests.unit.dsl.serialization.test_schema.TestStepRecordUnion" name="test_parse_branch_step_from_dict" time="0.001" /><testcase classname="tests.unit.dsl.serialization.test_schema.TestStepRecordUnion" name="test_parse_parallel_step_from_dict" time="0.001" /><testcase classname="tests.unit.dsl.serialization.test_schema.TestStepRecordUnion" name="test_parse_invalid_type_fails" time="0.001" /><testcase classname="tests.unit.dsl.serialization.test_schema.TestStepRecordUnion" name="test_parse_missing_type_fails" time="0.001" /><testcase classname="tests.unit.dsl.serialization.test_schema.TestNestedStructures" name="test_deeply_nested_branch_in_parallel" time="0.001" /><testcase classname="tests.unit.dsl.serialization.test_schema.TestNestedStructures" name="test_validate_step_with_nested_on_failure" time="0.001" /><testcase classname="tests.unit.dsl.serialization.test_schema.TestNestedStructures" name="test_branch_with_all_step_types" time="0.001" /><testcase classname="tests.unit.dsl.serialization.test_writer.TestWorkflowWriterToDict" name="test_minimal_workflow_to_dict" time="0.000" /><testcase classname="tests.unit.dsl.serialization.test_writer.TestWorkflowWriterToDict" name="test_workflow_with_description_to_dict" time="0.000" /><testcase classname="tests.unit.dsl.serialization.test_writer.TestWorkflowWriterToDict" name="test_workflow_with_inputs_to_dict" time="0.000" /><testcase classname="tests.unit.dsl.serialization.test_writer.TestWorkflowWriterStepTypes" name="test_python_step_to_dict" time="0.000" /><testcase classname="tests.unit.dsl.serialization.test_writer.TestWorkflowWriterStepTypes" name="test_agent_step_to_dict" time="0.000" /><testcase classname="tests.unit.dsl.serialization.test_writer.TestWorkflowWriterStepTypes" name="test_generate_step_to_dict" time="0.000" /><testcase classname="tests.unit.dsl.serialization.test_writer.TestWorkflowWriterStepTypes" name="test_validate_step_to_dict" time="0.000" /><testcase classname="tests.unit.dsl.serialization.test_writer.TestWorkflowWriterStepTypes" name="test_validate_step_with_on_failure_to_dict" time="0.000" /><testcase classname="tests.unit.dsl.serialization.test_writer.TestWorkflowWriterStepTypes" name="test_subworkflow_step_to_dict" time="0.000" /><testcase classname="tests.unit.dsl.serialization.test_writer.TestWorkflowWriterStepTypes" name="test_branch_step_to_dict" time="0.000" /><testcase classname="tests.unit.dsl.serialization.test_writer.TestWorkflowWriterStepTypes" name="test_parallel_step_to_dict" time="0.000" /><testcase classname="tests.unit.dsl.serialization.test_writer.TestWorkflowWriterExpressions" name="test_expression_in_when_field" time="0.000" /><testcase classname="tests.unit.dsl.serialization.test_writer.TestWorkflowWriterExpressions" name="test_expression_in_args" time="0.000" /><testcase classname="tests.unit.dsl.serialization.test_writer.TestWorkflowWriterExpressions" name="test_expression_in_kwargs" time="0.000" /><testcase classname="tests.unit.dsl.serialization.test_writer.TestWorkflowWriterExpressions" name="test_expression_in_context" time="0.000" /><testcase classname="tests.unit.dsl.serialization.test_writer.TestWorkflowWriterToYaml" name="test_minimal_workflow_to_yaml" time="0.002" /><testcase classname="tests.unit.dsl.serialization.test_writer.TestWorkflowWriterToYaml" name="test_yaml_output_is_valid" time="0.002" /><testcase classname="tests.unit.dsl.serialization.test_writer.TestWorkflowWriterToYaml" name="test_yaml_preserves_expressions" time="0.002" /><testcase classname="tests.unit.dsl.serialization.test_writer.TestWorkflowWriterToYaml" name="test_yaml_output_human_readable" time="0.001" /><testcase classname="tests.unit.dsl.serialization.test_writer.TestWorkflowWriterToJson" name="test_minimal_workflow_to_json" time="0.000" /><testcase classname="tests.unit.dsl.serialization.test_writer.TestWorkflowWriterToJson" name="test_json_output_is_valid" time="0.000" /><testcase classname="tests.unit.dsl.serialization.test_writer.TestWorkflowWriterToJson" name="test_json_preserves_expressions" time="0.000" /><testcase classname="tests.unit.dsl.serialization.test_writer.TestWorkflowWriterToJson" name="test_json_output_indented" time="0.000" /><testcase classname="tests.unit.dsl.serialization.test_writer.TestWorkflowWriterToJson" name="test_json_custom_indent" time="0.000" /><testcase classname="tests.unit.dsl.serialization.test_writer.TestWorkflowWriterToJson" name="test_json_no_indent" time="0.000" /><testcase classname="tests.unit.dsl.serialization.test_writer.TestWorkflowWriterEdgeCases" name="test_empty_lists_omitted_or_included" time="0.000" /><testcase classname="tests.unit.dsl.serialization.test_writer.TestWorkflowWriterEdgeCases" name="test_none_values_omitted" time="0.000" /><testcase classname="tests.unit.dsl.serialization.test_writer.TestWorkflowWriterEdgeCases" name="test_nested_expressions" time="0.000" /><testcase classname="tests.unit.dsl.serialization.test_writer.TestWorkflowWriterEdgeCases" name="test_multiple_steps" time="0.000" /><testcase classname="tests.unit.dsl.serialization.test_writer.TestWorkflowWriterEdgeCases" name="test_special_characters_in_strings" time="0.002" /><testcase classname="tests.unit.dsl.serialization.test_writer.TestWorkflowWriterEdgeCases" name="test_context_as_string" time="0.000" /><testcase classname="tests.unit.dsl.serialization.test_writer.TestWorkflowWriterFieldOrdering" name="test_workflow_field_order" time="0.000" /><testcase classname="tests.unit.dsl.serialization.test_writer.TestWorkflowWriterFieldOrdering" name="test_step_field_order" time="0.000" /><testcase classname="tests.unit.dsl.serialization.test_writer.TestWorkflowWriterNestedStructures" name="test_deeply_nested_branch" time="0.000" /><testcase classname="tests.unit.dsl.serialization.test_writer.TestWorkflowWriterNestedStructures" name="test_validate_with_nested_on_failure" time="0.000" /><testcase classname="tests.unit.dsl.steps.test_agent_step.TestAgentStepCreation" name="test_creation_with_static_context" time="0.001" /><testcase classname="tests.unit.dsl.steps.test_agent_step.TestAgentStepCreation" name="test_creation_with_callable_context" time="0.000" /><testcase classname="tests.unit.dsl.steps.test_agent_step.TestAgentStepCreation" name="test_step_type_is_always_agent" time="0.000" /><testcase classname="tests.unit.dsl.steps.test_agent_step.TestAgentStepCreation" name="test_agent_step_is_frozen" time="0.000" /><testcase classname="tests.unit.dsl.steps.test_agent_step.TestAgentStepCreation" name="test_agent_step_has_slots" time="0.000" /><testcase classname="tests.unit.dsl.steps.test_agent_step.TestAgentStepToDict" name="test_to_dict_with_static_context" time="0.000" /><testcase classname="tests.unit.dsl.steps.test_agent_step.TestAgentStepToDict" name="test_to_dict_with_callable_context" time="0.000" /><testcase classname="tests.unit.dsl.steps.test_agent_step.TestAgentStepToDict" name="test_to_dict_with_agent_without_name_attribute" time="0.000" /><testcase classname="tests.unit.dsl.steps.test_agent_step.TestAgentStepResolveContext" name="test_resolve_context_returns_static_dict_unchanged" time="0.001" /><testcase classname="tests.unit.dsl.steps.test_agent_step.TestAgentStepResolveContext" name="test_resolve_context_calls_and_awaits_context_builder" time="0.001" /><testcase classname="tests.unit.dsl.steps.test_agent_step.TestAgentStepResolveContext" name="test_resolve_context_builder_receives_workflow_context" time="0.001" /><testcase classname="tests.unit.dsl.steps.test_agent_step.TestAgentStepExecute" name="test_execute_with_static_context_returns_step_result" time="0.001" /><testcase classname="tests.unit.dsl.steps.test_agent_step.TestAgentStepExecute" name="test_execute_passes_static_context_to_agent" time="0.002" /><testcase classname="tests.unit.dsl.steps.test_agent_step.TestAgentStepExecute" name="test_execute_with_callable_context_resolves_and_passes" time="0.002" /><testcase classname="tests.unit.dsl.steps.test_agent_step.TestAgentStepExecute" name="test_execute_with_agent_exception_returns_failed_result" time="0.001" /><testcase classname="tests.unit.dsl.steps.test_agent_step.TestAgentStepExecute" name="test_execute_measures_duration" time="0.057" /><testcase classname="tests.unit.dsl.steps.test_agent_step.TestAgentStepContextBuilderFailure" name="test_context_builder_exception_returns_failed_result" time="0.002" /><testcase classname="tests.unit.dsl.steps.test_agent_step.TestAgentStepContextBuilderFailure" name="test_context_builder_error_includes_original_exception" time="0.002" /><testcase classname="tests.unit.dsl.steps.test_agent_step.TestAgentStepEdgeCases" name="test_execute_with_empty_static_context" time="0.001" /><testcase classname="tests.unit.dsl.steps.test_agent_step.TestAgentStepEdgeCases" name="test_execute_with_context_builder_returning_empty_dict" time="0.001" /><testcase classname="tests.unit.dsl.steps.test_agent_step.TestAgentStepEdgeCases" name="test_execute_with_agent_returning_none" time="0.001" /><testcase classname="tests.unit.dsl.steps.test_agent_step.TestAgentStepEdgeCases" name="test_execute_with_complex_agent_output" time="0.001" /><testcase classname="tests.unit.dsl.steps.test_branch.TestBranchStep" name="test_first_branch_matches" time="0.001" /><testcase classname="tests.unit.dsl.steps.test_branch.TestBranchStep" name="test_later_branch_matches" time="0.001" /><testcase classname="tests.unit.dsl.steps.test_branch.TestBranchStep" name="test_no_branch_matches_fails" time="0.001" /><testcase classname="tests.unit.dsl.steps.test_branch.TestBranchStep" name="test_branch_result_structure" time="0.001" /><testcase classname="tests.unit.dsl.steps.test_branch.TestBranchStep" name="test_catch_all_branch" time="0.001" /><testcase classname="tests.unit.dsl.steps.test_checkpoint.TestCheckpointStep" name="test_checkpoint_marks_step" time="0.001" /><testcase classname="tests.unit.dsl.steps.test_conditional.TestConditionalStep" name="test_predicate_true_executes_step" time="0.001" /><testcase classname="tests.unit.dsl.steps.test_conditional.TestConditionalStep" name="test_predicate_false_skips_step" time="0.001" /><testcase classname="tests.unit.dsl.steps.test_conditional.TestConditionalStep" name="test_predicate_exception_skips_step" time="0.002" /><testcase classname="tests.unit.dsl.steps.test_conditional.TestConditionalStep" name="test_predicate_non_bool_fails" time="0.002" /><testcase classname="tests.unit.dsl.steps.test_conditional.TestConditionalStep" name="test_async_predicate_true" time="0.001" /><testcase classname="tests.unit.dsl.steps.test_conditional.TestConditionalStep" name="test_async_predicate_false" time="0.001" /><testcase classname="tests.unit.dsl.steps.test_error_handler.TestErrorHandlerStep" name="test_on_error_fallback_succeeds" time="0.001" /><testcase classname="tests.unit.dsl.steps.test_error_handler.TestErrorHandlerStep" name="test_fallback_fails" time="0.001" /><testcase classname="tests.unit.dsl.steps.test_error_handler.TestErrorHandlerStep" name="test_skip_on_error_converts_failure" time="0.001" /><testcase classname="tests.unit.dsl.steps.test_error_handler.TestErrorHandlerStep" name="test_skip_on_error_success_passes_through" time="0.001" /><testcase classname="tests.unit.dsl.steps.test_generate_step.TestGenerateStepCreation" name="test_creation_with_static_context" time="0.000" /><testcase classname="tests.unit.dsl.steps.test_generate_step.TestGenerateStepCreation" name="test_creation_with_callable_context" time="0.000" /><testcase classname="tests.unit.dsl.steps.test_generate_step.TestGenerateStepCreation" name="test_step_type_is_always_generate" time="0.000" /><testcase classname="tests.unit.dsl.steps.test_generate_step.TestGenerateStepCreation" name="test_generate_step_is_frozen" time="0.000" /><testcase classname="tests.unit.dsl.steps.test_generate_step.TestGenerateStepCreation" name="test_generate_step_has_slots" time="0.000" /><testcase classname="tests.unit.dsl.steps.test_generate_step.TestGenerateStepToDict" name="test_to_dict_with_static_context" time="0.000" /><testcase classname="tests.unit.dsl.steps.test_generate_step.TestGenerateStepToDict" name="test_to_dict_with_callable_context" time="0.000" /><testcase classname="tests.unit.dsl.steps.test_generate_step.TestGenerateStepToDict" name="test_to_dict_with_generator_without_name" time="0.000" /><testcase classname="tests.unit.dsl.steps.test_generate_step.TestGenerateStepExecuteWithStaticContext" name="test_execute_with_static_context_returns_step_result" time="0.002" /><testcase classname="tests.unit.dsl.steps.test_generate_step.TestGenerateStepExecuteWithStaticContext" name="test_execute_passes_static_context_to_generator" time="0.002" /><testcase classname="tests.unit.dsl.steps.test_generate_step.TestGenerateStepExecuteWithStaticContext" name="test_execute_with_empty_static_context" time="0.002" /><testcase classname="tests.unit.dsl.steps.test_generate_step.TestGenerateStepExecuteWithCallableContext" name="test_execute_with_callable_context_returns_step_result" time="0.002" /><testcase classname="tests.unit.dsl.steps.test_generate_step.TestGenerateStepExecuteWithCallableContext" name="test_execute_resolves_callable_context_before_generate" time="0.003" /><testcase classname="tests.unit.dsl.steps.test_generate_step.TestGenerateStepExecuteWithCallableContext" name="test_execute_context_builder_can_access_prior_step_results" time="0.002" /><testcase classname="tests.unit.dsl.steps.test_generate_step.TestGenerateStepExecuteWithCallableContext" name="test_execute_context_builder_with_complex_logic" time="0.002" /><testcase classname="tests.unit.dsl.steps.test_generate_step.TestGenerateStepExecuteExceptionHandling" name="test_execute_handles_generator_exception" time="0.002" /><testcase classname="tests.unit.dsl.steps.test_generate_step.TestGenerateStepExecuteExceptionHandling" name="test_execute_returns_failed_result_on_builder_exception" time="0.001" /><testcase classname="tests.unit.dsl.steps.test_generate_step.TestGenerateStepExecuteExceptionHandling" name="test_execute_succeeds_when_context_builder_references_missing_step" time="0.002" /><testcase classname="tests.unit.dsl.steps.test_generate_step.TestGenerateStepExecuteExceptionHandling" name="test_execute_handles_generator_returning_non_string" time="0.001" /><testcase classname="tests.unit.dsl.steps.test_generate_step.TestGenerateStepExecuteDuration" name="test_execute_measures_duration_for_successful_generation" time="0.054" /><testcase classname="tests.unit.dsl.steps.test_generate_step.TestGenerateStepExecuteDuration" name="test_execute_measures_duration_on_failure" time="0.012" /><testcase classname="tests.unit.dsl.steps.test_generate_step.TestGenerateStepExecuteDuration" name="test_execute_includes_context_builder_time_in_duration" time="0.039" /><testcase classname="tests.unit.dsl.steps.test_generate_step.TestGenerateStepContextResolution" name="test_static_context_is_not_modified_by_execution" time="0.002" /><testcase classname="tests.unit.dsl.steps.test_generate_step.TestGenerateStepContextResolution" name="test_callable_context_is_called_on_each_execute" time="0.003" /><testcase classname="tests.unit.dsl.steps.test_generate_step.TestGenerateStepContextResolution" name="test_context_builder_receives_correct_workflow_context" time="0.002" /><testcase classname="tests.unit.dsl.steps.test_parallel.TestParallelStep" name="test_parallel_executes_returns_result" time="0.001" /><testcase classname="tests.unit.dsl.steps.test_parallel.TestParallelStep" name="test_parallel_duplicate_names_fails" time="0.000" /><testcase classname="tests.unit.dsl.steps.test_parallel.TestParallelStep" name="test_parallel_fail_fast" time="0.001" /><testcase classname="tests.unit.dsl.steps.test_python_step.TestPythonStepCreation" name="test_creation_with_required_fields" time="0.000" /><testcase classname="tests.unit.dsl.steps.test_python_step.TestPythonStepCreation" name="test_creation_with_all_fields" time="0.000" /><testcase classname="tests.unit.dsl.steps.test_python_step.TestPythonStepCreation" name="test_step_type_is_python" time="0.000" /><testcase classname="tests.unit.dsl.steps.test_python_step.TestPythonStepCreation" name="test_python_step_is_frozen" time="0.000" /><testcase classname="tests.unit.dsl.steps.test_python_step.TestPythonStepCreation" name="test_python_step_has_slots" time="0.000" /><testcase classname="tests.unit.dsl.steps.test_python_step.TestPythonStepToDict" name="test_to_dict_returns_expected_structure" time="0.000" /><testcase classname="tests.unit.dsl.steps.test_python_step.TestPythonStepToDict" name="test_to_dict_with_lambda" time="0.000" /><testcase classname="tests.unit.dsl.steps.test_python_step.TestPythonStepToDict" name="test_to_dict_with_no_args_or_kwargs" time="0.000" /><testcase classname="tests.unit.dsl.steps.test_python_step.TestPythonStepExecuteSync" name="test_execute_with_sync_callable_returns_step_result" time="0.003" /><testcase classname="tests.unit.dsl.steps.test_python_step.TestPythonStepExecuteSync" name="test_execute_with_sync_callable_and_args" time="0.003" /><testcase classname="tests.unit.dsl.steps.test_python_step.TestPythonStepExecuteSync" name="test_execute_with_sync_callable_and_kwargs" time="0.003" /><testcase classname="tests.unit.dsl.steps.test_python_step.TestPythonStepExecuteSync" name="test_execute_with_sync_callable_and_args_and_kwargs" time="0.003" /><testcase classname="tests.unit.dsl.steps.test_python_step.TestPythonStepExecuteAsync" name="test_execute_with_async_callable_returns_step_result" time="0.003" /><testcase classname="tests.unit.dsl.steps.test_python_step.TestPythonStepExecuteAsync" name="test_execute_with_async_callable_and_args" time="0.002" /><testcase classname="tests.unit.dsl.steps.test_python_step.TestPythonStepExecuteAsync" name="test_execute_with_async_callable_and_kwargs" time="0.002" /><testcase classname="tests.unit.dsl.steps.test_python_step.TestPythonStepExecuteExceptionHandling" name="test_execute_handles_sync_exception" time="0.001" /><testcase classname="tests.unit.dsl.steps.test_python_step.TestPythonStepExecuteExceptionHandling" name="test_execute_handles_async_exception" time="0.002" /><testcase classname="tests.unit.dsl.steps.test_python_step.TestPythonStepExecuteExceptionHandling" name="test_execute_handles_exception_with_args" time="0.001" /><testcase classname="tests.unit.dsl.steps.test_python_step.TestPythonStepExecuteExceptionHandling" name="test_execute_with_zero_return_value" time="0.001" /><testcase classname="tests.unit.dsl.steps.test_python_step.TestPythonStepExecuteExceptionHandling" name="test_execute_with_none_return_value" time="0.002" /><testcase classname="tests.unit.dsl.steps.test_python_step.TestPythonStepExecuteExceptionHandling" name="test_execute_with_complex_return_value" time="0.002" /><testcase classname="tests.unit.dsl.steps.test_python_step.TestPythonStepExecuteDuration" name="test_execute_measures_duration" time="0.057" /><testcase classname="tests.unit.dsl.steps.test_python_step.TestPythonStepExecuteDuration" name="test_execute_duration_on_failure" time="0.014" /><testcase classname="tests.unit.dsl.steps.test_python_step.TestPythonStepNonBlocking" name="test_sync_callable_runs_in_thread_pool" time="0.003" /><testcase classname="tests.unit.dsl.steps.test_python_step.TestPythonStepNonBlocking" name="test_async_callable_runs_in_main_thread" time="0.002" /><testcase classname="tests.unit.dsl.steps.test_python_step.TestPythonStepNonBlocking" name="test_sync_callable_exception_preserves_traceback" time="0.002" /><testcase classname="tests.unit.dsl.steps.test_retry.TestRetryStep" name="test_retry_succeeds_after_attempts" time="0.007" /><testcase classname="tests.unit.dsl.steps.test_retry.TestRetryStep" name="test_retry_exhausts_all_attempts" time="0.006" /><testcase classname="tests.unit.dsl.steps.test_retry.TestRetryStep" name="test_succeeds_first_attempt_no_retry" time="0.003" /><testcase classname="tests.unit.dsl.steps.test_retry.TestRetryStep" name="test_exponential_backoff_timing" time="0.003" /><testcase classname="tests.unit.dsl.steps.test_retry.TestRetryStep" name="test_jitter_applied" time="0.001" /><testcase classname="tests.unit.dsl.steps.test_rollback.TestRollbackStep" name="test_rollback_registered_on_success" time="0.001" /><testcase classname="tests.unit.dsl.steps.test_rollback.TestRollbackStep" name="test_rollback_not_registered_on_failure" time="0.002" /><testcase classname="tests.unit.dsl.steps.test_subworkflow_step.TestSubWorkflowStepCreation" name="test_creation_with_workflow_function_and_inputs" time="0.000" /><testcase classname="tests.unit.dsl.steps.test_subworkflow_step.TestSubWorkflowStepCreation" name="test_creation_with_empty_inputs" time="0.000" /><testcase classname="tests.unit.dsl.steps.test_subworkflow_step.TestSubWorkflowStepCreation" name="test_step_type_is_always_subworkflow" time="0.000" /><testcase classname="tests.unit.dsl.steps.test_subworkflow_step.TestSubWorkflowStepCreation" name="test_subworkflow_step_is_frozen" time="0.000" /><testcase classname="tests.unit.dsl.steps.test_subworkflow_step.TestSubWorkflowStepCreation" name="test_subworkflow_step_has_slots" time="0.000" /><testcase classname="tests.unit.dsl.steps.test_subworkflow_step.TestSubWorkflowStepCreation" name="test_creation_with_workflow_def_attribute" time="0.000" /><testcase classname="tests.unit.dsl.steps.test_subworkflow_step.TestSubWorkflowStepToDict" name="test_to_dict_returns_expected_structure" time="0.000" /><testcase classname="tests.unit.dsl.steps.test_subworkflow_step.TestSubWorkflowStepToDict" name="test_to_dict_with_empty_inputs" time="0.000" /><testcase classname="tests.unit.dsl.steps.test_subworkflow_step.TestSubWorkflowStepToDict" name="test_to_dict_returns_workflow_name_from_workflow_def" time="0.000" /><testcase classname="tests.unit.dsl.steps.test_subworkflow_step.TestSubWorkflowStepExecute" name="test_execute_runs_subworkflow_and_returns_result" time="0.002" /><testcase classname="tests.unit.dsl.steps.test_subworkflow_step.TestSubWorkflowStepExecute" name="test_execute_returns_subworkflow_invocation_result_as_output" time="0.002" /><testcase classname="tests.unit.dsl.steps.test_subworkflow_step.TestSubWorkflowStepExecute" name="test_execute_passes_inputs_to_subworkflow" time="0.002" /><testcase classname="tests.unit.dsl.steps.test_subworkflow_step.TestSubWorkflowStepExecute" name="test_execute_with_different_input_values" time="0.001" /><testcase classname="tests.unit.dsl.steps.test_subworkflow_step.TestSubWorkflowStepExecute" name="test_execute_with_empty_inputs" time="0.002" /><testcase classname="tests.unit.dsl.steps.test_subworkflow_step.TestSubWorkflowStepExecuteFailure" name="test_subworkflow_failure_is_captured_in_step_result" time="0.001" /><testcase classname="tests.unit.dsl.steps.test_subworkflow_step.TestSubWorkflowStepExecuteFailure" name="test_execute_captures_workflow_execution_error" time="0.001" /><testcase classname="tests.unit.dsl.steps.test_subworkflow_step.TestSubWorkflowStepExecuteFailure" name="test_execute_duration_recorded_on_failure" time="0.001" /><testcase classname="tests.unit.dsl.steps.test_subworkflow_step.TestSubWorkflowInvocationResultFormat" name="test_invocation_result_contains_final_output" time="0.002" /><testcase classname="tests.unit.dsl.steps.test_subworkflow_step.TestSubWorkflowInvocationResultFormat" name="test_invocation_result_contains_workflow_result" time="0.001" /><testcase classname="tests.unit.dsl.steps.test_subworkflow_step.TestSubWorkflowInvocationResultFormat" name="test_invocation_result_to_dict" time="0.001" /><testcase classname="tests.unit.dsl.steps.test_subworkflow_step.TestSubWorkflowInvocationResultFormat" name="test_invocation_result_exposes_step_results" time="0.001" /><testcase classname="tests.unit.dsl.steps.test_subworkflow_step.TestSubWorkflowStepComplexScenarios" name="test_execute_multiple_times_with_different_inputs" time="0.001" /><testcase classname="tests.unit.dsl.steps.test_subworkflow_step.TestSubWorkflowStepComplexScenarios" name="test_execute_with_complex_workflow_result" time="0.001" /><testcase classname="tests.unit.dsl.steps.test_subworkflow_step.TestSubWorkflowStepComplexScenarios" name="test_execute_with_workflow_that_returns_none" time="0.001" /><testcase classname="tests.unit.dsl.steps.test_subworkflow_step.TestSubWorkflowStepComplexScenarios" name="test_step_result_serialization" time="0.001" /><testcase classname="tests.unit.dsl.steps.test_validate_step.TestValidateStepCreation" name="test_creation_with_minimal_fields" time="0.000" /><testcase classname="tests.unit.dsl.steps.test_validate_step.TestValidateStepCreation" name="test_creation_with_explicit_stages_list" time="0.000" /><testcase classname="tests.unit.dsl.steps.test_validate_step.TestValidateStepCreation" name="test_creation_with_string_config_key" time="0.000" /><testcase classname="tests.unit.dsl.steps.test_validate_step.TestValidateStepCreation" name="test_creation_with_custom_retry" time="0.000" /><testcase classname="tests.unit.dsl.steps.test_validate_step.TestValidateStepCreation" name="test_creation_with_zero_retries" time="0.000" /><testcase classname="tests.unit.dsl.steps.test_validate_step.TestValidateStepCreation" name="test_creation_with_on_failure_step" time="0.000" /><testcase classname="tests.unit.dsl.steps.test_validate_step.TestValidateStepCreation" name="test_validate_step_is_frozen" time="0.000" /><testcase classname="tests.unit.dsl.steps.test_validate_step.TestValidateStepCreation" name="test_validate_step_has_slots" time="0.000" /><testcase classname="tests.unit.dsl.steps.test_validate_step.TestValidateStepToDict" name="test_to_dict_returns_expected_structure" time="0.000" /><testcase classname="tests.unit.dsl.steps.test_validate_step.TestValidateStepToDict" name="test_to_dict_with_on_failure" time="0.000" /><testcase classname="tests.unit.dsl.steps.test_validate_step.TestValidateStepToDict" name="test_to_dict_with_string_stages" time="0.000" /><testcase classname="tests.unit.dsl.steps.test_validate_step.TestValidateStepToDict" name="test_to_dict_with_none_stages" time="0.000" /><testcase classname="tests.unit.dsl.steps.test_validate_step.TestValidateStepStagesResolution" name="test_execute_with_explicit_list_of_stages" time="0.001" /><testcase classname="tests.unit.dsl.steps.test_validate_step.TestValidateStepStagesResolution" name="test_execute_with_none_uses_default_stages" time="0.001" /><testcase classname="tests.unit.dsl.steps.test_validate_step.TestValidateStepStagesResolution" name="test_execute_with_string_key_looks_up_in_config" time="0.001" /><testcase classname="tests.unit.dsl.steps.test_validate_step.TestValidateStepStagesResolution" name="test_execute_returns_failed_result_if_string_key_not_in_config" time="0.001" /><testcase classname="tests.unit.dsl.steps.test_validate_step.TestValidateStepStagesResolution" name="test_execute_with_no_config_returns_empty_stages" time="0.001" /><testcase classname="tests.unit.dsl.steps.test_validate_step.TestValidateStepRetryLogic" name="test_retry_zero_no_retries_on_failure" time="0.001" /><testcase classname="tests.unit.dsl.steps.test_validate_step.TestValidateStepRetryLogic" name="test_retry_one_allows_one_retry_attempt" time="0.001" /><testcase classname="tests.unit.dsl.steps.test_validate_step.TestValidateStepRetryLogic" name="test_retry_n_exhausts_all_retries" time="0.001" /><testcase classname="tests.unit.dsl.steps.test_validate_step.TestValidateStepRetryLogic" name="test_validation_passes_on_first_try_no_retries_needed" time="0.001" /><testcase classname="tests.unit.dsl.steps.test_validate_step.TestValidateStepRetryLogic" name="test_validation_passes_on_second_try_one_retry_used" time="0.001" /><testcase classname="tests.unit.dsl.steps.test_validate_step.TestValidateStepRetryLogic" name="test_validation_passes_on_last_retry" time="0.001" /><testcase classname="tests.unit.dsl.steps.test_validate_step.TestValidateStepOnFailureExecution" name="test_on_failure_step_runs_before_each_retry" time="0.001" /><testcase classname="tests.unit.dsl.steps.test_validate_step.TestValidateStepOnFailureExecution" name="test_on_failure_can_be_any_step_definition" time="0.001" /><testcase classname="tests.unit.dsl.steps.test_validate_step.TestValidateStepOnFailureExecution" name="test_on_failure_receives_workflow_context" time="0.001" /><testcase classname="tests.unit.dsl.steps.test_validate_step.TestValidateStepOnFailureExecution" name="test_on_failure_failure_does_not_stop_retry_loop" time="0.001" /><testcase classname="tests.unit.dsl.steps.test_validate_step.TestValidateStepOnFailureExecution" name="test_on_failure_not_called_when_validation_passes_first_try" time="0.001" /><testcase classname="tests.unit.dsl.steps.test_validate_step.TestValidateStepExecuteResult" name="test_execute_returns_step_result_on_success" time="0.001" /><testcase classname="tests.unit.dsl.steps.test_validate_step.TestValidateStepExecuteResult" name="test_execute_returns_step_result_on_failure" time="0.001" /><testcase classname="tests.unit.dsl.steps.test_validate_step.TestValidateStepExecuteResult" name="test_execute_output_contains_validation_result" time="0.001" /><testcase classname="tests.unit.dsl.steps.test_validate_step.TestValidateStepExecuteResult" name="test_execute_measures_duration" time="0.052" /><testcase classname="tests.unit.dsl.test_builder.TestStepBuilderFunction" name="test_step_returns_step_builder_with_correct_name" time="0.001" /><testcase classname="tests.unit.dsl.test_builder.TestStepBuilderFunction" name="test_step_raises_value_error_for_empty_name" time="0.002" /><testcase classname="tests.unit.dsl.test_builder.TestStepBuilderFunction" name="test_step_raises_value_error_for_whitespace_only_name" time="0.001" /><testcase classname="tests.unit.dsl.test_builder.TestStepBuilderPythonMethod" name="test_python_returns_python_step_with_correct_name" time="0.001" /><testcase classname="tests.unit.dsl.test_builder.TestStepBuilderPythonMethod" name="test_python_returns_python_step_with_correct_action" time="0.000" /><testcase classname="tests.unit.dsl.test_builder.TestStepBuilderPythonMethod" name="test_python_returns_python_step_with_default_args" time="0.000" /><testcase classname="tests.unit.dsl.test_builder.TestStepBuilderPythonMethod" name="test_python_returns_python_step_with_default_kwargs" time="0.000" /><testcase classname="tests.unit.dsl.test_builder.TestStepBuilderPythonMethod" name="test_python_returns_python_step_with_provided_args" time="0.000" /><testcase classname="tests.unit.dsl.test_builder.TestStepBuilderPythonMethod" name="test_python_returns_python_step_with_provided_kwargs" time="0.000" /><testcase classname="tests.unit.dsl.test_builder.TestStepBuilderPythonMethod" name="test_python_accepts_none_kwargs_and_converts_to_empty_dict" time="0.000" /><testcase classname="tests.unit.dsl.test_builder.TestStepBuilderPythonMethod" name="test_python_step_has_correct_step_type" time="0.000" /><testcase classname="tests.unit.dsl.test_builder.TestStepBuilderPythonMethod" name="test_python_accepts_sync_callable" time="0.000" /><testcase classname="tests.unit.dsl.test_builder.TestStepBuilderPythonMethod" name="test_python_accepts_async_callable" time="0.000" /><testcase classname="tests.unit.dsl.test_builder.TestStepBuilderPythonMethod" name="test_python_accepts_lambda" time="0.000" /><testcase classname="tests.unit.dsl.test_builder.TestStepBuilderPythonMethod" name="test_python_accepts_class_method" time="0.000" /><testcase classname="tests.unit.dsl.test_builder.TestStepBuilderPythonMethod" name="test_python_builder_is_immutable" time="0.000" /><testcase classname="tests.unit.dsl.test_builder.TestStepBuilderChaining" name="test_step_builder_returns_correct_step_type" time="0.000" /><testcase classname="tests.unit.dsl.test_builder.TestStepBuilderChaining" name="test_multiple_steps_from_same_name" time="0.000" /><testcase classname="tests.unit.dsl.test_context.TestWorkflowContext" name="test_creation_with_inputs" time="0.000" /><testcase classname="tests.unit.dsl.test_context.TestWorkflowContext" name="test_creation_with_all_fields" time="0.000" /><testcase classname="tests.unit.dsl.test_context.TestWorkflowContext" name="test_creation_with_empty_inputs" time="0.000" /><testcase classname="tests.unit.dsl.test_context.TestWorkflowContext" name="test_get_step_output_returns_correct_output" time="0.000" /><testcase classname="tests.unit.dsl.test_context.TestWorkflowContext" name="test_get_step_output_multiple_steps" time="0.000" /><testcase classname="tests.unit.dsl.test_context.TestWorkflowContext" name="test_get_step_output_returns_none_for_missing_step" time="0.000" /><testcase classname="tests.unit.dsl.test_context.TestWorkflowContext" name="test_get_step_output_returns_none_with_other_steps_present" time="0.000" /><testcase classname="tests.unit.dsl.test_context.TestWorkflowContext" name="test_results_dict_can_be_modified" time="0.000" /><testcase classname="tests.unit.dsl.test_context.TestWorkflowContext" name="test_results_dict_modification_affects_get_step_output" time="0.000" /><testcase classname="tests.unit.dsl.test_context.TestWorkflowContext" name="test_inputs_dict_is_accessible" time="0.000" /><testcase classname="tests.unit.dsl.test_context.TestWorkflowContext" name="test_config_is_accessible" time="0.000" /><testcase classname="tests.unit.dsl.test_context.TestWorkflowContext" name="test_context_is_mutable" time="0.000" /><testcase classname="tests.unit.dsl.test_context.TestWorkflowContext" name="test_get_step_output_with_none_output" time="0.000" /><testcase classname="tests.unit.dsl.test_context.TestWorkflowContext" name="test_get_step_output_with_complex_types" time="0.000" /><testcase classname="tests.unit.dsl.test_context.TestWorkflowContext" name="test_context_default_factory_for_results" time="0.000" /><testcase classname="tests.unit.dsl.test_decorator.TestWorkflowDecorator" name="test_decorator_captures_function_signature_correctly" time="0.000" /><testcase classname="tests.unit.dsl.test_decorator.TestWorkflowDecorator" name="test_decorator_validates_name_not_empty" time="0.000" /><testcase classname="tests.unit.dsl.test_decorator.TestWorkflowDecorator" name="test_decorator_validates_function_is_generator" time="0.001" /><testcase classname="tests.unit.dsl.test_decorator.TestWorkflowDecorator" name="test_decorator_attaches_workflow_def_attribute" time="0.000" /><testcase classname="tests.unit.dsl.test_decorator.TestWorkflowDecorator" name="test_workflow_definition_contains_correct_metadata" time="0.000" /><testcase classname="tests.unit.dsl.test_decorator.TestWorkflowDecorator" name="test_wrapper_preserves_function_docstring_and_name" time="0.000" /><testcase classname="tests.unit.dsl.test_decorator.TestWorkflowDecorator" name="test_decorator_with_minimal_arguments" time="0.000" /><testcase classname="tests.unit.dsl.test_decorator.TestWorkflowDecorator" name="test_decorator_captures_no_parameters" time="0.000" /><testcase classname="tests.unit.dsl.test_decorator.TestWorkflowDecorator" name="test_decorator_captures_unannotated_parameters" time="0.001" /><testcase classname="tests.unit.dsl.test_decorator.TestWorkflowDecorator" name="test_decorator_preserves_generator_return_annotation" time="0.000" /><testcase classname="tests.unit.dsl.test_decorator.TestWorkflowDefinitionDataclass" name="test_workflow_definition_is_frozen" time="0.000" /><testcase classname="tests.unit.dsl.test_decorator.TestWorkflowDefinitionDataclass" name="test_workflow_definition_has_slots" time="0.000" /><testcase classname="tests.unit.dsl.test_decorator.TestWorkflowParameterDataclass" name="test_workflow_parameter_is_frozen" time="0.000" /><testcase classname="tests.unit.dsl.test_decorator.TestWorkflowParameterDataclass" name="test_workflow_parameter_has_slots" time="0.000" /><testcase classname="tests.unit.dsl.test_engine.TestWorkflowEngineExecute" name="test_execute_yields_workflow_started_event" time="0.002" /><testcase classname="tests.unit.dsl.test_engine.TestWorkflowEngineExecute" name="test_execute_yields_step_started_event" time="0.003" /><testcase classname="tests.unit.dsl.test_engine.TestWorkflowEngineExecute" name="test_execute_yields_step_completed_event" time="0.002" /><testcase classname="tests.unit.dsl.test_engine.TestWorkflowEngineExecute" name="test_execute_yields_workflow_completed_event" time="0.002" /><testcase classname="tests.unit.dsl.test_engine.TestWorkflowEngineExecute" name="test_execute_event_order_is_correct" time="0.003" /><testcase classname="tests.unit.dsl.test_engine.TestWorkflowEngineGetResult" name="test_get_result_returns_workflow_result" time="0.002" /><testcase classname="tests.unit.dsl.test_engine.TestWorkflowEngineGetResult" name="test_get_result_raises_runtime_error_before_execute" time="0.003" /><testcase classname="tests.unit.dsl.test_engine.TestWorkflowEngineGetResult" name="test_get_result_raises_runtime_error_during_execute" time="0.002" /><testcase classname="tests.unit.dsl.test_engine.TestWorkflowEngineFinalOutput" name="test_workflow_with_explicit_return_uses_return_value" time="0.003" /><testcase classname="tests.unit.dsl.test_engine.TestWorkflowEngineFinalOutput" name="test_workflow_without_return_uses_last_step_output" time="0.003" /><testcase classname="tests.unit.dsl.test_engine.TestWorkflowEngineFinalOutput" name="test_workflow_return_none_uses_none" time="0.003" /><testcase classname="tests.unit.dsl.test_engine.TestWorkflowEngineDuplicateStepNames" name="test_duplicate_step_names_raise_error" time="0.002" /><testcase classname="tests.unit.dsl.test_engine.TestWorkflowEngineDuplicateStepNames" name="test_duplicate_step_names_stop_workflow" time="0.003" /><testcase classname="tests.unit.dsl.test_engine.TestWorkflowEngineStepFailure" name="test_step_failure_stops_workflow" time="0.002" /><testcase classname="tests.unit.dsl.test_engine.TestWorkflowEngineStepFailure" name="test_step_failure_returns_failed_workflow_result" time="0.002" /><testcase classname="tests.unit.dsl.test_engine.TestWorkflowEngineStepFailure" name="test_step_failure_emits_failed_step_completed" time="0.002" /><testcase classname="tests.unit.dsl.test_engine.TestWorkflowEngineStepFailure" name="test_step_failure_emits_failed_workflow_completed" time="0.002" /><testcase classname="tests.unit.dsl.test_engine.TestWorkflowEngineMultipleSteps" name="test_workflow_with_three_steps" time="0.003" /><testcase classname="tests.unit.dsl.test_engine.TestWorkflowEngineMultipleSteps" name="test_workflow_step_results_stored_in_context" time="0.003" /><testcase classname="tests.unit.dsl.test_engine.TestWorkflowEngineEmptyWorkflow" name="test_workflow_with_no_steps" time="0.001" /><testcase classname="tests.unit.dsl.test_engine.TestWorkflowEngineTimestamps" name="test_events_have_timestamps" time="0.002" /><testcase classname="tests.unit.dsl.test_engine.TestWorkflowEngineTimestamps" name="test_timestamps_are_sequential" time="0.002" /><testcase classname="tests.unit.dsl.test_engine_flow_control.TestEngineFlowControl" name="test_workflow_error_fails_workflow" time="0.001" /><testcase classname="tests.unit.dsl.test_engine_flow_control.TestEngineFlowControl" name="test_workflow_resumes_from_checkpoint" time="0.003" /><testcase classname="tests.unit.dsl.test_engine_flow_control.TestEngineFlowControl" name="test_resume_fails_on_input_mismatch" time="0.003" /><testcase classname="tests.unit.dsl.test_engine_flow_control.TestEngineFlowControl" name="test_full_flow_control_integration" time="0.029" /><testcase classname="tests.unit.dsl.test_engine_flow_control.TestEngineFlowControl" name="test_duplicate_step_names_fails" time="0.001" /><testcase classname="tests.unit.dsl.test_events.TestStepStarted" name="test_creation_with_all_fields" time="0.001" /><testcase classname="tests.unit.dsl.test_events.TestStepStarted" name="test_timestamp_defaults_to_current_time" time="0.000" /><testcase classname="tests.unit.dsl.test_events.TestStepStarted" name="test_timestamp_is_float" time="0.000" /><testcase classname="tests.unit.dsl.test_events.TestStepStarted" name="test_all_fields_accessible" time="0.000" /><testcase classname="tests.unit.dsl.test_events.TestStepStarted" name="test_event_is_frozen" time="0.000" /><testcase classname="tests.unit.dsl.test_events.TestStepStarted" name="test_different_step_types" time="0.000" /><testcase classname="tests.unit.dsl.test_events.TestStepCompleted" name="test_creation_with_all_fields" time="0.000" /><testcase classname="tests.unit.dsl.test_events.TestStepCompleted" name="test_creation_failed_step" time="0.000" /><testcase classname="tests.unit.dsl.test_events.TestStepCompleted" name="test_timestamp_defaults_to_current_time" time="0.000" /><testcase classname="tests.unit.dsl.test_events.TestStepCompleted" name="test_timestamp_is_float" time="0.000" /><testcase classname="tests.unit.dsl.test_events.TestStepCompleted" name="test_all_fields_accessible" time="0.000" /><testcase classname="tests.unit.dsl.test_events.TestStepCompleted" name="test_event_is_frozen" time="0.000" /><testcase classname="tests.unit.dsl.test_events.TestStepCompleted" name="test_zero_duration" time="0.000" /><testcase classname="tests.unit.dsl.test_events.TestWorkflowStarted" name="test_creation_with_all_fields" time="0.000" /><testcase classname="tests.unit.dsl.test_events.TestWorkflowStarted" name="test_creation_with_empty_inputs" time="0.000" /><testcase classname="tests.unit.dsl.test_events.TestWorkflowStarted" name="test_timestamp_defaults_to_current_time" time="0.000" /><testcase classname="tests.unit.dsl.test_events.TestWorkflowStarted" name="test_timestamp_is_float" time="0.000" /><testcase classname="tests.unit.dsl.test_events.TestWorkflowStarted" name="test_all_fields_accessible" time="0.000" /><testcase classname="tests.unit.dsl.test_events.TestWorkflowStarted" name="test_event_is_frozen" time="0.000" /><testcase classname="tests.unit.dsl.test_events.TestWorkflowStarted" name="test_inputs_dict_not_shared" time="0.000" /><testcase classname="tests.unit.dsl.test_events.TestWorkflowCompleted" name="test_creation_with_all_fields" time="0.000" /><testcase classname="tests.unit.dsl.test_events.TestWorkflowCompleted" name="test_creation_failed_workflow" time="0.000" /><testcase classname="tests.unit.dsl.test_events.TestWorkflowCompleted" name="test_timestamp_defaults_to_current_time" time="0.000" /><testcase classname="tests.unit.dsl.test_events.TestWorkflowCompleted" name="test_timestamp_is_float" time="0.000" /><testcase classname="tests.unit.dsl.test_events.TestWorkflowCompleted" name="test_all_fields_accessible" time="0.000" /><testcase classname="tests.unit.dsl.test_events.TestWorkflowCompleted" name="test_event_is_frozen" time="0.000" /><testcase classname="tests.unit.dsl.test_events.TestWorkflowCompleted" name="test_zero_duration" time="0.000" /><testcase classname="tests.unit.dsl.test_events.TestProgressEventTypes" name="test_all_event_types_are_independent" time="0.000" /><testcase classname="tests.unit.dsl.test_events.TestProgressEventTypes" name="test_events_have_unique_timestamps" time="0.002" /><testcase classname="tests.unit.dsl.test_expression_parser.TestExpressionKind" name="test_enum_values" time="0.001" /><testcase classname="tests.unit.dsl.test_expression_parser.TestExpressionKind" name="test_enum_members" time="0.000" /><testcase classname="tests.unit.dsl.test_expression_parser.TestExpression" name="test_create_input_ref" time="0.000" /><testcase classname="tests.unit.dsl.test_expression_parser.TestExpression" name="test_create_step_ref" time="0.000" /><testcase classname="tests.unit.dsl.test_expression_parser.TestExpression" name="test_create_negated_expression" time="0.000" /><testcase classname="tests.unit.dsl.test_expression_parser.TestExpression" name="test_expression_is_frozen" time="0.000" /><testcase classname="tests.unit.dsl.test_expression_parser.TestExpression" name="test_expression_equality" time="0.000" /><testcase classname="tests.unit.dsl.test_expression_parser.TestExpression" name="test_expression_hashable" time="0.000" /><testcase classname="tests.unit.dsl.test_expression_parser.TestFunctionsBasic" name="test_tokenize_basic" time="0.000" /><testcase classname="tests.unit.dsl.test_expression_parser.TestFunctionsBasic" name="test_parse_expression_basic" time="0.000" /><testcase classname="tests.unit.dsl.test_expression_parser.TestFunctionsBasic" name="test_extract_all_basic" time="0.000" /><testcase classname="tests.unit.dsl.test_results.TestStepResult" name="test_successful_creation" time="0.000" /><testcase classname="tests.unit.dsl.test_results.TestStepResult" name="test_failed_creation_with_error" time="0.000" /><testcase classname="tests.unit.dsl.test_results.TestStepResult" name="test_validation_duration_ms_negative" time="0.000" /><testcase classname="tests.unit.dsl.test_results.TestStepResult" name="test_validation_duration_ms_zero_allowed" time="0.000" /><testcase classname="tests.unit.dsl.test_results.TestStepResult" name="test_validation_failed_step_requires_error" time="0.003" /><testcase classname="tests.unit.dsl.test_results.TestStepResult" name="test_successful_step_can_have_no_error" time="0.000" /><testcase classname="tests.unit.dsl.test_results.TestStepResult" name="test_to_dict_basic" time="0.000" /><testcase classname="tests.unit.dsl.test_results.TestStepResult" name="test_to_dict_with_error" time="0.000" /><testcase classname="tests.unit.dsl.test_results.TestStepResult" name="test_serialize_output_primitives" time="0.000" /><testcase classname="tests.unit.dsl.test_results.TestStepResult" name="test_serialize_output_list" time="0.000" /><testcase classname="tests.unit.dsl.test_results.TestStepResult" name="test_serialize_output_dict" time="0.000" /><testcase classname="tests.unit.dsl.test_results.TestStepResult" name="test_serialize_output_nested_structures" time="0.000" /><testcase classname="tests.unit.dsl.test_results.TestStepResult" name="test_serialize_output_object_with_to_dict" time="0.000" /><testcase classname="tests.unit.dsl.test_results.TestStepResult" name="test_serialize_output_list_with_to_dict_objects" time="0.000" /><testcase classname="tests.unit.dsl.test_results.TestStepResult" name="test_serialize_output_unknown_type" time="0.000" /><testcase classname="tests.unit.dsl.test_results.TestStepResult" name="test_serialize_output_list_with_unknown_types" time="0.000" /><testcase classname="tests.unit.dsl.test_results.TestStepResult" name="test_frozen_dataclass" time="0.000" /><testcase classname="tests.unit.dsl.test_results.TestWorkflowResult" name="test_successful_creation" time="0.000" /><testcase classname="tests.unit.dsl.test_results.TestWorkflowResult" name="test_failed_workflow_creation" time="0.000" /><testcase classname="tests.unit.dsl.test_results.TestWorkflowResult" name="test_validation_total_duration_ms_negative" time="0.002" /><testcase classname="tests.unit.dsl.test_results.TestWorkflowResult" name="test_validation_total_duration_ms_zero_allowed" time="0.000" /><testcase classname="tests.unit.dsl.test_results.TestWorkflowResult" name="test_to_dict_basic" time="0.000" /><testcase classname="tests.unit.dsl.test_results.TestWorkflowResult" name="test_to_dict_multiple_steps" time="0.000" /><testcase classname="tests.unit.dsl.test_results.TestWorkflowResult" name="test_to_dict_final_output_converted_to_string" time="0.000" /><testcase classname="tests.unit.dsl.test_results.TestWorkflowResult" name="test_failed_step_property_returns_first_failed" time="0.000" /><testcase classname="tests.unit.dsl.test_results.TestWorkflowResult" name="test_failed_step_property_returns_none_on_success" time="0.000" /><testcase classname="tests.unit.dsl.test_results.TestWorkflowResult" name="test_failed_step_property_empty_steps" time="0.000" /><testcase classname="tests.unit.dsl.test_results.TestWorkflowResult" name="test_frozen_dataclass" time="0.000" /><testcase classname="tests.unit.dsl.test_types.TestStepType" name="test_all_enum_values_exist" time="0.000" /><testcase classname="tests.unit.dsl.test_types.TestStepType" name="test_enum_values_are_strings" time="0.000" /><testcase classname="tests.unit.dsl.test_types.TestStepType" name="test_enum_values_match_expected_strings" time="0.000" /><testcase classname="tests.unit.dsl.test_types.TestStepType" name="test_can_use_in_fstrings" time="0.000" /><testcase classname="tests.unit.dsl.test_types.TestStepType" name="test_can_use_in_comparisons" time="0.000" /><testcase classname="tests.unit.dsl.test_types.TestStepType" name="test_enum_iteration" time="0.000" /><testcase classname="tests.unit.dsl.test_types.TestStepType" name="test_enum_membership" time="0.000" /><testcase classname="tests.unit.dsl.test_types.TestStepType" name="test_enum_from_string_value" time="0.000" /><testcase classname="tests.unit.dsl.test_types.TestStepType" name="test_invalid_enum_value_raises_error" time="0.000" /><testcase classname="tests.unit.dsl.test_types.TestStepType" name="test_enum_is_hashable" time="0.000" /><testcase classname="tests.unit.dsl.visualization.test_ascii.TestASCIIGeneratorBasics" name="test_create_generator_default_width" time="0.001" /><testcase classname="tests.unit.dsl.visualization.test_ascii.TestASCIIGeneratorBasics" name="test_create_generator_custom_width" time="0.000" /><testcase classname="tests.unit.dsl.visualization.test_ascii.TestASCIIGeneratorBasics" name="test_generate_empty_workflow_fails" time="0.001" /><testcase classname="tests.unit.dsl.visualization.test_ascii.TestASCIIHeaderGeneration" name="test_header_with_name_only" time="0.000" /><testcase classname="tests.unit.dsl.visualization.test_ascii.TestASCIIHeaderGeneration" name="test_header_with_description" time="0.000" /><testcase classname="tests.unit.dsl.visualization.test_ascii.TestASCIIHeaderGeneration" name="test_header_box_drawing_characters" time="0.000" /><testcase classname="tests.unit.dsl.visualization.test_ascii.TestASCIIInputDisplay" name="test_no_inputs_section_omitted" time="0.000" /><testcase classname="tests.unit.dsl.visualization.test_ascii.TestASCIIInputDisplay" name="test_single_required_input" time="0.000" /><testcase classname="tests.unit.dsl.visualization.test_ascii.TestASCIIInputDisplay" name="test_input_with_default_value" time="0.000" /><testcase classname="tests.unit.dsl.visualization.test_ascii.TestASCIIInputDisplay" name="test_multiple_inputs" time="0.000" /><testcase classname="tests.unit.dsl.visualization.test_ascii.TestASCIIStepRendering" name="test_python_step_rendering" time="0.000" /><testcase classname="tests.unit.dsl.visualization.test_ascii.TestASCIIStepRendering" name="test_agent_step_rendering" time="0.000" /><testcase classname="tests.unit.dsl.visualization.test_ascii.TestASCIIStepRendering" name="test_generate_step_rendering" time="0.000" /><testcase classname="tests.unit.dsl.visualization.test_ascii.TestASCIIStepRendering" name="test_validate_step_rendering" time="0.000" /><testcase classname="tests.unit.dsl.visualization.test_ascii.TestASCIIArrowRendering" name="test_sequential_arrows" time="0.000" /><testcase classname="tests.unit.dsl.visualization.test_ascii.TestASCIIConditionalAnnotations" name="test_conditional_step_annotation" time="0.000" /><testcase classname="tests.unit.dsl.visualization.test_ascii.TestASCIIConditionalAnnotations" name="test_validate_with_retry" time="0.000" /><testcase classname="tests.unit.dsl.visualization.test_ascii.TestASCIIConditionalAnnotations" name="test_validate_with_on_failure_step" time="0.000" /><testcase classname="tests.unit.dsl.visualization.test_ascii.TestASCIIBranchRendering" name="test_branch_step_with_options" time="0.000" /><testcase classname="tests.unit.dsl.visualization.test_ascii.TestASCIIParallelRendering" name="test_parallel_step_indentation" time="0.000" /><testcase classname="tests.unit.dsl.visualization.test_ascii.TestASCIIBoxDrawing" name="test_respects_width_constraint" time="0.000" /><testcase classname="tests.unit.dsl.visualization.test_ascii.TestASCIIBoxDrawing" name="test_minimum_width_handling" time="0.000" /><testcase classname="tests.unit.dsl.visualization.test_ascii.TestASCIIBoxDrawing" name="test_large_width_handling" time="0.000" /><testcase classname="tests.unit.dsl.visualization.test_ascii.TestASCIIComplexWorkflows" name="test_full_workflow_example" time="0.000" /><testcase classname="tests.unit.dsl.visualization.test_ascii.TestASCIIComplexWorkflows" name="test_nested_structures" time="0.000" /><testcase classname="tests.unit.dsl.visualization.test_graph.TestEdgeType" name="test_all_enum_values_exist" time="0.000" /><testcase classname="tests.unit.dsl.visualization.test_graph.TestEdgeType" name="test_enum_values_are_strings" time="0.000" /><testcase classname="tests.unit.dsl.visualization.test_graph.TestGraphNode" name="test_create_minimal_node" time="0.000" /><testcase classname="tests.unit.dsl.visualization.test_graph.TestGraphNode" name="test_create_conditional_node" time="0.000" /><testcase classname="tests.unit.dsl.visualization.test_graph.TestGraphNode" name="test_create_node_with_children" time="0.000" /><testcase classname="tests.unit.dsl.visualization.test_graph.TestGraphNode" name="test_node_is_frozen" time="0.000" /><testcase classname="tests.unit.dsl.visualization.test_graph.TestGraphEdge" name="test_create_minimal_edge" time="0.000" /><testcase classname="tests.unit.dsl.visualization.test_graph.TestGraphEdge" name="test_create_edge_with_label" time="0.000" /><testcase classname="tests.unit.dsl.visualization.test_graph.TestGraphEdge" name="test_create_conditional_edge" time="0.000" /><testcase classname="tests.unit.dsl.visualization.test_graph.TestGraphEdge" name="test_edge_is_frozen" time="0.000" /><testcase classname="tests.unit.dsl.visualization.test_graph.TestWorkflowGraph" name="test_create_minimal_graph" time="0.000" /><testcase classname="tests.unit.dsl.visualization.test_graph.TestWorkflowGraph" name="test_create_empty_graph" time="0.000" /><testcase classname="tests.unit.dsl.visualization.test_graph.TestWorkflowGraph" name="test_graph_is_frozen" time="0.000" /><testcase classname="tests.unit.dsl.visualization.test_graph.TestWorkflowGraphBuilder" name="test_build_simple_python_step" time="0.000" /><testcase classname="tests.unit.dsl.visualization.test_graph.TestWorkflowGraphBuilder" name="test_build_sequential_steps" time="0.000" /><testcase classname="tests.unit.dsl.visualization.test_graph.TestWorkflowGraphBuilder" name="test_build_conditional_step" time="0.000" /><testcase classname="tests.unit.dsl.visualization.test_graph.TestWorkflowGraphBuilder" name="test_build_validate_step_with_retry" time="0.000" /><testcase classname="tests.unit.dsl.visualization.test_graph.TestWorkflowGraphBuilder" name="test_build_validate_step_with_on_failure" time="0.000" /><testcase classname="tests.unit.dsl.visualization.test_graph.TestWorkflowGraphBuilder" name="test_build_branch_step" time="0.000" /><testcase classname="tests.unit.dsl.visualization.test_graph.TestWorkflowGraphBuilder" name="test_build_parallel_step" time="0.000" /><testcase classname="tests.unit.dsl.visualization.test_graph.TestWorkflowGraphBuilder" name="test_build_subworkflow_step" time="0.000" /><testcase classname="tests.unit.dsl.visualization.test_graph.TestWorkflowGraphBuilder" name="test_build_complex_workflow" time="0.000" /><testcase classname="tests.unit.dsl.visualization.test_graph.TestWorkflowGraphBuilder" name="test_build_preserves_step_order" time="0.000" /><testcase classname="tests.unit.dsl.visualization.test_graph.TestWorkflowGraphBuilder" name="test_build_empty_workflow_raises_error" time="0.000" /><testcase classname="tests.unit.dsl.visualization.test_graph.TestWorkflowGraphBuilder" name="test_node_ids_are_unique" time="0.000" /><testcase classname="tests.unit.dsl.visualization.test_graph.TestWorkflowGraphBuilder" name="test_all_step_types_supported" time="0.000" /><testcase classname="tests.unit.dsl.visualization.test_mermaid.TestMermaidGenerator" name="test_generate_simple_workflow" time="0.000" /><testcase classname="tests.unit.dsl.visualization.test_mermaid.TestMermaidGenerator" name="test_generate_with_direction_lr" time="0.000" /><testcase classname="tests.unit.dsl.visualization.test_mermaid.TestMermaidGenerator" name="test_generate_with_direction_td" time="0.000" /><testcase classname="tests.unit.dsl.visualization.test_mermaid.TestMermaidGenerator" name="test_generate_python_step_uses_rectangle" time="0.001" /><testcase classname="tests.unit.dsl.visualization.test_mermaid.TestMermaidGenerator" name="test_generate_agent_step_uses_rectangle" time="0.001" /><testcase classname="tests.unit.dsl.visualization.test_mermaid.TestMermaidGenerator" name="test_generate_generate_step_uses_rectangle" time="0.001" /><testcase classname="tests.unit.dsl.visualization.test_mermaid.TestMermaidGenerator" name="test_generate_conditional_step_uses_diamond" time="0.001" /><testcase classname="tests.unit.dsl.visualization.test_mermaid.TestMermaidGenerator" name="test_generate_validate_step_uses_diamond" time="0.001" /><testcase classname="tests.unit.dsl.visualization.test_mermaid.TestMermaidGenerator" name="test_generate_parallel_step_uses_subgraph" time="0.004" /><testcase classname="tests.unit.dsl.visualization.test_mermaid.TestMermaidGenerator" name="test_generate_sequential_edges" time="0.000" /><testcase classname="tests.unit.dsl.visualization.test_mermaid.TestMermaidGenerator" name="test_generate_conditional_edges_with_label" time="0.000" /><testcase classname="tests.unit.dsl.visualization.test_mermaid.TestMermaidGenerator" name="test_generate_retry_edge" time="0.000" /><testcase classname="tests.unit.dsl.visualization.test_mermaid.TestMermaidGenerator" name="test_generate_branch_edges" time="0.000" /><testcase classname="tests.unit.dsl.visualization.test_mermaid.TestMermaidGenerator" name="test_generate_subworkflow_step" time="0.000" /><testcase classname="tests.unit.dsl.visualization.test_mermaid.TestMermaidGenerator" name="test_generate_escapes_special_characters" time="0.000" /><testcase classname="tests.unit.dsl.visualization.test_mermaid.TestMermaidGenerator" name="test_generate_complex_workflow" time="0.000" /><testcase classname="tests.unit.dsl.visualization.test_mermaid.TestMermaidGenerator" name="test_generate_empty_graph" time="0.001" /><testcase classname="tests.unit.dsl.visualization.test_mermaid.TestMermaidGenerator" name="test_generate_with_comments" time="0.001" /><testcase classname="tests.unit.dsl.visualization.test_mermaid.TestMermaidGenerator" name="test_generate_handles_long_labels" time="0.000" /><testcase classname="tests.unit.dsl.visualization.test_mermaid.TestMermaidGenerator" name="test_generate_preserves_node_order" time="0.000" /><testcase classname="tests.unit.dsl.visualization.test_mermaid.TestMermaidGenerator" name="test_generate_multiple_times_same_result" time="0.000" /><testcase classname="tests.unit.dsl.visualization.test_mermaid.TestMermaidGenerator" name="test_invalid_direction_raises_error" time="0.000" /><testcase classname="tests.unit.dsl.visualization.test_mermaid.TestMermaidGenerator" name="test_supported_directions" time="0.000" /><testcase classname="tests.unit.dsl.visualization.test_mermaid.TestMermaidGenerator" name="test_node_id_sanitization" time="0.000" /><testcase classname="tests.unit.dsl.visualization.test_mermaid.TestMermaidGenerator" name="test_edge_without_label" time="0.000" /><testcase classname="tests.unit.dsl.visualization.test_mermaid.TestMermaidGenerator" name="test_all_edge_types_render" time="0.000" /><testcase classname="tests.unit.hooks.test_config.TestSafetyConfig" name="test_defaults" time="0.001" /><testcase classname="tests.unit.hooks.test_config.TestSafetyConfig" name="test_custom_blocklist" time="0.001" /><testcase classname="tests.unit.hooks.test_config.TestSafetyConfig" name="test_invalid_regex_in_blocklist" time="0.000" /><testcase classname="tests.unit.hooks.test_config.TestSafetyConfig" name="test_invalid_regex_in_allow_override" time="0.001" /><testcase classname="tests.unit.hooks.test_config.TestSafetyConfig" name="test_timeout_bounds" time="0.000" /><testcase classname="tests.unit.hooks.test_config.TestLoggingConfig" name="test_defaults" time="0.000" /><testcase classname="tests.unit.hooks.test_config.TestLoggingConfig" name="test_log_level_validation" time="0.000" /><testcase classname="tests.unit.hooks.test_config.TestLoggingConfig" name="test_max_output_length_bounds" time="0.000" /><testcase classname="tests.unit.hooks.test_config.TestMetricsConfig" name="test_defaults" time="0.000" /><testcase classname="tests.unit.hooks.test_config.TestMetricsConfig" name="test_max_entries_bounds" time="0.000" /><testcase classname="tests.unit.hooks.test_config.TestMetricsConfig" name="test_time_window" time="0.000" /><testcase classname="tests.unit.hooks.test_config.TestHookConfig" name="test_defaults" time="0.000" /><testcase classname="tests.unit.hooks.test_config.TestHookConfig" name="test_custom_nested_config" time="0.000" /><testcase classname="tests.unit.hooks.test_config.TestHookConfig" name="test_extra_fields_forbidden" time="0.000" /><testcase classname="tests.unit.hooks.test_config.TestCreateSafetyHooks" name="test_returns_hook_matchers" time="0.000" /><testcase classname="tests.unit.hooks.test_config.TestCreateSafetyHooks" name="test_uses_default_config_when_none" time="0.000" /><testcase classname="tests.unit.hooks.test_config.TestCreateSafetyHooks" name="test_respects_bash_validation_disabled" time="0.000" /><testcase classname="tests.unit.hooks.test_config.TestCreateSafetyHooks" name="test_respects_file_write_validation_disabled" time="0.001" /><testcase classname="tests.unit.hooks.test_config.TestCreateSafetyHooks" name="test_returns_empty_when_all_disabled" time="0.002" /><testcase classname="tests.unit.hooks.test_config.TestCreateSafetyHooks" name="test_hook_matcher_has_correct_timeout" time="0.001" /><testcase classname="tests.unit.hooks.test_config.TestCreateSafetyHooks" name="test_bash_hook_matcher_pattern" time="0.001" /><testcase classname="tests.unit.hooks.test_config.TestCreateSafetyHooks" name="test_file_write_hook_matcher_pattern" time="0.001" /><testcase classname="tests.unit.hooks.test_config.TestCreateLoggingHooks" name="test_returns_hook_matchers" time="0.001" /><testcase classname="tests.unit.hooks.test_config.TestCreateLoggingHooks" name="test_uses_default_config_when_none" time="0.000" /><testcase classname="tests.unit.hooks.test_config.TestCreateLoggingHooks" name="test_creates_metrics_collector_when_none" time="0.000" /><testcase classname="tests.unit.hooks.test_config.TestCreateLoggingHooks" name="test_uses_provided_metrics_collector" time="0.000" /><testcase classname="tests.unit.hooks.test_config.TestCreateLoggingHooks" name="test_respects_logging_disabled" time="0.000" /><testcase classname="tests.unit.hooks.test_config.TestCreateLoggingHooks" name="test_respects_metrics_disabled" time="0.000" /><testcase classname="tests.unit.hooks.test_config.TestCreateLoggingHooks" name="test_hook_matcher_for_all_tools" time="0.000" /><testcase classname="tests.unit.hooks.test_config.TestCreateLoggingHooks" name="test_returns_empty_when_all_disabled" time="0.000" /><testcase classname="tests.unit.hooks.test_logging.TestSanitizeString" name="test_sanitizes_password" time="0.000" /><testcase classname="tests.unit.hooks.test_logging.TestSanitizeString" name="test_sanitizes_api_key" time="0.000" /><testcase classname="tests.unit.hooks.test_logging.TestSanitizeString" name="test_sanitizes_bearer_token" time="0.000" /><testcase classname="tests.unit.hooks.test_logging.TestSanitizeString" name="test_sanitizes_github_token" time="0.000" /><testcase classname="tests.unit.hooks.test_logging.TestSanitizeString" name="test_sanitizes_aws_key" time="0.000" /><testcase classname="tests.unit.hooks.test_logging.TestSanitizeString" name="test_preserves_normal_text" time="0.000" /><testcase classname="tests.unit.hooks.test_logging.TestSanitizeString" name="test_custom_patterns" time="0.001" /><testcase classname="tests.unit.hooks.test_logging.TestTruncateOutput" name="test_short_text_unchanged" time="0.001" /><testcase classname="tests.unit.hooks.test_logging.TestTruncateOutput" name="test_long_text_truncated" time="0.001" /><testcase classname="tests.unit.hooks.test_logging.TestTruncateOutput" name="test_none_returns_none" time="0.001" /><testcase classname="tests.unit.hooks.test_logging.TestSanitizeInputs" name="test_sanitizes_string_values" time="0.001" /><testcase classname="tests.unit.hooks.test_logging.TestSanitizeInputs" name="test_sanitizes_nested_dicts" time="0.001" /><testcase classname="tests.unit.hooks.test_logging.TestSanitizeInputs" name="test_preserves_non_string_values" time="0.001" /><testcase classname="tests.unit.hooks.test_logging.TestSanitizeInputs" name="test_respects_disabled_sanitization" time="0.000" /><testcase classname="tests.unit.hooks.test_logging.TestLogToolExecution" name="test_creates_log_entry" time="0.001" /><testcase classname="tests.unit.hooks.test_logging.TestLogToolExecution" name="test_sanitizes_log_inputs" time="0.001" /><testcase classname="tests.unit.hooks.test_logging.TestLogToolExecution" name="test_truncates_long_output" time="0.001" /><testcase classname="tests.unit.hooks.test_logging.TestLogToolExecution" name="test_handles_error_status" time="0.001" /><testcase classname="tests.unit.hooks.test_logging.TestLogToolExecution" name="test_respects_disabled_logging" time="0.001" /><testcase classname="tests.unit.hooks.test_logging.TestLogToolExecution" name="test_calculates_duration" time="0.001" /><testcase classname="tests.unit.hooks.test_metrics.TestMetricsCollectorRecordAndQuery" name="test_record_single_entry" time="0.001" /><testcase classname="tests.unit.hooks.test_metrics.TestMetricsCollectorRecordAndQuery" name="test_get_metrics_all_tools" time="0.001" /><testcase classname="tests.unit.hooks.test_metrics.TestMetricsCollectorRecordAndQuery" name="test_get_metrics_specific_tool" time="0.001" /><testcase classname="tests.unit.hooks.test_metrics.TestMetricsCollectorRecordAndQuery" name="test_empty_metrics" time="0.001" /><testcase classname="tests.unit.hooks.test_metrics.TestRollingWindowEviction" name="test_max_entries_enforced" time="0.001" /><testcase classname="tests.unit.hooks.test_metrics.TestRollingWindowEviction" name="test_oldest_entries_evicted" time="0.001" /><testcase classname="tests.unit.hooks.test_metrics.TestThreadSafety" name="test_concurrent_records" time="0.001" /><testcase classname="tests.unit.hooks.test_metrics.TestThreadSafety" name="test_concurrent_read_write" time="0.011" /><testcase classname="tests.unit.hooks.test_metrics.TestPercentileCalculations" name="test_p50_calculation" time="0.001" /><testcase classname="tests.unit.hooks.test_metrics.TestPercentileCalculations" name="test_p95_calculation" time="0.003" /><testcase classname="tests.unit.hooks.test_metrics.TestPercentileCalculations" name="test_p99_calculation" time="0.001" /><testcase classname="tests.unit.hooks.test_metrics.TestPercentileCalculations" name="test_success_failure_counts" time="0.001" /><testcase classname="tests.unit.hooks.test_metrics.TestCollectMetrics" name="test_collects_metric" time="0.001" /><testcase classname="tests.unit.hooks.test_metrics.TestCollectMetrics" name="test_calculates_duration" time="0.001" /><testcase classname="tests.unit.hooks.test_metrics.TestCollectMetrics" name="test_records_failure" time="0.001" /><testcase classname="tests.unit.hooks.test_metrics.TestClear" name="test_clear_empties_collector" time="0.001" /><testcase classname="tests.unit.hooks.test_safety.TestNormalizeCommand" name="test_unicode_normalization" time="0.000" /><testcase classname="tests.unit.hooks.test_safety.TestNormalizeCommand" name="test_escape_sequences" time="0.000" /><testcase classname="tests.unit.hooks.test_safety.TestNormalizeCommand" name="test_tab_normalization" time="0.000" /><testcase classname="tests.unit.hooks.test_safety.TestExpandVariables" name="test_expand_home" time="0.001" /><testcase classname="tests.unit.hooks.test_safety.TestExpandVariables" name="test_expand_braces" time="0.000" /><testcase classname="tests.unit.hooks.test_safety.TestExpandVariables" name="test_no_expansion_in_quotes" time="0.000" /><testcase classname="tests.unit.hooks.test_safety.TestParseCompoundCommand" name="test_simple_command" time="0.000" /><testcase classname="tests.unit.hooks.test_safety.TestParseCompoundCommand" name="test_and_operator" time="0.000" /><testcase classname="tests.unit.hooks.test_safety.TestParseCompoundCommand" name="test_or_operator" time="0.000" /><testcase classname="tests.unit.hooks.test_safety.TestParseCompoundCommand" name="test_semicolon" time="0.000" /><testcase classname="tests.unit.hooks.test_safety.TestParseCompoundCommand" name="test_pipe" time="0.000" /><testcase classname="tests.unit.hooks.test_safety.TestParseCompoundCommand" name="test_quoted_string_preserved" time="0.000" /><testcase classname="tests.unit.hooks.test_safety.TestValidateBashCommand" name="test_allows_safe_command" time="0.001" /><testcase classname="tests.unit.hooks.test_safety.TestValidateBashCommand" name="test_blocks_rm_rf_root" time="0.001" /><testcase classname="tests.unit.hooks.test_safety.TestValidateBashCommand" name="test_blocks_rm_rf_home" time="0.001" /><testcase classname="tests.unit.hooks.test_safety.TestValidateBashCommand" name="test_blocks_fork_bomb" time="0.001" /><testcase classname="tests.unit.hooks.test_safety.TestValidateBashCommand" name="test_blocks_mkfs" time="0.001" /><testcase classname="tests.unit.hooks.test_safety.TestValidateBashCommand" name="test_blocks_dd" time="0.001" /><testcase classname="tests.unit.hooks.test_safety.TestValidateBashCommand" name="test_blocks_shutdown" time="0.002" /><testcase classname="tests.unit.hooks.test_safety.TestValidateBashCommand" name="test_blocks_compound_with_dangerous" time="0.001" /><testcase classname="tests.unit.hooks.test_safety.TestValidateBashCommand" name="test_custom_blocklist" time="0.001" /><testcase classname="tests.unit.hooks.test_safety.TestValidateBashCommand" name="test_allow_override" time="0.001" /><testcase classname="tests.unit.hooks.test_safety.TestValidateBashCommand" name="test_fail_closed_on_exception" time="0.001" /><testcase classname="tests.unit.hooks.test_safety.TestValidateBashCommand" name="test_fail_open_when_configured" time="0.001" /><testcase classname="tests.unit.hooks.test_safety.TestNormalizePath" name="test_expand_home" time="0.000" /><testcase classname="tests.unit.hooks.test_safety.TestNormalizePath" name="test_resolve_relative" time="0.000" /><testcase classname="tests.unit.hooks.test_safety.TestValidateFileWrite" name="test_allows_normal_file" time="0.001" /><testcase classname="tests.unit.hooks.test_safety.TestValidateFileWrite" name="test_blocks_env_file" time="0.001" /><testcase classname="tests.unit.hooks.test_safety.TestValidateFileWrite" name="test_blocks_env_local" time="0.001" /><testcase classname="tests.unit.hooks.test_safety.TestValidateFileWrite" name="test_blocks_ssh_directory" time="0.001" /><testcase classname="tests.unit.hooks.test_safety.TestValidateFileWrite" name="test_blocks_etc_directory" time="0.001" /><testcase classname="tests.unit.hooks.test_safety.TestValidateFileWrite" name="test_blocks_secrets_directory" time="0.001" /><testcase classname="tests.unit.hooks.test_safety.TestValidateFileWrite" name="test_custom_allowlist" time="0.001" /><testcase classname="tests.unit.hooks.test_safety.TestValidateFileWrite" name="test_custom_blocklist" time="0.001" /><testcase classname="tests.unit.hooks.test_safety.TestValidateFileWrite" name="test_fail_closed_on_exception" time="0.001" /><testcase classname="tests.unit.hooks.test_safety.TestValidateFileWrite" name="test_fail_open_on_exception_configured" time="0.001" /><testcase classname="tests.unit.hooks.test_safety.TestValidateFileWrite" name="test_edit_tool_also_blocked" time="0.001" /><testcase classname="tests.unit.hooks.test_types.TestValidationResult" name="test_creation_allowed" time="0.000" /><testcase classname="tests.unit.hooks.test_types.TestValidationResult" name="test_creation_blocked" time="0.000" /><testcase classname="tests.unit.hooks.test_types.TestValidationResult" name="test_immutability" time="0.000" /><testcase classname="tests.unit.hooks.test_types.TestToolExecutionLog" name="test_creation" time="0.000" /><testcase classname="tests.unit.hooks.test_types.TestToolExecutionLog" name="test_with_error" time="0.000" /><testcase classname="tests.unit.hooks.test_types.TestToolMetricEntry" name="test_creation" time="0.000" /><testcase classname="tests.unit.hooks.test_types.TestToolMetrics" name="test_creation" time="0.000" /><testcase classname="tests.unit.hooks.test_types.TestToolMetrics" name="test_success_rate" time="0.000" /><testcase classname="tests.unit.hooks.test_types.TestToolMetrics" name="test_failure_rate" time="0.000" /><testcase classname="tests.unit.hooks.test_types.TestToolMetrics" name="test_zero_calls_rates" time="0.000" /><testcase classname="tests.unit.library.actions.test_git_actions.TestGitCommit" name="test_creates_commit_with_message" time="0.002" /><testcase classname="tests.unit.library.actions.test_git_actions.TestGitCommit" name="test_stages_all_changes_when_add_all_true" time="0.002" /><testcase classname="tests.unit.library.actions.test_git_actions.TestGitCommit" name="test_skips_staging_when_add_all_false" time="0.001" /><testcase classname="tests.unit.library.actions.test_git_actions.TestGitCommit" name="test_includes_attribution_by_default" time="0.002" /><testcase classname="tests.unit.library.actions.test_git_actions.TestGitCommit" name="test_excludes_attribution_when_disabled" time="0.002" /><testcase classname="tests.unit.library.actions.test_git_actions.TestGitCommit" name="test_returns_commit_sha" time="0.002" /><testcase classname="tests.unit.library.actions.test_git_actions.TestGitCommit" name="test_returns_files_committed" time="0.002" /><testcase classname="tests.unit.library.actions.test_git_actions.TestGitCommit" name="test_handles_empty_commit" time="0.002" /><testcase classname="tests.unit.library.actions.test_git_actions.TestGitCommit" name="test_handles_git_commit_failure" time="0.002" /><testcase classname="tests.unit.library.actions.test_git_actions.TestGitPush" name="test_pushes_current_branch" time="0.001" /><testcase classname="tests.unit.library.actions.test_git_actions.TestGitPush" name="test_sets_upstream_by_default" time="0.001" /><testcase classname="tests.unit.library.actions.test_git_actions.TestGitPush" name="test_skips_upstream_when_set_upstream_false" time="0.001" /><testcase classname="tests.unit.library.actions.test_git_actions.TestGitPush" name="test_handles_push_failure" time="0.002" /><testcase classname="tests.unit.library.actions.test_git_actions.TestGitPush" name="test_handles_branch_name_retrieval_failure" time="0.002" /><testcase classname="tests.unit.library.actions.test_git_actions.TestCreateGitBranch" name="test_creates_new_branch_when_does_not_exist" time="0.001" /><testcase classname="tests.unit.library.actions.test_git_actions.TestCreateGitBranch" name="test_checks_out_existing_branch" time="0.001" /><testcase classname="tests.unit.library.actions.test_git_actions.TestCreateGitBranch" name="test_uses_default_base_branch" time="0.002" /><testcase classname="tests.unit.library.actions.test_git_actions.TestCreateGitBranch" name="test_uses_custom_base_branch" time="0.001" /><testcase classname="tests.unit.library.actions.test_git_actions.TestCreateGitBranch" name="test_creates_branch_from_base" time="0.001" /><testcase classname="tests.unit.library.actions.test_git_actions.TestCreateGitBranch" name="test_handles_checkout_failure" time="0.002" /><testcase classname="tests.unit.library.actions.test_git_actions.TestCreateGitBranch" name="test_handles_base_branch_checkout_failure" time="0.002" /><testcase classname="tests.unit.library.actions.test_github_actions.TestFetchGitHubIssues" name="test_fetches_issues_with_label" time="0.001" /><testcase classname="tests.unit.library.actions.test_github_actions.TestFetchGitHubIssues" name="test_respects_limit_parameter" time="0.001" /><testcase classname="tests.unit.library.actions.test_github_actions.TestFetchGitHubIssues" name="test_uses_default_limit" time="0.001" /><testcase classname="tests.unit.library.actions.test_github_actions.TestFetchGitHubIssues" name="test_filters_by_state" time="0.001" /><testcase classname="tests.unit.library.actions.test_github_actions.TestFetchGitHubIssues" name="test_uses_default_state_open" time="0.001" /><testcase classname="tests.unit.library.actions.test_github_actions.TestFetchGitHubIssues" name="test_handles_empty_result" time="0.001" /><testcase classname="tests.unit.library.actions.test_github_actions.TestFetchGitHubIssues" name="test_handles_issues_without_body" time="0.001" /><testcase classname="tests.unit.library.actions.test_github_actions.TestFetchGitHubIssues" name="test_handles_issues_without_assignees" time="0.001" /><testcase classname="tests.unit.library.actions.test_github_actions.TestFetchGitHubIssues" name="test_handles_gh_cli_failure" time="0.001" /><testcase classname="tests.unit.library.actions.test_github_actions.TestFetchGitHubIssues" name="test_requests_correct_fields" time="0.001" /><testcase classname="tests.unit.library.actions.test_github_actions.TestFetchGitHubIssue" name="test_fetches_single_issue" time="0.001" /><testcase classname="tests.unit.library.actions.test_github_actions.TestFetchGitHubIssue" name="test_handles_issue_without_body" time="0.001" /><testcase classname="tests.unit.library.actions.test_github_actions.TestFetchGitHubIssue" name="test_handles_issue_without_assignees" time="0.001" /><testcase classname="tests.unit.library.actions.test_github_actions.TestFetchGitHubIssue" name="test_handles_nonexistent_issue" time="0.001" /><testcase classname="tests.unit.library.actions.test_github_actions.TestFetchGitHubIssue" name="test_passes_correct_issue_number" time="0.001" /><testcase classname="tests.unit.library.actions.test_github_actions.TestCreateGitHubPR" name="test_creates_pr_with_user_title" time="0.001" /><testcase classname="tests.unit.library.actions.test_github_actions.TestCreateGitHubPR" name="test_uses_generated_title_when_no_user_title" time="0.002" /><testcase classname="tests.unit.library.actions.test_github_actions.TestCreateGitHubPR" name="test_uses_default_title_when_none_provided" time="0.001" /><testcase classname="tests.unit.library.actions.test_github_actions.TestCreateGitHubPR" name="test_creates_draft_pr" time="0.001" /><testcase classname="tests.unit.library.actions.test_github_actions.TestCreateGitHubPR" name="test_creates_non_draft_pr" time="0.001" /><testcase classname="tests.unit.library.actions.test_github_actions.TestCreateGitHubPR" name="test_sets_base_branch" time="0.001" /><testcase classname="tests.unit.library.actions.test_github_actions.TestCreateGitHubPR" name="test_includes_pr_body" time="0.001" /><testcase classname="tests.unit.library.actions.test_github_actions.TestCreateGitHubPR" name="test_extracts_pr_number_from_url" time="0.001" /><testcase classname="tests.unit.library.actions.test_github_actions.TestCreateGitHubPR" name="test_handles_pr_creation_failure" time="0.002" /><testcase classname="tests.unit.library.actions.test_github_actions.TestCreateGitHubPR" name="test_handles_invalid_pr_url" time="0.001" /><testcase classname="tests.unit.library.actions.test_github_actions.TestCreateGitHubPR" name="test_user_title_takes_precedence_over_generated" time="0.001" /><testcase classname="tests.unit.library.actions.test_refuel_actions.TestProcessSelectedIssues" name="test_processes_single_issue" time="0.001" /><testcase classname="tests.unit.library.actions.test_refuel_actions.TestProcessSelectedIssues" name="test_processes_multiple_issues" time="0.001" /><testcase classname="tests.unit.library.actions.test_refuel_actions.TestProcessSelectedIssues" name="test_processes_in_parallel_mode" time="0.001" /><testcase classname="tests.unit.library.actions.test_refuel_actions.TestProcessSelectedIssues" name="test_processes_in_sequential_mode" time="0.001" /><testcase classname="tests.unit.library.actions.test_refuel_actions.TestProcessSelectedIssues" name="test_handles_empty_issue_list" time="0.001" /><testcase classname="tests.unit.library.actions.test_refuel_actions.TestProcessSelectedIssues" name="test_handles_issue_without_title" time="0.001" /><testcase classname="tests.unit.library.actions.test_refuel_actions.TestProcessSelectedIssues" name="test_returns_placeholder_status" time="0.001" /><testcase classname="tests.unit.library.actions.test_refuel_actions.TestProcessSelectedIssues" name="test_preserves_issue_metadata" time="0.001" /><testcase classname="tests.unit.library.actions.test_refuel_actions.TestGenerateRefuelSummary" name="test_generates_summary_from_parallel_results" time="0.001" /><testcase classname="tests.unit.library.actions.test_refuel_actions.TestGenerateRefuelSummary" name="test_generates_summary_from_sequential_results" time="0.001" /><testcase classname="tests.unit.library.actions.test_refuel_actions.TestGenerateRefuelSummary" name="test_prefers_parallel_over_sequential" time="0.002" /><testcase classname="tests.unit.library.actions.test_refuel_actions.TestGenerateRefuelSummary" name="test_handles_empty_results" time="0.001" /><testcase classname="tests.unit.library.actions.test_refuel_actions.TestGenerateRefuelSummary" name="test_counts_status_types_correctly" time="0.002" /><testcase classname="tests.unit.library.actions.test_refuel_actions.TestGenerateRefuelSummary" name="test_collects_pr_urls" time="0.002" /><testcase classname="tests.unit.library.actions.test_refuel_actions.TestGenerateRefuelSummary" name="test_filters_none_pr_urls" time="0.001" /><testcase classname="tests.unit.library.actions.test_refuel_actions.TestGenerateRefuelSummary" name="test_returns_tuple_for_issues_and_pr_urls" time="0.001" /><testcase classname="tests.unit.library.actions.test_refuel_actions.TestGenerateRefuelSummary" name="test_includes_all_issue_data" time="0.001" /><testcase classname="tests.unit.library.actions.test_refuel_actions.TestGenerateRefuelSummary" name="test_handles_missing_processed_key" time="0.001" /><testcase classname="tests.unit.library.actions.test_refuel_actions.TestGenerateRefuelSummary" name="test_total_requested_preserved" time="0.001" /><testcase classname="tests.unit.library.actions.test_review_actions.TestGatherPRContext" name="test_gathers_context_with_pr_number" time="0.001" /><testcase classname="tests.unit.library.actions.test_review_actions.TestGatherPRContext" name="test_auto_detects_pr_number_from_current_branch" time="0.001" /><testcase classname="tests.unit.library.actions.test_review_actions.TestGatherPRContext" name="test_handles_no_pr_found_for_current_branch" time="0.001" /><testcase classname="tests.unit.library.actions.test_review_actions.TestGatherPRContext" name="test_detects_coderabbit_availability" time="0.001" /><testcase classname="tests.unit.library.actions.test_review_actions.TestGatherPRContext" name="test_detects_coderabbit_unavailability" time="0.001" /><testcase classname="tests.unit.library.actions.test_review_actions.TestGatherPRContext" name="test_handles_empty_changed_files" time="0.001" /><testcase classname="tests.unit.library.actions.test_review_actions.TestGatherPRContext" name="test_handles_pr_view_failure" time="0.001" /><testcase classname="tests.unit.library.actions.test_review_actions.TestGatherPRContext" name="test_handles_git_diff_failure" time="0.001" /><testcase classname="tests.unit.library.actions.test_review_actions.TestRunCoderabbitReview" name="test_runs_coderabbit_review_successfully" time="0.001" /><testcase classname="tests.unit.library.actions.test_review_actions.TestRunCoderabbitReview" name="test_skips_review_when_coderabbit_unavailable" time="0.001" /><testcase classname="tests.unit.library.actions.test_review_actions.TestRunCoderabbitReview" name="test_skips_review_when_no_pr_number" time="0.001" /><testcase classname="tests.unit.library.actions.test_review_actions.TestRunCoderabbitReview" name="test_handles_coderabbit_timeout" time="0.002" /><testcase classname="tests.unit.library.actions.test_review_actions.TestRunCoderabbitReview" name="test_handles_coderabbit_failure" time="0.001" /><testcase classname="tests.unit.library.actions.test_review_actions.TestRunCoderabbitReview" name="test_parses_issues_format" time="0.001" /><testcase classname="tests.unit.library.actions.test_review_actions.TestRunCoderabbitReview" name="test_parses_single_object_as_finding" time="0.001" /><testcase classname="tests.unit.library.actions.test_review_actions.TestRunCoderabbitReview" name="test_parses_list_format" time="0.001" /><testcase classname="tests.unit.library.actions.test_review_actions.TestRunCoderabbitReview" name="test_handles_invalid_json_output" time="0.004" /><testcase classname="tests.unit.library.actions.test_review_actions.TestRunCoderabbitReview" name="test_handles_empty_output" time="0.002" /><testcase classname="tests.unit.library.actions.test_review_actions.TestCombineReviewResults" name="test_combines_agent_and_coderabbit_results" time="0.001" /><testcase classname="tests.unit.library.actions.test_review_actions.TestCombineReviewResults" name="test_deduplicates_identical_issues" time="0.001" /><testcase classname="tests.unit.library.actions.test_review_actions.TestCombineReviewResults" name="test_handles_findings_key_in_agent_review" time="0.001" /><testcase classname="tests.unit.library.actions.test_review_actions.TestCombineReviewResults" name="test_handles_comments_key_in_agent_review" time="0.001" /><testcase classname="tests.unit.library.actions.test_review_actions.TestCombineReviewResults" name="test_generates_markdown_report" time="0.001" /><testcase classname="tests.unit.library.actions.test_review_actions.TestCombineReviewResults" name="test_groups_issues_by_severity" time="0.001" /><testcase classname="tests.unit.library.actions.test_review_actions.TestCombineReviewResults" name="test_recommends_approve_when_no_issues" time="0.002" /><testcase classname="tests.unit.library.actions.test_review_actions.TestCombineReviewResults" name="test_recommends_request_changes_for_critical_issues" time="0.001" /><testcase classname="tests.unit.library.actions.test_review_actions.TestCombineReviewResults" name="test_recommends_request_changes_for_errors" time="0.001" /><testcase classname="tests.unit.library.actions.test_review_actions.TestCombineReviewResults" name="test_recommends_comment_for_many_warnings" time="0.001" /><testcase classname="tests.unit.library.actions.test_review_actions.TestCombineReviewResults" name="test_recommends_comment_for_few_warnings" time="0.001" /><testcase classname="tests.unit.library.actions.test_review_actions.TestCombineReviewResults" name="test_includes_file_and_line_info_in_report" time="0.001" /><testcase classname="tests.unit.library.actions.test_review_actions.TestCombineReviewResults" name="test_handles_missing_file_line_info" time="0.001" /><testcase classname="tests.unit.library.actions.test_review_actions.TestCombineReviewResults" name="test_counts_issues_correctly_in_summary" time="0.001" /><testcase classname="tests.unit.library.actions.test_review_actions.TestCombineReviewResults" name="test_handles_unknown_severity" time="0.001" /><testcase classname="tests.unit.library.actions.test_validation_error_summarize.TestSummarizeErrors" name="test_summarize_errors_lists_failed_stages" time="0.000" /><testcase classname="tests.unit.library.actions.test_validation_error_summarize.TestSummarizeErrors" name="test_summarize_errors_handles_no_failures" time="0.000" /><testcase classname="tests.unit.library.actions.test_validation_error_summarize.TestSummarizeErrors" name="test_summarize_errors_handles_missing_stage_name" time="0.000" /><testcase classname="tests.unit.library.actions.test_validation_integration.TestRunFixRetryLoopIntegration" name="test_full_retry_workflow_multiple_attempts_then_success" time="0.002" /><testcase classname="tests.unit.library.actions.test_validation_integration.TestRunFixRetryLoopIntegration" name="test_fixer_fails_but_validation_passes_anyway" time="0.001" /><testcase classname="tests.unit.library.actions.test_validation_prompt_building.TestBuildFixPrompt" name="test_build_fix_prompt_includes_attempt_number" time="0.000" /><testcase classname="tests.unit.library.actions.test_validation_prompt_building.TestBuildFixPrompt" name="test_build_fix_prompt_includes_stages" time="0.000" /><testcase classname="tests.unit.library.actions.test_validation_prompt_building.TestBuildFixPrompt" name="test_build_fix_prompt_includes_errors" time="0.000" /><testcase classname="tests.unit.library.actions.test_validation_prompt_building.TestBuildFixPrompt" name="test_build_fix_prompt_handles_empty_stages" time="0.000" /><testcase classname="tests.unit.library.actions.test_validation_retry_backoff.TestRunFixRetryLoopExponentialBackoff" name="test_run_fix_retry_loop_applies_exponential_backoff" time="0.001" /><testcase classname="tests.unit.library.actions.test_validation_retry_backoff.TestRunFixRetryLoopExponentialBackoff" name="test_run_fix_retry_loop_no_backoff_on_first_attempt" time="0.001" /><testcase classname="tests.unit.library.actions.test_validation_retry_loop.TestRunFixRetryLoopImmediatePass" name="test_run_fix_retry_loop_passes_immediately_when_validation_succeeds" time="0.001" /><testcase classname="tests.unit.library.actions.test_validation_retry_loop.TestRunFixRetryLoopSkipped" name="test_run_fix_retry_loop_skipped_when_max_attempts_zero" time="0.001" /><testcase classname="tests.unit.library.actions.test_validation_retry_loop.TestRunFixRetryLoopSkipped" name="test_run_fix_retry_loop_skipped_when_max_attempts_negative" time="0.001" /><testcase classname="tests.unit.library.actions.test_validation_retry_loop.TestRunFixRetryLoopInvokesFixer" name="test_run_fix_retry_loop_invokes_fixer_agent_on_failure" time="0.001" /><testcase classname="tests.unit.library.actions.test_validation_retry_loop.TestRunFixRetryLoopRerunsValidation" name="test_run_fix_retry_loop_reruns_validation_after_fix" time="0.001" /><testcase classname="tests.unit.library.actions.test_validation_retry_loop.TestRunFixRetryLoopRerunsValidation" name="test_run_fix_retry_loop_succeeds_after_fix" time="0.002" /><testcase classname="tests.unit.library.actions.test_validation_retry_loop.TestRunFixRetryLoopMaxAttempts" name="test_run_fix_retry_loop_exhausts_max_attempts" time="0.002" /><testcase classname="tests.unit.library.actions.test_validation_retry_loop.TestRunFixRetryLoopMaxAttempts" name="test_run_fix_retry_loop_stops_early_on_success" time="0.002" /><testcase classname="tests.unit.library.actions.test_validation_retry_loop.TestRunFixRetryLoopErrorHandling" name="test_run_fix_retry_loop_handles_fixer_agent_error_gracefully" time="0.002" /><testcase classname="tests.unit.library.actions.test_validation_retry_loop.TestRunFixRetryLoopErrorHandling" name="test_run_fix_retry_loop_handles_exception_gracefully" time="0.002" /><testcase classname="tests.unit.library.actions.test_validation_retry_loop.TestRunFixRetryLoopErrorHandling" name="test_run_fix_retry_loop_continues_after_all_attempts_fail" time="0.004" /><testcase classname="tests.unit.library.actions.test_validation_retry_loop.TestRunFixRetryLoopRecordsAttempts" name="test_run_fix_retry_loop_records_all_fix_attempts" time="0.002" /><testcase classname="tests.unit.library.actions.test_validation_retry_loop.TestRunFixRetryLoopRecordsAttempts" name="test_run_fix_retry_loop_records_default_description_when_missing" time="0.001" /><testcase classname="tests.unit.library.actions.test_validation_retry_loop.TestRunFixRetryLoopWorkingDirectory" name="test_run_fix_retry_loop_uses_provided_cwd" time="0.001" /><testcase classname="tests.unit.library.actions.test_validation_retry_loop.TestRunFixRetryLoopWorkingDirectory" name="test_run_fix_retry_loop_uses_current_dir_when_cwd_none" time="0.002" /><testcase classname="tests.unit.library.actions.test_workspace.TestInitWorkspace" name="test_creates_new_branch_when_does_not_exist" time="0.002" /><testcase classname="tests.unit.library.actions.test_workspace.TestInitWorkspace" name="test_checks_out_existing_branch" time="0.001" /><testcase classname="tests.unit.library.actions.test_workspace.TestInitWorkspace" name="test_detects_clean_workspace" time="0.002" /><testcase classname="tests.unit.library.actions.test_workspace.TestInitWorkspace" name="test_detects_dirty_workspace" time="0.002" /><testcase classname="tests.unit.library.actions.test_workspace.TestInitWorkspace" name="test_auto_detects_task_file_in_specs_directory" time="0.002" /><testcase classname="tests.unit.library.actions.test_workspace.TestInitWorkspace" name="test_auto_detects_task_file_in_specify_directory" time="0.002" /><testcase classname="tests.unit.library.actions.test_workspace.TestInitWorkspace" name="test_auto_detects_task_file_in_root" time="0.001" /><testcase classname="tests.unit.library.actions.test_workspace.TestInitWorkspace" name="test_returns_none_when_no_task_file_found" time="0.004" /><testcase classname="tests.unit.library.actions.test_workspace.TestInitWorkspace" name="test_handles_git_errors_gracefully" time="0.003" /><testcase classname="tests.unit.library.actions.test_workspace.TestInitWorkspace" name="test_returns_correct_base_branch" time="0.002" /><testcase classname="tests.unit.library.actions.test_workspace.TestInitWorkspace" name="test_returns_synced_with_base_true" time="0.001" /><testcase classname="tests.unit.library.test_agent_registration.TestRegisterAllAgents" name="test_registers_implementer_agent" time="0.000" /><testcase classname="tests.unit.library.test_agent_registration.TestRegisterAllAgents" name="test_registers_code_reviewer_agent" time="0.000" /><testcase classname="tests.unit.library.test_agent_registration.TestRegisterAllAgents" name="test_registers_issue_fixer_agent" time="0.000" /><testcase classname="tests.unit.library.test_agent_registration.TestRegisterAllAgents" name="test_registers_validation_fixer_agent" time="0.000" /><testcase classname="tests.unit.library.test_agent_registration.TestRegisterAllAgents" name="test_registers_all_expected_agents" time="0.000" /><testcase classname="tests.unit.library.test_agent_registration.TestRegisterAllAgents" name="test_registration_is_idempotent" time="0.000" /><testcase classname="tests.unit.library.test_agent_registration.TestRegisterAllAgents" name="test_registered_agents_can_be_instantiated" time="0.000" /><testcase classname="tests.unit.library.test_agent_registration.TestRegisterAllAgents" name="test_does_not_register_issue_analyzer" time="0.000" /><testcase classname="tests.unit.library.test_agent_registration.TestRegisterAllAgents" name="test_registered_agents_have_correct_names" time="0.000" /><testcase classname="tests.unit.library.test_builtins.TestBuiltinWorkflowInfo" name="test_dataclass_is_frozen" time="0.000" /><testcase classname="tests.unit.library.test_builtins.TestBuiltinWorkflowInfo" name="test_dataclass_uses_slots" time="0.000" /><testcase classname="tests.unit.library.test_builtins.TestBuiltinWorkflowInfo" name="test_all_workflow_info_constants_exist" time="0.000" /><testcase classname="tests.unit.library.test_builtins.TestBuiltinWorkflowInfo" name="test_workflow_info_fields_are_correct" time="0.000" /><testcase classname="tests.unit.library.test_builtins.TestBuiltinWorkflowInfo" name="test_workflow_info_inputs_structure" time="0.000" /><testcase classname="tests.unit.library.test_builtins.TestBuiltinFragmentInfo" name="test_dataclass_is_frozen" time="0.000" /><testcase classname="tests.unit.library.test_builtins.TestBuiltinFragmentInfo" name="test_dataclass_uses_slots" time="0.000" /><testcase classname="tests.unit.library.test_builtins.TestBuiltinFragmentInfo" name="test_all_fragment_info_constants_exist" time="0.000" /><testcase classname="tests.unit.library.test_builtins.TestBuiltinFragmentInfo" name="test_fragment_info_fields_are_correct" time="0.000" /><testcase classname="tests.unit.library.test_builtins.TestBuiltinFragmentInfo" name="test_fragment_info_used_by_structure" time="0.000" /><testcase classname="tests.unit.library.test_builtins.TestBuiltinConstants" name="test_builtin_workflows_is_frozenset" time="0.000" /><testcase classname="tests.unit.library.test_builtins.TestBuiltinConstants" name="test_builtin_workflows_contains_expected_workflows" time="0.000" /><testcase classname="tests.unit.library.test_builtins.TestBuiltinConstants" name="test_builtin_workflows_is_immutable" time="0.000" /><testcase classname="tests.unit.library.test_builtins.TestBuiltinConstants" name="test_builtin_fragments_is_frozenset" time="0.000" /><testcase classname="tests.unit.library.test_builtins.TestBuiltinConstants" name="test_builtin_fragments_contains_expected_fragments" time="0.000" /><testcase classname="tests.unit.library.test_builtins.TestBuiltinConstants" name="test_builtin_fragments_is_immutable" time="0.000" /><testcase classname="tests.unit.library.test_builtins.TestBuiltinConstants" name="test_frozenset_membership_checks" time="0.000" /><testcase classname="tests.unit.library.test_builtins.TestCreateBuiltinLibrary" name="test_returns_builtin_library_instance" time="0.000" /><testcase classname="tests.unit.library.test_builtins.TestCreateBuiltinLibrary" name="test_returns_default_implementation" time="0.000" /><testcase classname="tests.unit.library.test_builtins.TestCreateBuiltinLibrary" name="test_creates_new_instance_each_time" time="0.000" /><testcase classname="tests.unit.library.test_builtins.TestListWorkflows" name="test_returns_list" time="0.000" /><testcase classname="tests.unit.library.test_builtins.TestListWorkflows" name="test_returns_builtin_workflow_info_objects" time="0.000" /><testcase classname="tests.unit.library.test_builtins.TestListWorkflows" name="test_returns_six_workflows" time="0.000" /><testcase classname="tests.unit.library.test_builtins.TestListWorkflows" name="test_all_expected_workflows_present" time="0.000" /><testcase classname="tests.unit.library.test_builtins.TestListWorkflows" name="test_workflow_info_objects_match_constants" time="0.000" /><testcase classname="tests.unit.library.test_builtins.TestListFragments" name="test_returns_list" time="0.000" /><testcase classname="tests.unit.library.test_builtins.TestListFragments" name="test_returns_builtin_fragment_info_objects" time="0.000" /><testcase classname="tests.unit.library.test_builtins.TestListFragments" name="test_returns_three_fragments" time="0.000" /><testcase classname="tests.unit.library.test_builtins.TestListFragments" name="test_all_expected_fragments_present" time="0.000" /><testcase classname="tests.unit.library.test_builtins.TestListFragments" name="test_fragment_info_objects_match_constants" time="0.000" /><testcase classname="tests.unit.library.test_builtins.TestHasWorkflow" name="test_returns_true_for_valid_workflow_names" time="0.000" /><testcase classname="tests.unit.library.test_builtins.TestHasWorkflow" name="test_returns_false_for_invalid_workflow_names" time="0.000" /><testcase classname="tests.unit.library.test_builtins.TestHasWorkflow" name="test_returns_false_for_fragment_names" time="0.000" /><testcase classname="tests.unit.library.test_builtins.TestHasFragment" name="test_returns_true_for_valid_fragment_names" time="0.000" /><testcase classname="tests.unit.library.test_builtins.TestHasFragment" name="test_returns_false_for_invalid_fragment_names" time="0.000" /><testcase classname="tests.unit.library.test_builtins.TestHasFragment" name="test_returns_false_for_workflow_names" time="0.000" /><testcase classname="tests.unit.library.test_builtins.TestGetWorkflowPath" name="test_returns_path_object_for_valid_workflow" time="0.001" /><testcase classname="tests.unit.library.test_builtins.TestGetWorkflowPath" name="test_path_points_to_yaml_file" time="0.000" /><testcase classname="tests.unit.library.test_builtins.TestGetWorkflowPath" name="test_path_exists" time="0.000" /><testcase classname="tests.unit.library.test_builtins.TestGetWorkflowPath" name="test_all_workflow_paths_can_be_retrieved" time="0.001" /><testcase classname="tests.unit.library.test_builtins.TestGetWorkflowPath" name="test_raises_key_error_for_invalid_workflow" time="0.002" /><testcase classname="tests.unit.library.test_builtins.TestGetWorkflowPath" name="test_raises_key_error_for_fragment_name" time="0.001" /><testcase classname="tests.unit.library.test_builtins.TestGetFragmentPath" name="test_returns_path_object_for_valid_fragment" time="0.000" /><testcase classname="tests.unit.library.test_builtins.TestGetFragmentPath" name="test_path_points_to_yaml_file" time="0.000" /><testcase classname="tests.unit.library.test_builtins.TestGetFragmentPath" name="test_path_exists" time="0.000" /><testcase classname="tests.unit.library.test_builtins.TestGetFragmentPath" name="test_all_fragment_paths_can_be_retrieved" time="0.000" /><testcase classname="tests.unit.library.test_builtins.TestGetFragmentPath" name="test_raises_key_error_for_invalid_fragment" time="0.002" /><testcase classname="tests.unit.library.test_builtins.TestGetFragmentPath" name="test_raises_key_error_for_workflow_name" time="0.003" /><testcase classname="tests.unit.library.test_builtins.TestGetWorkflow" name="test_returns_workflow_file_for_valid_workflow" time="0.036" /><testcase classname="tests.unit.library.test_builtins.TestGetWorkflow" name="test_workflow_file_has_correct_name" time="0.031" /><testcase classname="tests.unit.library.test_builtins.TestGetWorkflow" name="test_workflow_file_has_description" time="0.038" /><testcase classname="tests.unit.library.test_builtins.TestGetWorkflow" name="test_workflow_file_has_version" time="0.030" /><testcase classname="tests.unit.library.test_builtins.TestGetWorkflow" name="test_workflow_file_has_steps" time="0.030" /><testcase classname="tests.unit.library.test_builtins.TestGetWorkflow" name="test_all_workflows_can_be_loaded" time="0.095" /><testcase classname="tests.unit.library.test_builtins.TestGetWorkflow" name="test_raises_key_error_for_invalid_workflow" time="0.000" /><testcase classname="tests.unit.library.test_builtins.TestGetWorkflow" name="test_raises_key_error_for_fragment_name" time="0.000" /><testcase classname="tests.unit.library.test_builtins.TestGetFragment" name="test_returns_workflow_file_for_valid_fragment" time="0.011" /><testcase classname="tests.unit.library.test_builtins.TestGetFragment" name="test_fragment_file_has_correct_name" time="0.019" /><testcase classname="tests.unit.library.test_builtins.TestGetFragment" name="test_fragment_file_has_description" time="0.011" /><testcase classname="tests.unit.library.test_builtins.TestGetFragment" name="test_fragment_file_has_version" time="0.011" /><testcase classname="tests.unit.library.test_builtins.TestGetFragment" name="test_fragment_file_has_steps" time="0.010" /><testcase classname="tests.unit.library.test_builtins.TestGetFragment" name="test_all_fragments_can_be_loaded" time="0.038" /><testcase classname="tests.unit.library.test_builtins.TestGetFragment" name="test_raises_key_error_for_invalid_fragment" time="0.000" /><testcase classname="tests.unit.library.test_builtins.TestGetFragment" name="test_raises_key_error_for_workflow_name" time="0.000" /><testcase classname="tests.unit.library.test_builtins.TestBuiltinLibraryIntegration" name="test_workflow_info_matches_loaded_workflow" time="0.030" /><testcase classname="tests.unit.library.test_builtins.TestBuiltinLibraryIntegration" name="test_fragment_info_matches_loaded_fragment" time="0.000"><skipped type="pytest.skip" message="Fragment file has validation errors">/workspaces/maverick/tests/unit/library/test_builtins.py:751: Fragment file has validation errors</skipped></testcase><testcase classname="tests.unit.library.test_builtins.TestBuiltinLibraryIntegration" name="test_has_workflow_matches_list_workflows" time="0.000" /><testcase classname="tests.unit.library.test_builtins.TestBuiltinLibraryIntegration" name="test_has_fragment_matches_list_fragments" time="0.000" /><testcase classname="tests.unit.library.test_builtins.TestBuiltinLibraryIntegration" name="test_get_workflow_path_and_get_workflow_are_consistent" time="0.029" /><testcase classname="tests.unit.library.test_builtins.TestBuiltinLibraryIntegration" name="test_get_fragment_path_and_get_fragment_are_consistent" time="0.011" /><testcase classname="tests.unit.library.test_builtins.TestBuiltinLibraryIntegration" name="test_all_workflow_files_are_valid" time="0.095" /><testcase classname="tests.unit.library.test_builtins.TestBuiltinLibraryIntegration" name="test_all_fragment_files_are_valid" time="0.038" /><testcase classname="tests.unit.library.test_generator_registration.TestRegisterAllGenerators" name="test_registers_commit_message_generator" time="0.000" /><testcase classname="tests.unit.library.test_generator_registration.TestRegisterAllGenerators" name="test_registers_pr_body_generator" time="0.000" /><testcase classname="tests.unit.library.test_generator_registration.TestRegisterAllGenerators" name="test_registers_pr_title_generator" time="0.000" /><testcase classname="tests.unit.library.test_generator_registration.TestRegisterAllGenerators" name="test_registers_all_expected_generators" time="0.000" /><testcase classname="tests.unit.library.test_generator_registration.TestRegisterAllGenerators" name="test_registration_is_idempotent" time="0.000" /><testcase classname="tests.unit.library.test_generator_registration.TestRegisterAllGenerators" name="test_registered_generators_can_be_instantiated" time="0.000" /><testcase classname="tests.unit.library.test_generator_registration.TestRegisterAllGenerators" name="test_registered_generators_have_correct_names" time="0.000" /><testcase classname="tests.unit.library.test_generator_registration.TestRegisterAllGenerators" name="test_generators_have_correct_instance_attributes" time="0.000" /><testcase classname="tests.unit.library.test_scaffold_service" name="test_list_templates_returns_list_of_template_info" time="0.001" /><testcase classname="tests.unit.library.test_scaffold_service" name="test_list_templates_contains_three_template_types" time="0.001" /><testcase classname="tests.unit.library.test_scaffold_service" name="test_list_templates_each_type_has_yaml_and_python_formats" time="0.001" /><testcase classname="tests.unit.library.test_scaffold_service" name="test_list_templates_has_correct_descriptions" time="0.001" /><testcase classname="tests.unit.library.test_scaffold_service" name="test_list_templates_has_correct_example_steps" time="0.001" /><testcase classname="tests.unit.library.test_scaffold_service" name="test_scaffold_creates_file_at_correct_path_yaml" time="0.009" /><testcase classname="tests.unit.library.test_scaffold_service" name="test_scaffold_creates_file_at_correct_path_python" time="0.006" /><testcase classname="tests.unit.library.test_scaffold_service" name="test_scaffold_creates_parent_directories_if_needed" time="0.003" /><testcase classname="tests.unit.library.test_scaffold_service" name="test_scaffold_raises_invalid_name_error_for_invalid_names" time="0.001" /><testcase classname="tests.unit.library.test_scaffold_service" name="test_scaffold_raises_output_exists_error_when_file_exists" time="0.003" /><testcase classname="tests.unit.library.test_scaffold_service" name="test_scaffold_overwrites_when_overwrite_true" time="0.004" /><testcase classname="tests.unit.library.test_scaffold_service" name="test_scaffold_rendered_content_is_valid_yaml" time="0.006" /><testcase classname="tests.unit.library.test_scaffold_service" name="test_scaffold_rendered_content_is_valid_python" time="0.003" /><testcase classname="tests.unit.library.test_scaffold_service" name="test_scaffold_template_variables_are_substituted_correctly_yaml" time="0.003" /><testcase classname="tests.unit.library.test_scaffold_service" name="test_scaffold_template_variables_are_substituted_correctly_python" time="0.004" /><testcase classname="tests.unit.library.test_scaffold_service" name="test_scaffold_full_template_has_all_expected_steps" time="0.005" /><testcase classname="tests.unit.library.test_scaffold_service" name="test_scaffold_parallel_template_has_parallel_structure" time="0.013" /><testcase classname="tests.unit.library.test_scaffold_service" name="test_preview_returns_content_without_creating_file" time="0.004" /><testcase classname="tests.unit.library.test_scaffold_service" name="test_preview_returns_scaffold_result_with_content_field_set" time="0.003" /><testcase classname="tests.unit.library.test_scaffold_service" name="test_preview_template_variables_are_substituted" time="0.003" /><testcase classname="tests.unit.library.test_scaffold_service" name="test_preview_validates_workflow_name" time="0.001" /><testcase classname="tests.unit.library.test_scaffold_service" name="test_preview_raises_template_render_error_for_missing_template" time="0.001" /><testcase classname="tests.unit.library.test_scaffold_service" name="test_create_scaffold_service_returns_scaffold_service_instance" time="0.000" /><testcase classname="tests.unit.library.test_scaffold_service" name="test_create_scaffold_service_with_custom_template_dir" time="0.001" /><testcase classname="tests.unit.library.test_scaffold_service" name="test_create_scaffold_service_raises_value_error_for_missing_template_dir" time="0.001" /><testcase classname="tests.unit.library.test_scaffold_service" name="test_each_template_type_renders_successfully[basic-yaml]" time="0.003" /><testcase classname="tests.unit.library.test_scaffold_service" name="test_each_template_type_renders_successfully[basic-python]" time="0.003" /><testcase classname="tests.unit.library.test_scaffold_service" name="test_each_template_type_renders_successfully[full-yaml]" time="0.003" /><testcase classname="tests.unit.library.test_scaffold_service" name="test_each_template_type_renders_successfully[full-python]" time="0.003" /><testcase classname="tests.unit.library.test_scaffold_service" name="test_each_template_type_renders_successfully[parallel-yaml]" time="0.003" /><testcase classname="tests.unit.library.test_scaffold_service" name="test_each_template_type_renders_successfully[parallel-python]" time="0.003" /><testcase classname="tests.unit.library.test_scaffold_service" name="test_rendered_yaml_is_valid[basic]" time="0.005" /><testcase classname="tests.unit.library.test_scaffold_service" name="test_rendered_yaml_is_valid[full]" time="0.005" /><testcase classname="tests.unit.library.test_scaffold_service" name="test_rendered_yaml_is_valid[parallel]" time="0.009" /><testcase classname="tests.unit.library.test_scaffold_service" name="test_rendered_python_is_valid_syntax[basic]" time="0.003" /><testcase classname="tests.unit.library.test_scaffold_service" name="test_rendered_python_is_valid_syntax[full]" time="0.003" /><testcase classname="tests.unit.library.test_scaffold_service" name="test_rendered_python_is_valid_syntax[parallel]" time="0.003" /><testcase classname="tests.unit.library.test_scaffold_service" name="test_scaffold_with_empty_description_and_author" time="0.003" /><testcase classname="tests.unit.library.test_scaffold_service" name="test_scaffold_with_hyphens_in_name" time="0.003" /><testcase classname="tests.unit.library.test_scaffold_service" name="test_scaffold_with_numbers_in_name" time="0.002" /><testcase classname="tests.unit.library.test_scaffold_service" name="test_get_template_path_returns_correct_path" time="0.001" /><testcase classname="tests.unit.library.test_scaffold_service" name="test_scaffold_result_includes_date_in_content" time="0.002" /><testcase classname="tests.unit.library.test_workflow_parsing.TestWorkflowParsing" name="test_workflow_parses_successfully[fly.yaml]" time="0.031" /><testcase classname="tests.unit.library.test_workflow_parsing.TestWorkflowParsing" name="test_workflow_parses_successfully[refuel.yaml]" time="0.018" /><testcase classname="tests.unit.library.test_workflow_parsing.TestWorkflowParsing" name="test_workflow_parses_successfully[review.yaml]" time="0.013" /><testcase classname="tests.unit.library.test_workflow_parsing.TestWorkflowParsing" name="test_workflow_parses_successfully[validate.yaml]" time="0.010" /><testcase classname="tests.unit.library.test_workflow_parsing.TestWorkflowParsing" name="test_workflow_parses_successfully[quick_fix.yaml]" time="0.012" /><testcase classname="tests.unit.library.test_workflow_parsing.TestWorkflowParsing" name="test_workflow_has_required_fields[fly.yaml]" time="0.029" /><testcase classname="tests.unit.library.test_workflow_parsing.TestWorkflowParsing" name="test_workflow_has_required_fields[refuel.yaml]" time="0.016" /><testcase classname="tests.unit.library.test_workflow_parsing.TestWorkflowParsing" name="test_workflow_has_required_fields[review.yaml]" time="0.012" /><testcase classname="tests.unit.library.test_workflow_parsing.TestWorkflowParsing" name="test_workflow_has_required_fields[validate.yaml]" time="0.009" /><testcase classname="tests.unit.library.test_workflow_parsing.TestWorkflowParsing" name="test_workflow_has_required_fields[quick_fix.yaml]" time="0.012" /><testcase classname="tests.unit.library.test_workflow_parsing.TestWorkflowParsing" name="test_workflow_has_unique_step_names[fly.yaml]" time="0.028" /><testcase classname="tests.unit.library.test_workflow_parsing.TestWorkflowParsing" name="test_workflow_has_unique_step_names[refuel.yaml]" time="0.017" /><testcase classname="tests.unit.library.test_workflow_parsing.TestWorkflowParsing" name="test_workflow_has_unique_step_names[review.yaml]" time="0.013" /><testcase classname="tests.unit.library.test_workflow_parsing.TestWorkflowParsing" name="test_workflow_has_unique_step_names[validate.yaml]" time="0.010" /><testcase classname="tests.unit.library.test_workflow_parsing.TestWorkflowParsing" name="test_workflow_has_unique_step_names[quick_fix.yaml]" time="0.013" /><testcase classname="tests.unit.library.test_workflow_parsing.TestWorkflowParsing" name="test_workflow_steps_have_valid_types[fly.yaml]" time="0.030" /><testcase classname="tests.unit.library.test_workflow_parsing.TestWorkflowParsing" name="test_workflow_steps_have_valid_types[refuel.yaml]" time="0.017" /><testcase classname="tests.unit.library.test_workflow_parsing.TestWorkflowParsing" name="test_workflow_steps_have_valid_types[review.yaml]" time="0.013" /><testcase classname="tests.unit.library.test_workflow_parsing.TestWorkflowParsing" name="test_workflow_steps_have_valid_types[validate.yaml]" time="0.010" /><testcase classname="tests.unit.library.test_workflow_parsing.TestWorkflowParsing" name="test_workflow_steps_have_valid_types[quick_fix.yaml]" time="0.012" /><testcase classname="tests.unit.library.test_workflow_parsing.TestWorkflowParsing" name="test_workflow_inputs_are_valid[fly.yaml]" time="0.028" /><testcase classname="tests.unit.library.test_workflow_parsing.TestWorkflowParsing" name="test_workflow_inputs_are_valid[refuel.yaml]" time="0.018" /><testcase classname="tests.unit.library.test_workflow_parsing.TestWorkflowParsing" name="test_workflow_inputs_are_valid[review.yaml]" time="0.018" /><testcase classname="tests.unit.library.test_workflow_parsing.TestWorkflowParsing" name="test_workflow_inputs_are_valid[validate.yaml]" time="0.017" /><testcase classname="tests.unit.library.test_workflow_parsing.TestWorkflowParsing" name="test_workflow_inputs_are_valid[quick_fix.yaml]" time="0.013" /><testcase classname="tests.unit.library.test_workflow_parsing.TestSpecificWorkflows" name="test_fly_workflow_structure" time="0.030" /><testcase classname="tests.unit.library.test_workflow_parsing.TestSpecificWorkflows" name="test_refuel_workflow_structure" time="0.018" /><testcase classname="tests.unit.library.test_workflow_parsing.TestSpecificWorkflows" name="test_review_workflow_structure" time="0.013" /><testcase classname="tests.unit.library.test_workflow_parsing.TestSpecificWorkflows" name="test_validate_workflow_structure" time="0.012" /><testcase classname="tests.unit.library.test_workflow_parsing.TestSpecificWorkflows" name="test_quick_fix_workflow_structure" time="0.018" /><testcase classname="tests.unit.library.test_workflow_parsing.TestWorkflowConsistency" name="test_all_workflows_have_descriptions" time="0.086" /><testcase classname="tests.unit.library.test_workflow_parsing.TestWorkflowConsistency" name="test_all_workflows_use_version_1_0" time="0.093" /><testcase classname="tests.unit.models.test_implementation_enums.TestTaskStatus" name="test_task_status_pending_value" time="0.001" /><testcase classname="tests.unit.models.test_implementation_enums.TestTaskStatus" name="test_task_status_in_progress_value" time="0.000" /><testcase classname="tests.unit.models.test_implementation_enums.TestTaskStatus" name="test_task_status_completed_value" time="0.000" /><testcase classname="tests.unit.models.test_implementation_enums.TestTaskStatus" name="test_task_status_failed_value" time="0.000" /><testcase classname="tests.unit.models.test_implementation_enums.TestTaskStatus" name="test_task_status_skipped_value" time="0.000" /><testcase classname="tests.unit.models.test_implementation_enums.TestTaskStatus" name="test_task_status_is_string_enum" time="0.000" /><testcase classname="tests.unit.models.test_implementation_enums.TestTaskStatus" name="test_task_status_string_comparison" time="0.000" /><testcase classname="tests.unit.models.test_implementation_enums.TestTaskStatus" name="test_task_status_from_string" time="0.000" /><testcase classname="tests.unit.models.test_implementation_enums.TestTaskStatus" name="test_task_status_from_string_case_sensitive" time="0.000" /><testcase classname="tests.unit.models.test_implementation_enums.TestTaskStatus" name="test_task_status_invalid_value_raises" time="0.000" /><testcase classname="tests.unit.models.test_implementation_enums.TestTaskStatus" name="test_task_status_iteration" time="0.000" /><testcase classname="tests.unit.models.test_implementation_enums.TestTaskStatus" name="test_task_status_membership" time="0.000" /><testcase classname="tests.unit.models.test_implementation_enums.TestTaskStatus" name="test_task_status_name_attribute" time="0.000" /><testcase classname="tests.unit.models.test_implementation_enums.TestTaskStatus" name="test_task_status_all_members" time="0.000" /><testcase classname="tests.unit.models.test_implementation_enums.TestTaskStatus" name="test_task_status_used_in_conditional" time="0.000" /><testcase classname="tests.unit.models.test_implementation_enums.TestTaskStatus" name="test_task_status_unique_values" time="0.000" /><testcase classname="tests.unit.models.test_implementation_enums.TestChangeType" name="test_change_type_added_value" time="0.000" /><testcase classname="tests.unit.models.test_implementation_enums.TestChangeType" name="test_change_type_modified_value" time="0.000" /><testcase classname="tests.unit.models.test_implementation_enums.TestChangeType" name="test_change_type_deleted_value" time="0.000" /><testcase classname="tests.unit.models.test_implementation_enums.TestChangeType" name="test_change_type_renamed_value" time="0.000" /><testcase classname="tests.unit.models.test_implementation_enums.TestChangeType" name="test_change_type_is_string_enum" time="0.000" /><testcase classname="tests.unit.models.test_implementation_enums.TestChangeType" name="test_change_type_string_comparison" time="0.000" /><testcase classname="tests.unit.models.test_implementation_enums.TestChangeType" name="test_change_type_from_string" time="0.000" /><testcase classname="tests.unit.models.test_implementation_enums.TestChangeType" name="test_change_type_from_string_case_sensitive" time="0.000" /><testcase classname="tests.unit.models.test_implementation_enums.TestChangeType" name="test_change_type_invalid_value_raises" time="0.000" /><testcase classname="tests.unit.models.test_implementation_enums.TestChangeType" name="test_change_type_iteration" time="0.000" /><testcase classname="tests.unit.models.test_implementation_enums.TestChangeType" name="test_change_type_membership" time="0.000" /><testcase classname="tests.unit.models.test_implementation_enums.TestChangeType" name="test_change_type_name_attribute" time="0.000" /><testcase classname="tests.unit.models.test_implementation_enums.TestChangeType" name="test_change_type_all_members" time="0.000" /><testcase classname="tests.unit.models.test_implementation_enums.TestChangeType" name="test_change_type_unique_values" time="0.000" /><testcase classname="tests.unit.models.test_implementation_enums.TestValidationStep" name="test_validation_step_format_value" time="0.000" /><testcase classname="tests.unit.models.test_implementation_enums.TestValidationStep" name="test_validation_step_lint_value" time="0.000" /><testcase classname="tests.unit.models.test_implementation_enums.TestValidationStep" name="test_validation_step_typecheck_value" time="0.000" /><testcase classname="tests.unit.models.test_implementation_enums.TestValidationStep" name="test_validation_step_test_value" time="0.000" /><testcase classname="tests.unit.models.test_implementation_enums.TestValidationStep" name="test_validation_step_is_string_enum" time="0.000" /><testcase classname="tests.unit.models.test_implementation_enums.TestValidationStep" name="test_validation_step_string_comparison" time="0.000" /><testcase classname="tests.unit.models.test_implementation_enums.TestValidationStep" name="test_validation_step_from_string" time="0.000" /><testcase classname="tests.unit.models.test_implementation_enums.TestValidationStep" name="test_validation_step_from_string_case_sensitive" time="0.000" /><testcase classname="tests.unit.models.test_implementation_enums.TestValidationStep" name="test_validation_step_invalid_value_raises" time="0.000" /><testcase classname="tests.unit.models.test_implementation_enums.TestValidationStep" name="test_validation_step_iteration" time="0.000" /><testcase classname="tests.unit.models.test_implementation_enums.TestValidationStep" name="test_validation_step_membership" time="0.000" /><testcase classname="tests.unit.models.test_implementation_enums.TestValidationStep" name="test_validation_step_name_attribute" time="0.000" /><testcase classname="tests.unit.models.test_implementation_enums.TestValidationStep" name="test_validation_step_all_members" time="0.000" /><testcase classname="tests.unit.models.test_implementation_enums.TestValidationStep" name="test_validation_step_unique_values" time="0.000" /><testcase classname="tests.unit.models.test_implementation_enums.TestEnumComparisons" name="test_different_enums_not_equal" time="0.000" /><testcase classname="tests.unit.models.test_implementation_enums.TestEnumComparisons" name="test_same_value_different_enums_not_equal" time="0.000" /><testcase classname="tests.unit.models.test_implementation_enums.TestEnumComparisons" name="test_enum_sorting" time="0.000" /><testcase classname="tests.unit.models.test_implementation_enums.TestEnumSerialization" name="test_task_status_str" time="0.000" /><testcase classname="tests.unit.models.test_implementation_enums.TestEnumSerialization" name="test_change_type_str" time="0.000" /><testcase classname="tests.unit.models.test_implementation_enums.TestEnumSerialization" name="test_validation_step_str" time="0.000" /><testcase classname="tests.unit.models.test_implementation_enums.TestEnumSerialization" name="test_enum_format_with_f_string" time="0.000" /><testcase classname="tests.unit.models.test_implementation_enums.TestEnumSerialization" name="test_enum_in_dict_keys" time="0.000" /><testcase classname="tests.unit.models.test_implementation_enums.TestEnumSerialization" name="test_enum_in_list" time="0.000" /><testcase classname="tests.unit.models.test_implementation_enums.TestEnumHashing" name="test_enum_hashable" time="0.000" /><testcase classname="tests.unit.models.test_implementation_enums.TestEnumHashing" name="test_enum_identity" time="0.000" /><testcase classname="tests.unit.models.test_implementation_enums.TestEnumHashing" name="test_enum_equality_reflexive" time="0.000" /><testcase classname="tests.unit.models.test_implementation_enums.TestEnumHashing" name="test_enum_equality_symmetric" time="0.000" /><testcase classname="tests.unit.models.test_implementation_models.TestTask" name="test_creation_with_required_fields" time="0.000" /><testcase classname="tests.unit.models.test_implementation_models.TestTask" name="test_creation_with_all_fields" time="0.000" /><testcase classname="tests.unit.models.test_implementation_models.TestTask" name="test_id_requires_pattern_t_followed_by_digits" time="0.000" /><testcase classname="tests.unit.models.test_implementation_models.TestTask" name="test_id_pattern_requires_minimum_three_digits" time="0.000" /><testcase classname="tests.unit.models.test_implementation_models.TestTask" name="test_description_required_nonempty" time="0.000" /><testcase classname="tests.unit.models.test_implementation_models.TestTask" name="test_status_defaults_to_pending" time="0.000" /><testcase classname="tests.unit.models.test_implementation_models.TestTask" name="test_status_accepts_enum_and_string" time="0.000" /><testcase classname="tests.unit.models.test_implementation_models.TestTask" name="test_parallel_defaults_to_false" time="0.000" /><testcase classname="tests.unit.models.test_implementation_models.TestTask" name="test_user_story_pattern_optional" time="0.000" /><testcase classname="tests.unit.models.test_implementation_models.TestTask" name="test_user_story_pattern_validation" time="0.000" /><testcase classname="tests.unit.models.test_implementation_models.TestTask" name="test_dependencies_defaults_to_empty_list" time="0.000" /><testcase classname="tests.unit.models.test_implementation_models.TestTask" name="test_is_parallelizable_property" time="0.000" /><testcase classname="tests.unit.models.test_implementation_models.TestTask" name="test_is_actionable_property" time="0.000" /><testcase classname="tests.unit.models.test_implementation_models.TestTask" name="test_task_is_frozen" time="0.000" /><testcase classname="tests.unit.models.test_implementation_models.TestTask" name="test_task_with_multiple_dependencies" time="0.000" /><testcase classname="tests.unit.models.test_implementation_models.TestTask" name="test_task_comparison_by_id" time="0.000" /><testcase classname="tests.unit.models.test_implementation_models.TestFileChange" name="test_creation_with_required_fields" time="0.000" /><testcase classname="tests.unit.models.test_implementation_models.TestFileChange" name="test_creation_with_all_fields" time="0.000" /><testcase classname="tests.unit.models.test_implementation_models.TestFileChange" name="test_change_type_defaults_to_modified" time="0.000" /><testcase classname="tests.unit.models.test_implementation_models.TestFileChange" name="test_change_type_accepts_enum_and_string" time="0.000" /><testcase classname="tests.unit.models.test_implementation_models.TestFileChange" name="test_lines_added_defaults_to_zero" time="0.000" /><testcase classname="tests.unit.models.test_implementation_models.TestFileChange" name="test_lines_removed_defaults_to_zero" time="0.000" /><testcase classname="tests.unit.models.test_implementation_models.TestFileChange" name="test_lines_added_must_be_nonnegative" time="0.000" /><testcase classname="tests.unit.models.test_implementation_models.TestFileChange" name="test_lines_removed_must_be_nonnegative" time="0.000" /><testcase classname="tests.unit.models.test_implementation_models.TestFileChange" name="test_old_path_optional_for_renamed" time="0.000" /><testcase classname="tests.unit.models.test_implementation_models.TestFileChange" name="test_net_lines_property" time="0.000" /><testcase classname="tests.unit.models.test_implementation_models.TestFileChange" name="test_net_lines_zero" time="0.000" /><testcase classname="tests.unit.models.test_implementation_models.TestFileChange" name="test_file_change_is_frozen" time="0.000" /><testcase classname="tests.unit.models.test_implementation_models.TestFileChange" name="test_file_path_required" time="0.000" /><testcase classname="tests.unit.models.test_implementation_models.TestFileChange" name="test_various_file_paths" time="0.000" /><testcase classname="tests.unit.models.test_implementation_models.TestValidationResult" name="test_creation_with_required_fields" time="0.000" /><testcase classname="tests.unit.models.test_implementation_models.TestValidationResult" name="test_creation_with_all_fields" time="0.000" /><testcase classname="tests.unit.models.test_implementation_models.TestValidationResult" name="test_step_accepts_enum_and_string" time="0.000" /><testcase classname="tests.unit.models.test_implementation_models.TestValidationResult" name="test_success_required_and_boolean" time="0.000" /><testcase classname="tests.unit.models.test_implementation_models.TestValidationResult" name="test_output_defaults_to_empty_string" time="0.000" /><testcase classname="tests.unit.models.test_implementation_models.TestValidationResult" name="test_output_can_contain_multiline_text" time="0.000" /><testcase classname="tests.unit.models.test_implementation_models.TestValidationResult" name="test_duration_ms_defaults_to_zero" time="0.000" /><testcase classname="tests.unit.models.test_implementation_models.TestValidationResult" name="test_duration_ms_must_be_nonnegative" time="0.000" /><testcase classname="tests.unit.models.test_implementation_models.TestValidationResult" name="test_auto_fixed_defaults_to_false" time="0.000" /><testcase classname="tests.unit.models.test_implementation_models.TestValidationResult" name="test_validation_result_scenarios" time="0.000" /><testcase classname="tests.unit.models.test_implementation_models.TestValidationResult" name="test_validation_result_is_frozen" time="0.000" /><testcase classname="tests.unit.models.test_implementation_models.TestValidationResult" name="test_all_validation_steps" time="0.000" /><testcase classname="tests.unit.models.test_implementation_models.TestModelSerialization" name="test_task_to_dict" time="0.000" /><testcase classname="tests.unit.models.test_implementation_models.TestModelSerialization" name="test_file_change_to_dict" time="0.000" /><testcase classname="tests.unit.models.test_implementation_models.TestModelSerialization" name="test_validation_result_to_dict" time="0.000" /><testcase classname="tests.unit.models.test_implementation_models.TestModelSerialization" name="test_task_from_dict" time="0.000" /><testcase classname="tests.unit.models.test_implementation_models.TestModelSerialization" name="test_file_change_from_dict" time="0.000" /><testcase classname="tests.unit.models.test_implementation_models.TestModelSerialization" name="test_validation_result_from_dict" time="0.000" /><testcase classname="tests.unit.models.test_implementation_models.TestModelRelationships" name="test_task_with_multiple_file_changes" time="0.000" /><testcase classname="tests.unit.models.test_implementation_models.TestModelRelationships" name="test_validation_pipeline_sequence" time="0.000" /><testcase classname="tests.unit.models.test_implementation_models.TestModelRelationships" name="test_task_with_dependencies_and_parallel_flag" time="0.000" /><testcase classname="tests.unit.models.test_review.TestReviewSeverity" name="test_severity_values" time="0.000" /><testcase classname="tests.unit.models.test_review.TestReviewSeverity" name="test_severity_is_string_enum" time="0.000" /><testcase classname="tests.unit.models.test_review.TestReviewSeverity" name="test_severity_iteration" time="0.000" /><testcase classname="tests.unit.models.test_review.TestReviewSeverity" name="test_severity_from_string" time="0.000" /><testcase classname="tests.unit.models.test_review.TestReviewSeverity" name="test_severity_invalid_value_raises" time="0.000" /><testcase classname="tests.unit.models.test_review.TestUsageStats" name="test_creation_with_valid_values" time="0.000" /><testcase classname="tests.unit.models.test_review.TestUsageStats" name="test_total_tokens_property" time="0.000" /><testcase classname="tests.unit.models.test_review.TestUsageStats" name="test_total_cost_is_optional" time="0.000" /><testcase classname="tests.unit.models.test_review.TestUsageStats" name="test_negative_tokens_raises_validation_error" time="0.000" /><testcase classname="tests.unit.models.test_review.TestUsageStats" name="test_negative_duration_raises_validation_error" time="0.000" /><testcase classname="tests.unit.models.test_review.TestUsageStats" name="test_negative_cost_raises_validation_error" time="0.000" /><testcase classname="tests.unit.models.test_review.TestUsageStats" name="test_zero_values_are_valid" time="0.000" /><testcase classname="tests.unit.models.test_review.TestReviewFinding" name="test_creation_with_required_fields" time="0.000" /><testcase classname="tests.unit.models.test_review.TestReviewFinding" name="test_creation_with_all_fields" time="0.000" /><testcase classname="tests.unit.models.test_review.TestReviewFinding" name="test_finding_is_frozen" time="0.000" /><testcase classname="tests.unit.models.test_review.TestReviewFinding" name="test_line_must_be_positive" time="0.000" /><testcase classname="tests.unit.models.test_review.TestReviewFinding" name="test_message_minimum_length" time="0.000" /><testcase classname="tests.unit.models.test_review.TestReviewFinding" name="test_severity_accepts_string_value" time="0.000" /><testcase classname="tests.unit.models.test_review.TestReviewFinding" name="test_invalid_severity_raises_error" time="0.000" /><testcase classname="tests.unit.models.test_review.TestReviewResult" name="test_creation_with_required_fields" time="0.000" /><testcase classname="tests.unit.models.test_review.TestReviewResult" name="test_creation_with_findings" time="0.000" /><testcase classname="tests.unit.models.test_review.TestReviewResult" name="test_has_critical_findings_true" time="0.000" /><testcase classname="tests.unit.models.test_review.TestReviewResult" name="test_has_critical_findings_false" time="0.000" /><testcase classname="tests.unit.models.test_review.TestReviewResult" name="test_has_critical_findings_empty" time="0.000" /><testcase classname="tests.unit.models.test_review.TestReviewResult" name="test_findings_by_severity" time="0.000" /><testcase classname="tests.unit.models.test_review.TestReviewResult" name="test_findings_by_severity_includes_all_levels" time="0.000" /><testcase classname="tests.unit.models.test_review.TestReviewResult" name="test_findings_by_file" time="0.000" /><testcase classname="tests.unit.models.test_review.TestReviewResult" name="test_files_reviewed_cannot_be_negative" time="0.000" /><testcase classname="tests.unit.models.test_review.TestReviewResult" name="test_result_with_usage_stats" time="0.000" /><testcase classname="tests.unit.models.test_review.TestReviewResult" name="test_result_with_metadata" time="0.001" /><testcase classname="tests.unit.models.test_review.TestReviewResult" name="test_result_with_errors" time="0.000" /><testcase classname="tests.unit.models.test_review.TestReviewContext" name="test_creation_with_required_fields" time="0.000" /><testcase classname="tests.unit.models.test_review.TestReviewContext" name="test_creation_with_all_fields" time="0.000" /><testcase classname="tests.unit.models.test_review.TestReviewContext" name="test_cwd_accepts_string" time="0.000" /><testcase classname="tests.unit.models.test_review.TestReviewContext" name="test_default_base_branch_is_main" time="0.000" /><testcase classname="tests.unit.models.test_review.TestReviewContext" name="test_empty_file_list_is_different_from_none" time="0.000" /><testcase classname="tests.unit.models.test_review.TestReviewContext" name="test_file_list_preserved_exactly" time="0.000" /><testcase classname="tests.unit.models.test_review.TestModelSerialization" name="test_usage_stats_to_dict" time="0.000" /><testcase classname="tests.unit.models.test_review.TestModelSerialization" name="test_finding_to_dict" time="0.000" /><testcase classname="tests.unit.models.test_review.TestModelSerialization" name="test_result_to_json" time="0.000" /><testcase classname="tests.unit.models.test_review.TestModelSerialization" name="test_finding_from_dict" time="0.000" /><testcase classname="tests.unit.models.test_review.TestModelSerialization" name="test_result_from_dict" time="0.000" /><testcase classname="tests.unit.models.test_task_file.TestTaskFileInstantiation" name="test_instantiate_with_required_fields" time="0.000" /><testcase classname="tests.unit.models.test_task_file.TestTaskFileInstantiation" name="test_instantiate_with_tasks" time="0.000" /><testcase classname="tests.unit.models.test_task_file.TestTaskFileInstantiation" name="test_instantiate_with_phases" time="0.000" /><testcase classname="tests.unit.models.test_task_file.TestPendingTasks" name="test_pending_tasks_empty" time="0.000" /><testcase classname="tests.unit.models.test_task_file.TestPendingTasks" name="test_pending_tasks_returns_all_pending" time="0.000" /><testcase classname="tests.unit.models.test_task_file.TestPendingTasks" name="test_pending_tasks_preserves_order" time="0.000" /><testcase classname="tests.unit.models.test_task_file.TestCompletedTasks" name="test_completed_tasks_empty" time="0.000" /><testcase classname="tests.unit.models.test_task_file.TestCompletedTasks" name="test_completed_tasks_returns_all_completed" time="0.000" /><testcase classname="tests.unit.models.test_task_file.TestFailedTasks" name="test_failed_tasks_empty" time="0.000" /><testcase classname="tests.unit.models.test_task_file.TestFailedTasks" name="test_failed_tasks_returns_all_failed" time="0.000" /><testcase classname="tests.unit.models.test_task_file.TestGetParallelBatch" name="test_get_parallel_batch_empty_when_no_pending" time="0.000" /><testcase classname="tests.unit.models.test_task_file.TestGetParallelBatch" name="test_get_parallel_batch_empty_when_first_is_sequential" time="0.000" /><testcase classname="tests.unit.models.test_task_file.TestGetParallelBatch" name="test_get_parallel_batch_returns_consecutive_parallel_tasks" time="0.000" /><testcase classname="tests.unit.models.test_task_file.TestGetParallelBatch" name="test_get_parallel_batch_stops_at_non_parallel" time="0.000" /><testcase classname="tests.unit.models.test_task_file.TestGetParallelBatch" name="test_get_parallel_batch_ignores_completed_tasks" time="0.000" /><testcase classname="tests.unit.models.test_task_file.TestGetParallelBatch" name="test_get_parallel_batch_excludes_tasks_with_dependencies" time="0.000" /><testcase classname="tests.unit.models.test_task_file.TestGetNextSequential" name="test_get_next_sequential_returns_none_when_no_pending" time="0.000" /><testcase classname="tests.unit.models.test_task_file.TestGetNextSequential" name="test_get_next_sequential_returns_none_when_all_pending_are_parallel" time="0.000" /><testcase classname="tests.unit.models.test_task_file.TestGetNextSequential" name="test_get_next_sequential_returns_first_sequential_pending" time="0.000" /><testcase classname="tests.unit.models.test_task_file.TestGetNextSequential" name="test_get_next_sequential_skips_completed_parallel" time="0.000" /><testcase classname="tests.unit.models.test_task_file.TestMarkTaskStatus" name="test_mark_task_status_creates_new_instance" time="0.000" /><testcase classname="tests.unit.models.test_task_file.TestMarkTaskStatus" name="test_mark_task_status_updates_single_task" time="0.000" /><testcase classname="tests.unit.models.test_task_file.TestMarkTaskStatus" name="test_mark_task_status_preserves_task_properties" time="0.000" /><testcase classname="tests.unit.models.test_task_file.TestMarkTaskStatus" name="test_mark_task_status_no_change_if_not_found" time="0.000" /><testcase classname="tests.unit.models.test_task_file.TestMarkTaskStatus" name="test_mark_task_status_updates_phases_dict" time="0.000" /><testcase classname="tests.unit.models.test_task_file.TestTaskFileParse" name="test_parse_from_content" time="0.000" /><testcase classname="tests.unit.models.test_task_file.TestTaskFileParse" name="test_parse_from_file" time="0.000" /><testcase classname="tests.unit.models.test_task_file.TestTaskFileParse" name="test_parse_maintains_path" time="0.000" /><testcase classname="tests.unit.runners.parsers.test_eslint.TestESLintJSONParser" name="test_can_parse_eslint_json" time="0.001" /><testcase classname="tests.unit.runners.parsers.test_eslint.TestESLintJSONParser" name="test_can_parse_empty_results" time="0.000" /><testcase classname="tests.unit.runners.parsers.test_eslint.TestESLintJSONParser" name="test_cannot_parse_non_json" time="0.000" /><testcase classname="tests.unit.runners.parsers.test_eslint.TestESLintJSONParser" name="test_cannot_parse_invalid_json" time="0.000" /><testcase classname="tests.unit.runners.parsers.test_eslint.TestESLintJSONParser" name="test_cannot_parse_wrong_format" time="0.000" /><testcase classname="tests.unit.runners.parsers.test_eslint.TestESLintJSONParser" name="test_parse_single_error" time="0.000" /><testcase classname="tests.unit.runners.parsers.test_eslint.TestESLintJSONParser" name="test_parse_warning" time="0.000" /><testcase classname="tests.unit.runners.parsers.test_eslint.TestESLintJSONParser" name="test_parse_multiple_messages_in_file" time="0.000" /><testcase classname="tests.unit.runners.parsers.test_eslint.TestESLintJSONParser" name="test_parse_multiple_files" time="0.000" /><testcase classname="tests.unit.runners.parsers.test_eslint.TestESLintJSONParser" name="test_parse_empty_results" time="0.000" /><testcase classname="tests.unit.runners.parsers.test_eslint.TestESLintJSONParser" name="test_parse_file_with_no_messages" time="0.000" /><testcase classname="tests.unit.runners.parsers.test_eslint.TestESLintJSONParser" name="test_parse_with_rule_id" time="0.000" /><testcase classname="tests.unit.runners.parsers.test_eslint.TestESLintJSONParser" name="test_parse_without_column" time="0.000" /><testcase classname="tests.unit.runners.parsers.test_eslint.TestESLintJSONParser" name="test_parse_without_rule_id" time="0.000" /><testcase classname="tests.unit.runners.parsers.test_eslint.TestESLintJSONParser" name="test_parse_invalid_json_returns_empty_list" time="0.000" /><testcase classname="tests.unit.runners.parsers.test_eslint.TestESLintJSONParser" name="test_parse_missing_line_defaults_to_one" time="0.000" /><testcase classname="tests.unit.runners.parsers.test_eslint.TestESLintJSONParser" name="test_parse_missing_message_defaults" time="0.000" /><testcase classname="tests.unit.runners.parsers.test_eslint.TestESLintJSONParser" name="test_parse_severity_other_than_1_or_2" time="0.000" /><testcase classname="tests.unit.runners.parsers.test_eslint.TestESLintJSONParser" name="test_parse_with_whitespace" time="0.000" /><testcase classname="tests.unit.runners.parsers.test_python.TestPythonTracebackParser" name="test_can_parse_traceback" time="0.000" /><testcase classname="tests.unit.runners.parsers.test_python.TestPythonTracebackParser" name="test_parse_extracts_error" time="0.000" /><testcase classname="tests.unit.runners.parsers.test_rust.TestRustCompilerParser" name="test_can_parse_rust_error" time="0.000" /><testcase classname="tests.unit.runners.parsers.test_rust.TestRustCompilerParser" name="test_can_parse_rust_error_without_code" time="0.000" /><testcase classname="tests.unit.runners.parsers.test_rust.TestRustCompilerParser" name="test_can_parse_rust_warning" time="0.000" /><testcase classname="tests.unit.runners.parsers.test_rust.TestRustCompilerParser" name="test_cannot_parse_non_rust" time="0.000" /><testcase classname="tests.unit.runners.parsers.test_rust.TestRustCompilerParser" name="test_parse_error_with_location" time="0.000" /><testcase classname="tests.unit.runners.parsers.test_rust.TestRustCompilerParser" name="test_parse_error_without_code" time="0.000" /><testcase classname="tests.unit.runners.parsers.test_rust.TestRustCompilerParser" name="test_parse_warning" time="0.000" /><testcase classname="tests.unit.runners.parsers.test_rust.TestRustCompilerParser" name="test_parse_warning_with_code" time="0.000" /><testcase classname="tests.unit.runners.parsers.test_rust.TestRustCompilerParser" name="test_parse_multiple_errors" time="0.000" /><testcase classname="tests.unit.runners.parsers.test_rust.TestRustCompilerParser" name="test_parse_error_code" time="0.000" /><testcase classname="tests.unit.runners.parsers.test_rust.TestRustCompilerParser" name="test_empty_output" time="0.000" /><testcase classname="tests.unit.runners.parsers.test_rust.TestRustCompilerParser" name="test_parse_output_with_no_errors" time="0.000" /><testcase classname="tests.unit.runners.parsers.test_rust.TestRustCompilerParser" name="test_parse_cargo_error" time="0.000" /><testcase classname="tests.unit.runners.parsers.test_rust.TestRustCompilerParser" name="test_parse_error_with_relative_and_absolute_paths" time="0.000" /><testcase classname="tests.unit.runners.parsers.test_rust.TestRustCompilerParser" name="test_parse_complex_multiline_error" time="0.000" /><testcase classname="tests.unit.runners.parsers.test_rust.TestRustCompilerParser" name="test_parse_error_messages_with_special_characters" time="0.000" /><testcase classname="tests.unit.runners.test_coderabbit.TestCodeRabbitRunner" name="test_run_review_success" time="0.001" /><testcase classname="tests.unit.runners.test_coderabbit.TestCodeRabbitRunner" name="test_coderabbit_not_installed" time="0.001" /><testcase classname="tests.unit.runners.test_coderabbit.TestCodeRabbitRunner" name="test_review_specific_files" time="0.001" /><testcase classname="tests.unit.runners.test_coderabbit.TestCodeRabbitRunner" name="test_malformed_output_handling" time="0.002" /><testcase classname="tests.unit.runners.test_coderabbit.TestCodeRabbitRunner" name="test_is_available_returns_false_when_not_installed" time="0.001" /><testcase classname="tests.unit.runners.test_coderabbit.TestCodeRabbitRunner" name="test_is_available_returns_true_when_installed" time="0.001" /><testcase classname="tests.unit.runners.test_command.TestCommandRunner" name="test_run_simple_command" time="0.001" /><testcase classname="tests.unit.runners.test_command.TestCommandRunner" name="test_run_command_with_stderr" time="0.001" /><testcase classname="tests.unit.runners.test_command.TestCommandRunner" name="test_run_command_timeout" time="0.002" /><testcase classname="tests.unit.runners.test_command.TestCommandRunner" name="test_working_directory_validation" time="0.001" /><testcase classname="tests.unit.runners.test_command.TestCommandRunner" name="test_environment_merge" time="0.002" /><testcase classname="tests.unit.runners.test_command.TestCommandRunner" name="test_stream_output_lines" time="0.003" /><testcase classname="tests.unit.runners.test_command.TestCommandRunner" name="test_stream_with_timeout" time="10.020" /><testcase classname="tests.unit.runners.test_command.TestCommandRunner" name="test_stream_line_timestamps" time="0.008" /><testcase classname="tests.unit.runners.test_command.TestCommandRunner" name="test_wait_returns_result_after_stream" time="0.004" /><testcase classname="tests.unit.runners.test_command.TestCommandRunner" name="test_stream_captures_stderr" time="0.006" /><testcase classname="tests.unit.runners.test_command.TestCommandRunner" name="test_stream_handles_large_stderr" time="0.005" /><testcase classname="tests.unit.runners.test_command.TestCommandRunner" name="test_stream_partial_on_failure" time="0.003" /><testcase classname="tests.unit.runners.test_command.TestCommandRunner" name="test_large_output_memory_stable" time="3.199" /><testcase classname="tests.unit.runners.test_command.TestCommandRunner" name="test_wait_reports_timeout_from_stream" time="1.005" /><testcase classname="tests.unit.runners.test_command.TestCommandRunner" name="test_run_raises_command_not_found_error" time="0.002" /><testcase classname="tests.unit.runners.test_git.TestGitResult" name="test_success_result" time="0.001" /><testcase classname="tests.unit.runners.test_git.TestGitResult" name="test_failed_result" time="0.001" /><testcase classname="tests.unit.runners.test_git.TestGitResult" name="test_result_is_frozen" time="0.001" /><testcase classname="tests.unit.runners.test_git.TestGitRunnerInit" name="test_default_initialization" time="0.001" /><testcase classname="tests.unit.runners.test_git.TestGitRunnerInit" name="test_with_cwd" time="0.001" /><testcase classname="tests.unit.runners.test_git.TestGitRunnerInit" name="test_with_custom_command_runner" time="0.003" /><testcase classname="tests.unit.runners.test_git.TestCreateBranch" name="test_create_branch_success" time="0.004" /><testcase classname="tests.unit.runners.test_git.TestCreateBranch" name="test_create_branch_from_ref" time="0.001" /><testcase classname="tests.unit.runners.test_git.TestCreateBranch" name="test_create_branch_already_exists" time="0.001" /><testcase classname="tests.unit.runners.test_git.TestCreateBranchWithFallback" name="test_success_on_first_try" time="0.001" /><testcase classname="tests.unit.runners.test_git.TestCreateBranchWithFallback" name="test_fallback_on_conflict" time="0.001" /><testcase classname="tests.unit.runners.test_git.TestCheckout" name="test_checkout_branch" time="0.001" /><testcase classname="tests.unit.runners.test_git.TestCheckout" name="test_checkout_nonexistent" time="0.001" /><testcase classname="tests.unit.runners.test_git.TestCommit" name="test_commit_success" time="0.001" /><testcase classname="tests.unit.runners.test_git.TestCommit" name="test_commit_allow_empty" time="0.002" /><testcase classname="tests.unit.runners.test_git.TestCommit" name="test_commit_nothing_to_commit" time="0.001" /><testcase classname="tests.unit.runners.test_git.TestPush" name="test_push_default" time="0.001" /><testcase classname="tests.unit.runners.test_git.TestPush" name="test_push_with_upstream" time="0.001" /><testcase classname="tests.unit.runners.test_git.TestPush" name="test_push_force" time="0.001" /><testcase classname="tests.unit.runners.test_git.TestPush" name="test_push_rejected" time="0.001" /><testcase classname="tests.unit.runners.test_git.TestDiff" name="test_diff_staged" time="0.001" /><testcase classname="tests.unit.runners.test_git.TestDiff" name="test_diff_unstaged" time="0.001" /><testcase classname="tests.unit.runners.test_git.TestDiff" name="test_diff_with_base_ref" time="0.001" /><testcase classname="tests.unit.runners.test_git.TestAdd" name="test_add_all" time="0.001" /><testcase classname="tests.unit.runners.test_git.TestAdd" name="test_add_specific_paths" time="0.001" /><testcase classname="tests.unit.runners.test_git.TestAdd" name="test_add_default" time="0.001" /><testcase classname="tests.unit.runners.test_git.TestStatus" name="test_status_clean" time="0.001" /><testcase classname="tests.unit.runners.test_git.TestStatus" name="test_status_with_changes" time="0.001" /><testcase classname="tests.unit.runners.test_git.TestTimeout" name="test_command_timeout" time="0.001" /><testcase classname="tests.unit.runners.test_github.TestGitHubCLIRunner" name="test_gh_not_installed" time="0.000" /><testcase classname="tests.unit.runners.test_github.TestGitHubCLIRunner" name="test_auth_check_on_first_use" time="0.002" /><testcase classname="tests.unit.runners.test_github.TestGitHubCLIRunner" name="test_auth_check_only_once" time="0.001" /><testcase classname="tests.unit.runners.test_github.TestGitHubCLIRunner" name="test_get_issue" time="0.001" /><testcase classname="tests.unit.runners.test_github.TestGitHubCLIRunner" name="test_list_issues_with_filter" time="0.002" /><testcase classname="tests.unit.runners.test_github.TestGitHubCLIRunner" name="test_create_pr" time="0.001" /><testcase classname="tests.unit.runners.test_github.TestGitHubCLIRunner" name="test_get_pr_checks" time="0.001" /><testcase classname="tests.unit.runners.test_github.TestGitHubCLIRunner" name="test_malformed_issue_response_validation_error" time="0.001" /><testcase classname="tests.unit.runners.test_github.TestGitHubCLIRunner" name="test_type_coercion_in_issue_response" time="0.001" /><testcase classname="tests.unit.runners.test_github.TestErrorClassification" name="test_classify_auth_error_by_exit_code" time="0.000" /><testcase classname="tests.unit.runners.test_github.TestErrorClassification" name="test_classify_canceled_by_exit_code" time="0.001" /><testcase classname="tests.unit.runners.test_github.TestErrorClassification" name="test_classify_checks_pending_by_exit_code" time="0.000" /><testcase classname="tests.unit.runners.test_github.TestErrorClassification" name="test_classify_network_error_by_stderr" time="0.000" /><testcase classname="tests.unit.runners.test_github.TestErrorClassification" name="test_classify_network_timeout_by_stderr" time="0.000" /><testcase classname="tests.unit.runners.test_github.TestErrorClassification" name="test_classify_rate_limit_by_stderr" time="0.000" /><testcase classname="tests.unit.runners.test_github.TestErrorClassification" name="test_classify_not_found_by_stderr" time="0.000" /><testcase classname="tests.unit.runners.test_github.TestErrorClassification" name="test_classify_validation_error_by_stderr" time="0.001" /><testcase classname="tests.unit.runners.test_github.TestErrorClassification" name="test_classify_auth_fallback_to_stderr" time="0.000" /><testcase classname="tests.unit.runners.test_github.TestErrorClassification" name="test_classify_unknown_error" time="0.000" /><testcase classname="tests.unit.runners.test_github.TestErrorClassification" name="test_classify_unknown_exit_code" time="0.000" /><testcase classname="tests.unit.runners.test_github.TestErrorClassification" name="test_exit_code_takes_precedence_over_stderr" time="0.000" /><testcase classname="tests.unit.runners.test_github.TestErrorHandlingInCommands" name="test_auth_error_raises_immediately" time="0.003" /><testcase classname="tests.unit.runners.test_github.TestErrorHandlingInCommands" name="test_not_found_error_raises_immediately" time="0.002" /><testcase classname="tests.unit.runners.test_github.TestErrorHandlingInCommands" name="test_network_error_retries" time="3.010" /><testcase classname="tests.unit.runners.test_github.TestErrorHandlingInCommands" name="test_network_error_succeeds_on_retry" time="1.007" /><testcase classname="tests.unit.runners.test_github.TestErrorHandlingInCommands" name="test_canceled_error_no_retry" time="0.005" /><testcase classname="tests.unit.runners.test_models.TestCommandResult" name="test_success_when_returncode_zero_and_not_timed_out" time="0.001" /><testcase classname="tests.unit.runners.test_models.TestCommandResult" name="test_success_false_when_returncode_nonzero" time="0.001" /><testcase classname="tests.unit.runners.test_models.TestCommandResult" name="test_success_false_when_timed_out" time="0.001" /><testcase classname="tests.unit.runners.test_models.TestCommandResult" name="test_output_combines_stdout_and_stderr" time="0.001" /><testcase classname="tests.unit.runners.test_models.TestCommandResult" name="test_output_returns_only_stdout_when_no_stderr" time="0.001" /><testcase classname="tests.unit.runners.test_models.TestCommandResult" name="test_output_returns_only_stderr_when_no_stdout" time="0.001" /><testcase classname="tests.unit.runners.test_models.TestCommandResult" name="test_frozen_immutability" time="0.001" /><testcase classname="tests.unit.runners.test_models.TestCommandResult" name="test_default_timed_out_is_false" time="0.001" /><testcase classname="tests.unit.runners.test_models.TestStreamLine" name="test_basic_creation_with_all_fields" time="0.001" /><testcase classname="tests.unit.runners.test_models.TestStreamLine" name="test_stderr_stream" time="0.001" /><testcase classname="tests.unit.runners.test_models.TestStreamLine" name="test_frozen_immutability" time="0.001" /><testcase classname="tests.unit.runners.test_models.TestParsedError" name="test_with_all_fields" time="0.001" /><testcase classname="tests.unit.runners.test_models.TestParsedError" name="test_with_optional_fields_as_none" time="0.001" /><testcase classname="tests.unit.runners.test_models.TestParsedError" name="test_frozen_immutability" time="0.001" /><testcase classname="tests.unit.runners.test_models.TestValidationStage" name="test_valid_creation" time="0.000" /><testcase classname="tests.unit.runners.test_models.TestValidationStage" name="test_with_fix_command" time="0.000" /><testcase classname="tests.unit.runners.test_models.TestValidationStage" name="test_raises_value_error_for_empty_command" time="0.002" /><testcase classname="tests.unit.runners.test_models.TestValidationStage" name="test_raises_value_error_for_zero_timeout" time="0.001" /><testcase classname="tests.unit.runners.test_models.TestValidationStage" name="test_raises_value_error_for_negative_timeout" time="0.000" /><testcase classname="tests.unit.runners.test_models.TestValidationStage" name="test_default_values" time="0.000" /><testcase classname="tests.unit.runners.test_models.TestValidationStage" name="test_frozen_immutability" time="0.000" /><testcase classname="tests.unit.runners.test_models.TestStageResult" name="test_with_default_values" time="0.000" /><testcase classname="tests.unit.runners.test_models.TestStageResult" name="test_with_errors_tuple" time="0.000" /><testcase classname="tests.unit.runners.test_models.TestStageResult" name="test_frozen_immutability" time="0.000" /><testcase classname="tests.unit.runners.test_models.TestValidationOutput" name="test_stages_run_property" time="0.000" /><testcase classname="tests.unit.runners.test_models.TestValidationOutput" name="test_stages_passed_property" time="0.000" /><testcase classname="tests.unit.runners.test_models.TestValidationOutput" name="test_stages_failed_property" time="0.000" /><testcase classname="tests.unit.runners.test_models.TestValidationOutput" name="test_empty_stages" time="0.000" /><testcase classname="tests.unit.runners.test_models.TestValidationOutput" name="test_frozen_immutability" time="0.000" /><testcase classname="tests.unit.runners.test_models.TestGitHubIssue" name="test_valid_creation" time="0.000" /><testcase classname="tests.unit.runners.test_models.TestGitHubIssue" name="test_raises_value_error_for_zero_number" time="0.001" /><testcase classname="tests.unit.runners.test_models.TestGitHubIssue" name="test_raises_value_error_for_negative_number" time="0.000" /><testcase classname="tests.unit.runners.test_models.TestGitHubIssue" name="test_raises_value_error_for_invalid_state" time="0.001" /><testcase classname="tests.unit.runners.test_models.TestGitHubIssue" name="test_closed_state" time="0.000" /><testcase classname="tests.unit.runners.test_models.TestGitHubIssue" name="test_uppercase_state_open" time="0.000" /><testcase classname="tests.unit.runners.test_models.TestGitHubIssue" name="test_uppercase_state_closed" time="0.000" /><testcase classname="tests.unit.runners.test_models.TestGitHubIssue" name="test_mixed_case_state" time="0.000" /><testcase classname="tests.unit.runners.test_models.TestGitHubIssue" name="test_frozen_immutability" time="0.000" /><testcase classname="tests.unit.runners.test_models.TestPullRequest" name="test_valid_creation" time="0.001" /><testcase classname="tests.unit.runners.test_models.TestPullRequest" name="test_raises_value_error_for_zero_number" time="0.003" /><testcase classname="tests.unit.runners.test_models.TestPullRequest" name="test_raises_value_error_for_negative_number" time="0.000" /><testcase classname="tests.unit.runners.test_models.TestPullRequest" name="test_mergeable_none" time="0.000" /><testcase classname="tests.unit.runners.test_models.TestPullRequest" name="test_draft_pr" time="0.001" /><testcase classname="tests.unit.runners.test_models.TestPullRequest" name="test_default_draft_is_false" time="0.000" /><testcase classname="tests.unit.runners.test_models.TestPullRequest" name="test_frozen_immutability" time="0.000" /><testcase classname="tests.unit.runners.test_models.TestCheckStatus" name="test_passed_property_when_completed_successfully" time="0.000" /><testcase classname="tests.unit.runners.test_models.TestCheckStatus" name="test_passed_property_when_completed_with_failure" time="0.000" /><testcase classname="tests.unit.runners.test_models.TestCheckStatus" name="test_passed_property_when_not_completed" time="0.000" /><testcase classname="tests.unit.runners.test_models.TestCheckStatus" name="test_pending_property_when_queued" time="0.000" /><testcase classname="tests.unit.runners.test_models.TestCheckStatus" name="test_pending_property_when_in_progress" time="0.000" /><testcase classname="tests.unit.runners.test_models.TestCheckStatus" name="test_pending_property_when_completed" time="0.000" /><testcase classname="tests.unit.runners.test_models.TestCheckStatus" name="test_with_optional_fields_as_none" time="0.000" /><testcase classname="tests.unit.runners.test_models.TestCheckStatus" name="test_frozen_immutability" time="0.000" /><testcase classname="tests.unit.runners.test_models.TestCodeRabbitFinding" name="test_basic_creation" time="0.000" /><testcase classname="tests.unit.runners.test_models.TestCodeRabbitFinding" name="test_with_optional_fields_as_none" time="0.000" /><testcase classname="tests.unit.runners.test_models.TestCodeRabbitFinding" name="test_frozen_immutability" time="0.000" /><testcase classname="tests.unit.runners.test_models.TestCodeRabbitResult" name="test_has_findings_property_with_findings" time="0.000" /><testcase classname="tests.unit.runners.test_models.TestCodeRabbitResult" name="test_has_findings_property_without_findings" time="0.000" /><testcase classname="tests.unit.runners.test_models.TestCodeRabbitResult" name="test_error_count_property" time="0.000" /><testcase classname="tests.unit.runners.test_models.TestCodeRabbitResult" name="test_warning_count_property" time="0.000" /><testcase classname="tests.unit.runners.test_models.TestCodeRabbitResult" name="test_default_values" time="0.000" /><testcase classname="tests.unit.runners.test_models.TestCodeRabbitResult" name="test_with_warnings" time="0.000" /><testcase classname="tests.unit.runners.test_models.TestCodeRabbitResult" name="test_frozen_immutability" time="0.000" /><testcase classname="tests.unit.runners.test_validation.TestValidationRunner" name="test_all_stages_pass" time="0.001" /><testcase classname="tests.unit.runners.test_validation.TestValidationRunner" name="test_stage_failure_stops_execution" time="0.003" /><testcase classname="tests.unit.runners.test_validation.TestValidationRunner" name="test_fixable_stage_retry" time="0.002" /><testcase classname="tests.unit.runners.test_validation.TestValidationRunner" name="test_parser_integration" time="0.001" /><testcase classname="tests.unit.test_cli" name="test_version_output" time="0.001" /><testcase classname="tests.unit.test_cli" name="test_help_output" time="0.001" /><testcase classname="tests.unit.test_cli" name="test_exit_code_success" time="0.001" /><testcase classname="tests.unit.test_cli" name="test_exit_code_usage_error" time="0.001" /><testcase classname="tests.unit.test_cli" name="test_default_verbosity_warning_level" time="0.003" /><testcase classname="tests.unit.test_cli" name="test_single_verbose_info_level" time="0.003" /><testcase classname="tests.unit.test_cli" name="test_double_verbose_debug_level" time="0.003" /><testcase classname="tests.unit.test_cli" name="test_verbosity_from_config" time="0.003" /><testcase classname="tests.unit.test_config" name="test_load_defaults_when_no_config" time="0.002" /><testcase classname="tests.unit.test_config" name="test_load_project_config" time="0.003" /><testcase classname="tests.unit.test_config" name="test_env_var_overrides" time="0.002" /><testcase classname="tests.unit.test_config" name="test_invalid_config_raises_config_error" time="0.002" /><testcase classname="tests.unit.test_config" name="test_unknown_keys_ignored" time="0.002" /><testcase classname="tests.unit.test_config" name="test_secrets_not_exposed_from_yaml" time="0.003" /><testcase classname="tests.unit.test_config" name="test_load_user_config" time="0.004" /><testcase classname="tests.unit.test_config" name="test_project_config_overrides_user_config" time="0.003" /><testcase classname="tests.unit.test_config" name="test_merge_partial_configs" time="0.004" /><testcase classname="tests.unit.test_config" name="test_empty_config_file_uses_defaults_with_warning" time="0.006" /><testcase classname="tests.unit.test_config" name="test_empty_config_with_comments_uses_defaults" time="0.006" /><testcase classname="tests.unit.test_config" name="test_invalid_env_var_value_produces_error" time="0.002" /><testcase classname="tests.unit.test_config" name="test_missing_user_config_directory_works" time="0.003" /><testcase classname="tests.unit.test_config" name="test_notification_enabled_without_topic_logs_warning" time="0.004" /><testcase classname="tests.unit.test_config" name="test_notification_enabled_with_topic_no_warning" time="0.003" /><testcase classname="tests.unit.test_config" name="test_notification_disabled_without_topic_no_warning" time="0.002" /><testcase classname="tests.unit.test_exceptions.TestTaskParseError" name="test_instantiation_with_message_only" time="0.001" /><testcase classname="tests.unit.test_exceptions.TestTaskParseError" name="test_instantiation_with_line_number" time="0.001" /><testcase classname="tests.unit.test_exceptions.TestTaskParseError" name="test_line_number_defaults_to_none" time="0.001" /><testcase classname="tests.unit.test_exceptions.TestTaskParseError" name="test_is_agent_error" time="0.000" /><testcase classname="tests.unit.test_exceptions.TestTaskParseError" name="test_agent_name_inherited_from_agent_error" time="0.000" /><testcase classname="tests.unit.test_exceptions.TestTaskParseError" name="test_error_code_inherited_from_agent_error" time="0.000" /><testcase classname="tests.unit.test_exceptions.TestTaskParseError" name="test_message_attribute_set_correctly" time="0.000" /><testcase classname="tests.unit.test_exceptions.TestTaskParseError" name="test_multiple_instances_independent" time="0.000" /><testcase classname="tests.unit.test_exceptions.TestGitError" name="test_instantiation_with_message_only" time="0.000" /><testcase classname="tests.unit.test_exceptions.TestGitError" name="test_instantiation_with_operation" time="0.000" /><testcase classname="tests.unit.test_exceptions.TestGitError" name="test_instantiation_with_recoverable_flag" time="0.000" /><testcase classname="tests.unit.test_exceptions.TestGitError" name="test_operation_defaults_to_none" time="0.000" /><testcase classname="tests.unit.test_exceptions.TestGitError" name="test_recoverable_defaults_to_false" time="0.000" /><testcase classname="tests.unit.test_exceptions.TestGitError" name="test_is_agent_error" time="0.000" /><testcase classname="tests.unit.test_exceptions.TestGitError" name="test_all_parameters_together" time="0.000" /><testcase classname="tests.unit.test_exceptions.TestGitError" name="test_recoverable_false_explicit" time="0.000" /><testcase classname="tests.unit.test_exceptions.TestGitError" name="test_message_attribute_present" time="0.000" /><testcase classname="tests.unit.test_exceptions.TestGitHubError" name="test_instantiation_with_message_only" time="0.000" /><testcase classname="tests.unit.test_exceptions.TestGitHubError" name="test_instantiation_with_issue_number" time="0.000" /><testcase classname="tests.unit.test_exceptions.TestGitHubError" name="test_instantiation_with_retry_after" time="0.000" /><testcase classname="tests.unit.test_exceptions.TestGitHubError" name="test_issue_number_defaults_to_none" time="0.000" /><testcase classname="tests.unit.test_exceptions.TestGitHubError" name="test_retry_after_defaults_to_none" time="0.000" /><testcase classname="tests.unit.test_exceptions.TestGitHubError" name="test_is_agent_error" time="0.000" /><testcase classname="tests.unit.test_exceptions.TestGitHubError" name="test_all_parameters_together" time="0.000" /><testcase classname="tests.unit.test_exceptions.TestGitHubError" name="test_issue_number_zero_valid" time="0.000" /><testcase classname="tests.unit.test_exceptions.TestGitHubError" name="test_retry_after_zero_valid" time="0.000" /><testcase classname="tests.unit.test_exceptions.TestGitHubError" name="test_message_attribute_present" time="0.000" /><testcase classname="tests.unit.test_exceptions.TestMaverickValidationError" name="test_instantiation_with_message_only" time="0.000" /><testcase classname="tests.unit.test_exceptions.TestMaverickValidationError" name="test_instantiation_with_step" time="0.000" /><testcase classname="tests.unit.test_exceptions.TestMaverickValidationError" name="test_instantiation_with_output" time="0.000" /><testcase classname="tests.unit.test_exceptions.TestMaverickValidationError" name="test_step_defaults_to_none" time="0.000" /><testcase classname="tests.unit.test_exceptions.TestMaverickValidationError" name="test_output_defaults_to_none" time="0.000" /><testcase classname="tests.unit.test_exceptions.TestMaverickValidationError" name="test_is_agent_error" time="0.000" /><testcase classname="tests.unit.test_exceptions.TestMaverickValidationError" name="test_all_parameters_together" time="0.000" /><testcase classname="tests.unit.test_exceptions.TestMaverickValidationError" name="test_step_values_common" time="0.000" /><testcase classname="tests.unit.test_exceptions.TestMaverickValidationError" name="test_empty_output_string" time="0.000" /><testcase classname="tests.unit.test_exceptions.TestMaverickValidationError" name="test_multiline_output" time="0.000" /><testcase classname="tests.unit.test_exceptions.TestMaverickValidationError" name="test_message_attribute_present" time="0.000" /><testcase classname="tests.unit.test_exceptions.TestExceptionHierarchy" name="test_task_parse_error_is_maverick_error" time="0.000" /><testcase classname="tests.unit.test_exceptions.TestExceptionHierarchy" name="test_git_error_is_maverick_error" time="0.000" /><testcase classname="tests.unit.test_exceptions.TestExceptionHierarchy" name="test_github_error_is_maverick_error" time="0.000" /><testcase classname="tests.unit.test_exceptions.TestExceptionHierarchy" name="test_validation_error_is_maverick_error" time="0.000" /><testcase classname="tests.unit.test_exceptions.TestExceptionHierarchy" name="test_all_errors_catchable_as_maverick_error" time="0.000" /><testcase classname="tests.unit.test_exceptions.TestExceptionHierarchy" name="test_errors_catchable_as_exception" time="0.000" /><testcase classname="tests.unit.test_exceptions.TestExceptionStringRepresentation" name="test_task_parse_error_str" time="0.000" /><testcase classname="tests.unit.test_exceptions.TestExceptionStringRepresentation" name="test_git_error_str" time="0.000" /><testcase classname="tests.unit.test_exceptions.TestExceptionStringRepresentation" name="test_github_error_str" time="0.000" /><testcase classname="tests.unit.test_exceptions.TestExceptionStringRepresentation" name="test_validation_error_str" time="0.000" /><testcase classname="tests.unit.test_exceptions.TestExceptionStringRepresentation" name="test_error_repr_contains_class_name" time="0.000" /><testcase classname="tests.unit.test_exceptions.TestExceptionRaising" name="test_can_raise_and_catch_task_parse_error" time="0.000" /><testcase classname="tests.unit.test_exceptions.TestExceptionRaising" name="test_can_raise_and_catch_git_error" time="0.000" /><testcase classname="tests.unit.test_exceptions.TestExceptionRaising" name="test_can_raise_and_catch_github_error" time="0.000" /><testcase classname="tests.unit.test_exceptions.TestExceptionRaising" name="test_can_raise_and_catch_validation_error" time="0.000" /><testcase classname="tests.unit.test_exceptions.TestExceptionRaising" name="test_catch_implementation_error_as_agent_error" time="0.000" /><testcase classname="tests.unit.test_exceptions.TestExceptionRaising" name="test_catch_all_as_maverick_error" time="0.000" /><testcase classname="tests.unit.test_fixture_examples" name="test_mock_text_message_factory" time="0.000" /><testcase classname="tests.unit.test_fixture_examples" name="test_mock_text_message_default" time="0.000" /><testcase classname="tests.unit.test_fixture_examples" name="test_mock_result_message_factory" time="0.000" /><testcase classname="tests.unit.test_fixture_examples" name="test_mock_result_message_defaults" time="0.000" /><testcase classname="tests.unit.test_fixture_examples" name="test_mock_sdk_client_basic_usage" time="0.001" /><testcase classname="tests.unit.test_fixture_examples" name="test_mock_sdk_client_multiple_responses" time="0.001" /><testcase classname="tests.unit.test_fixture_examples" name="test_mock_sdk_client_error_handling" time="0.002" /><testcase classname="tests.unit.test_fixture_examples" name="test_mock_sdk_client_query_tracking" time="0.001" /><testcase classname="tests.unit.test_fixture_examples" name="test_sample_config_structure" time="0.003" /><testcase classname="tests.unit.test_fixture_examples" name="test_sample_config_isolation" time="0.003" /><testcase classname="tests.unit.test_fixture_examples" name="test_sample_review_response_structure" time="0.000" /><testcase classname="tests.unit.test_fixture_examples" name="test_sample_implementation_response_structure" time="0.000" /><testcase classname="tests.unit.test_fixture_examples" name="test_sample_error_response_structure" time="0.000" /><testcase classname="tests.unit.test_fixture_examples" name="test_mock_github_cli_basic_usage" time="0.000" /><testcase classname="tests.unit.test_fixture_examples" name="test_mock_github_cli_error_simulation" time="0.000" /><testcase classname="tests.unit.test_fixture_examples" name="test_mock_github_cli_call_tracking" time="0.000" /><testcase classname="tests.unit.test_fixture_examples" name="test_mock_github_cli_pattern_matching" time="0.000" /><testcase classname="tests.unit.test_fixture_examples" name="test_cli_runner_basic_usage" time="0.001" /><testcase classname="tests.unit.test_fixture_examples" name="test_cli_runner_with_arguments" time="0.001" /><testcase classname="tests.unit.test_fixture_examples" name="test_agent_with_config_and_mock_client" time="0.004" /><testcase classname="tests.unit.test_fixture_examples" name="test_github_workflow_with_responses" time="0.000" /><testcase classname="tests.unit.test_fixture_examples" name="test_verify_boilerplate_limit_simple" time="0.000" /><testcase classname="tests.unit.test_fixture_examples" name="test_verify_boilerplate_limit_with_fixture" time="0.003" /><testcase classname="tests.unit.test_fixture_examples" name="test_verify_boilerplate_limit_async_complex" time="0.004" /><testcase classname="tests.unit.test_hooks_logging" name="test_log_tool_execution_empty_return_on_error" time="0.003" /><testcase classname="tests.unit.test_hooks_logging" name="test_log_tool_execution_disabled" time="0.001" /><testcase classname="tests.unit.test_hooks_safety" name="test_validate_bash_command_fail_open" time="0.002" /><testcase classname="tests.unit.test_hooks_safety" name="test_validate_bash_command_fail_closed" time="0.003" /><testcase classname="tests.unit.test_hooks_safety" name="test_validate_file_write_fail_open" time="0.001" /><testcase classname="tests.unit.test_hooks_safety" name="test_validate_file_write_fail_closed" time="0.001" /><testcase classname="tests.unit.test_tools_git_edge_cases" name="test_git_commit_exception" time="0.005" /><testcase classname="tests.unit.test_tools_git_edge_cases" name="test_git_push_detached_head" time="0.004" /><testcase classname="tests.unit.test_tools_git_edge_cases" name="test_git_create_branch_invalid_name" time="0.005" /><testcase classname="tests.unit.test_tools_git_edge_cases" name="test_git_push_auth_failure" time="0.003" /><testcase classname="tests.unit.test_tools_git_edge_cases" name="test_git_diff_stats_error" time="0.003" /><testcase classname="tests.unit.test_tools_git_edge_cases.TestGitToolsFactoryAsyncSafety" name="test_create_git_tools_server_safe_in_sync_context" time="0.001" /><testcase classname="tests.unit.test_tools_git_edge_cases.TestGitToolsFactoryAsyncSafety" name="test_create_git_tools_server_safe_in_async_context" time="0.002" /><testcase classname="tests.unit.test_tools_git_edge_cases.TestGitToolsFactoryAsyncSafety" name="test_create_git_tools_server_in_nested_async" time="0.001" /><testcase classname="tests.unit.test_tools_git_edge_cases.TestGitToolsFactoryAsyncSafety" name="test_create_git_tools_server_returns_correct_type" time="0.001" /><testcase classname="tests.unit.test_tools_git_edge_cases.TestGitToolsFactoryAsyncSafety" name="test_create_git_tools_server_skip_verification_ignored" time="0.000" /><testcase classname="tests.unit.test_tools_git_edge_cases.TestVerifyGitPrerequisitesPublic" name="test_verify_git_prerequisites_success" time="0.001" /><testcase classname="tests.unit.test_tools_git_edge_cases.TestVerifyGitPrerequisitesPublic" name="test_verify_git_prerequisites_git_not_installed" time="0.001" /><testcase classname="tests.unit.test_tools_git_edge_cases.TestVerifyGitPrerequisitesPublic" name="test_verify_git_prerequisites_not_in_repo" time="0.001" /><testcase classname="tests.unit.test_tools_git_edge_cases.TestVerifyGitPrerequisitesPublic" name="test_verify_git_prerequisites_is_async" time="0.001" /><testcase classname="tests.unit.test_tools_git_edge_cases.TestVerifyGitPrerequisitesPublic" name="test_verify_git_prerequisites_fail_fast_pattern" time="0.002" /><testcase classname="tests.unit.tools.github.test_diffs.TestGitHubGetPRDiff" name="test_github_get_pr_diff_normal_retrieval" time="0.001" /><testcase classname="tests.unit.tools.github.test_diffs.TestGitHubGetPRDiff" name="test_github_get_pr_diff_truncated_case" time="0.001" /><testcase classname="tests.unit.tools.github.test_diffs.TestGitHubGetPRDiff" name="test_github_get_pr_diff_not_found" time="0.003" /><testcase classname="tests.unit.tools.github.test_diffs.TestGitHubGetPRDiff" name="test_github_get_pr_diff_utf8_truncation" time="0.001" /><testcase classname="tests.unit.tools.github.test_diffs.TestGitHubGetPRDiff" name="test_github_get_pr_diff_invalid_pr_number" time="0.001" /><testcase classname="tests.unit.tools.github.test_errors.TestRateLimitErrorHandling" name="test_github_create_pr_rate_limit" time="0.003" /><testcase classname="tests.unit.tools.github.test_errors.TestRateLimitErrorHandling" name="test_github_list_issues_rate_limit" time="0.004" /><testcase classname="tests.unit.tools.github.test_errors.TestRateLimitErrorHandling" name="test_github_pr_status_rate_limit" time="0.002" /><testcase classname="tests.unit.tools.github.test_errors.TestRateLimitErrorHandling" name="test_github_get_pr_diff_rate_limit" time="0.002" /><testcase classname="tests.unit.tools.github.test_errors.TestRateLimitErrorHandling" name="test_github_add_labels_rate_limit" time="0.001" /><testcase classname="tests.unit.tools.github.test_errors.TestRateLimitErrorHandling" name="test_github_close_issue_rate_limit" time="0.002" /><testcase classname="tests.unit.tools.github.test_errors.TestRateLimitErrorHandling" name="test_rate_limit_error_with_numeric_pattern" time="0.001" /><testcase classname="tests.unit.tools.github.test_errors.TestNetworkErrorHandling" name="test_github_create_pr_network_error" time="0.002" /><testcase classname="tests.unit.tools.github.test_errors.TestNetworkErrorHandling" name="test_github_list_issues_network_error" time="0.001" /><testcase classname="tests.unit.tools.github.test_errors.TestNetworkErrorHandling" name="test_github_get_issue_network_error" time="0.002" /><testcase classname="tests.unit.tools.github.test_errors.TestNetworkErrorHandling" name="test_github_pr_status_network_error" time="0.002" /><testcase classname="tests.unit.tools.github.test_errors.TestNetworkErrorHandling" name="test_github_get_pr_diff_network_error" time="0.002" /><testcase classname="tests.unit.tools.github.test_errors.TestNetworkErrorHandling" name="test_github_add_labels_network_error" time="0.001" /><testcase classname="tests.unit.tools.github.test_errors.TestNetworkErrorHandling" name="test_github_close_issue_network_error" time="0.001" /><testcase classname="tests.unit.tools.github.test_errors.TestNetworkErrorHandling" name="test_network_error_includes_context" time="0.001" /><testcase classname="tests.unit.tools.github.test_errors.TestAuthErrorHandling" name="test_github_create_pr_auth_error" time="0.002" /><testcase classname="tests.unit.tools.github.test_errors.TestAuthErrorHandling" name="test_github_list_issues_auth_error" time="0.001" /><testcase classname="tests.unit.tools.github.test_errors.TestAuthErrorHandling" name="test_github_get_issue_auth_error" time="0.001" /><testcase classname="tests.unit.tools.github.test_errors.TestAuthErrorHandling" name="test_github_pr_status_auth_error" time="0.001" /><testcase classname="tests.unit.tools.github.test_errors.TestAuthErrorHandling" name="test_github_get_pr_diff_auth_error" time="0.001" /><testcase classname="tests.unit.tools.github.test_errors.TestAuthErrorHandling" name="test_github_add_labels_auth_error" time="0.001" /><testcase classname="tests.unit.tools.github.test_errors.TestAuthErrorHandling" name="test_github_close_issue_auth_error" time="0.001" /><testcase classname="tests.unit.tools.github.test_errors.TestAuthErrorHandling" name="test_auth_error_actionable_message" time="0.001" /><testcase classname="tests.unit.tools.github.test_errors.TestErrorHandlingConsistency" name="test_all_tools_return_dicts_not_exceptions" time="4.335" /><testcase classname="tests.unit.tools.github.test_errors.TestTimeoutAndExceptionHandling" name="test_run_gh_command_timeout" time="0.002" /><testcase classname="tests.unit.tools.github.test_errors.TestTimeoutAndExceptionHandling" name="test_run_gh_command_success" time="0.002" /><testcase classname="tests.unit.tools.github.test_errors.TestTimeoutAndExceptionHandling" name="test_run_gh_command_error_with_stderr" time="0.002" /><testcase classname="tests.unit.tools.github.test_errors.TestTimeoutAndExceptionHandling" name="test_run_gh_command_none_returncode" time="0.002" /><testcase classname="tests.unit.tools.github.test_errors.TestTimeoutAndExceptionHandling" name="test_github_create_pr_timeout" time="0.004" /><testcase classname="tests.unit.tools.github.test_errors.TestTimeoutAndExceptionHandling" name="test_github_create_pr_unexpected_exception" time="0.007" /><testcase classname="tests.unit.tools.github.test_errors.TestTimeoutAndExceptionHandling" name="test_github_list_issues_json_decode_error" time="0.004" /><testcase classname="tests.unit.tools.github.test_errors.TestTimeoutAndExceptionHandling" name="test_github_list_issues_timeout" time="0.002" /><testcase classname="tests.unit.tools.github.test_errors.TestTimeoutAndExceptionHandling" name="test_github_list_issues_unexpected_exception" time="0.002" /><testcase classname="tests.unit.tools.github.test_errors.TestTimeoutAndExceptionHandling" name="test_github_get_issue_unexpected_exception" time="0.001" /><testcase classname="tests.unit.tools.github.test_errors.TestTimeoutAndExceptionHandling" name="test_github_get_pr_diff_invalid_max_size" time="0.001" /><testcase classname="tests.unit.tools.github.test_errors.TestTimeoutAndExceptionHandling" name="test_github_get_pr_diff_timeout" time="0.002" /><testcase classname="tests.unit.tools.github.test_errors.TestTimeoutAndExceptionHandling" name="test_github_get_pr_diff_unexpected_exception" time="0.001" /><testcase classname="tests.unit.tools.github.test_errors.TestTimeoutAndExceptionHandling" name="test_github_pr_status_json_decode_error" time="0.001" /><testcase classname="tests.unit.tools.github.test_errors.TestTimeoutAndExceptionHandling" name="test_github_pr_status_timeout" time="0.001" /><testcase classname="tests.unit.tools.github.test_errors.TestTimeoutAndExceptionHandling" name="test_github_pr_status_unexpected_exception" time="0.002" /><testcase classname="tests.unit.tools.github.test_errors.TestTimeoutAndExceptionHandling" name="test_github_add_labels_timeout" time="0.001" /><testcase classname="tests.unit.tools.github.test_errors.TestTimeoutAndExceptionHandling" name="test_github_add_labels_unexpected_exception" time="0.004" /><testcase classname="tests.unit.tools.github.test_helpers.TestHelperFunctions" name="test_parse_rate_limit_retry_after_pattern" time="0.001" /><testcase classname="tests.unit.tools.github.test_helpers.TestHelperFunctions" name="test_parse_rate_limit_wait_pattern" time="0.001" /><testcase classname="tests.unit.tools.github.test_helpers.TestHelperFunctions" name="test_parse_rate_limit_seconds_pattern" time="0.001" /><testcase classname="tests.unit.tools.github.test_helpers.TestHelperFunctions" name="test_parse_rate_limit_no_match_returns_default" time="0.001" /><testcase classname="tests.unit.tools.github.test_helpers.TestHelperFunctions" name="test_parse_rate_limit_non_rate_limit_error" time="0.000" /><testcase classname="tests.unit.tools.github.test_helpers.TestHelperFunctions" name="test_success_response_format" time="0.000" /><testcase classname="tests.unit.tools.github.test_helpers.TestHelperFunctions" name="test_success_response_json_serialization" time="0.000" /><testcase classname="tests.unit.tools.github.test_helpers.TestHelperFunctions" name="test_error_response_basic" time="0.000" /><testcase classname="tests.unit.tools.github.test_helpers.TestHelperFunctions" name="test_error_response_with_retry_after" time="0.000" /><testcase classname="tests.unit.tools.github.test_helpers.TestHelperFunctions" name="test_error_response_without_retry_after" time="0.000" /><testcase classname="tests.unit.tools.github.test_helpers.TestHelperFunctions" name="test_classify_error_not_found" time="0.000" /><testcase classname="tests.unit.tools.github.test_helpers.TestHelperFunctions" name="test_classify_error_rate_limit" time="0.000" /><testcase classname="tests.unit.tools.github.test_helpers.TestHelperFunctions" name="test_classify_error_auth" time="0.000" /><testcase classname="tests.unit.tools.github.test_helpers.TestHelperFunctions" name="test_classify_error_network" time="0.000" /><testcase classname="tests.unit.tools.github.test_helpers.TestHelperFunctions" name="test_classify_error_network_connection" time="0.000" /><testcase classname="tests.unit.tools.github.test_helpers.TestHelperFunctions" name="test_classify_error_timeout" time="0.000" /><testcase classname="tests.unit.tools.github.test_helpers.TestHelperFunctions" name="test_classify_error_internal" time="0.000" /><testcase classname="tests.unit.tools.github.test_helpers.TestHelperFunctions" name="test_classify_error_uses_stdout_when_stderr_empty" time="0.000" /><testcase classname="tests.unit.tools.github.test_helpers.TestHelperFunctions" name="test_classify_error_unauthorized" time="0.000" /><testcase classname="tests.unit.tools.github.test_helpers.TestHelperFunctions" name="test_classify_error_case_insensitive" time="0.000" /><testcase classname="tests.unit.tools.github.test_issues.TestGithubListIssues" name="test_github_list_issues_with_label" time="0.001" /><testcase classname="tests.unit.tools.github.test_issues.TestGithubListIssues" name="test_github_list_issues_with_state_and_limit" time="0.001" /><testcase classname="tests.unit.tools.github.test_issues.TestGithubListIssues" name="test_github_list_issues_empty_result" time="0.001" /><testcase classname="tests.unit.tools.github.test_issues.TestGithubListIssues" name="test_github_list_issues_invalid_state" time="0.001" /><testcase classname="tests.unit.tools.github.test_issues.TestGithubListIssues" name="test_github_list_issues_invalid_limit" time="0.001" /><testcase classname="tests.unit.tools.github.test_issues.TestGithubListIssues" name="test_github_list_issues_command_failure" time="0.003" /><testcase classname="tests.unit.tools.github.test_issues.TestGitHubAddLabels" name="test_github_add_labels_success" time="0.001" /><testcase classname="tests.unit.tools.github.test_issues.TestGitHubAddLabels" name="test_github_add_labels_new_label_creation" time="0.001" /><testcase classname="tests.unit.tools.github.test_issues.TestGitHubAddLabels" name="test_github_add_labels_multiple_labels" time="0.001" /><testcase classname="tests.unit.tools.github.test_issues.TestGitHubAddLabels" name="test_github_add_labels_empty_list_error" time="0.001" /><testcase classname="tests.unit.tools.github.test_issues.TestGitHubAddLabels" name="test_github_add_labels_invalid_issue_number" time="0.001" /><testcase classname="tests.unit.tools.github.test_issues.TestGitHubAddLabels" name="test_github_add_labels_issue_not_found" time="0.001" /><testcase classname="tests.unit.tools.github.test_issues.TestGitHubAddLabels" name="test_github_add_labels_not_found_specific_message" time="0.001" /><testcase classname="tests.unit.tools.github.test_issues.TestGitHubAddLabels" name="test_github_add_labels_single_label" time="0.001" /><testcase classname="tests.unit.tools.github.test_issues.TestGithubGetIssue" name="test_github_get_issue_success" time="0.001" /><testcase classname="tests.unit.tools.github.test_issues.TestGithubGetIssue" name="test_github_get_issue_not_found" time="0.001" /><testcase classname="tests.unit.tools.github.test_issues.TestGithubGetIssue" name="test_github_get_issue_not_found_specific_message" time="0.001" /><testcase classname="tests.unit.tools.github.test_issues.TestGithubGetIssue" name="test_github_get_issue_minimal_data" time="0.001" /><testcase classname="tests.unit.tools.github.test_issues.TestGithubGetIssue" name="test_github_get_issue_invalid_number" time="0.001" /><testcase classname="tests.unit.tools.github.test_issues.TestGithubGetIssue" name="test_github_get_issue_rate_limit_error" time="0.001" /><testcase classname="tests.unit.tools.github.test_issues.TestGithubGetIssue" name="test_github_get_issue_timeout" time="0.001" /><testcase classname="tests.unit.tools.github.test_issues.TestGithubGetIssue" name="test_github_get_issue_invalid_json" time="0.001" /><testcase classname="tests.unit.tools.github.test_issues.TestGitHubCloseIssue" name="test_github_close_issue_with_comment" time="0.001" /><testcase classname="tests.unit.tools.github.test_issues.TestGitHubCloseIssue" name="test_github_close_issue_without_comment" time="0.001" /><testcase classname="tests.unit.tools.github.test_issues.TestGitHubCloseIssue" name="test_github_close_issue_already_closed" time="0.001" /><testcase classname="tests.unit.tools.github.test_issues.TestGitHubCloseIssue" name="test_github_close_issue_invalid_number" time="0.001" /><testcase classname="tests.unit.tools.github.test_issues.TestGitHubCloseIssue" name="test_github_close_issue_not_found" time="0.001" /><testcase classname="tests.unit.tools.github.test_issues.TestGitHubCloseIssue" name="test_github_close_issue_timeout" time="0.001" /><testcase classname="tests.unit.tools.github.test_issues.TestGitHubCloseIssue" name="test_github_close_issue_unexpected_exception" time="0.002" /><testcase classname="tests.unit.tools.github.test_prereqs.TestVerifyGitHubPrerequisites" name="test_verify_github_prerequisites_success" time="0.001" /><testcase classname="tests.unit.tools.github.test_prereqs.TestVerifyGitHubPrerequisites" name="test_verify_github_prerequisites_failure" time="0.001" /><testcase classname="tests.unit.tools.github.test_prereqs.TestVerifyGitHubPrerequisites" name="test_verify_github_prerequisites_is_async" time="0.001" /><testcase classname="tests.unit.tools.github.test_prereqs.TestVerifyGitHubPrerequisites" name="test_verify_github_prerequisites_fail_fast_pattern" time="0.001" /><testcase classname="tests.unit.tools.github.test_prereqs.TestVerifyGitHubPrerequisites" name="test_verify_github_prerequisites_in_nested_async" time="0.001" /><testcase classname="tests.unit.tools.github.test_prs.TestGitHubPrStatus" name="test_github_pr_status_ready_to_merge" time="0.001" /><testcase classname="tests.unit.tools.github.test_prs.TestGitHubPrStatus" name="test_github_pr_status_failing_checks" time="0.001" /><testcase classname="tests.unit.tools.github.test_prs.TestGitHubPrStatus" name="test_github_pr_status_merge_conflicts" time="0.001" /><testcase classname="tests.unit.tools.github.test_prs.TestGitHubPrStatus" name="test_github_pr_status_not_found" time="0.002" /><testcase classname="tests.unit.tools.github.test_prs.TestGitHubPrStatus" name="test_github_pr_status_invalid_input" time="0.001" /><testcase classname="tests.unit.tools.github.test_prs.TestGitHubPrStatus" name="test_github_pr_status_empty_checks_and_reviews" time="0.001" /><testcase classname="tests.unit.tools.github.test_prs.TestGitHubPrStatus" name="test_github_pr_status_mergeable_unknown" time="0.001" /><testcase classname="tests.unit.tools.github.test_prs.TestGitHubPrStatus" name="test_github_pr_status_mergeable_null" time="0.001" /><testcase classname="tests.unit.tools.github.test_prs.TestGitHubPrStatus" name="test_github_pr_status_mergeable_true_boolean" time="0.001" /><testcase classname="tests.unit.tools.github.test_prs.TestGitHubPrStatus" name="test_github_pr_status_mergeable_false_boolean" time="0.001" /><testcase classname="tests.unit.tools.github.test_prs.TestGitHubCreatePR" name="test_github_create_pr_success" time="0.001" /><testcase classname="tests.unit.tools.github.test_prs.TestGitHubCreatePR" name="test_github_create_pr_draft" time="0.001" /><testcase classname="tests.unit.tools.github.test_prs.TestGitHubCreatePR" name="test_github_create_pr_branch_not_found" time="0.001" /><testcase classname="tests.unit.tools.github.test_prs.TestGitHubCreatePR" name="test_github_create_pr_base_branch_not_found" time="0.001" /><testcase classname="tests.unit.tools.github.test_prs.TestGitHubCreatePR" name="test_github_create_pr_empty_title" time="0.001" /><testcase classname="tests.unit.tools.github.test_prs.TestGitHubCreatePR" name="test_github_create_pr_empty_body" time="0.001" /><testcase classname="tests.unit.tools.github.test_prs.TestGitHubCreatePR" name="test_github_create_pr_whitespace_title" time="0.001" /><testcase classname="tests.unit.tools.github.test_prs.TestGitHubCreatePR" name="test_github_create_pr_whitespace_body" time="0.001" /><testcase classname="tests.unit.tools.github.test_server.TestCreateGitHubToolsServer" name="test_create_github_tools_server_skip_verification" time="0.001" /><testcase classname="tests.unit.tools.github.test_server.TestCreateGitHubToolsServer" name="test_create_github_tools_server_safe_in_async_context" time="0.001" /><testcase classname="tests.unit.tools.github.test_server.TestCreateGitHubToolsServer" name="test_create_github_tools_server_lazy_verification" time="0.000" /><testcase classname="tests.unit.tools.github.test_server.TestCreateGitHubToolsServer" name="test_create_github_tools_server_returns_mcp_server_config" time="0.000" /><testcase classname="tests.unit.tools.github.test_server.TestCreateGitHubToolsServer" name="test_create_github_tools_server_in_nested_async" time="0.001" /><testcase classname="tests.unit.tools.github.test_server.TestCreateGitHubToolsServer" name="test_create_github_tools_server_skip_verification_ignored" time="0.000" /><testcase classname="tests.unit.tools.test_git_example.TestGitToolPatterns" name="test_git_command_mocking" time="0.002" /><testcase classname="tests.unit.tools.test_git_example.TestGitToolPatterns" name="test_tool_response_validation" time="0.002" /><testcase classname="tests.unit.tools.test_git_example.TestGitToolPatterns" name="test_error_response_structure" time="0.003" /><testcase classname="tests.unit.tools.test_git_example.TestGitToolPatterns" name="test_multiple_subprocess_calls" time="0.002" /><testcase classname="tests.unit.tools.test_git_tools.TestHelperFunctions" name="test_success_response" time="0.000" /><testcase classname="tests.unit.tools.test_git_tools.TestHelperFunctions" name="test_error_response" time="0.000" /><testcase classname="tests.unit.tools.test_git_tools.TestHelperFunctions" name="test_error_response_with_retry" time="0.000" /><testcase classname="tests.unit.tools.test_git_tools.TestHelperFunctions" name="test_format_commit_message_plain" time="0.000" /><testcase classname="tests.unit.tools.test_git_tools.TestHelperFunctions" name="test_format_commit_message_with_type" time="0.000" /><testcase classname="tests.unit.tools.test_git_tools.TestHelperFunctions" name="test_format_commit_message_with_scope" time="0.000" /><testcase classname="tests.unit.tools.test_git_tools.TestHelperFunctions" name="test_format_commit_message_breaking" time="0.000" /><testcase classname="tests.unit.tools.test_git_tools.TestHelperFunctions" name="test_format_commit_message_scope_and_breaking" time="0.000" /><testcase classname="tests.unit.tools.test_git_tools.TestHelperFunctions" name="test_verify_git_prerequisites_success" time="0.002" /><testcase classname="tests.unit.tools.test_git_tools.TestHelperFunctions" name="test_verify_git_prerequisites_not_in_repo" time="0.002" /><testcase classname="tests.unit.tools.test_git_tools.TestGitCommit" name="test_git_commit_success" time="0.002" /><testcase classname="tests.unit.tools.test_git_tools.TestGitCommit" name="test_git_commit_conventional_format" time="0.003" /><testcase classname="tests.unit.tools.test_git_tools.TestGitCommit" name="test_git_commit_nothing_to_commit" time="0.002" /><testcase classname="tests.unit.tools.test_git_tools.TestGitCommit" name="test_git_commit_empty_message" time="0.002" /><testcase classname="tests.unit.tools.test_git_tools.TestGitCommit" name="test_git_commit_invalid_type" time="0.001" /><testcase classname="tests.unit.tools.test_git_tools.TestGitCommit" name="test_git_commit_git_error" time="0.004" /><testcase classname="tests.unit.tools.test_git_tools.TestGitPush" name="test_git_push_success" time="0.002" /><testcase classname="tests.unit.tools.test_git_tools.TestGitPush" name="test_git_push_detached_head" time="0.003" /><testcase classname="tests.unit.tools.test_git_tools.TestGitPush" name="test_git_push_auth_required" time="0.002" /><testcase classname="tests.unit.tools.test_git_tools.TestGitPush" name="test_git_push_network_error" time="0.002" /><testcase classname="tests.unit.tools.test_git_tools.TestGitPush" name="test_git_push_not_a_repository" time="0.002" /><testcase classname="tests.unit.tools.test_git_tools.TestGitPush" name="test_git_push_set_upstream" time="0.002" /><testcase classname="tests.unit.tools.test_git_tools.TestGitCurrentBranch" name="test_git_current_branch_success" time="0.003" /><testcase classname="tests.unit.tools.test_git_tools.TestGitCurrentBranch" name="test_git_current_branch_detached" time="0.002" /><testcase classname="tests.unit.tools.test_git_tools.TestGitCurrentBranch" name="test_git_current_branch_not_repo" time="0.003" /><testcase classname="tests.unit.tools.test_git_tools.TestGitDiffStats" name="test_git_diff_stats_success" time="0.002" /><testcase classname="tests.unit.tools.test_git_tools.TestGitDiffStats" name="test_git_diff_stats_no_changes" time="0.002" /><testcase classname="tests.unit.tools.test_git_tools.TestGitDiffStats" name="test_git_diff_stats_insertions_only" time="0.002" /><testcase classname="tests.unit.tools.test_git_tools.TestGitDiffStats" name="test_git_diff_stats_deletions_only" time="0.002" /><testcase classname="tests.unit.tools.test_git_tools.TestGitCreateBranch" name="test_git_create_branch_success" time="0.002" /><testcase classname="tests.unit.tools.test_git_tools.TestGitCreateBranch" name="test_git_create_branch_with_base" time="0.003" /><testcase classname="tests.unit.tools.test_git_tools.TestGitCreateBranch" name="test_git_create_branch_exists" time="0.003" /><testcase classname="tests.unit.tools.test_git_tools.TestGitCreateBranch" name="test_git_create_branch_invalid_name" time="0.008" /><testcase classname="tests.unit.tools.test_git_tools.TestGitCreateBranch" name="test_git_create_branch_empty_name" time="0.007" /><testcase classname="tests.unit.tools.test_git_tools.TestGitCreateBranch" name="test_git_create_branch_base_not_found" time="0.005" /><testcase classname="tests.unit.tools.test_git_tools.TestCreateGitToolsServer" name="test_create_git_tools_server" time="0.000" /><testcase classname="tests.unit.tools.test_git_tools.TestCreateGitToolsServer" name="test_create_git_tools_server_skip_verification" time="0.001" /><testcase classname="tests.unit.tools.test_git_tools.TestCreateGitToolsServer" name="test_create_git_tools_server_with_cwd" time="0.002" /><testcase classname="tests.unit.tools.test_git_tools.TestCreateGitToolsServer" name="test_create_git_tools_server_safe_in_async_context" time="0.002" /><testcase classname="tests.unit.tools.test_git_tools_edge_cases" name="test_git_commit_unicode_message" time="0.002" /><testcase classname="tests.unit.tools.test_notification.TestHelperFunctions" name="test_success_response_format" time="0.000" /><testcase classname="tests.unit.tools.test_notification.TestHelperFunctions" name="test_error_response_format" time="0.000" /><testcase classname="tests.unit.tools.test_notification.TestHelperFunctions" name="test_error_response_with_retry" time="0.000" /><testcase classname="tests.unit.tools.test_notification.TestSendNtfyRequest" name="test_send_request_disabled_config" time="0.001" /><testcase classname="tests.unit.tools.test_notification.TestSendNtfyRequest" name="test_send_request_success" time="0.001" /><testcase classname="tests.unit.tools.test_notification.TestSendNtfyRequest" name="test_send_request_retry_on_timeout" time="0.004" /><testcase classname="tests.unit.tools.test_notification.TestSendNtfyRequest" name="test_send_request_graceful_degradation" time="0.004" /><testcase classname="tests.unit.tools.test_notification.TestSendNtfyRequest" name="test_send_request_http_error" time="0.003" /><testcase classname="tests.unit.tools.test_notification.TestSendWorkflowUpdate" name="test_send_workflow_update_success" time="0.002" /><testcase classname="tests.unit.tools.test_notification.TestSendWorkflowUpdate" name="test_send_workflow_update_stage_mappings" time="0.002" /><testcase classname="tests.unit.tools.test_notification.TestSendWorkflowUpdate" name="test_send_workflow_update_disabled" time="0.001" /><testcase classname="tests.unit.tools.test_notification.TestSendWorkflowUpdate" name="test_send_workflow_update_invalid_stage" time="0.001" /><testcase classname="tests.unit.tools.test_notification.TestSendWorkflowUpdate" name="test_send_workflow_update_retry" time="0.002" /><testcase classname="tests.unit.tools.test_notification.TestSendWorkflowUpdate" name="test_send_workflow_update_default_workflow_name" time="0.002" /><testcase classname="tests.unit.tools.test_notification.TestSendNotification" name="test_send_notification_success" time="0.002" /><testcase classname="tests.unit.tools.test_notification.TestSendNotification" name="test_send_notification_minimal_params" time="0.002" /><testcase classname="tests.unit.tools.test_notification.TestSendNotification" name="test_send_notification_empty_message" time="0.001" /><testcase classname="tests.unit.tools.test_notification.TestSendNotification" name="test_send_notification_whitespace_message" time="0.002" /><testcase classname="tests.unit.tools.test_notification.TestSendNotification" name="test_send_notification_invalid_priority" time="0.004" /><testcase classname="tests.unit.tools.test_notification.TestSendNotification" name="test_send_notification_invalid_tags_type" time="0.003" /><testcase classname="tests.unit.tools.test_notification.TestSendNotification" name="test_send_notification_graceful_degradation" time="0.007" /><testcase classname="tests.unit.tools.test_notification.TestSendNotification" name="test_send_notification_disabled" time="0.004" /><testcase classname="tests.unit.tools.test_notification.TestSendNotification" name="test_send_notification_priority_case_insensitive" time="0.002" /><testcase classname="tests.unit.tools.test_notification.TestSendNotification" name="test_send_notification_tags_conversion" time="0.001" /><testcase classname="tests.unit.tools.test_notification.TestCreateNotificationToolsServer" name="test_create_server_with_config" time="0.000" /><testcase classname="tests.unit.tools.test_notification.TestCreateNotificationToolsServer" name="test_create_server_default_config" time="0.000" /><testcase classname="tests.unit.tools.test_notification.TestCreateNotificationToolsServer" name="test_create_server_tool_metadata" time="0.000" /><testcase classname="tests.unit.tools.test_notification.TestConstants" name="test_ntfy_priorities_complete" time="0.000" /><testcase classname="tests.unit.tools.test_notification.TestConstants" name="test_stage_mapping_complete" time="0.000" /><testcase classname="tests.unit.tools.test_notification.TestConstants" name="test_stage_mapping_priorities" time="0.000" /><testcase classname="tests.unit.tools.test_notification.TestConstants" name="test_server_metadata" time="0.000" /><testcase classname="tests.unit.tools.test_notification_edge_cases" name="test_send_request_non_200_with_json" time="0.004" /><testcase classname="tests.unit.tools.test_notification_edge_cases" name="test_send_request_malformed_json" time="0.003" /><testcase classname="tests.unit.tools.test_validation.TestHelperFunctions" name="test_success_response_format" time="0.000" /><testcase classname="tests.unit.tools.test_validation.TestHelperFunctions" name="test_error_response_format" time="0.000" /><testcase classname="tests.unit.tools.test_validation.TestHelperFunctions" name="test_error_response_with_retry_after" time="0.000" /><testcase classname="tests.unit.tools.test_validation.TestRunCommandWithTimeout" name="test_successful_command_execution" time="0.004" /><testcase classname="tests.unit.tools.test_validation.TestRunCommandWithTimeout" name="test_command_execution_with_cwd" time="0.002" /><testcase classname="tests.unit.tools.test_validation.TestRunCommandWithTimeout" name="test_command_timeout_kills_process" time="0.004" /><testcase classname="tests.unit.tools.test_validation.TestRunCommandWithTimeout" name="test_command_execution_error" time="0.002" /><testcase classname="tests.unit.tools.test_validation.TestRunCommandWithTimeout" name="test_command_nonzero_exit_code" time="0.001" /><testcase classname="tests.unit.tools.test_validation.TestRunValidation" name="test_run_validation_success" time="0.002" /><testcase classname="tests.unit.tools.test_validation.TestRunValidation" name="test_run_validation_failure" time="0.002" /><testcase classname="tests.unit.tools.test_validation.TestRunValidation" name="test_run_validation_timeout" time="0.004" /><testcase classname="tests.unit.tools.test_validation.TestRunValidation" name="test_run_validation_invalid_type" time="0.002" /><testcase classname="tests.unit.tools.test_validation.TestRunValidation" name="test_run_validation_empty_types" time="0.001" /><testcase classname="tests.unit.tools.test_validation.TestRunValidation" name="test_run_validation_all_types" time="0.002" /><testcase classname="tests.unit.tools.test_validation.TestRunValidation" name="test_run_validation_no_command_configured" time="0.002" /><testcase classname="tests.unit.tools.test_validation.TestRunValidation" name="test_run_validation_combines_stdout_stderr" time="0.003" /><testcase classname="tests.unit.tools.test_validation.TestRunValidation" name="test_run_validation_mixed_results" time="0.002" /><testcase classname="tests.unit.tools.test_validation.TestParseValidationOutput" name="test_parse_validation_output_ruff" time="0.001" /><testcase classname="tests.unit.tools.test_validation.TestParseValidationOutput" name="test_parse_validation_output_mypy" time="0.001" /><testcase classname="tests.unit.tools.test_validation.TestParseValidationOutput" name="test_parse_validation_output_truncation" time="0.001" /><testcase classname="tests.unit.tools.test_validation.TestParseValidationOutput" name="test_parse_validation_output_invalid_type" time="0.001" /><testcase classname="tests.unit.tools.test_validation.TestParseValidationOutput" name="test_parse_validation_output_empty" time="0.001" /><testcase classname="tests.unit.tools.test_validation.TestParseValidationOutput" name="test_parse_validation_output_no_matches" time="0.001" /><testcase classname="tests.unit.tools.test_validation.TestParseValidationOutput" name="test_parse_ruff_various_codes" time="0.001" /><testcase classname="tests.unit.tools.test_validation.TestParseValidationOutput" name="test_parse_mypy_without_code" time="0.001" /><testcase classname="tests.unit.tools.test_validation.TestParseValidationOutput" name="test_parse_mypy_with_code" time="0.001" /><testcase classname="tests.unit.tools.test_validation.TestCreateValidationToolsServer" name="test_create_validation_tools_server_default_config" time="0.000" /><testcase classname="tests.unit.tools.test_validation.TestCreateValidationToolsServer" name="test_create_validation_tools_server_custom_config" time="0.001" /><testcase classname="tests.unit.tools.test_validation.TestCreateValidationToolsServer" name="test_create_validation_tools_server_custom_project_root" time="0.001" /><testcase classname="tests.unit.tools.test_validation.TestCreateValidationToolsServer" name="test_create_validation_tools_server_with_both_params" time="0.001" /><testcase classname="tests.unit.tools.test_validation.TestCreateValidationToolsServer" name="test_server_has_correct_tools" time="0.000" /><testcase classname="tests.unit.tools.test_validation.TestPatternMatching" name="test_ruff_pattern_matches_valid_output" time="0.000" /><testcase classname="tests.unit.tools.test_validation.TestPatternMatching" name="test_ruff_pattern_rejects_invalid_output" time="0.000" /><testcase classname="tests.unit.tools.test_validation.TestPatternMatching" name="test_mypy_pattern_matches_valid_output" time="0.000" /><testcase classname="tests.unit.tools.test_validation.TestPatternMatching" name="test_mypy_pattern_matches_without_code" time="0.000" /><testcase classname="tests.unit.tools.test_validation.TestPatternMatching" name="test_mypy_pattern_matches_all_severities" time="0.000" /><testcase classname="tests.unit.tools.test_validation.TestPatternMatching" name="test_mypy_pattern_rejects_invalid_output" time="0.000" /><testcase classname="tests.unit.tools.test_validation.TestConstants" name="test_default_timeout_value" time="0.000" /><testcase classname="tests.unit.tools.test_validation.TestConstants" name="test_max_errors_value" time="0.000" /><testcase classname="tests.unit.tools.test_validation.TestConstants" name="test_validation_types_contains_all_types" time="0.000" /><testcase classname="tests.unit.tools.test_validation.TestConstants" name="test_server_name_value" time="0.000" /><testcase classname="tests.unit.tools.test_validation.TestConstants" name="test_server_version_value" time="0.000" /><testcase classname="tests.unit.tools.test_validation.TestValidationIntegration" name="test_full_validation_flow_with_parsing" time="0.003" /><testcase classname="tests.unit.tools.test_validation.TestValidationIntegration" name="test_validation_with_timeout_in_config" time="0.003" /><testcase classname="tests.unit.tools.test_validation_edge_cases" name="test_stdout_and_stderr_simultaneous" time="0.002" /><testcase classname="tests.unit.tools.test_validation_edge_cases" name="test_interleaved_output_handling" time="0.001" /><testcase classname="tests.unit.tui.models.test_enums.TestStageStatus" name="test_stage_status_pending_value" time="0.001" /><testcase classname="tests.unit.tui.models.test_enums.TestStageStatus" name="test_stage_status_active_value" time="0.000" /><testcase classname="tests.unit.tui.models.test_enums.TestStageStatus" name="test_stage_status_completed_value" time="0.000" /><testcase classname="tests.unit.tui.models.test_enums.TestStageStatus" name="test_stage_status_failed_value" time="0.000" /><testcase classname="tests.unit.tui.models.test_enums.TestStageStatus" name="test_stage_status_is_string_enum" time="0.000" /><testcase classname="tests.unit.tui.models.test_enums.TestStageStatus" name="test_stage_status_string_comparison" time="0.000" /><testcase classname="tests.unit.tui.models.test_enums.TestStageStatus" name="test_stage_status_from_string" time="0.000" /><testcase classname="tests.unit.tui.models.test_enums.TestStageStatus" name="test_stage_status_from_string_case_sensitive" time="0.000" /><testcase classname="tests.unit.tui.models.test_enums.TestStageStatus" name="test_stage_status_invalid_value_raises" time="0.000" /><testcase classname="tests.unit.tui.models.test_enums.TestStageStatus" name="test_stage_status_iteration" time="0.000" /><testcase classname="tests.unit.tui.models.test_enums.TestStageStatus" name="test_stage_status_membership" time="0.000" /><testcase classname="tests.unit.tui.models.test_enums.TestStageStatus" name="test_stage_status_name_attribute" time="0.000" /><testcase classname="tests.unit.tui.models.test_enums.TestStageStatus" name="test_stage_status_all_members" time="0.000" /><testcase classname="tests.unit.tui.models.test_enums.TestStageStatus" name="test_stage_status_unique_values" time="0.001" /><testcase classname="tests.unit.tui.models.test_enums.TestIssueSeverity" name="test_issue_severity_error_value" time="0.001" /><testcase classname="tests.unit.tui.models.test_enums.TestIssueSeverity" name="test_issue_severity_warning_value" time="0.001" /><testcase classname="tests.unit.tui.models.test_enums.TestIssueSeverity" name="test_issue_severity_info_value" time="0.001" /><testcase classname="tests.unit.tui.models.test_enums.TestIssueSeverity" name="test_issue_severity_suggestion_value" time="0.001" /><testcase classname="tests.unit.tui.models.test_enums.TestIssueSeverity" name="test_issue_severity_is_string_enum" time="0.000" /><testcase classname="tests.unit.tui.models.test_enums.TestIssueSeverity" name="test_issue_severity_string_comparison" time="0.000" /><testcase classname="tests.unit.tui.models.test_enums.TestIssueSeverity" name="test_issue_severity_from_string" time="0.000" /><testcase classname="tests.unit.tui.models.test_enums.TestIssueSeverity" name="test_issue_severity_from_string_case_sensitive" time="0.000" /><testcase classname="tests.unit.tui.models.test_enums.TestIssueSeverity" name="test_issue_severity_invalid_value_raises" time="0.000" /><testcase classname="tests.unit.tui.models.test_enums.TestIssueSeverity" name="test_issue_severity_iteration" time="0.000" /><testcase classname="tests.unit.tui.models.test_enums.TestIssueSeverity" name="test_issue_severity_membership" time="0.000" /><testcase classname="tests.unit.tui.models.test_enums.TestIssueSeverity" name="test_issue_severity_name_attribute" time="0.000" /><testcase classname="tests.unit.tui.models.test_enums.TestIssueSeverity" name="test_issue_severity_all_members" time="0.000" /><testcase classname="tests.unit.tui.models.test_enums.TestIssueSeverity" name="test_issue_severity_unique_values" time="0.000" /><testcase classname="tests.unit.tui.models.test_enums.TestSidebarMode" name="test_sidebar_mode_navigation_value" time="0.000" /><testcase classname="tests.unit.tui.models.test_enums.TestSidebarMode" name="test_sidebar_mode_workflow_value" time="0.000" /><testcase classname="tests.unit.tui.models.test_enums.TestSidebarMode" name="test_sidebar_mode_is_string_enum" time="0.000" /><testcase classname="tests.unit.tui.models.test_enums.TestSidebarMode" name="test_sidebar_mode_string_comparison" time="0.000" /><testcase classname="tests.unit.tui.models.test_enums.TestSidebarMode" name="test_sidebar_mode_from_string" time="0.000" /><testcase classname="tests.unit.tui.models.test_enums.TestSidebarMode" name="test_sidebar_mode_from_string_case_sensitive" time="0.000" /><testcase classname="tests.unit.tui.models.test_enums.TestSidebarMode" name="test_sidebar_mode_invalid_value_raises" time="0.000" /><testcase classname="tests.unit.tui.models.test_enums.TestSidebarMode" name="test_sidebar_mode_iteration" time="0.000" /><testcase classname="tests.unit.tui.models.test_enums.TestSidebarMode" name="test_sidebar_mode_membership" time="0.000" /><testcase classname="tests.unit.tui.models.test_enums.TestSidebarMode" name="test_sidebar_mode_name_attribute" time="0.000" /><testcase classname="tests.unit.tui.models.test_enums.TestSidebarMode" name="test_sidebar_mode_all_members" time="0.000" /><testcase classname="tests.unit.tui.models.test_enums.TestSidebarMode" name="test_sidebar_mode_unique_values" time="0.000" /><testcase classname="tests.unit.tui.models.test_enums.TestMessageType" name="test_message_type_text_value" time="0.000" /><testcase classname="tests.unit.tui.models.test_enums.TestMessageType" name="test_message_type_code_value" time="0.000" /><testcase classname="tests.unit.tui.models.test_enums.TestMessageType" name="test_message_type_tool_call_value" time="0.000" /><testcase classname="tests.unit.tui.models.test_enums.TestMessageType" name="test_message_type_tool_result_value" time="0.000" /><testcase classname="tests.unit.tui.models.test_enums.TestMessageType" name="test_message_type_is_string_enum" time="0.000" /><testcase classname="tests.unit.tui.models.test_enums.TestMessageType" name="test_message_type_string_comparison" time="0.000" /><testcase classname="tests.unit.tui.models.test_enums.TestMessageType" name="test_message_type_from_string" time="0.000" /><testcase classname="tests.unit.tui.models.test_enums.TestMessageType" name="test_message_type_all_members" time="0.000" /><testcase classname="tests.unit.tui.models.test_enums.TestFindingSeverity" name="test_finding_severity_error_value" time="0.000" /><testcase classname="tests.unit.tui.models.test_enums.TestFindingSeverity" name="test_finding_severity_warning_value" time="0.000" /><testcase classname="tests.unit.tui.models.test_enums.TestFindingSeverity" name="test_finding_severity_suggestion_value" time="0.000" /><testcase classname="tests.unit.tui.models.test_enums.TestFindingSeverity" name="test_finding_severity_is_string_enum" time="0.000" /><testcase classname="tests.unit.tui.models.test_enums.TestFindingSeverity" name="test_finding_severity_string_comparison" time="0.000" /><testcase classname="tests.unit.tui.models.test_enums.TestFindingSeverity" name="test_finding_severity_from_string" time="0.000" /><testcase classname="tests.unit.tui.models.test_enums.TestFindingSeverity" name="test_finding_severity_all_members" time="0.000" /><testcase classname="tests.unit.tui.models.test_enums.TestValidationStepStatus" name="test_validation_step_status_pending_value" time="0.000" /><testcase classname="tests.unit.tui.models.test_enums.TestValidationStepStatus" name="test_validation_step_status_running_value" time="0.000" /><testcase classname="tests.unit.tui.models.test_enums.TestValidationStepStatus" name="test_validation_step_status_passed_value" time="0.000" /><testcase classname="tests.unit.tui.models.test_enums.TestValidationStepStatus" name="test_validation_step_status_failed_value" time="0.000" /><testcase classname="tests.unit.tui.models.test_enums.TestValidationStepStatus" name="test_validation_step_status_is_string_enum" time="0.000" /><testcase classname="tests.unit.tui.models.test_enums.TestValidationStepStatus" name="test_validation_step_status_string_comparison" time="0.000" /><testcase classname="tests.unit.tui.models.test_enums.TestValidationStepStatus" name="test_validation_step_status_from_string" time="0.000" /><testcase classname="tests.unit.tui.models.test_enums.TestValidationStepStatus" name="test_validation_step_status_all_members" time="0.000" /><testcase classname="tests.unit.tui.models.test_enums.TestPRState" name="test_pr_state_open_value" time="0.000" /><testcase classname="tests.unit.tui.models.test_enums.TestPRState" name="test_pr_state_merged_value" time="0.000" /><testcase classname="tests.unit.tui.models.test_enums.TestPRState" name="test_pr_state_closed_value" time="0.000" /><testcase classname="tests.unit.tui.models.test_enums.TestPRState" name="test_pr_state_is_string_enum" time="0.000" /><testcase classname="tests.unit.tui.models.test_enums.TestPRState" name="test_pr_state_string_comparison" time="0.000" /><testcase classname="tests.unit.tui.models.test_enums.TestPRState" name="test_pr_state_from_string" time="0.000" /><testcase classname="tests.unit.tui.models.test_enums.TestPRState" name="test_pr_state_all_members" time="0.000" /><testcase classname="tests.unit.tui.models.test_enums.TestCheckStatus" name="test_check_status_pending_value" time="0.000" /><testcase classname="tests.unit.tui.models.test_enums.TestCheckStatus" name="test_check_status_passing_value" time="0.000" /><testcase classname="tests.unit.tui.models.test_enums.TestCheckStatus" name="test_check_status_failing_value" time="0.000" /><testcase classname="tests.unit.tui.models.test_enums.TestCheckStatus" name="test_check_status_is_string_enum" time="0.000" /><testcase classname="tests.unit.tui.models.test_enums.TestCheckStatus" name="test_check_status_string_comparison" time="0.000" /><testcase classname="tests.unit.tui.models.test_enums.TestCheckStatus" name="test_check_status_from_string" time="0.000" /><testcase classname="tests.unit.tui.models.test_enums.TestCheckStatus" name="test_check_status_all_members" time="0.000" /><testcase classname="tests.unit.tui.models.test_findings.TestCodeLocation" name="test_creation_with_required_fields" time="0.000" /><testcase classname="tests.unit.tui.models.test_findings.TestCodeLocation" name="test_creation_with_all_fields" time="0.000" /><testcase classname="tests.unit.tui.models.test_findings.TestCodeLocation" name="test_end_line_defaults_to_none" time="0.000" /><testcase classname="tests.unit.tui.models.test_findings.TestCodeLocation" name="test_single_line_location" time="0.000" /><testcase classname="tests.unit.tui.models.test_findings.TestCodeLocation" name="test_multi_line_location" time="0.000" /><testcase classname="tests.unit.tui.models.test_findings.TestCodeLocation" name="test_code_location_is_frozen" time="0.000" /><testcase classname="tests.unit.tui.models.test_findings.TestCodeContext" name="test_creation_with_all_fields" time="0.000" /><testcase classname="tests.unit.tui.models.test_findings.TestCodeContext" name="test_multiline_content" time="0.000" /><testcase classname="tests.unit.tui.models.test_findings.TestCodeContext" name="test_code_context_is_frozen" time="0.000" /><testcase classname="tests.unit.tui.models.test_findings.TestReviewFinding" name="test_creation_with_required_fields" time="0.000" /><testcase classname="tests.unit.tui.models.test_findings.TestReviewFinding" name="test_creation_with_all_fields" time="0.000" /><testcase classname="tests.unit.tui.models.test_findings.TestReviewFinding" name="test_suggested_fix_defaults_to_none" time="0.000" /><testcase classname="tests.unit.tui.models.test_findings.TestReviewFinding" name="test_source_defaults_to_review" time="0.000" /><testcase classname="tests.unit.tui.models.test_findings.TestReviewFinding" name="test_different_severities" time="0.000" /><testcase classname="tests.unit.tui.models.test_findings.TestReviewFinding" name="test_review_finding_is_frozen" time="0.000" /><testcase classname="tests.unit.tui.models.test_findings.TestReviewFindingItem" name="test_creation_with_required_fields" time="0.000" /><testcase classname="tests.unit.tui.models.test_findings.TestReviewFindingItem" name="test_creation_with_all_fields" time="0.000" /><testcase classname="tests.unit.tui.models.test_findings.TestReviewFindingItem" name="test_selected_defaults_to_false" time="0.000" /><testcase classname="tests.unit.tui.models.test_findings.TestReviewFindingItem" name="test_review_finding_item_is_frozen" time="0.000" /><testcase classname="tests.unit.tui.models.test_github.TestStatusCheck" name="test_creation_with_required_fields" time="0.000" /><testcase classname="tests.unit.tui.models.test_github.TestStatusCheck" name="test_creation_with_all_fields" time="0.000" /><testcase classname="tests.unit.tui.models.test_github.TestStatusCheck" name="test_url_defaults_to_none" time="0.000" /><testcase classname="tests.unit.tui.models.test_github.TestStatusCheck" name="test_different_statuses" time="0.000" /><testcase classname="tests.unit.tui.models.test_github.TestStatusCheck" name="test_status_check_is_frozen" time="0.001" /><testcase classname="tests.unit.tui.models.test_github.TestPRInfo" name="test_creation_with_required_fields" time="0.000" /><testcase classname="tests.unit.tui.models.test_github.TestPRInfo" name="test_creation_with_all_fields" time="0.000" /><testcase classname="tests.unit.tui.models.test_github.TestPRInfo" name="test_checks_defaults_to_empty_tuple" time="0.000" /><testcase classname="tests.unit.tui.models.test_github.TestPRInfo" name="test_branch_defaults_to_empty_string" time="0.000" /><testcase classname="tests.unit.tui.models.test_github.TestPRInfo" name="test_base_branch_defaults_to_main" time="0.000" /><testcase classname="tests.unit.tui.models.test_github.TestPRInfo" name="test_description_preview_property_short_description" time="0.000" /><testcase classname="tests.unit.tui.models.test_github.TestPRInfo" name="test_description_preview_property_long_description" time="0.000" /><testcase classname="tests.unit.tui.models.test_github.TestPRInfo" name="test_description_preview_property_exactly_200_chars" time="0.000" /><testcase classname="tests.unit.tui.models.test_github.TestPRInfo" name="test_different_states" time="0.000" /><testcase classname="tests.unit.tui.models.test_github.TestPRInfo" name="test_pr_info_is_frozen" time="0.000" /><testcase classname="tests.unit.tui.models.test_integration.TestCrossModelIntegration" name="test_workflow_screen_with_review_issues" time="0.000" /><testcase classname="tests.unit.tui.models.test_integration.TestCrossModelIntegration" name="test_home_screen_with_recent_workflows" time="0.000" /><testcase classname="tests.unit.tui.models.test_integration.TestCrossModelIntegration" name="test_sidebar_with_workflow_stages" time="0.000" /><testcase classname="tests.unit.tui.models.test_integration.TestCrossModelIntegration" name="test_log_panel_with_multiple_entries" time="0.000" /><testcase classname="tests.unit.tui.models.test_navigation.TestLogEntry" name="test_creation_with_all_fields" time="0.000" /><testcase classname="tests.unit.tui.models.test_navigation.TestLogEntry" name="test_different_log_levels" time="0.000" /><testcase classname="tests.unit.tui.models.test_navigation.TestLogEntry" name="test_different_sources" time="0.000" /><testcase classname="tests.unit.tui.models.test_navigation.TestLogEntry" name="test_log_entry_is_frozen" time="0.000" /><testcase classname="tests.unit.tui.models.test_navigation.TestLogPanelState" name="test_creation_with_defaults" time="0.000" /><testcase classname="tests.unit.tui.models.test_navigation.TestLogPanelState" name="test_creation_with_custom_values" time="0.000" /><testcase classname="tests.unit.tui.models.test_navigation.TestLogPanelState" name="test_add_entry_method" time="0.000" /><testcase classname="tests.unit.tui.models.test_navigation.TestLogPanelState" name="test_add_entry_respects_max_entries" time="0.000" /><testcase classname="tests.unit.tui.models.test_navigation.TestLogPanelState" name="test_log_panel_state_is_mutable" time="0.000" /><testcase classname="tests.unit.tui.models.test_navigation.TestLogPanelState" name="test_log_panel_state_has_slots" time="0.000" /><testcase classname="tests.unit.tui.models.test_navigation.TestNavigationItem" name="test_creation_with_required_fields" time="0.000" /><testcase classname="tests.unit.tui.models.test_navigation.TestNavigationItem" name="test_creation_with_all_fields" time="0.000" /><testcase classname="tests.unit.tui.models.test_navigation.TestNavigationItem" name="test_shortcut_defaults_to_none" time="0.000" /><testcase classname="tests.unit.tui.models.test_navigation.TestNavigationItem" name="test_navigation_item_is_frozen" time="0.000" /><testcase classname="tests.unit.tui.models.test_navigation.TestSidebarState" name="test_creation_with_defaults" time="0.000" /><testcase classname="tests.unit.tui.models.test_navigation.TestSidebarState" name="test_default_navigation_items" time="0.000" /><testcase classname="tests.unit.tui.models.test_navigation.TestSidebarState" name="test_creation_with_custom_values" time="0.000" /><testcase classname="tests.unit.tui.models.test_navigation.TestSidebarState" name="test_workflow_mode" time="0.000" /><testcase classname="tests.unit.tui.models.test_navigation.TestSidebarState" name="test_sidebar_state_is_frozen" time="0.000" /><testcase classname="tests.unit.tui.models.test_screen_state.TestScreenState" name="test_creation_with_required_fields" time="0.000" /><testcase classname="tests.unit.tui.models.test_screen_state.TestScreenState" name="test_creation_with_all_fields" time="0.000" /><testcase classname="tests.unit.tui.models.test_screen_state.TestScreenState" name="test_can_go_back_defaults_to_true" time="0.000" /><testcase classname="tests.unit.tui.models.test_screen_state.TestScreenState" name="test_error_message_defaults_to_none" time="0.000" /><testcase classname="tests.unit.tui.models.test_screen_state.TestScreenState" name="test_screen_state_is_frozen" time="0.000" /><testcase classname="tests.unit.tui.models.test_screen_state.TestScreenState" name="test_screen_state_has_slots" time="0.000" /><testcase classname="tests.unit.tui.models.test_screen_state.TestHomeScreenState" name="test_creation_with_required_fields" time="0.000" /><testcase classname="tests.unit.tui.models.test_screen_state.TestHomeScreenState" name="test_creation_with_all_fields" time="0.000" /><testcase classname="tests.unit.tui.models.test_screen_state.TestHomeScreenState" name="test_recent_workflows_defaults_to_empty_tuple" time="0.000" /><testcase classname="tests.unit.tui.models.test_screen_state.TestHomeScreenState" name="test_selected_index_defaults_to_zero" time="0.000" /><testcase classname="tests.unit.tui.models.test_screen_state.TestHomeScreenState" name="test_selected_workflow_property_valid_index" time="0.000" /><testcase classname="tests.unit.tui.models.test_screen_state.TestHomeScreenState" name="test_selected_workflow_property_invalid_index" time="0.000" /><testcase classname="tests.unit.tui.models.test_screen_state.TestHomeScreenState" name="test_selected_workflow_property_negative_index" time="0.000" /><testcase classname="tests.unit.tui.models.test_screen_state.TestHomeScreenState" name="test_selected_workflow_property_empty_workflows" time="0.000" /><testcase classname="tests.unit.tui.models.test_screen_state.TestHomeScreenState" name="test_home_screen_state_is_frozen" time="0.000" /><testcase classname="tests.unit.tui.models.test_screen_state.TestWorkflowScreenState" name="test_creation_with_required_fields" time="0.000" /><testcase classname="tests.unit.tui.models.test_screen_state.TestWorkflowScreenState" name="test_creation_with_all_fields" time="0.000" /><testcase classname="tests.unit.tui.models.test_screen_state.TestWorkflowScreenState" name="test_current_stage_property_with_active_stage" time="0.000" /><testcase classname="tests.unit.tui.models.test_screen_state.TestWorkflowScreenState" name="test_current_stage_property_no_active_stage" time="0.000" /><testcase classname="tests.unit.tui.models.test_screen_state.TestWorkflowScreenState" name="test_current_stage_property_empty_stages" time="0.000" /><testcase classname="tests.unit.tui.models.test_screen_state.TestWorkflowScreenState" name="test_progress_percent_property_all_completed" time="0.000" /><testcase classname="tests.unit.tui.models.test_screen_state.TestWorkflowScreenState" name="test_progress_percent_property_partial_completion" time="0.000" /><testcase classname="tests.unit.tui.models.test_screen_state.TestWorkflowScreenState" name="test_progress_percent_property_no_completion" time="0.000" /><testcase classname="tests.unit.tui.models.test_screen_state.TestWorkflowScreenState" name="test_progress_percent_property_empty_stages" time="0.000" /><testcase classname="tests.unit.tui.models.test_screen_state.TestWorkflowScreenState" name="test_workflow_screen_state_is_frozen" time="0.000" /><testcase classname="tests.unit.tui.models.test_screen_state.TestReviewScreenState" name="test_creation_with_required_fields" time="0.000" /><testcase classname="tests.unit.tui.models.test_screen_state.TestReviewScreenState" name="test_creation_with_all_fields" time="0.000" /><testcase classname="tests.unit.tui.models.test_screen_state.TestReviewScreenState" name="test_filtered_issues_property_no_filter" time="0.000" /><testcase classname="tests.unit.tui.models.test_screen_state.TestReviewScreenState" name="test_filtered_issues_property_with_filter" time="0.000" /><testcase classname="tests.unit.tui.models.test_screen_state.TestReviewScreenState" name="test_issue_counts_property" time="0.000" /><testcase classname="tests.unit.tui.models.test_screen_state.TestReviewScreenState" name="test_issue_counts_property_empty_issues" time="0.001" /><testcase classname="tests.unit.tui.models.test_screen_state.TestReviewScreenState" name="test_review_screen_state_is_frozen" time="0.001" /><testcase classname="tests.unit.tui.models.test_screen_state.TestConfigScreenState" name="test_creation_with_required_fields" time="0.001" /><testcase classname="tests.unit.tui.models.test_screen_state.TestConfigScreenState" name="test_creation_with_all_fields" time="0.001" /><testcase classname="tests.unit.tui.models.test_screen_state.TestConfigScreenState" name="test_selected_option_property_valid_index" time="0.001" /><testcase classname="tests.unit.tui.models.test_screen_state.TestConfigScreenState" name="test_selected_option_property_invalid_index" time="0.000" /><testcase classname="tests.unit.tui.models.test_screen_state.TestConfigScreenState" name="test_selected_option_property_empty_options" time="0.000" /><testcase classname="tests.unit.tui.models.test_screen_state.TestConfigScreenState" name="test_config_screen_state_is_frozen" time="0.000" /><testcase classname="tests.unit.tui.models.test_settings.TestConfigOption" name="test_creation_with_required_fields" time="0.000" /><testcase classname="tests.unit.tui.models.test_settings.TestConfigOption" name="test_creation_with_all_fields" time="0.000" /><testcase classname="tests.unit.tui.models.test_settings.TestConfigOption" name="test_bool_option" time="0.000" /><testcase classname="tests.unit.tui.models.test_settings.TestConfigOption" name="test_string_option" time="0.000" /><testcase classname="tests.unit.tui.models.test_settings.TestConfigOption" name="test_int_option" time="0.000" /><testcase classname="tests.unit.tui.models.test_settings.TestConfigOption" name="test_choice_option" time="0.000" /><testcase classname="tests.unit.tui.models.test_settings.TestConfigOption" name="test_config_option_is_frozen" time="0.000" /><testcase classname="tests.unit.tui.models.test_theme.TestThemeColors" name="test_creation_with_defaults" time="0.000" /><testcase classname="tests.unit.tui.models.test_theme.TestThemeColors" name="test_creation_with_custom_colors" time="0.000" /><testcase classname="tests.unit.tui.models.test_theme.TestThemeColors" name="test_theme_colors_is_frozen" time="0.000" /><testcase classname="tests.unit.tui.models.test_theme.TestThemeColors" name="test_theme_colors_has_slots" time="0.000" /><testcase classname="tests.unit.tui.models.test_theme.TestThemeConstants" name="test_dark_theme_constant" time="0.000" /><testcase classname="tests.unit.tui.models.test_theme.TestThemeConstants" name="test_light_theme_constant" time="0.000" /><testcase classname="tests.unit.tui.models.test_theme.TestThemeConstants" name="test_dark_theme_is_theme_colors_instance" time="0.000" /><testcase classname="tests.unit.tui.models.test_theme.TestThemeConstants" name="test_light_theme_is_theme_colors_instance" time="0.000" /><testcase classname="tests.unit.tui.models.test_theme.TestThemeConstants" name="test_themes_are_different" time="0.000" /><testcase classname="tests.unit.tui.models.test_theme.TestThemeConstants" name="test_themes_are_frozen" time="0.000" /><testcase classname="tests.unit.tui.models.test_widget_state_basic.TestAgentOutputState" name="test_creation_with_defaults" time="0.000" /><testcase classname="tests.unit.tui.models.test_widget_state_basic.TestAgentOutputState" name="test_creation_with_custom_values" time="0.000" /><testcase classname="tests.unit.tui.models.test_widget_state_basic.TestAgentOutputState" name="test_add_message_method" time="0.000" /><testcase classname="tests.unit.tui.models.test_widget_state_basic.TestAgentOutputState" name="test_add_message_respects_max_messages" time="0.000" /><testcase classname="tests.unit.tui.models.test_widget_state_basic.TestAgentOutputState" name="test_filtered_messages_property_no_filter" time="0.000" /><testcase classname="tests.unit.tui.models.test_widget_state_basic.TestAgentOutputState" name="test_filtered_messages_property_with_agent_filter" time="0.000" /><testcase classname="tests.unit.tui.models.test_widget_state_basic.TestAgentOutputState" name="test_is_empty_property_when_empty" time="0.000" /><testcase classname="tests.unit.tui.models.test_widget_state_basic.TestAgentOutputState" name="test_is_empty_property_when_not_empty" time="0.000" /><testcase classname="tests.unit.tui.models.test_widget_state_basic.TestAgentOutputState" name="test_agent_output_state_is_mutable" time="0.000" /><testcase classname="tests.unit.tui.models.test_widget_state_basic.TestWorkflowProgressState" name="test_creation_with_defaults" time="0.000" /><testcase classname="tests.unit.tui.models.test_widget_state_basic.TestWorkflowProgressState" name="test_creation_with_custom_values" time="0.000" /><testcase classname="tests.unit.tui.models.test_widget_state_basic.TestWorkflowProgressState" name="test_current_stage_property_with_active_stage" time="0.000" /><testcase classname="tests.unit.tui.models.test_widget_state_basic.TestWorkflowProgressState" name="test_current_stage_property_no_active_stage" time="0.000" /><testcase classname="tests.unit.tui.models.test_widget_state_basic.TestWorkflowProgressState" name="test_current_stage_property_empty_stages" time="0.000" /><testcase classname="tests.unit.tui.models.test_widget_state_basic.TestWorkflowProgressState" name="test_is_empty_property_when_empty" time="0.000" /><testcase classname="tests.unit.tui.models.test_widget_state_basic.TestWorkflowProgressState" name="test_is_empty_property_when_not_empty" time="0.000" /><testcase classname="tests.unit.tui.models.test_widget_state_basic.TestWorkflowProgressState" name="test_is_empty_property_when_loading" time="0.000" /><testcase classname="tests.unit.tui.models.test_widget_state_basic.TestWorkflowProgressState" name="test_workflow_progress_state_is_frozen" time="0.000" /><testcase classname="tests.unit.tui.models.test_widget_state_review.TestReviewFindingsState" name="test_creation_with_defaults" time="0.000" /><testcase classname="tests.unit.tui.models.test_widget_state_review.TestReviewFindingsState" name="test_creation_with_custom_values" time="0.000" /><testcase classname="tests.unit.tui.models.test_widget_state_review.TestReviewFindingsState" name="test_selected_findings_property_with_selections" time="0.000" /><testcase classname="tests.unit.tui.models.test_widget_state_review.TestReviewFindingsState" name="test_selected_findings_property_no_selections" time="0.000" /><testcase classname="tests.unit.tui.models.test_widget_state_review.TestReviewFindingsState" name="test_selected_count_property" time="0.000" /><testcase classname="tests.unit.tui.models.test_widget_state_review.TestReviewFindingsState" name="test_selected_count_property_no_selections" time="0.000" /><testcase classname="tests.unit.tui.models.test_widget_state_review.TestReviewFindingsState" name="test_findings_by_severity_property" time="0.000" /><testcase classname="tests.unit.tui.models.test_widget_state_review.TestReviewFindingsState" name="test_findings_by_severity_property_empty" time="0.000" /><testcase classname="tests.unit.tui.models.test_widget_state_review.TestReviewFindingsState" name="test_is_empty_property_when_empty" time="0.000" /><testcase classname="tests.unit.tui.models.test_widget_state_review.TestReviewFindingsState" name="test_is_empty_property_when_not_empty" time="0.000" /><testcase classname="tests.unit.tui.models.test_widget_state_review.TestReviewFindingsState" name="test_review_findings_state_is_frozen" time="0.000" /><testcase classname="tests.unit.tui.models.test_widget_state_review.TestValidationStatusState" name="test_creation_with_defaults" time="0.000" /><testcase classname="tests.unit.tui.models.test_widget_state_review.TestValidationStatusState" name="test_creation_with_custom_values" time="0.001" /><testcase classname="tests.unit.tui.models.test_widget_state_review.TestValidationStatusState" name="test_all_passed_property_when_all_passed" time="0.000" /><testcase classname="tests.unit.tui.models.test_widget_state_review.TestValidationStatusState" name="test_all_passed_property_when_some_failed" time="0.000" /><testcase classname="tests.unit.tui.models.test_widget_state_review.TestValidationStatusState" name="test_all_passed_property_when_some_pending" time="0.000" /><testcase classname="tests.unit.tui.models.test_widget_state_review.TestValidationStatusState" name="test_has_failures_property_when_failures" time="0.000" /><testcase classname="tests.unit.tui.models.test_widget_state_review.TestValidationStatusState" name="test_has_failures_property_when_no_failures" time="0.000" /><testcase classname="tests.unit.tui.models.test_widget_state_review.TestValidationStatusState" name="test_is_running_property_when_running" time="0.000" /><testcase classname="tests.unit.tui.models.test_widget_state_review.TestValidationStatusState" name="test_is_running_property_when_not_running" time="0.000" /><testcase classname="tests.unit.tui.models.test_widget_state_review.TestValidationStatusState" name="test_is_empty_property_when_empty" time="0.000" /><testcase classname="tests.unit.tui.models.test_widget_state_review.TestValidationStatusState" name="test_is_empty_property_when_not_empty" time="0.000" /><testcase classname="tests.unit.tui.models.test_widget_state_review.TestValidationStatusState" name="test_is_empty_property_when_loading" time="0.000" /><testcase classname="tests.unit.tui.models.test_widget_state_review.TestValidationStatusState" name="test_validation_status_state_is_frozen" time="0.000" /><testcase classname="tests.unit.tui.models.test_widget_state_review.TestPRSummaryState" name="test_creation_with_defaults" time="0.000" /><testcase classname="tests.unit.tui.models.test_widget_state_review.TestPRSummaryState" name="test_creation_with_custom_values" time="0.002" /><testcase classname="tests.unit.tui.models.test_widget_state_review.TestPRSummaryState" name="test_is_empty_property_when_empty" time="0.001" /><testcase classname="tests.unit.tui.models.test_widget_state_review.TestPRSummaryState" name="test_is_empty_property_when_not_empty" time="0.001" /><testcase classname="tests.unit.tui.models.test_widget_state_review.TestPRSummaryState" name="test_is_empty_property_when_loading" time="0.001" /><testcase classname="tests.unit.tui.models.test_widget_state_review.TestPRSummaryState" name="test_pr_summary_state_is_frozen" time="0.001" /><testcase classname="tests.unit.tui.models.test_workflow.TestToolCallInfo" name="test_creation_with_required_fields" time="0.001" /><testcase classname="tests.unit.tui.models.test_workflow.TestToolCallInfo" name="test_creation_with_all_fields" time="0.000" /><testcase classname="tests.unit.tui.models.test_workflow.TestToolCallInfo" name="test_result_defaults_to_none" time="0.000" /><testcase classname="tests.unit.tui.models.test_workflow.TestToolCallInfo" name="test_tool_call_info_is_frozen" time="0.000" /><testcase classname="tests.unit.tui.models.test_workflow.TestStageState" name="test_creation_with_required_fields" time="0.000" /><testcase classname="tests.unit.tui.models.test_workflow.TestStageState" name="test_creation_with_all_fields" time="0.000" /><testcase classname="tests.unit.tui.models.test_workflow.TestStageState" name="test_status_defaults_to_pending" time="0.000" /><testcase classname="tests.unit.tui.models.test_workflow.TestStageState" name="test_started_at_defaults_to_none" time="0.000" /><testcase classname="tests.unit.tui.models.test_workflow.TestStageState" name="test_completed_at_defaults_to_none" time="0.000" /><testcase classname="tests.unit.tui.models.test_workflow.TestStageState" name="test_error_message_defaults_to_none" time="0.000" /><testcase classname="tests.unit.tui.models.test_workflow.TestStageState" name="test_stage_state_with_error" time="0.000" /><testcase classname="tests.unit.tui.models.test_workflow.TestStageState" name="test_stage_state_is_frozen" time="0.000" /><testcase classname="tests.unit.tui.models.test_workflow.TestWorkflowStage" name="test_creation_with_required_fields" time="0.000" /><testcase classname="tests.unit.tui.models.test_workflow.TestWorkflowStage" name="test_creation_with_all_fields" time="0.000" /><testcase classname="tests.unit.tui.models.test_workflow.TestWorkflowStage" name="test_duration_seconds_property_with_times" time="0.001" /><testcase classname="tests.unit.tui.models.test_workflow.TestWorkflowStage" name="test_duration_seconds_property_no_start" time="0.001" /><testcase classname="tests.unit.tui.models.test_workflow.TestWorkflowStage" name="test_duration_seconds_property_no_completion" time="0.001" /><testcase classname="tests.unit.tui.models.test_workflow.TestWorkflowStage" name="test_duration_display_property_seconds" time="0.001" /><testcase classname="tests.unit.tui.models.test_workflow.TestWorkflowStage" name="test_duration_display_property_minutes_seconds" time="0.001" /><testcase classname="tests.unit.tui.models.test_workflow.TestWorkflowStage" name="test_duration_display_property_exact_minutes" time="0.001" /><testcase classname="tests.unit.tui.models.test_workflow.TestWorkflowStage" name="test_duration_display_property_no_duration" time="0.000" /><testcase classname="tests.unit.tui.models.test_workflow.TestWorkflowStage" name="test_workflow_stage_with_error" time="0.000" /><testcase classname="tests.unit.tui.models.test_workflow.TestWorkflowStage" name="test_workflow_stage_is_frozen" time="0.000" /><testcase classname="tests.unit.tui.models.test_workflow.TestValidationStep" name="test_creation_with_required_fields" time="0.000" /><testcase classname="tests.unit.tui.models.test_workflow.TestValidationStep" name="test_creation_with_all_fields" time="0.000" /><testcase classname="tests.unit.tui.models.test_workflow.TestValidationStep" name="test_error_output_defaults_to_none" time="0.000" /><testcase classname="tests.unit.tui.models.test_workflow.TestValidationStep" name="test_command_defaults_to_none" time="0.000" /><testcase classname="tests.unit.tui.models.test_workflow.TestValidationStep" name="test_different_statuses" time="0.000" /><testcase classname="tests.unit.tui.models.test_workflow.TestValidationStep" name="test_validation_step_is_frozen" time="0.000" /><testcase classname="tests.unit.tui.models.test_workflow.TestAgentMessage" name="test_creation_with_required_fields" time="0.000" /><testcase classname="tests.unit.tui.models.test_workflow.TestAgentMessage" name="test_creation_with_all_fields" time="0.000" /><testcase classname="tests.unit.tui.models.test_workflow.TestAgentMessage" name="test_language_defaults_to_none" time="0.000" /><testcase classname="tests.unit.tui.models.test_workflow.TestAgentMessage" name="test_tool_call_defaults_to_none" time="0.000" /><testcase classname="tests.unit.tui.models.test_workflow.TestAgentMessage" name="test_different_message_types" time="0.000" /><testcase classname="tests.unit.tui.models.test_workflow.TestAgentMessage" name="test_code_message_with_language" time="0.000" /><testcase classname="tests.unit.tui.models.test_workflow.TestAgentMessage" name="test_agent_message_is_frozen" time="0.000" /><testcase classname="tests.unit.tui.screens.test_base_connectivity.TestMaverickScreenConnectivity" name="test_screen_initializes_connectivity_monitor" time="0.001" /><testcase classname="tests.unit.tui.screens.test_base_connectivity.TestMaverickScreenConnectivity" name="test_on_mount_starts_connectivity_polling" time="0.001" /><testcase classname="tests.unit.tui.screens.test_base_connectivity.TestMaverickScreenConnectivity" name="test_check_connectivity_calls_monitor" time="0.001" /><testcase classname="tests.unit.tui.screens.test_base_connectivity.TestMaverickScreenConnectivity" name="test_check_connectivity_calls_handler_on_change" time="0.001" /><testcase classname="tests.unit.tui.screens.test_base_connectivity.TestMaverickScreenConnectivity" name="test_check_connectivity_no_handler_call_when_no_change" time="0.001" /><testcase classname="tests.unit.tui.screens.test_base_connectivity.TestMaverickScreenConnectivity" name="test_check_connectivity_handles_reconnection" time="0.001" /><testcase classname="tests.unit.tui.screens.test_base_connectivity.TestMaverickScreenConnectivity" name="test_default_handle_connectivity_change_shows_notification" time="0.001" /><testcase classname="tests.unit.tui.screens.test_base_connectivity.TestMaverickScreenConnectivityOverride" name="test_subclass_can_override_connectivity_handler" time="0.001" /><testcase classname="tests.unit.tui.screens.test_base_connectivity.TestMaverickScreenConnectivityOverride" name="test_subclass_receives_connectivity_changes" time="0.001" /><testcase classname="tests.unit.tui.screens.test_config.TestConfigScreenInitialization" name="test_initialization_with_defaults" time="0.000" /><testcase classname="tests.unit.tui.screens.test_config.TestConfigScreenInitialization" name="test_initialization_with_custom_parameters" time="0.000" /><testcase classname="tests.unit.tui.screens.test_config.TestConfigScreenLoadConfig" name="test_load_config_populates_options" time="0.001" /><testcase classname="tests.unit.tui.screens.test_config.TestConfigScreenLoadConfig" name="test_load_config_renders_options" time="0.001" /><testcase classname="tests.unit.tui.screens.test_config.TestConfigScreenEditOption" name="test_edit_option_bool_toggles_immediately" time="0.001" /><testcase classname="tests.unit.tui.screens.test_config.TestConfigScreenEditOption" name="test_edit_option_bool_toggles_from_false_to_true" time="0.001" /><testcase classname="tests.unit.tui.screens.test_config.TestConfigScreenEditOption" name="test_edit_option_choice_cycles_to_next" time="0.001" /><testcase classname="tests.unit.tui.screens.test_config.TestConfigScreenEditOption" name="test_edit_option_choice_wraps_around" time="0.001" /><testcase classname="tests.unit.tui.screens.test_config.TestConfigScreenEditOption" name="test_edit_option_int_enters_input_mode" time="0.001" /><testcase classname="tests.unit.tui.screens.test_config.TestConfigScreenEditOption" name="test_edit_option_string_enters_input_mode" time="0.001" /><testcase classname="tests.unit.tui.screens.test_config.TestConfigScreenEditOption" name="test_edit_option_nonexistent_key" time="0.000" /><testcase classname="tests.unit.tui.screens.test_config.TestConfigScreenSaveOption" name="test_save_option_int_valid_value" time="0.001" /><testcase classname="tests.unit.tui.screens.test_config.TestConfigScreenSaveOption" name="test_save_option_int_enforces_min" time="0.001" /><testcase classname="tests.unit.tui.screens.test_config.TestConfigScreenSaveOption" name="test_save_option_int_enforces_max" time="0.001" /><testcase classname="tests.unit.tui.screens.test_config.TestConfigScreenSaveOption" name="test_save_option_int_invalid_value" time="0.001" /><testcase classname="tests.unit.tui.screens.test_config.TestConfigScreenSaveOption" name="test_save_option_choice_valid_choice" time="0.001" /><testcase classname="tests.unit.tui.screens.test_config.TestConfigScreenSaveOption" name="test_save_option_choice_invalid_choice" time="0.001" /><testcase classname="tests.unit.tui.screens.test_config.TestConfigScreenSaveOption" name="test_save_option_bool" time="0.001" /><testcase classname="tests.unit.tui.screens.test_config.TestConfigScreenSaveOption" name="test_save_option_nonexistent_key" time="0.000" /><testcase classname="tests.unit.tui.screens.test_config.TestConfigScreenCancelEdit" name="test_cancel_edit_resets_state" time="0.001" /><testcase classname="tests.unit.tui.screens.test_config.TestConfigScreenCancelEdit" name="test_cancel_edit_renders_options" time="0.001" /><testcase classname="tests.unit.tui.screens.test_config.TestConfigScreenActions" name="test_action_cancel_or_back_while_editing" time="0.001" /><testcase classname="tests.unit.tui.screens.test_config.TestConfigScreenActions" name="test_action_cancel_or_back_while_not_editing" time="0.001" /><testcase classname="tests.unit.tui.screens.test_config.TestConfigScreenActions" name="test_action_edit_selected" time="0.001" /><testcase classname="tests.unit.tui.screens.test_config.TestConfigScreenActions" name="test_action_edit_selected_while_editing" time="0.000" /><testcase classname="tests.unit.tui.screens.test_config.TestConfigScreenActions" name="test_action_move_down" time="0.001" /><testcase classname="tests.unit.tui.screens.test_config.TestConfigScreenActions" name="test_action_move_down_at_end" time="0.001" /><testcase classname="tests.unit.tui.screens.test_config.TestConfigScreenActions" name="test_action_move_down_while_editing" time="0.000" /><testcase classname="tests.unit.tui.screens.test_config.TestConfigScreenActions" name="test_action_move_up" time="0.001" /><testcase classname="tests.unit.tui.screens.test_config.TestConfigScreenActions" name="test_action_move_up_at_start" time="0.001" /><testcase classname="tests.unit.tui.screens.test_config.TestConfigScreenEventHandling" name="test_on_input_submitted_while_editing" time="0.001" /><testcase classname="tests.unit.tui.screens.test_config.TestConfigScreenEventHandling" name="test_on_input_submitted_while_not_editing" time="0.001" /><testcase classname="tests.unit.tui.screens.test_config.TestConfigScreenHelperMethods" name="test_format_value_bool_true" time="0.000" /><testcase classname="tests.unit.tui.screens.test_config.TestConfigScreenHelperMethods" name="test_format_value_bool_false" time="0.000" /><testcase classname="tests.unit.tui.screens.test_config.TestConfigScreenHelperMethods" name="test_format_value_choice" time="0.000" /><testcase classname="tests.unit.tui.screens.test_config.TestConfigScreenHelperMethods" name="test_format_value_int" time="0.000" /><testcase classname="tests.unit.tui.screens.test_config.TestConfigScreenHelperMethods" name="test_format_value_string" time="0.000" /><testcase classname="tests.unit.tui.screens.test_fly.TestFlyScreenInitialization" name="test_initialization_with_defaults" time="0.000" /><testcase classname="tests.unit.tui.screens.test_fly.TestFlyScreenInitialization" name="test_initialization_with_custom_parameters" time="0.000" /><testcase classname="tests.unit.tui.screens.test_fly.TestFlyScreenInitialization" name="test_reactive_attributes_default_values" time="0.000" /><testcase classname="tests.unit.tui.screens.test_fly.TestFlyScreenBranchValidation" name="test_empty_branch_name_is_invalid" time="0.000" /><testcase classname="tests.unit.tui.screens.test_fly.TestFlyScreenBranchValidation" name="test_valid_branch_name_accepted" time="0.000" /><testcase classname="tests.unit.tui.screens.test_fly.TestFlyScreenBranchValidation" name="test_invalid_characters_rejected" time="0.000" /><testcase classname="tests.unit.tui.screens.test_fly.TestFlyScreenBranchValidation" name="test_valid_branch_names_with_various_formats" time="0.001" /><testcase classname="tests.unit.tui.screens.test_fly.TestFlyScreenStateManagement" name="test_start_button_disabled_when_invalid" time="0.002" /><testcase classname="tests.unit.tui.screens.test_fly.TestFlyScreenStateManagement" name="test_start_button_enabled_when_valid" time="0.002" /><testcase classname="tests.unit.tui.screens.test_fly.TestFlyScreenStateManagement" name="test_start_button_disabled_when_starting" time="0.002" /><testcase classname="tests.unit.tui.screens.test_fly.TestFlyScreenStateManagement" name="test_task_file_input_updates_state" time="0.002" /><testcase classname="tests.unit.tui.screens.test_fly.TestFlyScreenStateManagement" name="test_task_file_cleared_when_empty" time="0.002" /><testcase classname="tests.unit.tui.screens.test_fly.TestFlyScreenStateManagement" name="test_task_file_handles_whitespace" time="0.002" /><testcase classname="tests.unit.tui.screens.test_fly.TestFlyScreenWorkflowStartAndTransition" name="test_action_start_does_nothing_when_invalid" time="0.001" /><testcase classname="tests.unit.tui.screens.test_fly.TestFlyScreenWorkflowStartAndTransition" name="test_action_start_does_nothing_when_already_starting" time="0.001" /><testcase classname="tests.unit.tui.screens.test_fly.TestFlyScreenWorkflowStartAndTransition" name="test_action_start_transitions_to_workflow_screen" time="0.002" /><testcase classname="tests.unit.tui.screens.test_fly.TestFlyScreenWorkflowStartAndTransition" name="test_action_start_strips_whitespace_from_branch_name" time="0.003" /><testcase classname="tests.unit.tui.screens.test_fly.TestFlyScreenWorkflowStartAndTransition" name="test_start_button_pressed_calls_action_start" time="0.002" /><testcase classname="tests.unit.tui.screens.test_fly.TestFlyScreenWorkflowStartAndTransition" name="test_cancel_button_calls_go_back" time="0.002" /><testcase classname="tests.unit.tui.screens.test_fly.TestFlyScreenWorkflowStartAndTransition" name="test_other_button_presses_ignored" time="0.002" /><testcase classname="tests.unit.tui.screens.test_fly.TestFlyScreenComponentIntegration" name="test_on_mount_focuses_branch_input" time="0.002" /><testcase classname="tests.unit.tui.screens.test_fly.TestFlyScreenComponentIntegration" name="test_on_mount_handles_missing_branch_input_gracefully" time="0.001" /><testcase classname="tests.unit.tui.screens.test_fly.TestFlyScreenComponentIntegration" name="test_compose_method_exists" time="0.000" /><testcase classname="tests.unit.tui.screens.test_fly.TestFlyScreenComponentIntegration" name="test_bindings_include_escape_and_ctrl_enter" time="0.000" /><testcase classname="tests.unit.tui.screens.test_fly.TestFlyScreenWorkflowProgressIntegration" name="test_toggle_workflow_view_shows_workflow_container" time="0.001" /><testcase classname="tests.unit.tui.screens.test_fly.TestFlyScreenWorkflowProgressIntegration" name="test_toggle_workflow_view_hides_workflow_container" time="0.001" /><testcase classname="tests.unit.tui.screens.test_fly.TestFlyScreenWorkflowProgressIntegration" name="test_initialize_workflow_stages_creates_stages" time="0.001" /><testcase classname="tests.unit.tui.screens.test_fly.TestFlyScreenWorkflowProgressIntegration" name="test_update_stage_status_updates_widget" time="0.001" /><testcase classname="tests.unit.tui.screens.test_fly.TestFlyScreenWorkflowProgressIntegration" name="test_update_stage_status_with_error_message" time="0.001" /><testcase classname="tests.unit.tui.screens.test_fly.TestFlyScreenWorkflowProgressIntegration" name="test_add_agent_message_creates_message" time="0.001" /><testcase classname="tests.unit.tui.screens.test_fly.TestFlyScreenAutoTransition" name="test_convert_review_results_to_findings_empty" time="0.000" /><testcase classname="tests.unit.tui.screens.test_fly.TestFlyScreenAutoTransition" name="test_convert_review_results_to_findings_with_data" time="0.001" /><testcase classname="tests.unit.tui.screens.test_home.TestHomeScreenInitialization" name="test_initialization_with_defaults" time="0.000" /><testcase classname="tests.unit.tui.screens.test_home.TestHomeScreenInitialization" name="test_initialization_with_custom_parameters" time="0.000" /><testcase classname="tests.unit.tui.screens.test_home.TestHomeScreenRefreshRecentWorkflows" name="test_refresh_with_none_clears_list" time="0.002" /><testcase classname="tests.unit.tui.screens.test_home.TestHomeScreenRefreshRecentWorkflows" name="test_refresh_with_empty_list" time="0.002" /><testcase classname="tests.unit.tui.screens.test_home.TestHomeScreenRefreshRecentWorkflows" name="test_refresh_with_workflows" time="0.002" /><testcase classname="tests.unit.tui.screens.test_home.TestHomeScreenRefreshRecentWorkflows" name="test_refresh_with_multiple_workflows" time="0.002" /><testcase classname="tests.unit.tui.screens.test_home.TestHomeScreenSelectWorkflow" name="test_select_workflow_by_index" time="0.002" /><testcase classname="tests.unit.tui.screens.test_home.TestHomeScreenSelectWorkflow" name="test_select_first_workflow" time="0.002" /><testcase classname="tests.unit.tui.screens.test_home.TestHomeScreenActions" name="test_action_select_workflow" time="0.002" /><testcase classname="tests.unit.tui.screens.test_home.TestHomeScreenActions" name="test_action_start_workflow" time="0.001" /><testcase classname="tests.unit.tui.screens.test_home.TestHomeScreenActions" name="test_action_refresh" time="0.002" /><testcase classname="tests.unit.tui.screens.test_home.TestHomeScreenActions" name="test_action_move_down" time="0.002" /><testcase classname="tests.unit.tui.screens.test_home.TestHomeScreenActions" name="test_action_move_up" time="0.002" /><testcase classname="tests.unit.tui.screens.test_home.TestHomeScreenEventHandling" name="test_on_workflow_list_workflow_selected" time="0.001" /><testcase classname="tests.unit.tui.screens.test_home.TestHomeScreenEventHandling" name="test_on_workflow_list_workflow_selected_with_defaults" time="0.001" /><testcase classname="tests.unit.tui.screens.test_home.TestHomeScreenHistoryDisplay" name="test_on_mount_loads_history" time="0.002" /><testcase classname="tests.unit.tui.screens.test_home.TestHomeScreenHistoryDisplay" name="test_refresh_loads_history_from_store" time="0.002" /><testcase classname="tests.unit.tui.screens.test_home.TestHomeScreenHistoryDisplay" name="test_history_entries_converted_to_workflow_dict" time="0.002" /><testcase classname="tests.unit.tui.screens.test_home.TestHomeScreenHistoryDisplay" name="test_failed_status_mapped_correctly" time="0.002" /><testcase classname="tests.unit.tui.screens.test_home.TestHomeScreenHistoryDisplay" name="test_empty_history_shows_no_workflows" time="0.002" /><testcase classname="tests.unit.tui.screens.test_home.TestHomeScreenHistorySelection" name="test_select_history_entry_pushes_historical_review_screen" time="0.002" /><testcase classname="tests.unit.tui.screens.test_home.TestHomeScreenHistorySelection" name="test_view_history_entry_with_invalid_index" time="0.002" /><testcase classname="tests.unit.tui.screens.test_home.TestHomeScreenHistorySelection" name="test_view_history_entry_with_empty_history" time="0.002" /><testcase classname="tests.unit.tui.screens.test_navigation.TestScreenNavigation" name="test_navigate_home_to_fly" time="0.000" /><testcase classname="tests.unit.tui.screens.test_navigation.TestScreenNavigation" name="test_navigate_home_to_refuel" time="0.000" /><testcase classname="tests.unit.tui.screens.test_navigation.TestScreenNavigation" name="test_navigate_home_to_settings" time="0.000" /><testcase classname="tests.unit.tui.screens.test_navigation.TestScreenNavigation" name="test_navigate_fly_to_review" time="0.000" /><testcase classname="tests.unit.tui.screens.test_navigation.TestEscapeKeyNavigation" name="test_escape_goes_back" time="0.000" /><testcase classname="tests.unit.tui.screens.test_navigation.TestEscapeKeyNavigation" name="test_escape_does_nothing_on_home" time="0.000" /><testcase classname="tests.unit.tui.screens.test_navigation.TestEscapeKeyNavigation" name="test_multi_level_back_navigation" time="0.000" /><testcase classname="tests.unit.tui.screens.test_navigation.TestModalOverlayBehavior" name="test_modal_overlays_current_screen" time="0.001" /><testcase classname="tests.unit.tui.screens.test_navigation.TestModalOverlayBehavior" name="test_modal_dismiss_returns_to_screen" time="0.001" /><testcase classname="tests.unit.tui.screens.test_navigation.TestModalOverlayBehavior" name="test_modal_escape_dismisses" time="0.001" /><testcase classname="tests.unit.tui.screens.test_navigation.TestNavigationContext" name="test_navigation_history_tracked" time="0.000" /><testcase classname="tests.unit.tui.screens.test_navigation.TestNavigationContext" name="test_can_go_back_when_not_on_home" time="0.000" /><testcase classname="tests.unit.tui.screens.test_navigation.TestNavigationContext" name="test_cannot_go_back_on_home" time="0.000" /><testcase classname="tests.unit.tui.screens.test_refuel.TestRefuelScreenInitialization" name="test_init_with_defaults" time="0.003" /><testcase classname="tests.unit.tui.screens.test_refuel.TestRefuelScreenInitialization" name="test_initial_state_cannot_start" time="0.001" /><testcase classname="tests.unit.tui.screens.test_refuel.TestRefuelScreenConfiguration" name="test_set_label_filter" time="0.001" /><testcase classname="tests.unit.tui.screens.test_refuel.TestRefuelScreenConfiguration" name="test_set_issue_limit" time="0.001" /><testcase classname="tests.unit.tui.screens.test_refuel.TestRefuelScreenConfiguration" name="test_issue_limit_bounds" time="0.001" /><testcase classname="tests.unit.tui.screens.test_refuel.TestRefuelScreenConfiguration" name="test_set_processing_mode_parallel" time="0.001" /><testcase classname="tests.unit.tui.screens.test_refuel.TestRefuelScreenConfiguration" name="test_set_processing_mode_sequential" time="0.000" /><testcase classname="tests.unit.tui.screens.test_refuel.TestRefuelScreenConfiguration" name="test_toggle_processing_mode" time="0.000" /><testcase classname="tests.unit.tui.screens.test_refuel.TestRefuelScreenIssueFetching" name="test_fetch_issues_sets_fetching_flag" time="0.001" /><testcase classname="tests.unit.tui.screens.test_refuel.TestRefuelScreenIssueFetching" name="test_fetch_issues_populates_list" time="0.001" /><testcase classname="tests.unit.tui.screens.test_refuel.TestRefuelScreenIssueFetching" name="test_fetch_issues_with_label_filter" time="0.001" /><testcase classname="tests.unit.tui.screens.test_refuel.TestRefuelScreenIssueFetching" name="test_fetch_empty_results" time="0.001" /><testcase classname="tests.unit.tui.screens.test_refuel.TestRefuelScreenIssueSelection" name="test_toggle_selection" time="0.001" /><testcase classname="tests.unit.tui.screens.test_refuel.TestRefuelScreenIssueSelection" name="test_toggle_multiple_selections" time="0.001" /><testcase classname="tests.unit.tui.screens.test_refuel.TestRefuelScreenIssueSelection" name="test_deselect_issue" time="0.001" /><testcase classname="tests.unit.tui.screens.test_refuel.TestRefuelScreenIssueSelection" name="test_selected_issues_property" time="0.001" /><testcase classname="tests.unit.tui.screens.test_refuel.TestRefuelScreenStartButton" name="test_start_button_disabled_no_selection" time="0.000" /><testcase classname="tests.unit.tui.screens.test_refuel.TestRefuelScreenStartButton" name="test_start_button_enabled_with_selection" time="0.001" /><testcase classname="tests.unit.tui.screens.test_refuel.TestRefuelScreenStartButton" name="test_start_button_disabled_while_fetching" time="0.001" /><testcase classname="tests.unit.tui.screens.test_refuel.TestRefuelScreenStartButton" name="test_start_button_disabled_while_processing" time="0.001" /><testcase classname="tests.unit.tui.screens.test_refuel.TestRefuelScreenWorkflowExecution" name="test_start_workflow_sets_processing_flag" time="0.001" /><testcase classname="tests.unit.tui.screens.test_refuel.TestRefuelScreenWorkflowExecution" name="test_workflow_results_stored" time="0.001" /><testcase classname="tests.unit.tui.screens.test_refuel.TestRefuelScreenWorkflowExecution" name="test_successful_workflow_with_pr_links" time="0.001" /><testcase classname="tests.unit.tui.screens.test_refuel.TestRefuelScreenWorkflowExecution" name="test_failed_workflow_with_error_message" time="0.001" /><testcase classname="tests.unit.tui.screens.test_refuel.TestRefuelScreenStateProperties" name="test_is_empty_no_issues" time="0.000" /><testcase classname="tests.unit.tui.screens.test_refuel.TestRefuelScreenStateProperties" name="test_is_empty_with_issues" time="0.002" /><testcase classname="tests.unit.tui.screens.test_refuel.TestRefuelScreenStateProperties" name="test_has_results_no_results" time="0.001" /><testcase classname="tests.unit.tui.screens.test_refuel.TestRefuelScreenStateProperties" name="test_has_results_with_results" time="0.002" /><testcase classname="tests.unit.tui.screens.test_refuel.TestRefuelScreenScenarios" name="test_complete_refuel_workflow" time="0.001" /><testcase classname="tests.unit.tui.screens.test_review.TestReviewScreenInitialization" name="test_initialization_with_defaults" time="0.001" /><testcase classname="tests.unit.tui.screens.test_review.TestReviewScreenInitialization" name="test_initialization_with_custom_parameters" time="0.000" /><testcase classname="tests.unit.tui.screens.test_review.TestReviewScreenInitialization" name="test_default_action_state" time="0.000" /><testcase classname="tests.unit.tui.screens.test_review.TestReviewScreenLoadIssues" name="test_load_issues_with_empty_list" time="0.001" /><testcase classname="tests.unit.tui.screens.test_review.TestReviewScreenLoadIssues" name="test_load_issues_with_single_issue" time="0.001" /><testcase classname="tests.unit.tui.screens.test_review.TestReviewScreenLoadIssues" name="test_load_issues_with_multiple_issues" time="0.001" /><testcase classname="tests.unit.tui.screens.test_review.TestReviewScreenFilterBySeverity" name="test_filter_by_severity_errors_only" time="0.001" /><testcase classname="tests.unit.tui.screens.test_review.TestReviewScreenFilterBySeverity" name="test_filter_by_severity_warnings_only" time="0.001" /><testcase classname="tests.unit.tui.screens.test_review.TestReviewScreenFilterBySeverity" name="test_filter_by_severity_clear_filter" time="0.001" /><testcase classname="tests.unit.tui.screens.test_review.TestReviewScreenFilterBySeverity" name="test_filter_by_severity_no_matches" time="0.001" /><testcase classname="tests.unit.tui.screens.test_review.TestReviewScreenNavigateToIssue" name="test_navigate_to_valid_index" time="0.001" /><testcase classname="tests.unit.tui.screens.test_review.TestReviewScreenNavigateToIssue" name="test_navigate_to_first_issue" time="0.001" /><testcase classname="tests.unit.tui.screens.test_review.TestReviewScreenNavigateToIssue" name="test_navigate_to_invalid_index_negative" time="0.000" /><testcase classname="tests.unit.tui.screens.test_review.TestReviewScreenNavigateToIssue" name="test_navigate_to_invalid_index_too_large" time="0.000" /><testcase classname="tests.unit.tui.screens.test_review.TestReviewScreenActions" name="test_action_next_issue" time="0.001" /><testcase classname="tests.unit.tui.screens.test_review.TestReviewScreenActions" name="test_action_next_issue_at_end" time="0.000" /><testcase classname="tests.unit.tui.screens.test_review.TestReviewScreenActions" name="test_action_prev_issue" time="0.001" /><testcase classname="tests.unit.tui.screens.test_review.TestReviewScreenActions" name="test_action_prev_issue_at_start" time="0.000" /><testcase classname="tests.unit.tui.screens.test_review.TestReviewScreenActions" name="test_action_filter_errors" time="0.001" /><testcase classname="tests.unit.tui.screens.test_review.TestReviewScreenActions" name="test_action_filter_warnings" time="0.002" /><testcase classname="tests.unit.tui.screens.test_review.TestReviewScreenActions" name="test_action_filter_all" time="0.001" /><testcase classname="tests.unit.tui.screens.test_review.TestReviewScreenApproveAction" name="test_action_approve_confirmed" time="0.002" /><testcase classname="tests.unit.tui.screens.test_review.TestReviewScreenApproveAction" name="test_action_approve_cancelled" time="0.001" /><testcase classname="tests.unit.tui.screens.test_review.TestReviewScreenApproveAction" name="test_action_approve_confirmation_message" time="0.001" /><testcase classname="tests.unit.tui.screens.test_review.TestReviewScreenRequestChangesAction" name="test_action_request_changes_with_comment" time="0.001" /><testcase classname="tests.unit.tui.screens.test_review.TestReviewScreenRequestChangesAction" name="test_action_request_changes_cancelled" time="0.001" /><testcase classname="tests.unit.tui.screens.test_review.TestReviewScreenRequestChangesAction" name="test_action_request_changes_empty_comment" time="0.001" /><testcase classname="tests.unit.tui.screens.test_review.TestReviewScreenDismissAction" name="test_action_dismiss_with_selected_issue" time="0.001" /><testcase classname="tests.unit.tui.screens.test_review.TestReviewScreenDismissAction" name="test_action_dismiss_updates_selection" time="0.001" /><testcase classname="tests.unit.tui.screens.test_review.TestReviewScreenDismissAction" name="test_action_dismiss_no_issues" time="0.001" /><testcase classname="tests.unit.tui.screens.test_review.TestReviewScreenDismissAction" name="test_action_dismiss_last_issue" time="0.001" /><testcase classname="tests.unit.tui.screens.test_review.TestReviewScreenFixAllAction" name="test_action_fix_all_confirmed" time="0.002" /><testcase classname="tests.unit.tui.screens.test_review.TestReviewScreenFixAllAction" name="test_action_fix_all_cancelled" time="0.001" /><testcase classname="tests.unit.tui.screens.test_review.TestReviewScreenFixAllAction" name="test_action_fix_all_no_issues" time="0.001" /><testcase classname="tests.unit.tui.screens.test_review.TestReviewScreenSubmitApproval" name="test_submit_approval_updates_action_state" time="0.001" /><testcase classname="tests.unit.tui.screens.test_review.TestReviewScreenSubmitApproval" name="test_submit_approval_logs_action" time="0.001" /><testcase classname="tests.unit.tui.screens.test_review.TestReviewScreenSubmitRequestChanges" name="test_submit_request_changes_with_comment" time="0.001" /><testcase classname="tests.unit.tui.screens.test_review.TestReviewScreenSubmitRequestChanges" name="test_submit_request_changes_empty_comment" time="0.001" /><testcase classname="tests.unit.tui.screens.test_review.TestReviewScreenExecuteFixAll" name="test_execute_fix_all_updates_state" time="0.003" /><testcase classname="tests.unit.tui.screens.test_review.TestReviewScreenExecuteFixAll" name="test_execute_fix_all_creates_results" time="0.001" /><testcase classname="tests.unit.tui.screens.test_review.TestReviewScreenExecuteFixAll" name="test_execute_fix_all_empty_issues" time="0.001" /><testcase classname="tests.unit.tui.screens.test_review.TestReviewScreenExecuteFixAll" name="test_execute_fix_all_with_agent_integration" time="0.001" /><testcase classname="tests.unit.tui.screens.test_review.TestReviewScreenExecuteFixAll" name="test_execute_fix_all_handles_agent_failure" time="0.003" /><testcase classname="tests.unit.tui.screens.test_review.TestReviewScreenExecuteFixAll" name="test_execute_fix_all_handles_exception" time="0.002" /><testcase classname="tests.unit.tui.screens.test_review.TestReviewScreenLogAction" name="test_log_action_approve" time="0.000" /><testcase classname="tests.unit.tui.screens.test_review.TestReviewScreenLogAction" name="test_log_action_request_changes" time="0.000" /><testcase classname="tests.unit.tui.screens.test_review.TestReviewScreenLogAction" name="test_log_action_dismiss" time="0.000" /><testcase classname="tests.unit.tui.screens.test_review.TestReviewScreenLogAction" name="test_log_action_fix_all" time="0.000" /><testcase classname="tests.unit.tui.screens.test_review.TestReviewScreenRefreshFindings" name="test_refresh_findings_updates_banner" time="0.002" /><testcase classname="tests.unit.tui.screens.test_review.TestReviewScreenRefreshFindings" name="test_refresh_findings_with_new_findings" time="0.001" /><testcase classname="tests.unit.tui.screens.test_review.TestReviewScreenRefreshFindings" name="test_refresh_findings_no_new_findings" time="0.001" /><testcase classname="tests.unit.tui.screens.test_review.TestReviewScreenFetchNewFindings" name="test_fetch_new_findings_returns_list" time="0.000" /><testcase classname="tests.unit.tui.screens.test_review.TestReviewScreenFetchNewFindings" name="test_fetch_new_findings_empty_when_no_new" time="0.000" /><testcase classname="tests.unit.tui.screens.test_review.TestReviewScreenHelperMethods" name="test_get_filtered_issues_no_filter" time="0.000" /><testcase classname="tests.unit.tui.screens.test_review.TestReviewScreenHelperMethods" name="test_get_filtered_issues_with_filter" time="0.000" /><testcase classname="tests.unit.tui.screens.test_review.TestReviewScreenHelperMethods" name="test_get_severity_icon" time="0.000" /><testcase classname="tests.unit.tui.screens.test_review.TestReviewScreenDiffPanel" name="test_update_detail_view_updates_diff_panel" time="0.001" /><testcase classname="tests.unit.tui.screens.test_review.TestReviewScreenDiffPanel" name="test_clear_detail_view_clears_diff_panel" time="0.002" /><testcase classname="tests.unit.tui.screens.test_review.TestReviewScreenDiffPanel" name="test_update_diff_panel_with_valid_file" time="0.002" /><testcase classname="tests.unit.tui.screens.test_review.TestReviewScreenDiffPanel" name="test_update_diff_panel_with_string_line_number" time="0.002" /><testcase classname="tests.unit.tui.screens.test_review.TestReviewScreenDiffPanel" name="test_update_diff_panel_handles_exception" time="0.002" /><testcase classname="tests.unit.tui.screens.test_review.TestReviewScreenGroupedFindings" name="test_update_issue_list_groups_by_severity" time="0.003" /><testcase classname="tests.unit.tui.screens.test_review.TestReviewScreenGroupedFindings" name="test_update_issue_list_severity_order" time="0.005" /><testcase classname="tests.unit.tui.screens.test_review.TestReviewScreenGroupedFindings" name="test_update_issue_list_skips_empty_severity_groups" time="0.001" /><testcase classname="tests.unit.tui.screens.test_review.TestReviewScreenGroupedFindings" name="test_update_issue_list_global_index_across_groups" time="0.001" /><testcase classname="tests.unit.tui.screens.test_settings.TestSettingsScreenInitialization" name="test_screen_composition" time="0.126" /><testcase classname="tests.unit.tui.screens.test_settings.TestSettingsScreenInitialization" name="test_screen_has_sections" time="0.124" /><testcase classname="tests.unit.tui.screens.test_settings.TestSettingsScreenInitialization" name="test_screen_has_action_buttons" time="0.126" /><testcase classname="tests.unit.tui.screens.test_settings.TestSettingsScreenInitialization" name="test_screen_has_test_buttons" time="0.125" /><testcase classname="tests.unit.tui.screens.test_settings.TestSettingsScreenState" name="test_unsaved_changes_tracking" time="0.166" /><testcase classname="tests.unit.tui.screens.test_settings.TestSettingsScreenState" name="test_save_clears_unsaved_changes" time="0.226" /><testcase classname="tests.unit.tui.screens.test_settings.TestSettingsScreenState" name="test_cancel_discards_changes" time="0.214" /><testcase classname="tests.unit.tui.screens.test_settings.TestSettingsScreenActions" name="test_save_action" time="0.546" /><testcase classname="tests.unit.tui.screens.test_settings.TestSettingsScreenActions" name="test_go_back_with_unsaved_changes_prompts" time="0.187" /><testcase classname="tests.unit.tui.screens.test_settings.TestSettingsScreenActions" name="test_go_back_without_unsaved_changes" time="0.162" /><testcase classname="tests.unit.tui.screens.test_settings.TestSettingsScreenConnectionTests" name="test_github_connection_test_success" time="0.178" /><testcase classname="tests.unit.tui.screens.test_settings.TestSettingsScreenConnectionTests" name="test_github_connection_test_failure" time="0.184" /><testcase classname="tests.unit.tui.screens.test_settings.TestSettingsScreenConnectionTests" name="test_github_connection_test_timeout" time="0.206" /><testcase classname="tests.unit.tui.screens.test_settings.TestSettingsScreenConnectionTests" name="test_notification_test" time="0.238" /><testcase classname="tests.unit.tui.screens.test_settings.TestSettingsScreenConnectionTests" name="test_notification_test_timeout" time="0.279" /><testcase classname="tests.unit.tui.screens.test_settings.TestSettingsScreenKeyboardNavigation" name="test_escape_key_binding" time="0.122" /><testcase classname="tests.unit.tui.screens.test_settings.TestSettingsScreenKeyboardNavigation" name="test_ctrl_s_save_binding" time="0.123" /><testcase classname="tests.unit.tui.screens.test_settings.TestSettingsScreenIntegration" name="test_complete_edit_flow" time="0.225" /><testcase classname="tests.unit.tui.screens.test_settings.TestSettingsScreenIntegration" name="test_field_validation_blocks_save" time="0.141" /><testcase classname="tests.unit.tui.screens.test_settings.TestSettingsScreenStateModel" name="test_state_has_unsaved_changes_property" time="0.000" /><testcase classname="tests.unit.tui.screens.test_settings.TestSettingsScreenStateModel" name="test_state_validation_errors_property" time="0.000" /><testcase classname="tests.unit.tui.screens.test_settings.TestSettingsScreenStateModel" name="test_state_can_save_property" time="0.000" /><testcase classname="tests.unit.tui.screens.test_workflow.TestWorkflowScreenInitialization" name="test_initialization_with_defaults" time="0.000" /><testcase classname="tests.unit.tui.screens.test_workflow.TestWorkflowScreenInitialization" name="test_initialization_with_workflow_and_branch" time="0.000" /><testcase classname="tests.unit.tui.screens.test_workflow.TestWorkflowScreenInitialization" name="test_initialization_with_custom_stages" time="0.000" /><testcase classname="tests.unit.tui.screens.test_workflow.TestWorkflowScreenInitialization" name="test_initialization_with_all_parameters" time="0.000" /><testcase classname="tests.unit.tui.screens.test_workflow.TestWorkflowScreenProperties" name="test_workflow_name_property" time="0.000" /><testcase classname="tests.unit.tui.screens.test_workflow.TestWorkflowScreenProperties" name="test_workflow_name_property_empty" time="0.000" /><testcase classname="tests.unit.tui.screens.test_workflow.TestWorkflowScreenProperties" name="test_workflow_name_property_returns_value" time="0.001" /><testcase classname="tests.unit.tui.screens.test_workflow.TestWorkflowScreenUpdateStage" name="test_update_stage_method_exists" time="0.000" /><testcase classname="tests.unit.tui.screens.test_workflow.TestWorkflowScreenShowStageError" name="test_show_stage_error_method_exists" time="0.000" /><testcase classname="tests.unit.tui.screens.test_workflow.TestWorkflowScreenCleanup" name="test_cleanup_sidebar_exists_and_is_callable" time="0.000" /><testcase classname="tests.unit.tui.screens.test_workflow_cancel.TestWorkflowCancellationConfirmation" name="test_confirm_cancel_workflow_exists" time="0.001" /><testcase classname="tests.unit.tui.screens.test_workflow_cancel.TestWorkflowCancellationConfirmation" name="test_confirm_cancel_workflow_returns_bool" time="0.001" /><testcase classname="tests.unit.tui.screens.test_workflow_cancel.TestWorkflowCancellationConfirmation" name="test_confirm_cancel_workflow_shows_warning" time="0.001" /><testcase classname="tests.unit.tui.screens.test_workflow_cancel.TestWorkflowCancellationConfirmation" name="test_confirm_cancel_workflow_user_confirms" time="0.001" /><testcase classname="tests.unit.tui.screens.test_workflow_cancel.TestWorkflowCancellationConfirmation" name="test_confirm_cancel_workflow_user_cancels" time="0.001" /><testcase classname="tests.unit.tui.screens.test_workflow_cancel.TestFlyScreenCancellation" name="test_fly_screen_has_cancel_binding" time="0.000" /><testcase classname="tests.unit.tui.screens.test_workflow_cancel.TestFlyScreenCancellation" name="test_fly_screen_has_workflow_running_state" time="0.000" /><testcase classname="tests.unit.tui.screens.test_workflow_cancel.TestFlyScreenCancellation" name="test_fly_screen_has_workflow_cancelled_state" time="0.000" /><testcase classname="tests.unit.tui.screens.test_workflow_cancel.TestFlyScreenCancellation" name="test_fly_screen_has_cancel_action" time="0.000" /><testcase classname="tests.unit.tui.screens.test_workflow_cancel.TestFlyScreenCancellation" name="test_fly_cancel_shows_confirmation" time="0.001" /><testcase classname="tests.unit.tui.screens.test_workflow_cancel.TestFlyScreenCancellation" name="test_fly_cancel_no_op_when_not_running" time="0.001" /><testcase classname="tests.unit.tui.screens.test_workflow_cancel.TestFlyScreenCancellation" name="test_fly_cancel_sets_cancelled_flag" time="0.001" /><testcase classname="tests.unit.tui.screens.test_workflow_cancel.TestFlyScreenCancellation" name="test_fly_cancel_does_not_cancel_when_rejected" time="0.001" /><testcase classname="tests.unit.tui.screens.test_workflow_cancel.TestFlyScreenCancellation" name="test_fly_cancel_shows_summary" time="0.001" /><testcase classname="tests.unit.tui.screens.test_workflow_cancel.TestRefuelScreenCancellation" name="test_refuel_screen_has_cancel_binding" time="0.000" /><testcase classname="tests.unit.tui.screens.test_workflow_cancel.TestRefuelScreenCancellation" name="test_refuel_screen_has_workflow_running_state" time="0.000" /><testcase classname="tests.unit.tui.screens.test_workflow_cancel.TestRefuelScreenCancellation" name="test_refuel_screen_has_cancel_action" time="0.000" /><testcase classname="tests.unit.tui.screens.test_workflow_cancel.TestRefuelScreenCancellation" name="test_refuel_cancel_shows_confirmation" time="0.001" /><testcase classname="tests.unit.tui.screens.test_workflow_cancel.TestRefuelScreenCancellation" name="test_refuel_cancel_sets_cancelled_flag" time="0.001" /><testcase classname="tests.unit.tui.screens.test_workflow_cancel.TestRefuelScreenCancellation" name="test_refuel_cancel_shows_summary_with_issues" time="0.001" /><testcase classname="tests.unit.tui.screens.test_workflow_cancel.TestCancellationSummary" name="test_fly_summary_includes_completed_stages" time="0.000" /><testcase classname="tests.unit.tui.screens.test_workflow_cancel.TestCancellationSummary" name="test_refuel_summary_includes_processed_issues" time="0.000" /><testcase classname="tests.unit.tui.screens.test_workflow_connectivity.TestFlyScreenConnectivity" name="test_fly_screen_initializes_with_workflow_paused_false" time="0.000" /><testcase classname="tests.unit.tui.screens.test_workflow_connectivity.TestFlyScreenConnectivity" name="test_handle_connectivity_change_when_workflow_not_running" time="0.001" /><testcase classname="tests.unit.tui.screens.test_workflow_connectivity.TestFlyScreenConnectivity" name="test_handle_connectivity_change_pauses_workflow_on_disconnect" time="0.001" /><testcase classname="tests.unit.tui.screens.test_workflow_connectivity.TestFlyScreenConnectivity" name="test_handle_connectivity_change_resumes_workflow_on_reconnect" time="0.001" /><testcase classname="tests.unit.tui.screens.test_workflow_connectivity.TestFlyScreenConnectivity" name="test_handle_connectivity_change_no_resume_if_not_paused" time="0.001" /><testcase classname="tests.unit.tui.screens.test_workflow_connectivity.TestFlyScreenConnectivity" name="test_connectivity_integration_with_check" time="0.001" /><testcase classname="tests.unit.tui.screens.test_workflow_connectivity.TestRefuelScreenConnectivity" name="test_refuel_screen_initializes_with_workflow_paused_false" time="0.000" /><testcase classname="tests.unit.tui.screens.test_workflow_connectivity.TestRefuelScreenConnectivity" name="test_handle_connectivity_change_when_workflow_not_running" time="0.001" /><testcase classname="tests.unit.tui.screens.test_workflow_connectivity.TestRefuelScreenConnectivity" name="test_handle_connectivity_change_pauses_workflow_on_disconnect" time="0.001" /><testcase classname="tests.unit.tui.screens.test_workflow_connectivity.TestRefuelScreenConnectivity" name="test_handle_connectivity_change_resumes_workflow_on_reconnect" time="0.001" /><testcase classname="tests.unit.tui.screens.test_workflow_connectivity.TestRefuelScreenConnectivity" name="test_handle_connectivity_change_no_resume_if_not_paused" time="0.001" /><testcase classname="tests.unit.tui.screens.test_workflow_connectivity.TestRefuelScreenConnectivity" name="test_connectivity_integration_with_check" time="0.001" /><testcase classname="tests.unit.tui.test_app.TestMaverickAppInitialization" name="test_app_title" time="0.001" /><testcase classname="tests.unit.tui.test_app.TestMaverickAppInitialization" name="test_min_width_constant" time="0.001" /><testcase classname="tests.unit.tui.test_app.TestMaverickAppInitialization" name="test_min_height_constant" time="0.001" /><testcase classname="tests.unit.tui.test_app.TestMaverickAppInitialization" name="test_command_palette_enabled" time="0.001" /><testcase classname="tests.unit.tui.test_app.TestMaverickAppInitialization" name="test_commands_provider_configured" time="0.001" /><testcase classname="tests.unit.tui.test_app.TestMaverickAppInitialization" name="test_bindings_configured" time="0.001" /><testcase classname="tests.unit.tui.test_app.TestMaverickAppInitialization" name="test_initial_timer_state" time="0.001" /><testcase classname="tests.unit.tui.test_app.TestMaverickAppInitialization" name="test_initial_workflow_state" time="0.001" /><testcase classname="tests.unit.tui.test_app.TestTimerMethods" name="test_start_timer_sets_start_time" time="0.002" /><testcase classname="tests.unit.tui.test_app.TestTimerMethods" name="test_stop_timer_stops_running" time="0.003" /><testcase classname="tests.unit.tui.test_app.TestTimerMethods" name="test_elapsed_time_before_start" time="0.002" /><testcase classname="tests.unit.tui.test_app.TestTimerMethods" name="test_elapsed_time_while_running" time="0.107" /><testcase classname="tests.unit.tui.test_app.TestTimerMethods" name="test_elapsed_time_after_stop" time="0.104" /><testcase classname="tests.unit.tui.test_app.TestTimerMethods" name="test_restart_timer" time="0.207" /><testcase classname="tests.unit.tui.test_app.TestWorkflowInfoMethods" name="test_set_workflow_info_updates_state" time="0.003" /><testcase classname="tests.unit.tui.test_app.TestWorkflowInfoMethods" name="test_set_workflow_info_without_branch" time="0.003" /><testcase classname="tests.unit.tui.test_app.TestWorkflowInfoMethods" name="test_clear_workflow_info_clears_state" time="0.003" /><testcase classname="tests.unit.tui.test_app.TestWorkflowInfoMethods" name="test_clear_workflow_info_without_header" time="0.003" /><testcase classname="tests.unit.tui.test_app.TestUpdateHeaderSubtitle" name="test_update_header_subtitle_with_workflow_and_branch" time="0.006" /><testcase classname="tests.unit.tui.test_app.TestUpdateHeaderSubtitle" name="test_update_header_subtitle_with_workflow_no_branch" time="0.004" /><testcase classname="tests.unit.tui.test_app.TestUpdateHeaderSubtitle" name="test_update_header_subtitle_without_workflow" time="0.002" /><testcase classname="tests.unit.tui.test_app.TestUpdateHeaderSubtitle" name="test_update_header_subtitle_formats_time_correctly" time="0.002" /><testcase classname="tests.unit.tui.test_app.TestUpdateHeaderSubtitle" name="test_update_header_subtitle_handles_missing_header" time="0.001" /><testcase classname="tests.unit.tui.test_app.TestActionMethods" name="test_action_toggle_log" time="0.002" /><testcase classname="tests.unit.tui.test_app.TestActionMethods" name="test_action_toggle_log_handles_missing_widget" time="0.001" /><testcase classname="tests.unit.tui.test_app.TestActionMethods" name="test_action_pop_screen_when_multiple_screens" time="0.002" /><testcase classname="tests.unit.tui.test_app.TestActionMethods" name="test_action_pop_screen_when_single_screen" time="0.002" /><testcase classname="tests.unit.tui.test_app.TestActionMethods" name="test_action_quit_exits_app" time="0.002" /><testcase classname="tests.unit.tui.test_app.TestActionMethods" name="test_action_show_help_adds_log_entries" time="0.001" /><testcase classname="tests.unit.tui.test_app.TestActionMethods" name="test_action_show_help_shows_log_panel" time="0.003" /><testcase classname="tests.unit.tui.test_app.TestActionMethods" name="test_action_go_home_pops_all_screens" time="0.002" /><testcase classname="tests.unit.tui.test_app.TestActionMethods" name="test_action_start_workflow_pushes_workflow_screen" time="0.003" /><testcase classname="tests.unit.tui.test_app.TestActionMethods" name="test_action_show_config_pushes_config_screen" time="0.002" /><testcase classname="tests.unit.tui.test_app.TestActionMethods" name="test_action_go_review_pushes_review_screen" time="0.002" /><testcase classname="tests.unit.tui.test_app.TestActionMethods" name="test_action_go_workflow_pushes_workflow_screen" time="0.002" /><testcase classname="tests.unit.tui.test_app.TestActionMethods" name="test_action_refresh_calls_screen_refresh_if_available" time="0.001" /><testcase classname="tests.unit.tui.test_app.TestActionMethods" name="test_action_refresh_adds_log_if_no_refresh_method" time="0.002" /><testcase classname="tests.unit.tui.test_app.TestAddLogMethod" name="test_add_log_delegates_to_log_panel" time="0.002" /><testcase classname="tests.unit.tui.test_app.TestAddLogMethod" name="test_add_log_uses_default_level" time="0.002" /><testcase classname="tests.unit.tui.test_app.TestAddLogMethod" name="test_add_log_handles_missing_log_panel" time="0.002" /><testcase classname="tests.unit.tui.test_app.TestGetSidebar" name="test_get_sidebar_returns_sidebar" time="0.003" /><testcase classname="tests.unit.tui.test_app.TestGetSidebar" name="test_get_sidebar_returns_none_when_not_mounted" time="0.002" /><testcase classname="tests.unit.tui.test_app.TestMaverickCommands" name="test_search_returns_all_commands_for_empty_query" time="0.002" /><testcase classname="tests.unit.tui.test_app.TestMaverickCommands" name="test_search_filters_by_name" time="0.004" /><testcase classname="tests.unit.tui.test_app.TestMaverickCommands" name="test_search_filters_by_description" time="0.005" /><testcase classname="tests.unit.tui.test_app.TestMaverickCommands" name="test_search_is_case_insensitive" time="0.002" /><testcase classname="tests.unit.tui.test_app.TestMaverickCommands" name="test_search_returns_hit_with_correct_attributes" time="0.002" /><testcase classname="tests.unit.tui.test_app.TestMaverickCommands" name="test_all_commands_have_correct_callbacks" time="0.002" /><testcase classname="tests.unit.tui.test_connectivity.TestConnectivityMonitor" name="test_initialization_defaults" time="0.000" /><testcase classname="tests.unit.tui.test_connectivity.TestConnectivityMonitor" name="test_is_connected_returns_true_when_connected" time="0.000" /><testcase classname="tests.unit.tui.test_connectivity.TestConnectivityMonitor" name="test_is_connected_returns_false_when_disconnected" time="0.000" /><testcase classname="tests.unit.tui.test_connectivity.TestConnectivityMonitor" name="test_is_connected_returns_false_when_checking" time="0.000" /><testcase classname="tests.unit.tui.test_connectivity.TestConnectivityMonitor" name="test_time_since_last_check_returns_infinity_when_never_checked" time="0.000" /><testcase classname="tests.unit.tui.test_connectivity.TestConnectivityMonitor" name="test_time_since_last_check_returns_elapsed_time" time="0.000" /><testcase classname="tests.unit.tui.test_connectivity.TestConnectivityMonitor" name="test_check_connectivity_sets_checking_status" time="0.001" /><testcase classname="tests.unit.tui.test_connectivity.TestConnectivityMonitor" name="test_check_connectivity_returns_true_when_gh_succeeds" time="0.001" /><testcase classname="tests.unit.tui.test_connectivity.TestConnectivityMonitor" name="test_check_connectivity_returns_false_when_gh_fails" time="0.001" /><testcase classname="tests.unit.tui.test_connectivity.TestConnectivityMonitor" name="test_check_connectivity_handles_file_not_found" time="0.001" /><testcase classname="tests.unit.tui.test_connectivity.TestConnectivityMonitor" name="test_check_connectivity_handles_generic_exception" time="0.001" /><testcase classname="tests.unit.tui.test_connectivity.TestConnectivityMonitor" name="test_check_connectivity_updates_last_check_only_on_success" time="0.001" /><testcase classname="tests.unit.tui.test_history.TestWorkflowHistoryEntry" name="test_create_factory_method" time="0.000" /><testcase classname="tests.unit.tui.test_history.TestWorkflowHistoryEntry" name="test_create_without_pr_link" time="0.000" /><testcase classname="tests.unit.tui.test_history.TestWorkflowHistoryEntry" name="test_display_status_completed" time="0.000" /><testcase classname="tests.unit.tui.test_history.TestWorkflowHistoryEntry" name="test_display_status_failed" time="0.000" /><testcase classname="tests.unit.tui.test_history.TestWorkflowHistoryEntry" name="test_display_timestamp" time="0.000" /><testcase classname="tests.unit.tui.test_history.TestWorkflowHistoryEntry" name="test_to_dict_serialization" time="0.000" /><testcase classname="tests.unit.tui.test_history.TestWorkflowHistoryEntry" name="test_from_dict_deserialization" time="0.000" /><testcase classname="tests.unit.tui.test_history.TestWorkflowHistoryEntry" name="test_frozen_immutable" time="0.000" /><testcase classname="tests.unit.tui.test_history.TestWorkflowHistoryStoreLoad" name="test_load_missing_file_returns_empty_list" time="0.000" /><testcase classname="tests.unit.tui.test_history.TestWorkflowHistoryStoreLoad" name="test_load_empty_file_returns_empty_list" time="0.000" /><testcase classname="tests.unit.tui.test_history.TestWorkflowHistoryStoreLoad" name="test_load_invalid_json_returns_empty_list" time="0.000" /><testcase classname="tests.unit.tui.test_history.TestWorkflowHistoryStoreLoad" name="test_load_non_list_returns_empty_list" time="0.000" /><testcase classname="tests.unit.tui.test_history.TestWorkflowHistoryStoreLoad" name="test_load_valid_entries" time="0.000" /><testcase classname="tests.unit.tui.test_history.TestWorkflowHistoryStoreLoad" name="test_load_skips_malformed_entries" time="0.000" /><testcase classname="tests.unit.tui.test_history.TestWorkflowHistoryStoreSave" name="test_save_creates_parent_directory" time="0.001" /><testcase classname="tests.unit.tui.test_history.TestWorkflowHistoryStoreSave" name="test_save_writes_valid_json" time="0.001" /><testcase classname="tests.unit.tui.test_history.TestWorkflowHistoryStoreSave" name="test_save_applies_fifo_eviction" time="0.001" /><testcase classname="tests.unit.tui.test_history.TestWorkflowHistoryStoreSave" name="test_save_overwrites_existing_file" time="0.001" /><testcase classname="tests.unit.tui.test_history.TestWorkflowHistoryStoreAdd" name="test_add_appends_new_entry" time="0.001" /><testcase classname="tests.unit.tui.test_history.TestWorkflowHistoryStoreAdd" name="test_add_enforces_fifo_eviction" time="0.002" /><testcase classname="tests.unit.tui.test_history.TestWorkflowHistoryStoreAdd" name="test_add_to_empty_history" time="0.001" /><testcase classname="tests.unit.tui.test_history.TestWorkflowHistoryStoreGetRecent" name="test_get_recent_returns_newest_first" time="0.003" /><testcase classname="tests.unit.tui.test_history.TestWorkflowHistoryStoreGetRecent" name="test_get_recent_limits_count" time="0.006" /><testcase classname="tests.unit.tui.test_history.TestWorkflowHistoryStoreGetRecent" name="test_get_recent_empty_history" time="0.000" /><testcase classname="tests.unit.tui.test_history.TestWorkflowHistoryStoreGetRecent" name="test_get_recent_default_count" time="0.010" /><testcase classname="tests.unit.tui.test_history.TestWorkflowHistoryStoreClear" name="test_clear_deletes_history_file" time="0.001" /><testcase classname="tests.unit.tui.test_history.TestWorkflowHistoryStoreClear" name="test_clear_on_nonexistent_file" time="0.000" /><testcase classname="tests.unit.tui.test_metrics.TestWidgetMetrics" name="test_metrics_disabled_by_default" time="0.000" /><testcase classname="tests.unit.tui.test_metrics.TestWidgetMetrics" name="test_enable_disable" time="0.000" /><testcase classname="tests.unit.tui.test_metrics.TestWidgetMetrics" name="test_record_render_when_disabled" time="0.000" /><testcase classname="tests.unit.tui.test_metrics.TestWidgetMetrics" name="test_record_render_when_enabled" time="0.001" /><testcase classname="tests.unit.tui.test_metrics.TestWidgetMetrics" name="test_record_message_when_disabled" time="0.000" /><testcase classname="tests.unit.tui.test_metrics.TestWidgetMetrics" name="test_record_message_when_enabled" time="0.203" /><testcase classname="tests.unit.tui.test_metrics.TestWidgetMetrics" name="test_get_stats_all_widgets" time="0.001" /><testcase classname="tests.unit.tui.test_metrics.TestWidgetMetrics" name="test_get_stats_specific_widget" time="0.001" /><testcase classname="tests.unit.tui.test_metrics.TestWidgetMetrics" name="test_percentile_calculations" time="0.001" /><testcase classname="tests.unit.tui.test_metrics.TestWidgetMetrics" name="test_clear_metrics" time="0.001" /><testcase classname="tests.unit.tui.test_metrics.TestWidgetMetrics" name="test_rolling_window_limit" time="0.001" /><testcase classname="tests.unit.tui.test_metrics.TestWidgetMetrics" name="test_thread_safety" time="0.003" /><testcase classname="tests.unit.tui.test_metrics.TestWidgetMetrics" name="test_empty_stats" time="0.001" /><testcase classname="tests.unit.tui.test_metrics.TestWidgetMetrics" name="test_single_message_throughput" time="0.000" /><testcase classname="tests.unit.tui.test_metrics.TestConfigureMetrics" name="test_configure_metrics_enabled" time="0.000" /><testcase classname="tests.unit.tui.test_metrics.TestConfigureMetrics" name="test_configure_metrics_disabled" time="0.000" /><testcase classname="tests.unit.tui.test_metrics.TestWidgetStatsDataclass" name="test_widget_stats_creation" time="0.000" /><testcase classname="tests.unit.tui.test_metrics.TestWidgetStatsDataclass" name="test_widget_stats_frozen" time="0.000" /><testcase classname="tests.unit.tui.test_metrics.TestRealWorldScenarios" name="test_agent_output_message_throughput" time="0.519" /><testcase classname="tests.unit.tui.test_metrics.TestRealWorldScenarios" name="test_workflow_progress_render_timing" time="0.001" /><testcase classname="tests.unit.tui.test_metrics.TestRealWorldScenarios" name="test_review_findings_refresh_performance" time="0.001" /><testcase classname="tests.unit.tui.test_metrics.TestRealWorldScenarios" name="test_multiple_widgets_interleaved" time="0.001" /><testcase classname="tests.unit.tui.test_metrics.TestRealWorldScenarios" name="test_performance_overhead_when_disabled" time="0.014" /><testcase classname="tests.unit.tui.test_services.TestGitHubConnectionResult" name="test_successful_connection" time="0.001" /><testcase classname="tests.unit.tui.test_services.TestGitHubConnectionResult" name="test_failed_connection" time="0.001" /><testcase classname="tests.unit.tui.test_services.TestGitHubConnectionResult" name="test_timeout_connection" time="0.001" /><testcase classname="tests.unit.tui.test_services.TestNotificationResult" name="test_successful_notification" time="0.001" /><testcase classname="tests.unit.tui.test_services.TestNotificationResult" name="test_failed_notification" time="0.001" /><testcase classname="tests.unit.tui.test_services.TestNotificationResult" name="test_disabled_notification" time="0.001" /><testcase classname="tests.unit.tui.test_services.TestIssueListResult" name="test_successful_issue_list" time="0.001" /><testcase classname="tests.unit.tui.test_services.TestIssueListResult" name="test_failed_issue_list" time="0.001" /><testcase classname="tests.unit.tui.test_services.TestCheckGitHubConnection" name="test_gh_cli_not_found" time="0.002" /><testcase classname="tests.unit.tui.test_services.TestCheckGitHubConnection" name="test_successful_connection" time="0.002" /><testcase classname="tests.unit.tui.test_services.TestCheckGitHubConnection" name="test_auth_failure" time="0.001" /><testcase classname="tests.unit.tui.test_services.TestCheckGitHubConnection" name="test_connection_timeout" time="0.001" /><testcase classname="tests.unit.tui.test_services.TestCheckGitHubConnection" name="test_exception_handling" time="0.001" /><testcase classname="tests.unit.tui.test_services.TestSendTestNotification" name="test_curl_not_found" time="0.001" /><testcase classname="tests.unit.tui.test_services.TestSendTestNotification" name="test_successful_notification" time="0.001" /><testcase classname="tests.unit.tui.test_services.TestSendTestNotification" name="test_notification_failure" time="0.001" /><testcase classname="tests.unit.tui.test_services.TestSendTestNotification" name="test_notification_timeout" time="0.001" /><testcase classname="tests.unit.tui.test_services.TestSendTestNotification" name="test_custom_message" time="0.001" /><testcase classname="tests.unit.tui.test_services.TestListGitHubIssues" name="test_gh_cli_not_found" time="0.001" /><testcase classname="tests.unit.tui.test_services.TestListGitHubIssues" name="test_successful_issue_list" time="0.001" /><testcase classname="tests.unit.tui.test_services.TestListGitHubIssues" name="test_empty_issue_list" time="0.001" /><testcase classname="tests.unit.tui.test_services.TestListGitHubIssues" name="test_gh_cli_error" time="0.001" /><testcase classname="tests.unit.tui.test_services.TestListGitHubIssues" name="test_timeout" time="0.001" /><testcase classname="tests.unit.tui.test_services.TestListGitHubIssues" name="test_json_parse_error" time="0.001" /><testcase classname="tests.unit.tui.test_services.TestListGitHubIssues" name="test_custom_limit" time="0.002" /><testcase classname="tests.unit.tui.widgets.test_agent_output" name="test_initial_state_empty" time="0.001" /><testcase classname="tests.unit.tui.widgets.test_agent_output" name="test_initial_state_max_messages" time="0.000" /><testcase classname="tests.unit.tui.widgets.test_agent_output" name="test_add_text_message" time="0.001" /><testcase classname="tests.unit.tui.widgets.test_agent_output" name="test_add_code_message" time="0.000" /><testcase classname="tests.unit.tui.widgets.test_agent_output" name="test_add_tool_call_message" time="0.000" /><testcase classname="tests.unit.tui.widgets.test_agent_output" name="test_add_multiple_messages" time="0.000" /><testcase classname="tests.unit.tui.widgets.test_agent_output" name="test_message_buffer_limit" time="0.005" /><testcase classname="tests.unit.tui.widgets.test_agent_output" name="test_truncated_flag_not_set_below_limit" time="0.001" /><testcase classname="tests.unit.tui.widgets.test_agent_output" name="test_clear_messages" time="0.000" /><testcase classname="tests.unit.tui.widgets.test_agent_output" name="test_clear_messages_resets_truncated" time="0.005" /><testcase classname="tests.unit.tui.widgets.test_agent_output" name="test_auto_scroll_enabled_by_default" time="0.000" /><testcase classname="tests.unit.tui.widgets.test_agent_output" name="test_set_auto_scroll_enabled" time="0.001" /><testcase classname="tests.unit.tui.widgets.test_agent_output" name="test_set_auto_scroll_disabled" time="0.000" /><testcase classname="tests.unit.tui.widgets.test_agent_output" name="test_set_search_query" time="0.001" /><testcase classname="tests.unit.tui.widgets.test_agent_output" name="test_clear_search_query" time="0.000" /><testcase classname="tests.unit.tui.widgets.test_agent_output" name="test_search_matches_case_insensitive" time="0.000" /><testcase classname="tests.unit.tui.widgets.test_agent_output" name="test_set_agent_filter" time="0.000" /><testcase classname="tests.unit.tui.widgets.test_agent_output" name="test_clear_agent_filter" time="0.000" /><testcase classname="tests.unit.tui.widgets.test_agent_output" name="test_filtered_messages" time="0.000" /><testcase classname="tests.unit.tui.widgets.test_agent_output" name="test_filtered_messages_no_filter" time="0.000" /><testcase classname="tests.unit.tui.widgets.test_agent_output" name="test_empty_state_message" time="0.000" /><testcase classname="tests.unit.tui.widgets.test_agent_output" name="test_not_empty_after_adding_message" time="0.000" /><testcase classname="tests.unit.tui.widgets.test_agent_output" name="test_empty_again_after_clear" time="0.000" /><testcase classname="tests.unit.tui.widgets.test_agent_output" name="test_message_has_timestamp" time="0.000" /><testcase classname="tests.unit.tui.widgets.test_agent_output" name="test_messages_preserve_timestamp_order" time="0.036" /><testcase classname="tests.unit.tui.widgets.test_agent_output" name="test_tool_call_message_structure" time="0.001" /><testcase classname="tests.unit.tui.widgets.test_agent_output" name="test_tool_call_without_result" time="0.000" /><testcase classname="tests.unit.tui.widgets.test_agent_output" name="test_scroll_to_bottom" time="0.001" /><testcase classname="tests.unit.tui.widgets.test_agent_output" name="test_state_isolation_between_instances" time="0.000" /><testcase classname="tests.unit.tui.widgets.test_agent_output" name="test_combined_filter_and_search" time="0.000" /><testcase classname="tests.unit.tui.widgets.test_agent_output" name="test_message_type_variety" time="0.000" /><testcase classname="tests.unit.tui.widgets.test_agent_output" name="test_compute_match_positions" time="0.000" /><testcase classname="tests.unit.tui.widgets.test_agent_output" name="test_next_match_navigation" time="0.001" /><testcase classname="tests.unit.tui.widgets.test_agent_output" name="test_next_match_wraps_around" time="0.000" /><testcase classname="tests.unit.tui.widgets.test_agent_output" name="test_prev_match_navigation" time="0.000" /><testcase classname="tests.unit.tui.widgets.test_agent_output" name="test_prev_match_wraps_around" time="0.000" /><testcase classname="tests.unit.tui.widgets.test_agent_output" name="test_match_counter_display" time="0.000" /><testcase classname="tests.unit.tui.widgets.test_agent_output" name="test_no_matches_when_query_empty" time="0.000" /><testcase classname="tests.unit.tui.widgets.test_agent_output" name="test_next_match_with_no_query" time="0.000" /><testcase classname="tests.unit.tui.widgets.test_agent_output" name="test_multiple_matches_in_single_message" time="0.000" /><testcase classname="tests.unit.tui.widgets.test_diff_panel.TestDiffPanelInitialization" name="test_initialization_with_defaults" time="0.000" /><testcase classname="tests.unit.tui.widgets.test_diff_panel.TestDiffPanelInitialization" name="test_initialization_with_custom_parameters" time="0.000" /><testcase classname="tests.unit.tui.widgets.test_diff_panel.TestDiffPanelUpdateDiff" name="test_update_diff_with_no_file" time="0.001" /><testcase classname="tests.unit.tui.widgets.test_diff_panel.TestDiffPanelUpdateDiff" name="test_update_diff_with_no_line_number" time="0.000" /><testcase classname="tests.unit.tui.widgets.test_diff_panel.TestDiffPanelUpdateDiff" name="test_update_diff_with_valid_file" time="0.001" /><testcase classname="tests.unit.tui.widgets.test_diff_panel.TestDiffPanelUpdateDiff" name="test_update_diff_with_missing_file" time="0.001" /><testcase classname="tests.unit.tui.widgets.test_diff_panel.TestDiffPanelUpdateDiff" name="test_update_diff_with_relative_path" time="0.001" /><testcase classname="tests.unit.tui.widgets.test_diff_panel.TestDiffPanelReadFileWithContext" name="test_read_file_with_context_nonexistent_file" time="0.000" /><testcase classname="tests.unit.tui.widgets.test_diff_panel.TestDiffPanelReadFileWithContext" name="test_read_file_with_context_valid_file" time="0.002" /><testcase classname="tests.unit.tui.widgets.test_diff_panel.TestDiffPanelReadFileWithContext" name="test_read_file_with_context_at_file_start" time="0.002" /><testcase classname="tests.unit.tui.widgets.test_diff_panel.TestDiffPanelReadFileWithContext" name="test_read_file_with_context_at_file_end" time="0.001" /><testcase classname="tests.unit.tui.widgets.test_diff_panel.TestDiffPanelGetLexerForExtension" name="test_get_lexer_for_python" time="0.000" /><testcase classname="tests.unit.tui.widgets.test_diff_panel.TestDiffPanelGetLexerForExtension" name="test_get_lexer_for_javascript" time="0.000" /><testcase classname="tests.unit.tui.widgets.test_diff_panel.TestDiffPanelGetLexerForExtension" name="test_get_lexer_for_typescript" time="0.000" /><testcase classname="tests.unit.tui.widgets.test_diff_panel.TestDiffPanelGetLexerForExtension" name="test_get_lexer_for_unknown_extension" time="0.000" /><testcase classname="tests.unit.tui.widgets.test_diff_panel.TestDiffPanelGetLexerForExtension" name="test_get_lexer_case_insensitive" time="0.000" /><testcase classname="tests.unit.tui.widgets.test_diff_panel.TestDiffPanelClearDiff" name="test_clear_diff_resets_state" time="0.001" /><testcase classname="tests.unit.tui.widgets.test_diff_panel.TestDiffPanelShowError" name="test_show_error_displays_message" time="0.001" /><testcase classname="tests.unit.tui.widgets.test_diff_panel.TestDiffPanelIntegrationWithReviewScreen" name="test_diff_panel_updates_on_issue_selection" time="0.001" /><testcase classname="tests.unit.tui.widgets.test_diff_panel.TestDiffPanelIntegrationWithReviewScreen" name="test_diff_panel_clears_on_no_selection" time="0.001" /><testcase classname="tests.unit.tui.widgets.test_form.TestBranchInputFieldInitialization" name="test_init_with_defaults" time="0.000" /><testcase classname="tests.unit.tui.widgets.test_form.TestBranchInputFieldInitialization" name="test_init_with_custom_label" time="0.000" /><testcase classname="tests.unit.tui.widgets.test_form.TestBranchInputFieldValidation" name="test_empty_branch_invalid" time="0.001" /><testcase classname="tests.unit.tui.widgets.test_form.TestBranchInputFieldValidation" name="test_valid_branch_name" time="0.001" /><testcase classname="tests.unit.tui.widgets.test_form.TestBranchInputFieldValidation" name="test_branch_with_spaces_invalid" time="0.001" /><testcase classname="tests.unit.tui.widgets.test_form.TestBranchInputFieldValidation" name="test_branch_with_invalid_chars" time="0.001" /><testcase classname="tests.unit.tui.widgets.test_form.TestBranchInputFieldValidation" name="test_branch_with_double_dots" time="0.001" /><testcase classname="tests.unit.tui.widgets.test_form.TestBranchInputFieldValidation" name="test_branch_ending_with_dot" time="0.001" /><testcase classname="tests.unit.tui.widgets.test_form.TestBranchInputFieldValidation" name="test_branch_too_long" time="0.001" /><testcase classname="tests.unit.tui.widgets.test_form.TestBranchInputFieldValidation" name="test_valid_branch_formats" time="0.001" /><testcase classname="tests.unit.tui.widgets.test_form.TestBranchInputFieldAsyncValidation" name="test_check_branch_exists" time="0.001" /><testcase classname="tests.unit.tui.widgets.test_form.TestBranchInputFieldAsyncValidation" name="test_is_checking_flag" time="0.001" /><testcase classname="tests.unit.tui.widgets.test_form.TestNumericFieldInitialization" name="test_init_with_defaults" time="0.000" /><testcase classname="tests.unit.tui.widgets.test_form.TestNumericFieldInitialization" name="test_init_with_custom_values" time="0.000" /><testcase classname="tests.unit.tui.widgets.test_form.TestNumericFieldValidation" name="test_value_within_bounds_valid" time="0.001" /><testcase classname="tests.unit.tui.widgets.test_form.TestNumericFieldValidation" name="test_value_below_min_invalid" time="0.001" /><testcase classname="tests.unit.tui.widgets.test_form.TestNumericFieldValidation" name="test_value_above_max_invalid" time="0.001" /><testcase classname="tests.unit.tui.widgets.test_form.TestNumericFieldValidation" name="test_non_numeric_value_invalid" time="0.001" /><testcase classname="tests.unit.tui.widgets.test_form.TestNumericFieldValidation" name="test_min_boundary_valid" time="0.001" /><testcase classname="tests.unit.tui.widgets.test_form.TestNumericFieldValidation" name="test_max_boundary_valid" time="0.001" /><testcase classname="tests.unit.tui.widgets.test_form.TestNumericFieldIncrementDecrement" name="test_increment_within_bounds" time="0.001" /><testcase classname="tests.unit.tui.widgets.test_form.TestNumericFieldIncrementDecrement" name="test_increment_at_max" time="0.001" /><testcase classname="tests.unit.tui.widgets.test_form.TestNumericFieldIncrementDecrement" name="test_decrement_within_bounds" time="0.002" /><testcase classname="tests.unit.tui.widgets.test_form.TestNumericFieldIncrementDecrement" name="test_decrement_at_min" time="0.001" /><testcase classname="tests.unit.tui.widgets.test_form.TestNumericFieldIncrementDecrement" name="test_multiple_increments" time="0.001" /><testcase classname="tests.unit.tui.widgets.test_form.TestNumericFieldIncrementDecrement" name="test_multiple_decrements" time="0.001" /><testcase classname="tests.unit.tui.widgets.test_form.TestToggleFieldInitialization" name="test_init_with_defaults" time="0.000" /><testcase classname="tests.unit.tui.widgets.test_form.TestToggleFieldInitialization" name="test_init_with_checked_true" time="0.000" /><testcase classname="tests.unit.tui.widgets.test_form.TestToggleFieldOperations" name="test_toggle_from_false_to_true" time="0.001" /><testcase classname="tests.unit.tui.widgets.test_form.TestToggleFieldOperations" name="test_toggle_from_true_to_false" time="0.001" /><testcase classname="tests.unit.tui.widgets.test_form.TestToggleFieldOperations" name="test_multiple_toggles" time="0.001" /><testcase classname="tests.unit.tui.widgets.test_form.TestSelectFieldInitialization" name="test_init_with_defaults" time="0.000" /><testcase classname="tests.unit.tui.widgets.test_form.TestSelectFieldInitialization" name="test_init_with_custom_options" time="0.000" /><testcase classname="tests.unit.tui.widgets.test_form.TestSelectFieldSelection" name="test_select_by_index" time="0.001" /><testcase classname="tests.unit.tui.widgets.test_form.TestSelectFieldSelection" name="test_select_first_option" time="0.001" /><testcase classname="tests.unit.tui.widgets.test_form.TestSelectFieldSelection" name="test_select_invalid_index_ignored" time="0.001" /><testcase classname="tests.unit.tui.widgets.test_form.TestSelectFieldSelection" name="test_select_negative_index_ignored" time="0.001" /><testcase classname="tests.unit.tui.widgets.test_form.TestSelectFieldNavigation" name="test_select_next" time="0.001" /><testcase classname="tests.unit.tui.widgets.test_form.TestSelectFieldNavigation" name="test_select_next_at_end" time="0.001" /><testcase classname="tests.unit.tui.widgets.test_form.TestSelectFieldNavigation" name="test_select_previous" time="0.001" /><testcase classname="tests.unit.tui.widgets.test_form.TestSelectFieldNavigation" name="test_select_previous_at_start" time="0.001" /><testcase classname="tests.unit.tui.widgets.test_form.TestSelectFieldNavigation" name="test_navigation_through_all_options" time="0.001" /><testcase classname="tests.unit.tui.widgets.test_form.TestFormFieldProtocolCompliance" name="test_branch_field_has_required_attributes" time="0.000" /><testcase classname="tests.unit.tui.widgets.test_form.TestFormFieldProtocolCompliance" name="test_branch_field_has_required_methods" time="0.000" /><testcase classname="tests.unit.tui.widgets.test_form.TestFormFieldProtocolCompliance" name="test_numeric_field_has_required_attributes" time="0.000" /><testcase classname="tests.unit.tui.widgets.test_form.TestFormFieldProtocolCompliance" name="test_numeric_field_has_required_methods" time="0.000" /><testcase classname="tests.unit.tui.widgets.test_form.TestFormFieldProtocolCompliance" name="test_toggle_field_has_required_attributes" time="0.000" /><testcase classname="tests.unit.tui.widgets.test_form.TestFormFieldProtocolCompliance" name="test_toggle_field_has_required_methods" time="0.001" /><testcase classname="tests.unit.tui.widgets.test_form.TestFormFieldProtocolCompliance" name="test_select_field_has_required_attributes" time="0.000" /><testcase classname="tests.unit.tui.widgets.test_form.TestFormFieldProtocolCompliance" name="test_select_field_has_required_methods" time="0.000" /><testcase classname="tests.unit.tui.widgets.test_form.TestFormFieldScenarios" name="test_branch_input_workflow" time="0.001" /><testcase classname="tests.unit.tui.widgets.test_form.TestFormFieldScenarios" name="test_numeric_field_adjustment_workflow" time="0.001" /><testcase classname="tests.unit.tui.widgets.test_form.TestFormFieldScenarios" name="test_form_with_multiple_fields_workflow" time="0.001" /><testcase classname="tests.unit.tui.widgets.test_form.TestFormFieldScenarios" name="test_validation_error_recovery_workflow" time="0.001" /><testcase classname="tests.unit.tui.widgets.test_issue_list.TestIssueListItemInitialization" name="test_init_with_issue_data" time="0.000" /><testcase classname="tests.unit.tui.widgets.test_issue_list.TestIssueListItemInitialization" name="test_init_creates_unselected_item" time="0.000" /><testcase classname="tests.unit.tui.widgets.test_issue_list.TestIssueListItemSelection" name="test_toggle_selection_from_unselected" time="0.000" /><testcase classname="tests.unit.tui.widgets.test_issue_list.TestIssueListItemSelection" name="test_toggle_selection_from_selected" time="0.000" /><testcase classname="tests.unit.tui.widgets.test_issue_list.TestIssueListItemSelection" name="test_toggle_posts_message" time="0.000" /><testcase classname="tests.unit.tui.widgets.test_issue_list.TestIssueListInitialization" name="test_init_with_defaults" time="0.000" /><testcase classname="tests.unit.tui.widgets.test_issue_list.TestIssueListInitialization" name="test_set_issues_creates_items" time="0.000" /><testcase classname="tests.unit.tui.widgets.test_issue_list.TestIssueListNavigation" name="test_move_down_increases_index" time="0.000" /><testcase classname="tests.unit.tui.widgets.test_issue_list.TestIssueListNavigation" name="test_move_down_at_end_no_change" time="0.001" /><testcase classname="tests.unit.tui.widgets.test_issue_list.TestIssueListNavigation" name="test_move_up_decreases_index" time="0.001" /><testcase classname="tests.unit.tui.widgets.test_issue_list.TestIssueListNavigation" name="test_move_up_at_start_no_change" time="0.000" /><testcase classname="tests.unit.tui.widgets.test_issue_list.TestIssueListNavigation" name="test_navigate_through_all_items" time="0.000" /><testcase classname="tests.unit.tui.widgets.test_issue_list.TestIssueListSelection" name="test_toggle_current_item" time="0.000" /><testcase classname="tests.unit.tui.widgets.test_issue_list.TestIssueListSelection" name="test_toggle_updates_selected_count" time="0.000" /><testcase classname="tests.unit.tui.widgets.test_issue_list.TestIssueListSelection" name="test_select_all" time="0.000" /><testcase classname="tests.unit.tui.widgets.test_issue_list.TestIssueListSelection" name="test_select_none" time="0.001" /><testcase classname="tests.unit.tui.widgets.test_issue_list.TestIssueListSelection" name="test_get_selected_issues" time="0.001" /><testcase classname="tests.unit.tui.widgets.test_issue_list.TestIssueListSelectionMessages" name="test_selection_changed_message_on_toggle" time="0.000" /><testcase classname="tests.unit.tui.widgets.test_issue_list.TestIssueListSelectionMessages" name="test_select_all_posts_message" time="0.000" /><testcase classname="tests.unit.tui.widgets.test_issue_list.TestIssueListSelectionMessages" name="test_select_none_posts_message" time="0.000" /><testcase classname="tests.unit.tui.widgets.test_issue_list.TestIssueListScenarios" name="test_user_selects_multiple_issues" time="0.000" /><testcase classname="tests.unit.tui.widgets.test_issue_list.TestIssueListScenarios" name="test_user_selects_all_then_deselects_one" time="0.000" /><testcase classname="tests.unit.tui.widgets.test_issue_list.TestIssueListScenarios" name="test_user_changes_selection_multiple_times" time="0.001" /><testcase classname="tests.unit.tui.widgets.test_issue_list.TestIssueListScenarios" name="test_empty_list_handles_navigation" time="0.001" /><testcase classname="tests.unit.tui.widgets.test_log_panel.TestLogPanelInitialization" name="test_initialization_defaults" time="0.026" /><testcase classname="tests.unit.tui.widgets.test_log_panel.TestLogPanelInitialization" name="test_compose_creates_richlog" time="0.023" /><testcase classname="tests.unit.tui.widgets.test_log_panel.TestLogPanelInitialization" name="test_max_lines_constant" time="0.001" /><testcase classname="tests.unit.tui.widgets.test_log_panel.TestLogPanelToggle" name="test_toggle_changes_visibility" time="0.024" /><testcase classname="tests.unit.tui.widgets.test_log_panel.TestLogPanelToggle" name="test_toggle_multiple_times" time="0.027" /><testcase classname="tests.unit.tui.widgets.test_log_panel.TestLogPanelToggle" name="test_watch_panel_visible_adds_css_class" time="0.087" /><testcase classname="tests.unit.tui.widgets.test_log_panel.TestLogPanelToggle" name="test_watch_panel_visible_removes_css_class" time="0.112" /><testcase classname="tests.unit.tui.widgets.test_log_panel.TestLogPanelAddLog" name="test_add_log_basic" time="0.105" /><testcase classname="tests.unit.tui.widgets.test_log_panel.TestLogPanelAddLog" name="test_add_log_with_level_info" time="0.107" /><testcase classname="tests.unit.tui.widgets.test_log_panel.TestLogPanelAddLog" name="test_add_log_with_level_success" time="0.095" /><testcase classname="tests.unit.tui.widgets.test_log_panel.TestLogPanelAddLog" name="test_add_log_with_level_warning" time="0.160" /><testcase classname="tests.unit.tui.widgets.test_log_panel.TestLogPanelAddLog" name="test_add_log_with_level_error" time="0.105" /><testcase classname="tests.unit.tui.widgets.test_log_panel.TestLogPanelAddLog" name="test_add_log_with_source" time="0.108" /><testcase classname="tests.unit.tui.widgets.test_log_panel.TestLogPanelAddLog" name="test_add_log_without_source" time="0.102" /><testcase classname="tests.unit.tui.widgets.test_log_panel.TestLogPanelAddLog" name="test_add_log_with_unknown_level" time="0.107" /><testcase classname="tests.unit.tui.widgets.test_log_panel.TestLogPanelAddLog" name="test_add_log_timestamp_format" time="0.103" /><testcase classname="tests.unit.tui.widgets.test_log_panel.TestLogPanelAddLog" name="test_add_log_multiple_messages" time="0.103" /><testcase classname="tests.unit.tui.widgets.test_log_panel.TestLogPanelAutoScroll" name="test_auto_scroll_enabled_by_default" time="0.026" /><testcase classname="tests.unit.tui.widgets.test_log_panel.TestLogPanelAutoScroll" name="test_add_log_scrolls_when_auto_scroll_enabled" time="0.097" /><testcase classname="tests.unit.tui.widgets.test_log_panel.TestLogPanelAutoScroll" name="test_add_log_does_not_scroll_when_auto_scroll_disabled" time="0.084" /><testcase classname="tests.unit.tui.widgets.test_log_panel.TestLogPanelClear" name="test_clear_removes_all_logs" time="0.155" /><testcase classname="tests.unit.tui.widgets.test_log_panel.TestLogPanelClear" name="test_clear_on_empty_log" time="0.075" /><testcase classname="tests.unit.tui.widgets.test_log_panel.TestLogPanelClear" name="test_clear_then_add_log" time="0.203" /><testcase classname="tests.unit.tui.widgets.test_log_panel.TestLogPanelBufferLimit" name="test_richlog_max_lines_set_correctly" time="0.022" /><testcase classname="tests.unit.tui.widgets.test_log_panel.TestLogPanelBufferLimit" name="test_buffer_limit_enforced_by_richlog" time="0.106" /><testcase classname="tests.unit.tui.widgets.test_log_panel.TestLogPanelIntegration" name="test_typical_usage_flow" time="0.235" /><testcase classname="tests.unit.tui.widgets.test_log_panel.TestLogPanelIntegration" name="test_state_persistence_across_visibility_changes" time="0.136" /><testcase classname="tests.unit.tui.widgets.test_modal.TestConfirmDialogInitialization" name="test_init_with_defaults" time="0.000" /><testcase classname="tests.unit.tui.widgets.test_modal.TestConfirmDialogInitialization" name="test_init_with_custom_labels" time="0.000" /><testcase classname="tests.unit.tui.widgets.test_modal.TestConfirmDialogActions" name="test_confirm_action_returns_true" time="0.001" /><testcase classname="tests.unit.tui.widgets.test_modal.TestConfirmDialogActions" name="test_cancel_action_returns_false" time="0.001" /><testcase classname="tests.unit.tui.widgets.test_modal.TestConfirmDialogActions" name="test_dismiss_with_true" time="0.001" /><testcase classname="tests.unit.tui.widgets.test_modal.TestConfirmDialogActions" name="test_dismiss_with_false" time="0.001" /><testcase classname="tests.unit.tui.widgets.test_modal.TestConfirmDialogKeyboardNavigation" name="test_y_key_confirms" time="0.001" /><testcase classname="tests.unit.tui.widgets.test_modal.TestConfirmDialogKeyboardNavigation" name="test_n_key_cancels" time="0.001" /><testcase classname="tests.unit.tui.widgets.test_modal.TestConfirmDialogKeyboardNavigation" name="test_escape_key_cancels" time="0.001" /><testcase classname="tests.unit.tui.widgets.test_modal.TestErrorDialogInitialization" name="test_init_with_message_only" time="0.000" /><testcase classname="tests.unit.tui.widgets.test_modal.TestErrorDialogInitialization" name="test_init_with_details" time="0.000" /><testcase classname="tests.unit.tui.widgets.test_modal.TestErrorDialogInitialization" name="test_init_with_retry_action" time="0.000" /><testcase classname="tests.unit.tui.widgets.test_modal.TestErrorDialogActions" name="test_dismiss_action" time="0.001" /><testcase classname="tests.unit.tui.widgets.test_modal.TestErrorDialogActions" name="test_retry_action_when_available" time="0.001" /><testcase classname="tests.unit.tui.widgets.test_modal.TestErrorDialogActions" name="test_retry_action_when_unavailable" time="0.001" /><testcase classname="tests.unit.tui.widgets.test_modal.TestErrorDialogDisplay" name="test_shows_message" time="0.000" /><testcase classname="tests.unit.tui.widgets.test_modal.TestErrorDialogDisplay" name="test_shows_details_when_provided" time="0.000" /><testcase classname="tests.unit.tui.widgets.test_modal.TestErrorDialogDisplay" name="test_no_details_when_none" time="0.000" /><testcase classname="tests.unit.tui.widgets.test_modal.TestInputDialogInitialization" name="test_init_with_defaults" time="0.000" /><testcase classname="tests.unit.tui.widgets.test_modal.TestInputDialogInitialization" name="test_init_with_custom_values" time="0.000" /><testcase classname="tests.unit.tui.widgets.test_modal.TestInputDialogInitialization" name="test_init_with_initial_value" time="0.000" /><testcase classname="tests.unit.tui.widgets.test_modal.TestInputDialogActions" name="test_submit_returns_input_value" time="0.001" /><testcase classname="tests.unit.tui.widgets.test_modal.TestInputDialogActions" name="test_submit_with_empty_input" time="0.001" /><testcase classname="tests.unit.tui.widgets.test_modal.TestInputDialogActions" name="test_cancel_returns_none" time="0.001" /><testcase classname="tests.unit.tui.widgets.test_modal.TestInputDialogActions" name="test_initial_value_preserved" time="0.001" /><testcase classname="tests.unit.tui.widgets.test_modal.TestInputDialogKeyboardNavigation" name="test_enter_key_submits" time="0.001" /><testcase classname="tests.unit.tui.widgets.test_modal.TestInputDialogKeyboardNavigation" name="test_escape_key_cancels" time="0.001" /><testcase classname="tests.unit.tui.widgets.test_modal.TestModalProtocolCompliance" name="test_confirm_dialog_has_required_attributes" time="0.000" /><testcase classname="tests.unit.tui.widgets.test_modal.TestModalProtocolCompliance" name="test_confirm_dialog_has_required_methods" time="0.000" /><testcase classname="tests.unit.tui.widgets.test_modal.TestModalProtocolCompliance" name="test_error_dialog_has_required_attributes" time="0.000" /><testcase classname="tests.unit.tui.widgets.test_modal.TestModalProtocolCompliance" name="test_error_dialog_has_required_methods" time="0.000" /><testcase classname="tests.unit.tui.widgets.test_modal.TestModalProtocolCompliance" name="test_input_dialog_has_required_attributes" time="0.000" /><testcase classname="tests.unit.tui.widgets.test_modal.TestModalProtocolCompliance" name="test_input_dialog_has_required_methods" time="0.000" /><testcase classname="tests.unit.tui.widgets.test_modal.TestModalDialogScenarios" name="test_confirm_dialog_workflow" time="0.001" /><testcase classname="tests.unit.tui.widgets.test_modal.TestModalDialogScenarios" name="test_error_dialog_with_retry_workflow" time="0.001" /><testcase classname="tests.unit.tui.widgets.test_modal.TestModalDialogScenarios" name="test_input_dialog_workflow" time="0.001" /><testcase classname="tests.unit.tui.widgets.test_modal.TestModalDialogScenarios" name="test_input_dialog_cancel_workflow" time="0.001" /><testcase classname="tests.unit.tui.widgets.test_pr_summary" name="test_empty_state_no_pr" time="0.016" /><testcase classname="tests.unit.tui.widgets.test_pr_summary" name="test_empty_state_after_clearing_pr" time="0.094" /><testcase classname="tests.unit.tui.widgets.test_pr_summary" name="test_loading_state" time="0.090" /><testcase classname="tests.unit.tui.widgets.test_pr_summary" name="test_loading_then_pr_data" time="0.090" /><testcase classname="tests.unit.tui.widgets.test_pr_summary" name="test_pr_info_display_open" time="0.145" /><testcase classname="tests.unit.tui.widgets.test_pr_summary" name="test_pr_info_display_merged" time="0.065" /><testcase classname="tests.unit.tui.widgets.test_pr_summary" name="test_pr_info_display_closed" time="0.073" /><testcase classname="tests.unit.tui.widgets.test_pr_summary" name="test_description_preview_short" time="0.075" /><testcase classname="tests.unit.tui.widgets.test_pr_summary" name="test_description_preview_long" time="0.069" /><testcase classname="tests.unit.tui.widgets.test_pr_summary" name="test_expand_description" time="0.096" /><testcase classname="tests.unit.tui.widgets.test_pr_summary" name="test_collapse_description" time="0.121" /><testcase classname="tests.unit.tui.widgets.test_pr_summary" name="test_status_checks_display" time="0.065" /><testcase classname="tests.unit.tui.widgets.test_pr_summary" name="test_status_checks_empty" time="0.074" /><testcase classname="tests.unit.tui.widgets.test_pr_summary" name="test_status_checks_failing" time="0.060" /><testcase classname="tests.unit.tui.widgets.test_pr_summary" name="test_open_pr_in_browser" time="0.091" /><testcase classname="tests.unit.tui.widgets.test_pr_summary" name="test_open_pr_in_browser_no_pr" time="0.063" /><testcase classname="tests.unit.tui.widgets.test_pr_summary" name="test_emit_open_pr_requested" time="0.067" /><testcase classname="tests.unit.tui.widgets.test_pr_summary" name="test_emit_description_expanded" time="0.094" /><testcase classname="tests.unit.tui.widgets.test_pr_summary" name="test_emit_description_collapsed" time="0.124" /><testcase classname="tests.unit.tui.widgets.test_pr_summary" name="test_messages_not_emitted_when_no_pr" time="0.064" /><testcase classname="tests.unit.tui.widgets.test_review_findings.TestReviewFindingsInitialization" name="test_initialization_defaults" time="0.016" /><testcase classname="tests.unit.tui.widgets.test_review_findings.TestReviewFindingsInitialization" name="test_empty_state_message_displayed" time="0.059" /><testcase classname="tests.unit.tui.widgets.test_review_findings.TestUpdateFindings" name="test_update_with_empty_list" time="0.091" /><testcase classname="tests.unit.tui.widgets.test_review_findings.TestUpdateFindings" name="test_update_with_single_finding" time="0.115" /><testcase classname="tests.unit.tui.widgets.test_review_findings.TestUpdateFindings" name="test_update_with_multiple_findings" time="0.147" /><testcase classname="tests.unit.tui.widgets.test_review_findings.TestUpdateFindings" name="test_findings_grouped_by_severity" time="0.159" /><testcase classname="tests.unit.tui.widgets.test_review_findings.TestUpdateFindings" name="test_update_resets_selection_state" time="0.484" /><testcase classname="tests.unit.tui.widgets.test_review_findings.TestFindingSelection" name="test_select_finding_valid_index" time="0.258" /><testcase classname="tests.unit.tui.widgets.test_review_findings.TestFindingSelection" name="test_deselect_finding" time="0.356" /><testcase classname="tests.unit.tui.widgets.test_review_findings.TestFindingSelection" name="test_select_multiple_findings" time="0.354" /><testcase classname="tests.unit.tui.widgets.test_review_findings.TestFindingSelection" name="test_select_all" time="0.259" /><testcase classname="tests.unit.tui.widgets.test_review_findings.TestFindingSelection" name="test_deselect_all" time="0.486" /><testcase classname="tests.unit.tui.widgets.test_review_findings.TestFindingSelection" name="test_select_out_of_range_index" time="0.161" /><testcase classname="tests.unit.tui.widgets.test_review_findings.TestFindingSelection" name="test_selected_findings_property" time="0.254" /><testcase classname="tests.unit.tui.widgets.test_review_findings.TestFindingExpansion" name="test_expand_finding" time="0.263" /><testcase classname="tests.unit.tui.widgets.test_review_findings.TestFindingExpansion" name="test_expand_different_finding_collapses_previous" time="0.494" /><testcase classname="tests.unit.tui.widgets.test_review_findings.TestFindingExpansion" name="test_collapse_finding" time="0.386" /><testcase classname="tests.unit.tui.widgets.test_review_findings.TestFindingExpansion" name="test_expand_out_of_range_index" time="0.168" /><testcase classname="tests.unit.tui.widgets.test_review_findings.TestBulkActions" name="test_bulk_dismiss_with_selections" time="0.389" /><testcase classname="tests.unit.tui.widgets.test_review_findings.TestBulkActions" name="test_bulk_dismiss_with_no_selections" time="0.168" /><testcase classname="tests.unit.tui.widgets.test_review_findings.TestBulkActions" name="test_bulk_create_issue_with_selections" time="0.287" /><testcase classname="tests.unit.tui.widgets.test_review_findings.TestBulkActions" name="test_bulk_create_issue_with_no_selections" time="0.171" /><testcase classname="tests.unit.tui.widgets.test_review_findings.TestFileLocationClick" name="test_file_location_click_emits_message" time="0.161" /><testcase classname="tests.unit.tui.widgets.test_review_findings.TestCodeContext" name="test_show_code_context" time="0.250" /><testcase classname="tests.unit.tui.widgets.test_review_findings.TestCodeContext" name="test_show_code_context_out_of_range" time="0.164" /><testcase classname="tests.unit.tui.widgets.test_review_findings.TestReviewFindingsMessages" name="test_finding_expanded_message" time="0.001" /><testcase classname="tests.unit.tui.widgets.test_review_findings.TestReviewFindingsMessages" name="test_finding_selected_message" time="0.000" /><testcase classname="tests.unit.tui.widgets.test_review_findings.TestReviewFindingsMessages" name="test_bulk_dismiss_requested_message" time="0.000" /><testcase classname="tests.unit.tui.widgets.test_review_findings.TestReviewFindingsMessages" name="test_bulk_create_issue_requested_message" time="0.000" /><testcase classname="tests.unit.tui.widgets.test_review_findings.TestReviewFindingsMessages" name="test_file_location_clicked_message" time="0.000" /><testcase classname="tests.unit.tui.widgets.test_review_findings.TestReviewFindingsIntegration" name="test_typical_usage_flow" time="0.424" /><testcase classname="tests.unit.tui.widgets.test_review_findings.TestReviewFindingsIntegration" name="test_severity_grouping_order" time="0.143" /><testcase classname="tests.unit.tui.widgets.test_review_findings.TestReviewFindingsIntegration" name="test_empty_to_populated_transition" time="0.231" /><testcase classname="tests.unit.tui.widgets.test_review_findings.TestReviewFindingsIntegration" name="test_selection_persistence_across_expansion" time="0.642" /><testcase classname="tests.unit.tui.widgets.test_review_findings.TestBrokenFileLinks" name="test_broken_file_link_has_tooltip" time="0.106" /><testcase classname="tests.unit.tui.widgets.test_review_findings.TestBrokenFileLinks" name="test_broken_file_link_has_css_class" time="0.103" /><testcase classname="tests.unit.tui.widgets.test_review_findings.TestBrokenFileLinks" name="test_valid_file_link_has_no_tooltip" time="0.108" /><testcase classname="tests.unit.tui.widgets.test_review_findings.TestBrokenFileLinks" name="test_valid_file_link_has_no_broken_class" time="0.104" /><testcase classname="tests.unit.tui.widgets.test_review_findings.TestBrokenFileLinks" name="test_clicking_broken_link_shows_toast" time="0.353" /><testcase classname="tests.unit.tui.widgets.test_review_findings.TestBrokenFileLinks" name="test_clicking_broken_link_does_not_emit_file_location_clicked" time="0.235" /><testcase classname="tests.unit.tui.widgets.test_review_findings.TestBrokenFileLinks" name="test_clicking_valid_link_emits_file_location_clicked" time="0.242" /><testcase classname="tests.unit.tui.widgets.test_review_findings.TestBrokenFileLinks" name="test_mixed_valid_and_broken_links" time="0.125" /><testcase classname="tests.unit.tui.widgets.test_settings.TestSettingField" name="test_string_field_initialization" time="0.025" /><testcase classname="tests.unit.tui.widgets.test_settings.TestSettingField" name="test_bool_field_uses_switch" time="0.022" /><testcase classname="tests.unit.tui.widgets.test_settings.TestSettingField" name="test_int_field_validation" time="0.124" /><testcase classname="tests.unit.tui.widgets.test_settings.TestSettingField" name="test_field_modification_tracking" time="0.122" /><testcase classname="tests.unit.tui.widgets.test_settings.TestSettingField" name="test_field_reset" time="0.078" /><testcase classname="tests.unit.tui.widgets.test_settings.TestSettingField" name="test_field_changed_message" time="0.131" /><testcase classname="tests.unit.tui.widgets.test_settings.TestSettingsSection" name="test_section_initialization" time="0.018" /><testcase classname="tests.unit.tui.widgets.test_settings.TestSettingsSection" name="test_section_toggle_expansion" time="0.098" /><testcase classname="tests.unit.tui.widgets.test_settings.TestSettingsSection" name="test_section_contains_fields" time="0.102" /><testcase classname="tests.unit.tui.widgets.test_settings.TestSettingsSection" name="test_section_expansion_icon" time="0.066" /><testcase classname="tests.unit.tui.widgets.test_settings.TestSettingsWidgetsIntegration" name="test_section_with_multiple_fields" time="0.101" /><testcase classname="tests.unit.tui.widgets.test_settings.TestSettingsWidgetsIntegration" name="test_field_type_rendering" time="0.038" /><testcase classname="tests.unit.tui.widgets.test_sidebar.TestSidebarInitialization" name="test_initialization_defaults" time="0.026" /><testcase classname="tests.unit.tui.widgets.test_sidebar.TestSidebarInitialization" name="test_compose_creates_navigation_items" time="0.026" /><testcase classname="tests.unit.tui.widgets.test_sidebar.TestSidebarNavigationMode" name="test_set_navigation_mode_updates_mode" time="0.031" /><testcase classname="tests.unit.tui.widgets.test_sidebar.TestSidebarNavigationMode" name="test_set_navigation_mode_rebuilds_content" time="0.107" /><testcase classname="tests.unit.tui.widgets.test_sidebar.TestSidebarNavigationMode" name="test_set_navigation_mode_clears_stages" time="0.112" /><testcase classname="tests.unit.tui.widgets.test_sidebar.TestSidebarWorkflowMode" name="test_set_workflow_mode_updates_mode" time="0.034" /><testcase classname="tests.unit.tui.widgets.test_sidebar.TestSidebarWorkflowMode" name="test_set_workflow_mode_creates_stage_indicators" time="0.198" /><testcase classname="tests.unit.tui.widgets.test_sidebar.TestSidebarWorkflowMode" name="test_set_workflow_mode_with_display_names" time="0.034" /><testcase classname="tests.unit.tui.widgets.test_sidebar.TestSidebarWorkflowMode" name="test_set_workflow_mode_with_empty_stages" time="0.103" /><testcase classname="tests.unit.tui.widgets.test_sidebar.TestSidebarStageStatusUpdate" name="test_update_stage_status_updates_indicator" time="0.035" /><testcase classname="tests.unit.tui.widgets.test_sidebar.TestSidebarStageStatusUpdate" name="test_update_stage_status_persists_in_stages_list" time="0.032" /><testcase classname="tests.unit.tui.widgets.test_sidebar.TestSidebarStageStatusUpdate" name="test_update_stage_status_with_nonexistent_stage" time="0.030" /><testcase classname="tests.unit.tui.widgets.test_sidebar.TestSidebarStageStatusUpdate" name="test_update_stage_status_in_navigation_mode" time="0.028" /><testcase classname="tests.unit.tui.widgets.test_sidebar.TestSidebarStageStatusUpdate" name="test_update_stage_status_multiple_stages" time="0.033" /><testcase classname="tests.unit.tui.widgets.test_sidebar.TestSidebarStageStatusUpdate" name="test_update_stage_status_with_display_name" time="0.031" /><testcase classname="tests.unit.tui.widgets.test_sidebar.TestSidebarModeSwitching" name="test_switching_from_workflow_to_navigation_and_back" time="0.268" /><testcase classname="tests.unit.tui.widgets.test_sidebar.TestSidebarModeSwitching" name="test_updating_stages_persists_after_mode_switch" time="0.173" /><testcase classname="tests.unit.tui.widgets.test_stage_indicator.TestStageIndicatorInitialization" name="test_initialization_with_required_parameters" time="0.012" /><testcase classname="tests.unit.tui.widgets.test_stage_indicator.TestStageIndicatorInitialization" name="test_initialization_with_custom_id" time="0.012" /><testcase classname="tests.unit.tui.widgets.test_stage_indicator.TestStageIndicatorInitialization" name="test_initialization_default_status" time="0.014" /><testcase classname="tests.unit.tui.widgets.test_stage_indicator.TestStageIndicatorInitialization" name="test_icons_constant" time="0.001" /><testcase classname="tests.unit.tui.widgets.test_stage_indicator.TestStageIndicatorRender" name="test_render_pending_status" time="0.020" /><testcase classname="tests.unit.tui.widgets.test_stage_indicator.TestStageIndicatorRender" name="test_render_active_status" time="0.014" /><testcase classname="tests.unit.tui.widgets.test_stage_indicator.TestStageIndicatorRender" name="test_render_completed_status" time="0.014" /><testcase classname="tests.unit.tui.widgets.test_stage_indicator.TestStageIndicatorRender" name="test_render_failed_status" time="0.014" /><testcase classname="tests.unit.tui.widgets.test_stage_indicator.TestStageIndicatorRender" name="test_render_unknown_status" time="0.014" /><testcase classname="tests.unit.tui.widgets.test_stage_indicator.TestStageIndicatorStatusReactive" name="test_status_change_updates_render" time="0.067" /><testcase classname="tests.unit.tui.widgets.test_stage_indicator.TestStageIndicatorStatusReactive" name="test_status_change_updates_css_classes" time="0.059" /><testcase classname="tests.unit.tui.widgets.test_stage_indicator.TestStageIndicatorStatusReactive" name="test_watch_status_removes_old_class" time="0.086" /><testcase classname="tests.unit.tui.widgets.test_stage_indicator.TestStageIndicatorStatusReactive" name="test_watch_status_adds_new_class" time="0.056" /><testcase classname="tests.unit.tui.widgets.test_stage_indicator.TestStageIndicatorStatusReactive" name="test_status_changes_through_all_states" time="0.148" /><testcase classname="tests.unit.tui.widgets.test_stage_indicator.TestStageIndicatorNameReactive" name="test_name_change_updates_render" time="0.065" /><testcase classname="tests.unit.tui.widgets.test_stage_indicator.TestStageIndicatorNameReactive" name="test_name_and_status_change_together" time="0.067" /><testcase classname="tests.unit.tui.widgets.test_stage_indicator.TestStageIndicatorIntegration" name="test_typical_workflow_progression" time="0.144" /><testcase classname="tests.unit.tui.widgets.test_stage_indicator.TestStageIndicatorIntegration" name="test_stage_with_display_name" time="0.066" /><testcase classname="tests.unit.tui.widgets.test_stage_indicator.TestStageIndicatorIntegration" name="test_multiple_status_updates" time="0.214" /><testcase classname="tests.unit.tui.widgets.test_stage_indicator.TestStageIndicatorEdgeCases" name="test_empty_name" time="0.012" /><testcase classname="tests.unit.tui.widgets.test_stage_indicator.TestStageIndicatorEdgeCases" name="test_long_name" time="0.011" /><testcase classname="tests.unit.tui.widgets.test_stage_indicator.TestStageIndicatorEdgeCases" name="test_special_characters_in_name" time="0.012" /><testcase classname="tests.unit.tui.widgets.test_stage_indicator.TestStageIndicatorEdgeCases" name="test_same_status_assignment" time="0.105" /><testcase classname="tests.unit.tui.widgets.test_validation_status.TestValidationStatusInitialization" name="test_initialization_default_empty" time="0.020" /><testcase classname="tests.unit.tui.widgets.test_validation_status.TestValidationStatusInitialization" name="test_initialization_with_custom_id" time="0.019" /><testcase classname="tests.unit.tui.widgets.test_validation_status.TestValidationStatusUpdateSteps" name="test_update_steps_with_multiple_steps" time="0.152" /><testcase classname="tests.unit.tui.widgets.test_validation_status.TestValidationStatusUpdateSteps" name="test_update_steps_clears_previous_steps" time="0.197" /><testcase classname="tests.unit.tui.widgets.test_validation_status.TestValidationStatusUpdateSteps" name="test_update_steps_with_empty_list" time="0.245" /><testcase classname="tests.unit.tui.widgets.test_validation_status.TestValidationStatusUpdateStepStatus" name="test_update_step_status_to_running" time="0.147" /><testcase classname="tests.unit.tui.widgets.test_validation_status.TestValidationStatusUpdateStepStatus" name="test_update_step_status_to_passed" time="0.177" /><testcase classname="tests.unit.tui.widgets.test_validation_status.TestValidationStatusUpdateStepStatus" name="test_update_step_status_to_failed_with_error" time="0.168" /><testcase classname="tests.unit.tui.widgets.test_validation_status.TestValidationStatusUpdateStepStatus" name="test_update_step_status_nonexistent_step" time="0.122" /><testcase classname="tests.unit.tui.widgets.test_validation_status.TestValidationStatusUpdateStepStatus" name="test_all_passed_property" time="0.182" /><testcase classname="tests.unit.tui.widgets.test_validation_status.TestValidationStatusExpandCollapse" name="test_expand_failed_step" time="0.187" /><testcase classname="tests.unit.tui.widgets.test_validation_status.TestValidationStatusExpandCollapse" name="test_collapse_step" time="0.249" /><testcase classname="tests.unit.tui.widgets.test_validation_status.TestValidationStatusExpandCollapse" name="test_expand_different_step_collapses_previous" time="0.306" /><testcase classname="tests.unit.tui.widgets.test_validation_status.TestValidationStatusRerunButton" name="test_set_rerun_enabled_true" time="0.146" /><testcase classname="tests.unit.tui.widgets.test_validation_status.TestValidationStatusRerunButton" name="test_set_rerun_enabled_false" time="0.150" /><testcase classname="tests.unit.tui.widgets.test_validation_status.TestValidationStatusMessages" name="test_expand_step_emits_message" time="0.169" /><testcase classname="tests.unit.tui.widgets.test_validation_status.TestValidationStatusMessages" name="test_collapse_step_emits_message" time="0.348" /><testcase classname="tests.unit.tui.widgets.test_validation_status.TestValidationStatusLoadingState" name="test_loading_state_shows_spinner" time="0.098" /><testcase classname="tests.unit.tui.widgets.test_validation_status.TestValidationStatusLoadingState" name="test_is_empty_false_when_loading" time="0.099" /><testcase classname="tests.unit.tui.widgets.test_validation_status.TestValidationStatusEmptyState" name="test_empty_state_shows_message" time="0.021" /><testcase classname="tests.unit.tui.widgets.test_validation_status.TestValidationStatusIcons" name="test_icons_constant" time="0.000" /><testcase classname="tests.unit.tui.widgets.test_validation_status.TestValidationStatusIntegration" name="test_typical_validation_flow" time="0.848" /><testcase classname="tests.unit.tui.widgets.test_validation_status.TestValidationStatusIntegration" name="test_horizontal_layout_with_multiple_steps" time="0.109" /><testcase classname="tests.unit.tui.widgets.test_validation_status.TestValidationStatusEdgeCases" name="test_expand_nonexistent_step" time="0.126" /><testcase classname="tests.unit.tui.widgets.test_validation_status.TestValidationStatusEdgeCases" name="test_collapse_when_nothing_expanded" time="0.066" /><testcase classname="tests.unit.tui.widgets.test_validation_status.TestValidationStatusEdgeCases" name="test_multiple_running_steps" time="0.095" /><testcase classname="tests.unit.tui.widgets.test_validation_status.TestValidationStatusEdgeCases" name="test_very_long_error_output" time="0.405" /><testcase classname="tests.unit.tui.widgets.test_workflow_list.TestWorkflowListInitialization" name="test_initialization_defaults" time="0.021" /><testcase classname="tests.unit.tui.widgets.test_workflow_list.TestWorkflowListInitialization" name="test_compose_creates_empty_message" time="0.019" /><testcase classname="tests.unit.tui.widgets.test_workflow_list.TestWorkflowListSetWorkflows" name="test_set_workflows_with_empty_list" time="0.098" /><testcase classname="tests.unit.tui.widgets.test_workflow_list.TestWorkflowListSetWorkflows" name="test_set_workflows_with_single_workflow" time="0.024" /><testcase classname="tests.unit.tui.widgets.test_workflow_list.TestWorkflowListSetWorkflows" name="test_set_workflows_with_multiple_workflows" time="0.023" /><testcase classname="tests.unit.tui.widgets.test_workflow_list.TestWorkflowListSetWorkflows" name="test_set_workflows_limits_to_10" time="0.027" /><testcase classname="tests.unit.tui.widgets.test_workflow_list.TestWorkflowListSetWorkflows" name="test_set_workflows_resets_selected_index" time="0.181" /><testcase classname="tests.unit.tui.widgets.test_workflow_list.TestWorkflowListSetWorkflows" name="test_set_workflows_with_pr_url" time="0.021" /><testcase classname="tests.unit.tui.widgets.test_workflow_list.TestWorkflowListSelection" name="test_select_valid_index" time="0.124" /><testcase classname="tests.unit.tui.widgets.test_workflow_list.TestWorkflowListSelection" name="test_select_out_of_range_index" time="0.021" /><testcase classname="tests.unit.tui.widgets.test_workflow_list.TestWorkflowListSelection" name="test_select_negative_index" time="0.020" /><testcase classname="tests.unit.tui.widgets.test_workflow_list.TestWorkflowListSelection" name="test_watch_selected_index_updates_selection" time="0.102" /><testcase classname="tests.unit.tui.widgets.test_workflow_list.TestWorkflowSelectedMessage" name="test_message_initialization" time="0.001" /><testcase classname="tests.unit.tui.widgets.test_workflow_list.TestWorkflowSelectedMessage" name="test_message_posted_on_select" time="0.121" /><testcase classname="tests.unit.tui.widgets.test_workflow_list.TestWorkflowListStatusDisplay" name="test_get_status_display_completed" time="0.020" /><testcase classname="tests.unit.tui.widgets.test_workflow_list.TestWorkflowListStatusDisplay" name="test_get_status_display_failed" time="0.021" /><testcase classname="tests.unit.tui.widgets.test_workflow_list.TestWorkflowListStatusDisplay" name="test_get_status_display_in_progress" time="0.020" /><testcase classname="tests.unit.tui.widgets.test_workflow_list.TestWorkflowListStatusDisplay" name="test_get_status_display_unknown" time="0.020" /><testcase classname="tests.unit.tui.widgets.test_workflow_list.TestWorkflowListActions" name="test_action_select_next" time="0.024" /><testcase classname="tests.unit.tui.widgets.test_workflow_list.TestWorkflowListActions" name="test_action_select_next_at_end" time="0.023" /><testcase classname="tests.unit.tui.widgets.test_workflow_list.TestWorkflowListActions" name="test_action_select_previous" time="0.024" /><testcase classname="tests.unit.tui.widgets.test_workflow_list.TestWorkflowListActions" name="test_action_select_previous_at_start" time="0.022" /><testcase classname="tests.unit.tui.widgets.test_workflow_list.TestWorkflowListActions" name="test_action_confirm_selection" time="0.121" /><testcase classname="tests.unit.tui.widgets.test_workflow_list.TestWorkflowListActions" name="test_actions_with_empty_workflows" time="0.116" /><testcase classname="tests.unit.tui.widgets.test_workflow_list.TestWorkflowListIntegration" name="test_typical_usage_flow" time="0.126" /><testcase classname="tests.unit.tui.widgets.test_workflow_list.TestWorkflowListIntegration" name="test_workflow_display_formats" time="0.020" /><testcase classname="tests.unit.tui.widgets.test_workflow_list.TestWorkflowListIntegration" name="test_updating_workflows_multiple_times" time="0.236" /><testcase classname="tests.unit.tui.widgets.test_workflow_progress.TestWorkflowProgressInitialization" name="test_initialization_creates_empty_widget" time="0.024" /><testcase classname="tests.unit.tui.widgets.test_workflow_progress.TestWorkflowProgressInitialization" name="test_initialization_with_custom_id" time="0.022" /><testcase classname="tests.unit.tui.widgets.test_workflow_progress.TestWorkflowProgressRendering" name="test_render_empty_state" time="0.071" /><testcase classname="tests.unit.tui.widgets.test_workflow_progress.TestWorkflowProgressRendering" name="test_render_loading_state" time="0.106" /><testcase classname="tests.unit.tui.widgets.test_workflow_progress.TestWorkflowProgressRendering" name="test_render_stages_with_status_icons" time="0.131" /><testcase classname="tests.unit.tui.widgets.test_workflow_progress.TestWorkflowProgressRendering" name="test_render_completed_stage_with_duration" time="0.249" /><testcase classname="tests.unit.tui.widgets.test_workflow_progress.TestWorkflowProgressRendering" name="test_render_failed_stage_with_error_icon" time="0.103" /><testcase classname="tests.unit.tui.widgets.test_workflow_progress.TestWorkflowProgressUpdateMethods" name="test_update_stages_replaces_all_stages" time="0.248" /><testcase classname="tests.unit.tui.widgets.test_workflow_progress.TestWorkflowProgressUpdateMethods" name="test_update_stage_status_changes_single_stage" time="0.221" /><testcase classname="tests.unit.tui.widgets.test_workflow_progress.TestWorkflowProgressUpdateMethods" name="test_update_stage_status_with_error_message" time="0.212" /><testcase classname="tests.unit.tui.widgets.test_workflow_progress.TestWorkflowProgressUpdateMethods" name="test_update_nonexistent_stage_does_nothing" time="0.158" /><testcase classname="tests.unit.tui.widgets.test_workflow_progress.TestWorkflowProgressExpansion" name="test_expand_stage_sets_expanded_state" time="0.241" /><testcase classname="tests.unit.tui.widgets.test_workflow_progress.TestWorkflowProgressExpansion" name="test_expand_stage_emits_message" time="0.245" /><testcase classname="tests.unit.tui.widgets.test_workflow_progress.TestWorkflowProgressExpansion" name="test_collapse_stage_clears_expanded_state" time="0.307" /><testcase classname="tests.unit.tui.widgets.test_workflow_progress.TestWorkflowProgressExpansion" name="test_collapse_stage_emits_message" time="0.255" /><testcase classname="tests.unit.tui.widgets.test_workflow_progress.TestWorkflowProgressExpansion" name="test_expand_different_stage_collapses_previous" time="0.464" /><testcase classname="tests.unit.tui.widgets.test_workflow_progress.TestWorkflowProgressLoadingState" name="test_set_loading_true_shows_loading_state" time="0.099" /><testcase classname="tests.unit.tui.widgets.test_workflow_progress.TestWorkflowProgressLoadingState" name="test_set_loading_false_clears_loading_state" time="0.185" /><testcase classname="tests.unit.tui.widgets.test_workflow_progress.TestWorkflowProgressLoadingState" name="test_loading_state_with_stages_shows_stages" time="0.070" /><testcase classname="tests.unit.tui.widgets.test_workflow_progress.TestWorkflowProgressCurrentStage" name="test_current_stage_returns_active_stage" time="0.127" /><testcase classname="tests.unit.tui.widgets.test_workflow_progress.TestWorkflowProgressCurrentStage" name="test_current_stage_returns_none_when_all_pending" time="0.100" /><testcase classname="tests.unit.tui.widgets.test_workflow_progress.TestWorkflowProgressCurrentStage" name="test_current_stage_returns_none_when_empty" time="0.022" /><testcase classname="tests.unit.tui.widgets.test_workflow_progress.TestWorkflowProgressDurationDisplay" name="test_duration_display_seconds_only" time="0.096" /><testcase classname="tests.unit.tui.widgets.test_workflow_progress.TestWorkflowProgressDurationDisplay" name="test_duration_display_minutes_and_seconds" time="0.105" /><testcase classname="tests.unit.tui.widgets.test_workflow_progress.TestWorkflowProgressDurationDisplay" name="test_duration_display_empty_for_incomplete_stage" time="0.134" /><testcase classname="tests.unit.tui.widgets.test_workflow_progress.TestWorkflowProgressProtocolCompliance" name="test_implements_update_stages_method" time="0.025" /><testcase classname="tests.unit.tui.widgets.test_workflow_progress.TestWorkflowProgressProtocolCompliance" name="test_implements_update_stage_status_method" time="0.024" /><testcase classname="tests.unit.tui.widgets.test_workflow_progress.TestWorkflowProgressProtocolCompliance" name="test_implements_expand_stage_method" time="0.023" /><testcase classname="tests.unit.tui.widgets.test_workflow_progress.TestWorkflowProgressProtocolCompliance" name="test_implements_collapse_stage_method" time="0.023" /><testcase classname="tests.unit.tui.widgets.test_workflow_progress.TestWorkflowProgressProtocolCompliance" name="test_messages_have_correct_attributes" time="0.001" /><testcase classname="tests.unit.utils.test_context.TestEstimateTokens" name="test_empty_string" time="0.001" /><testcase classname="tests.unit.utils.test_context.TestEstimateTokens" name="test_short_string" time="0.000" /><testcase classname="tests.unit.utils.test_context.TestEstimateTokens" name="test_typical_code" time="0.000" /><testcase classname="tests.unit.utils.test_context.TestEstimateTokens" name="test_large_content" time="0.000" /><testcase classname="tests.unit.utils.test_context.TestReadFileSafely" name="test_read_file_safely_with_permission_error" time="0.001" /><testcase classname="tests.unit.utils.test_context.TestReadFileSafely" name="test_read_file_safely_os_error_on_binary_check" time="0.001" /><testcase classname="tests.unit.utils.test_context.TestReadConventions" name="test_read_conventions_no_claude_md_found" time="0.001" /><testcase classname="tests.unit.utils.test_context.TestTruncateLine" name="test_short_line_unchanged" time="0.000" /><testcase classname="tests.unit.utils.test_context.TestTruncateLine" name="test_exact_limit_unchanged" time="0.000" /><testcase classname="tests.unit.utils.test_context.TestTruncateLine" name="test_long_line_truncated" time="0.000" /><testcase classname="tests.unit.utils.test_context.TestTruncateLine" name="test_custom_max_chars" time="0.000" /><testcase classname="tests.unit.utils.test_context.TestDetectSecrets" name="test_no_secrets" time="0.000" /><testcase classname="tests.unit.utils.test_context.TestDetectSecrets" name="test_api_key_pattern" time="0.000" /><testcase classname="tests.unit.utils.test_context.TestDetectSecrets" name="test_aws_key_pattern" time="0.000" /><testcase classname="tests.unit.utils.test_context.TestDetectSecrets" name="test_private_key_pattern" time="0.000" /><testcase classname="tests.unit.utils.test_context.TestDetectSecrets" name="test_password_pattern" time="0.000" /><testcase classname="tests.unit.utils.test_context.TestDetectSecrets" name="test_multiple_secrets_different_lines" time="0.000" /><testcase classname="tests.unit.utils.test_context.TestTruncateFile" name="test_small_file_unchanged" time="0.000" /><testcase classname="tests.unit.utils.test_context.TestTruncateFile" name="test_large_file_truncated" time="0.000" /><testcase classname="tests.unit.utils.test_context.TestTruncateFile" name="test_around_lines_preserved" time="0.000" /><testcase classname="tests.unit.utils.test_context.TestTruncateFile" name="test_multiple_around_lines" time="0.000" /><testcase classname="tests.unit.utils.test_context.TestTruncateFile" name="test_overlapping_windows_merged" time="0.000" /><testcase classname="tests.unit.utils.test_context.TestTruncateFile" name="test_custom_context_lines" time="0.000" /><testcase classname="tests.unit.utils.test_context.TestTruncateFile" name="test_truncate_file_severe_budget_constraint" time="0.000" /><testcase classname="tests.unit.utils.test_context.TestTruncateFile" name="test_truncate_file_window_scaling" time="0.000" /><testcase classname="tests.unit.utils.test_context.TestExtractFilePaths" name="test_no_paths" time="0.004" /><testcase classname="tests.unit.utils.test_context.TestExtractFilePaths" name="test_single_path" time="0.000" /><testcase classname="tests.unit.utils.test_context.TestExtractFilePaths" name="test_multiple_paths" time="0.000" /><testcase classname="tests.unit.utils.test_context.TestExtractFilePaths" name="test_relative_path_with_dot" time="0.000" /><testcase classname="tests.unit.utils.test_context.TestExtractFilePaths" name="test_various_extensions" time="0.000" /><testcase classname="tests.unit.utils.test_context.TestExtractFilePaths" name="test_excludes_urls" time="0.000" /><testcase classname="tests.unit.utils.test_context.TestExtractFilePaths" name="test_deduplication" time="0.000" /><testcase classname="tests.unit.utils.test_context.TestBuildImplementationContext" name="test_happy_path" time="0.002" /><testcase classname="tests.unit.utils.test_context.TestBuildImplementationContext" name="test_missing_task_file" time="0.004" /><testcase classname="tests.unit.utils.test_context.TestBuildImplementationContext" name="test_large_conventions_truncation" time="0.086" /><testcase classname="tests.unit.utils.test_context.TestBuildImplementationContext" name="test_secret_detection_logging" time="0.005" /><testcase classname="tests.unit.utils.test_context.TestBuildImplementationContext" name="test_git_error_handling" time="0.004" /><testcase classname="tests.unit.utils.test_context.TestBuildImplementationContext" name="test_build_implementation_context_task_file_truncation" time="0.082" /><testcase classname="tests.unit.utils.test_context.TestBuildReviewContext" name="test_happy_path" time="0.003" /><testcase classname="tests.unit.utils.test_context.TestBuildReviewContext" name="test_large_files_truncated" time="0.004" /><testcase classname="tests.unit.utils.test_context.TestBuildReviewContext" name="test_no_changes_empty_diff" time="0.003" /><testcase classname="tests.unit.utils.test_context.TestBuildReviewContext" name="test_binary_files_skipped" time="0.003" /><testcase classname="tests.unit.utils.test_context.TestBuildReviewContext" name="test_build_review_context_git_errors" time="0.004" /><testcase classname="tests.unit.utils.test_context.TestBuildFixContext" name="test_happy_path" time="0.001" /><testcase classname="tests.unit.utils.test_context.TestBuildFixContext" name="test_context_around_errors" time="0.001" /><testcase classname="tests.unit.utils.test_context.TestBuildFixContext" name="test_no_errors_empty_section" time="0.001" /><testcase classname="tests.unit.utils.test_context.TestBuildFixContext" name="test_overlapping_error_regions_merged" time="0.001" /><testcase classname="tests.unit.utils.test_context.TestBuildFixContext" name="test_build_fix_context_read_errors" time="0.001" /><testcase classname="tests.unit.utils.test_context.TestBuildIssueContext" name="test_happy_path" time="0.002" /><testcase classname="tests.unit.utils.test_context.TestBuildIssueContext" name="test_file_path_extraction" time="0.002" /><testcase classname="tests.unit.utils.test_context.TestBuildIssueContext" name="test_nonexistent_files_handled" time="0.001" /><testcase classname="tests.unit.utils.test_context.TestBuildIssueContext" name="test_no_file_references" time="0.001" /><testcase classname="tests.unit.utils.test_context.TestBuildIssueContext" name="test_build_issue_context_git_errors" time="0.002" /><testcase classname="tests.unit.utils.test_context.TestFitToBudget" name="test_under_budget_unchanged" time="0.000" /><testcase classname="tests.unit.utils.test_context.TestFitToBudget" name="test_over_budget_truncated" time="0.000" /><testcase classname="tests.unit.utils.test_context.TestFitToBudget" name="test_within_budget_tolerance" time="0.000" /><testcase classname="tests.unit.utils.test_context.TestFitToBudget" name="test_minimum_section_tokens" time="0.000" /><testcase classname="tests.unit.utils.test_context.TestFitToBudget" name="test_empty_sections" time="0.000" /><testcase classname="tests.unit.utils.test_context.TestFitToBudget" name="test_single_section" time="0.000" /><testcase classname="tests.unit.utils.test_context.TestIntegration" name="test_full_workflow" time="0.002" /><testcase classname="tests.unit.utils.test_context.TestIntegration" name="test_fit_to_budget_with_context" time="0.001" /><testcase classname="tests.unit.utils.test_git.TestHasUncommittedChanges" name="test_returns_false_when_no_changes" time="0.001" /><testcase classname="tests.unit.utils.test_git.TestHasUncommittedChanges" name="test_returns_true_when_changes_exist" time="0.001" /><testcase classname="tests.unit.utils.test_git.TestStashChanges" name="test_stash_changes_returns_false_when_nothing_to_stash" time="0.001" /><testcase classname="tests.unit.utils.test_git.TestStashChanges" name="test_stash_changes_returns_true_when_stashed" time="0.001" /><testcase classname="tests.unit.utils.test_git.TestStashChanges" name="test_stash_changes_uses_custom_message" time="0.001" /><testcase classname="tests.unit.utils.test_git.TestStashChanges" name="test_stash_changes_raises_git_error_on_failure" time="0.002" /><testcase classname="tests.unit.utils.test_git.TestUnstashChanges" name="test_unstash_changes_returns_false_when_no_stash_found" time="0.002" /><testcase classname="tests.unit.utils.test_git.TestUnstashChanges" name="test_unstash_changes_returns_true_when_restored" time="0.001" /><testcase classname="tests.unit.utils.test_git.TestUnstashChanges" name="test_unstash_changes_matches_custom_message" time="0.001" /><testcase classname="tests.unit.utils.test_git.TestStageFiles" name="test_stage_single_file" time="0.001" /><testcase classname="tests.unit.utils.test_git.TestStageFiles" name="test_stage_multiple_files" time="0.001" /><testcase classname="tests.unit.utils.test_git.TestStageFiles" name="test_stage_all_changes" time="0.001" /><testcase classname="tests.unit.utils.test_git.TestStageFiles" name="test_stage_files_raises_git_error_on_failure" time="0.001" /><testcase classname="tests.unit.utils.test_git.TestCreateCommit" name="test_create_commit_success" time="0.002" /><testcase classname="tests.unit.utils.test_git.TestCreateCommit" name="test_create_commit_raises_git_error_on_failure" time="0.001" /><testcase classname="tests.unit.utils.test_git.TestCreateCommit" name="test_create_commit_recovery_on_precommit_hook_failure" time="0.003" /><testcase classname="tests.unit.utils.test_git.TestGetHeadSha" name="test_get_head_sha_returns_sha" time="0.001" /><testcase classname="tests.unit.utils.test_git.TestGetHeadSha" name="test_get_head_sha_delegates_to_runner" time="0.001" /><testcase classname="tests.unit.utils.test_git.TestGetCurrentBranch" name="test_get_current_branch_returns_branch_name" time="0.001" /><testcase classname="tests.unit.utils.test_git.TestGetCurrentBranch" name="test_get_current_branch_handles_feature_branches" time="0.001" /><testcase classname="tests.unit.utils.test_git.TestGetCurrentBranch" name="test_get_current_branch_handles_detached_head" time="0.001" /><testcase classname="tests.unit.utils.test_git.TestGitErrorHandling" name="test_git_error_is_recoverable_when_dirty" time="0.001" /><testcase classname="tests.unit.utils.test_git.TestGitErrorHandling" name="test_git_error_is_not_recoverable_for_other_errors" time="0.001" /><testcase classname="tests.unit.utils.test_git_operations.TestGitStatus" name="test_gitstatus_is_frozen" time="0.000" /><testcase classname="tests.unit.utils.test_git_operations.TestGitStatus" name="test_gitstatus_has_slots" time="0.000" /><testcase classname="tests.unit.utils.test_git_operations.TestCommitInfo" name="test_commitinfo_is_frozen" time="0.000" /><testcase classname="tests.unit.utils.test_git_operations.TestCommitInfo" name="test_commitinfo_has_slots" time="0.000" /><testcase classname="tests.unit.utils.test_git_operations.TestDiffStats" name="test_diffstats_is_frozen" time="0.000" /><testcase classname="tests.unit.utils.test_git_operations.TestDiffStats" name="test_diffstats_has_slots" time="0.000" /><testcase classname="tests.unit.utils.test_git_operations.TestCurrentBranch" name="test_current_branch_returns_branch_name" time="0.012" /><testcase classname="tests.unit.utils.test_git_operations.TestCurrentBranch" name="test_current_branch_returns_sha_for_detached_head" time="0.012" /><testcase classname="tests.unit.utils.test_git_operations.TestStatus" name="test_status_returns_gitstatus_with_files" time="0.013" /><testcase classname="tests.unit.utils.test_git_operations.TestStatus" name="test_status_returns_ahead_behind_counts" time="0.051" /><testcase classname="tests.unit.utils.test_git_operations.TestLog" name="test_log_returns_commitinfo_list" time="0.020" /><testcase classname="tests.unit.utils.test_git_operations.TestNotARepositoryError" name="test_not_a_repository_error_raised" time="0.003" /><testcase classname="tests.unit.utils.test_git_operations.TestCreateBranch" name="test_create_branch_with_checkout_true" time="0.011" /><testcase classname="tests.unit.utils.test_git_operations.TestCreateBranch" name="test_create_branch_with_checkout_false" time="0.015" /><testcase classname="tests.unit.utils.test_git_operations.TestCreateBranch" name="test_create_branch_raises_branch_exists_error" time="0.010" /><testcase classname="tests.unit.utils.test_git_operations.TestCheckout" name="test_checkout_switches_to_existing_branch" time="0.012" /><testcase classname="tests.unit.utils.test_git_operations.TestCheckout" name="test_checkout_raises_conflict_error_with_uncommitted_changes" time="0.015" /><testcase classname="tests.unit.utils.test_git_operations.TestCommit" name="test_commit_with_add_all_stages_and_commits" time="0.033" /><testcase classname="tests.unit.utils.test_git_operations.TestCommit" name="test_commit_without_add_all_commits_only_staged" time="0.025" /><testcase classname="tests.unit.utils.test_git_operations.TestCommit" name="test_commit_returns_commit_hash" time="0.017" /><testcase classname="tests.unit.utils.test_git_operations.TestCommit" name="test_commit_raises_nothing_to_commit_error" time="0.015" /><testcase classname="tests.unit.utils.test_git_operations.TestPush" name="test_push_with_set_upstream" time="0.036" /><testcase classname="tests.unit.utils.test_git_operations.TestPush" name="test_push_raises_rejected_error" time="0.055" /><testcase classname="tests.unit.utils.test_git_operations.TestDiff" name="test_diff_returns_full_diff_string" time="0.011" /><testcase classname="tests.unit.utils.test_git_operations.TestDiff" name="test_diff_returns_empty_string_when_no_changes" time="0.010" /><testcase classname="tests.unit.utils.test_git_operations.TestDiffStatsMethod" name="test_diff_stats_returns_correct_counts" time="0.009" /><testcase classname="tests.unit.utils.test_git_operations.TestDiffStatsMethod" name="test_diff_stats_returns_zero_when_no_changes" time="0.010" /><testcase classname="tests.unit.utils.test_git_operations.TestPull" name="test_pull_fast_forwards_with_new_commits" time="0.057" /><testcase classname="tests.unit.utils.test_git_operations.TestPull" name="test_pull_raises_merge_conflict_error" time="0.065" /><testcase classname="tests.unit.utils.test_git_operations.TestPull" name="test_pull_raises_error_for_nonexistent_remote_branch" time="0.021" /><testcase classname="tests.unit.utils.test_git_operations.TestStash" name="test_stash_with_message_saves_and_cleans" time="0.040" /><testcase classname="tests.unit.utils.test_git_operations.TestStash" name="test_stash_without_message_uses_default" time="0.044" /><testcase classname="tests.unit.utils.test_git_operations.TestStashPop" name="test_stash_pop_restores_most_recent" time="0.021" /><testcase classname="tests.unit.utils.test_git_operations.TestStashPop" name="test_stash_pop_raises_no_stash_error" time="0.012" /><testcase classname="tests.unit.utils.test_git_operations.TestGitNotFound" name="test_git_not_found_error_raised" time="0.009" /><testcase classname="tests.unit.utils.test_git_operations.TestThreadSafety" name="test_concurrent_operations_on_same_instance" time="0.096" /><testcase classname="tests.unit.utils.test_git_operations.TestNoShellTrue" name="test_no_shell_true_in_subprocess_calls" time="0.012" /><testcase classname="tests.unit.utils.test_git_operations.TestDefaultCwd" name="test_default_cwd_uses_current_directory" time="0.018" /><testcase classname="tests.unit.utils.test_git_operations.TestStatusEdgeCases" name="test_status_handles_renames" time="0.016" /><testcase classname="tests.unit.utils.test_git_operations.TestStatusEdgeCases" name="test_status_handles_short_lines" time="0.021" /><testcase classname="tests.unit.utils.test_git_operations.TestCheckoutEdgeCases" name="test_checkout_nonexistent_branch_raises_git_error" time="0.033" /><testcase classname="tests.unit.utils.test_git_operations.TestCheckoutEdgeCases" name="test_checkout_generic_error" time="0.025" /><testcase classname="tests.unit.utils.test_git_operations.TestDiffEdgeCases" name="test_diff_with_head_parameter" time="0.045" /><testcase classname="tests.unit.utils.test_git_operations.TestDiffStatsEdgeCases" name="test_diff_stats_with_binary_files" time="0.021" /><testcase classname="tests.unit.utils.test_git_operations.TestPushEdgeCases" name="test_push_remote_not_accessible" time="0.025" /><testcase classname="tests.unit.utils.test_git_operations.TestPushEdgeCases" name="test_push_generic_error" time="0.008" /><testcase classname="tests.unit.utils.test_git_operations.TestPullEdgeCases" name="test_pull_remote_not_accessible" time="0.045" /><testcase classname="tests.unit.utils.test_git_operations.TestStashPopEdgeCases" name="test_stash_pop_generic_error" time="0.016" /><testcase classname="tests.unit.utils.test_git_operations.TestCommitEdgeCases" name="test_commit_generic_error" time="0.019" /><testcase classname="tests.unit.utils.test_git_operations.TestLogEdgeCases" name="test_log_handles_empty_lines" time="0.017" /><testcase classname="tests.unit.utils.test_git_operations.TestStatusMockEdgeCases" name="test_status_handles_short_lines_via_mock" time="0.016" /><testcase classname="tests.unit.utils.test_git_operations.TestDiffStatsMockEdgeCases" name="test_diff_stats_handles_empty_lines" time="0.012" /><testcase classname="tests.unit.utils.test_git_operations.TestPullMockEdgeCases" name="test_pull_remote_not_accessible_via_mock" time="0.017" /><testcase classname="tests.unit.utils.test_git_operations.TestPullMockEdgeCases" name="test_pull_merge_conflict_via_mock" time="0.019" /><testcase classname="tests.unit.utils.test_git_operations.TestPushMockEdgeCases" name="test_push_remote_not_accessible_via_mock" time="0.014" /><testcase classname="tests.unit.utils.test_git_operations.TestBranchValidation" name="test_create_branch_validates_name" time="0.021" /><testcase classname="tests.unit.utils.test_git_operations.TestBranchValidation" name="test_checkout_validates_name" time="0.012" /><testcase classname="tests.unit.utils.test_git_operations.TestAsyncGitOperations" name="test_async_current_branch" time="0.024" /><testcase classname="tests.unit.utils.test_git_operations.TestAsyncGitOperations" name="test_async_status" time="0.029" /><testcase classname="tests.unit.utils.test_git_operations.TestAsyncGitOperations" name="test_async_commit" time="0.028" /><testcase classname="tests.unit.utils.test_git_operations.TestAsyncGitOperations" name="test_async_log" time="0.021" /><testcase classname="tests.unit.utils.test_git_operations.TestAsyncGitOperations" name="test_async_create_branch" time="0.028" /><testcase classname="tests.unit.utils.test_git_operations.TestAsyncGitOperations" name="test_async_checkout" time="0.028" /><testcase classname="tests.unit.utils.test_git_operations.TestAsyncGitOperations" name="test_async_diff" time="0.014" /><testcase classname="tests.unit.utils.test_git_operations.TestAsyncGitOperations" name="test_async_diff_stats" time="0.011" /><testcase classname="tests.unit.utils.test_git_operations.TestAsyncGitOperations" name="test_async_stash_and_pop" time="0.017" /><testcase classname="tests.unit.utils.test_git_operations.TestAsyncGitOperations" name="test_async_exceptions_propagate" time="0.006" /><testcase classname="tests.unit.utils.test_git_operations.TestAsyncGitOperations" name="test_async_branch_exists_error" time="0.038" /><testcase classname="tests.unit.utils.test_git_operations.TestAsyncGitOperations" name="test_async_nothing_to_commit_error" time="0.032" /><testcase classname="tests.unit.utils.test_git_operations.TestAsyncGitOperations" name="test_async_operations_dont_block_event_loop" time="0.039" /><testcase classname="tests.unit.utils.test_github.TestFetchIssue" name="test_fetch_issue_success" time="0.003" /><testcase classname="tests.unit.utils.test_github.TestFetchIssue" name="test_fetch_issue_not_found_raises_error" time="0.002" /><testcase classname="tests.unit.utils.test_github.TestFetchIssue" name="test_fetch_issue_rate_limit_raises_error" time="0.003" /><testcase classname="tests.unit.utils.test_github.TestFetchIssue" name="test_fetch_issue_authentication_error" time="0.003" /><testcase classname="tests.unit.utils.test_github.TestListIssues" name="test_list_issues_success" time="0.003" /><testcase classname="tests.unit.utils.test_github.TestListIssues" name="test_list_issues_empty" time="0.002" /><testcase classname="tests.unit.utils.test_github.TestListIssues" name="test_list_issues_with_state_filter" time="0.001" /><testcase classname="tests.unit.utils.test_github.TestListIssues" name="test_list_issues_with_single_label_filter" time="0.001" /><testcase classname="tests.unit.utils.test_github.TestListIssues" name="test_list_issues_with_multiple_labels_uses_command_runner" time="0.001" /><testcase classname="tests.unit.utils.test_github.TestListIssues" name="test_list_issues_with_limit" time="0.001" /><testcase classname="tests.unit.utils.test_github.TestListIssues" name="test_list_issues_error_raises_github_error" time="0.001" /><testcase classname="tests.unit.utils.test_github.TestListIssues" name="test_list_issues_auth_error_raises_github_error" time="0.001" /><testcase classname="tests.unit.utils.test_github.TestCheckGhAuth" name="test_check_gh_auth_authenticated" time="0.001" /><testcase classname="tests.unit.utils.test_github.TestCheckGhAuth" name="test_check_gh_auth_not_authenticated" time="0.001" /><testcase classname="tests.unit.utils.test_github.TestGitHubErrorInheritance" name="test_github_error_with_issue_number" time="0.000" /><testcase classname="tests.unit.utils.test_github.TestGitHubErrorInheritance" name="test_github_error_with_retry_after" time="0.000" /><testcase classname="tests.unit.utils.test_security.TestScrubSecrets" name="test_scrub_github_pat_classic" time="0.000" /><testcase classname="tests.unit.utils.test_security.TestScrubSecrets" name="test_scrub_github_pat_server" time="0.000" /><testcase classname="tests.unit.utils.test_security.TestScrubSecrets" name="test_scrub_api_key_pattern" time="0.000" /><testcase classname="tests.unit.utils.test_security.TestScrubSecrets" name="test_scrub_secret_pattern" time="0.000" /><testcase classname="tests.unit.utils.test_security.TestScrubSecrets" name="test_scrub_aws_key" time="0.000" /><testcase classname="tests.unit.utils.test_security.TestScrubSecrets" name="test_scrub_openai_key" time="0.000" /><testcase classname="tests.unit.utils.test_security.TestScrubSecrets" name="test_scrub_auth_header" time="0.000" /><testcase classname="tests.unit.utils.test_security.TestScrubSecrets" name="test_scrub_multiple_secrets" time="0.000" /><testcase classname="tests.unit.utils.test_security.TestScrubSecrets" name="test_scrub_preserves_safe_content" time="0.000" /><testcase classname="tests.unit.utils.test_security.TestScrubSecrets" name="test_scrub_empty_string" time="0.000" /><testcase classname="tests.unit.utils.test_security.TestScrubSecrets" name="test_scrub_case_insensitive" time="0.000" /><testcase classname="tests.unit.utils.test_security.TestScrubSecrets" name="test_scrub_in_pr_body" time="0.000" /><testcase classname="tests.unit.utils.test_security.TestScrubSecrets" name="test_scrub_in_issue_description" time="0.000" /><testcase classname="tests.unit.utils.test_security.TestIsPotentiallySecret" name="test_detects_github_pat" time="0.000" /><testcase classname="tests.unit.utils.test_security.TestIsPotentiallySecret" name="test_detects_api_key" time="0.000" /><testcase classname="tests.unit.utils.test_security.TestIsPotentiallySecret" name="test_detects_password" time="0.000" /><testcase classname="tests.unit.utils.test_security.TestIsPotentiallySecret" name="test_no_false_positive_on_safe_text" time="0.000" /><testcase classname="tests.unit.utils.test_security.TestIsPotentiallySecret" name="test_empty_string" time="0.001" /><testcase classname="tests.unit.utils.test_security.TestSecretPatternsComprehensive" name="test_pattern_detection[ghp_1234567890123456789012345678901234AB-True]" time="0.001" /><testcase classname="tests.unit.utils.test_security.TestSecretPatternsComprehensive" name="test_pattern_detection[ghs_1234567890123456789012345678901234AB-True]" time="0.001" /><testcase classname="tests.unit.utils.test_security.TestSecretPatternsComprehensive" name="test_pattern_detection[sk-1234567890abcdefghijklmnopqrstuvwxyz1234567890AB-True]" time="0.002" /><testcase classname="tests.unit.utils.test_security.TestSecretPatternsComprehensive" name="test_pattern_detection[AKIAIOSFODNN7EXAMPLE-True]" time="0.001" /><testcase classname="tests.unit.utils.test_security.TestSecretPatternsComprehensive" name="test_pattern_detection[api_key=abc1234567890123-True]" time="0.000" /><testcase classname="tests.unit.utils.test_security.TestSecretPatternsComprehensive" name="test_pattern_detection[apikey: xyz9876543210987-True]" time="0.000" /><testcase classname="tests.unit.utils.test_security.TestSecretPatternsComprehensive" name="test_pattern_detection[secret=topsecret12345-True]" time="0.001" /><testcase classname="tests.unit.utils.test_security.TestSecretPatternsComprehensive" name="test_pattern_detection[token=bearer123456789-True]" time="0.000" /><testcase classname="tests.unit.utils.test_security.TestSecretPatternsComprehensive" name="test_pattern_detection[password=pass12345678-True]" time="0.000" /><testcase classname="tests.unit.utils.test_security.TestSecretPatternsComprehensive" name="test_pattern_detection[credentials=mycreds123-True]" time="0.001" /><testcase classname="tests.unit.utils.test_security.TestSecretPatternsComprehensive" name="test_pattern_detection[Just a normal description-False]" time="0.001" /><testcase classname="tests.unit.utils.test_security.TestSecretPatternsComprehensive" name="test_pattern_detection[PR #123: Add feature-False]" time="0.001" /><testcase classname="tests.unit.utils.test_security.TestSecretPatternsComprehensive" name="test_pattern_detection[User: john.doe@example.com-False]" time="0.001" /><testcase classname="tests.unit.utils.test_task_parser.TestParseTaskLine" name="test_parse_task_line_basic" time="0.001" /><testcase classname="tests.unit.utils.test_task_parser.TestParseTaskLine" name="test_parse_task_line_completed" time="0.001" /><testcase classname="tests.unit.utils.test_task_parser.TestParseTaskLine" name="test_parse_task_line_completed_uppercase_x" time="0.001" /><testcase classname="tests.unit.utils.test_task_parser.TestParseTaskLine" name="test_parse_task_line_with_parallel_marker_bracket" time="0.001" /><testcase classname="tests.unit.utils.test_task_parser.TestParseTaskLine" name="test_parse_task_line_with_parallel_marker_colon" time="0.000" /><testcase classname="tests.unit.utils.test_task_parser.TestParseTaskLine" name="test_parse_task_line_with_user_story" time="0.000" /><testcase classname="tests.unit.utils.test_task_parser.TestParseTaskLine" name="test_parse_task_line_with_parallel_and_user_story" time="0.000" /><testcase classname="tests.unit.utils.test_task_parser.TestParseTaskLine" name="test_parse_task_line_with_phase" time="0.000" /><testcase classname="tests.unit.utils.test_task_parser.TestParseTaskLine" name="test_parse_task_line_ignores_non_task_lines" time="0.000" /><testcase classname="tests.unit.utils.test_task_parser.TestParseTaskLine" name="test_parse_task_line_raises_on_invalid_format" time="0.000" /><testcase classname="tests.unit.utils.test_task_parser.TestParseTaskLine" name="test_parse_task_line_multiple_digit_task_id" time="0.000" /><testcase classname="tests.unit.utils.test_task_parser.TestParseTaskLine" name="test_parse_task_line_long_description" time="0.000" /><testcase classname="tests.unit.utils.test_task_parser.TestParseTaskLine" name="test_parse_task_line_with_special_characters" time="0.000" /><testcase classname="tests.unit.utils.test_task_parser.TestParseTasksMd" name="test_parse_tasks_md_basic" time="0.000" /><testcase classname="tests.unit.utils.test_task_parser.TestParseTasksMd" name="test_parse_tasks_md_with_phases" time="0.000" /><testcase classname="tests.unit.utils.test_task_parser.TestParseTasksMd" name="test_parse_tasks_md_mixed_statuses" time="0.001" /><testcase classname="tests.unit.utils.test_task_parser.TestParseTasksMd" name="test_parse_tasks_md_with_parallel_tasks" time="0.000" /><testcase classname="tests.unit.utils.test_task_parser.TestParseTasksMd" name="test_parse_tasks_md_with_user_stories" time="0.000" /><testcase classname="tests.unit.utils.test_task_parser.TestParseTasksMd" name="test_parse_tasks_md_empty_content" time="0.000" /><testcase classname="tests.unit.utils.test_task_parser.TestParseTasksMd" name="test_parse_tasks_md_only_headers" time="0.000" /><testcase classname="tests.unit.utils.test_task_parser.TestParseTasksMd" name="test_parse_tasks_md_preserves_order" time="0.000" /><testcase classname="tests.unit.utils.test_task_parser.TestParseTasksMd" name="test_parse_tasks_md_multiline_content" time="0.000" /><testcase classname="tests.unit.utils.test_task_parser.TestParseTasksMd" name="test_parse_tasks_md_invalid_task_raises_error" time="0.000" /><testcase classname="tests.unit.utils.test_task_parser.TestParseTasksMd" name="test_parse_tasks_md_tasks_without_phase" time="0.000" /><testcase classname="tests.unit.utils.test_task_parser.TestFormatTaskCheckbox" name="test_format_task_checkbox_pending" time="0.000" /><testcase classname="tests.unit.utils.test_task_parser.TestFormatTaskCheckbox" name="test_format_task_checkbox_completed" time="0.000" /><testcase classname="tests.unit.utils.test_task_parser.TestFormatTaskCheckbox" name="test_format_task_checkbox_with_parallel" time="0.000" /><testcase classname="tests.unit.utils.test_task_parser.TestFormatTaskCheckbox" name="test_format_task_checkbox_without_parallel" time="0.000" /><testcase classname="tests.unit.utils.test_task_parser.TestFormatTaskCheckbox" name="test_format_task_checkbox_with_user_story" time="0.000" /><testcase classname="tests.unit.utils.test_task_parser.TestFormatTaskCheckbox" name="test_format_task_checkbox_full_metadata" time="0.000" /><testcase classname="tests.unit.utils.test_task_parser.TestFormatTaskCheckbox" name="test_format_task_checkbox_roundtrip" time="0.000" /><testcase classname="tests.unit.utils.test_task_parser.TestGetPendingCount" name="test_get_pending_count_all_pending" time="0.000" /><testcase classname="tests.unit.utils.test_task_parser.TestGetPendingCount" name="test_get_pending_count_mixed" time="0.000" /><testcase classname="tests.unit.utils.test_task_parser.TestGetPendingCount" name="test_get_pending_count_none_pending" time="0.000" /><testcase classname="tests.unit.utils.test_task_parser.TestGetPendingCount" name="test_get_pending_count_empty" time="0.000" /><testcase classname="tests.unit.utils.test_task_parser.TestGetCompletedCount" name="test_get_completed_count_all_completed" time="0.000" /><testcase classname="tests.unit.utils.test_task_parser.TestGetCompletedCount" name="test_get_completed_count_mixed" time="0.000" /><testcase classname="tests.unit.utils.test_task_parser.TestGetCompletedCount" name="test_get_completed_count_none_completed" time="0.000" /><testcase classname="tests.unit.utils.test_task_parser.TestGetCompletedCount" name="test_get_completed_count_empty" time="0.000" /><testcase classname="tests.unit.utils.test_task_parser.TestTaskParseEdgeCases" name="test_parse_task_with_brackets_in_description" time="0.000" /><testcase classname="tests.unit.utils.test_task_parser.TestTaskParseEdgeCases" name="test_parse_task_with_whitespace_variations" time="0.000" /><testcase classname="tests.unit.utils.test_task_parser.TestTaskParseEdgeCases" name="test_parse_task_markdown_emphasis_in_description" time="0.000" /><testcase classname="tests.unit.utils.test_task_parser.TestTaskParseEdgeCases" name="test_parse_tasks_file_integration" time="0.000" /><testcase classname="tests.unit.utils.test_validation.TestRunValidationStep" name="test_run_validation_step_format_success" time="0.001" /><testcase classname="tests.unit.utils.test_validation.TestRunValidationStep" name="test_run_validation_step_lint_success" time="0.002" /><testcase classname="tests.unit.utils.test_validation.TestRunValidationStep" name="test_run_validation_step_typecheck_success" time="0.002" /><testcase classname="tests.unit.utils.test_validation.TestRunValidationStep" name="test_run_validation_step_test_success" time="0.001" /><testcase classname="tests.unit.utils.test_validation.TestRunValidationStep" name="test_run_validation_step_failure" time="0.001" /><testcase classname="tests.unit.utils.test_validation.TestRunValidationStep" name="test_run_validation_step_timeout" time="0.001" /><testcase classname="tests.unit.utils.test_validation.TestRunValidationStep" name="test_run_validation_step_tool_not_found" time="0.001" /><testcase classname="tests.unit.utils.test_validation.TestRunValidationStep" name="test_run_validation_step_detects_auto_fix" time="0.001" /><testcase classname="tests.unit.utils.test_validation.TestRunValidationStep" name="test_run_validation_step_detects_fixes_in_lint" time="0.001" /><testcase classname="tests.unit.utils.test_validation.TestRunValidationStep" name="test_run_validation_step_measures_duration" time="0.001" /><testcase classname="tests.unit.utils.test_validation.TestRunValidationPipeline" name="test_run_validation_pipeline_all_steps_success" time="0.001" /><testcase classname="tests.unit.utils.test_validation.TestRunValidationPipeline" name="test_run_validation_pipeline_stops_on_failure" time="0.004" /><testcase classname="tests.unit.utils.test_validation.TestRunValidationPipeline" name="test_run_validation_pipeline_continues_on_failure" time="0.004" /><testcase classname="tests.unit.utils.test_validation.TestRunValidationPipeline" name="test_run_validation_pipeline_custom_steps" time="0.001" /><testcase classname="tests.unit.utils.test_validation.TestRunValidationPipeline" name="test_run_validation_pipeline_retries_auto_fixable_steps" time="0.003" /><testcase classname="tests.unit.utils.test_validation.TestRunValidationPipeline" name="test_run_validation_pipeline_non_fixable_no_retry" time="0.002" /><testcase classname="tests.unit.utils.test_validation.TestRunValidationPipeline" name="test_run_validation_pipeline_max_retries_respected" time="0.002" /><testcase classname="tests.unit.utils.test_validation.TestCheckValidationPassed" name="test_check_validation_passed_all_success" time="0.000" /><testcase classname="tests.unit.utils.test_validation.TestCheckValidationPassed" name="test_check_validation_passed_one_failure" time="0.000" /><testcase classname="tests.unit.utils.test_validation.TestCheckValidationPassed" name="test_check_validation_passed_all_failure" time="0.000" /><testcase classname="tests.unit.utils.test_validation.TestCheckValidationPassed" name="test_check_validation_passed_empty_list" time="0.000" /><testcase classname="tests.unit.utils.test_validation.TestValidationResultCreation" name="test_validation_result_instantiation" time="0.000" /><testcase classname="tests.unit.utils.test_validation.TestValidationResultCreation" name="test_validation_result_defaults" time="0.000" /><testcase classname="tests.unit.utils.test_validation.TestValidationResultCreation" name="test_validation_result_frozen" time="0.001" /><testcase classname="tests.unit.workflows.test_base.TestWorkflowDSLMixin" name="test_init_sets_use_dsl_to_false" time="0.001" /><testcase classname="tests.unit.workflows.test_base.TestWorkflowDSLMixin" name="test_enable_dsl_execution_sets_flag" time="0.000" /><testcase classname="tests.unit.workflows.test_base.TestWorkflowDSLMixin" name="test_load_workflow_calls_builtin_library" time="0.001" /><testcase classname="tests.unit.workflows.test_base.TestWorkflowDSLMixin" name="test_load_workflow_raises_on_missing_workflow" time="0.002" /><testcase classname="tests.unit.workflows.test_base.TestWorkflowDSLMixin" name="test_mixin_works_with_inheritance_chain" time="0.000" /><testcase classname="tests.unit.workflows.test_fly.TestWorkflowStage" name="test_all_stages_exist" time="0.000" /><testcase classname="tests.unit.workflows.test_fly.TestWorkflowStage" name="test_string_representation" time="0.000" /><testcase classname="tests.unit.workflows.test_fly.TestWorkflowStage" name="test_enum_values" time="0.000" /><testcase classname="tests.unit.workflows.test_fly.TestWorkflowStage" name="test_all_values_unique" time="0.000" /><testcase classname="tests.unit.workflows.test_fly.TestFlyInputs" name="test_validates_branch_name_not_empty" time="0.000" /><testcase classname="tests.unit.workflows.test_fly.TestFlyInputs" name="test_default_values" time="0.000" /><testcase classname="tests.unit.workflows.test_fly.TestFlyInputs" name="test_accepts_all_optional_fields_with_custom_values" time="0.000" /><testcase classname="tests.unit.workflows.test_fly.TestFlyInputs" name="test_fly_inputs_edge_case_branch_names[aaaaaaaaaaaaaaaaaaaaaaaaaaaaaaaaaaaaaaaaaaaaaaaaaaaaaaaaaaaaaaaaaaaaaaaaaaaaaaaaaaaaaaaaaaaaaaaaaaaaaaaaaaaaaaaaaaaaaaaaaaaaaaaaaaaaaaaaaaaaaaaaaaaaaaaaaaaaaaaaaaaaaaaaaaaaaaaaaaaaaaaaaaaaaaaaaaaaaaaaaaaaaaaaaaaaaaaaaaaaaaaaaaaaaaaaaaaaaaaaaaaaaaaaaaaaaaa]" time="0.000" /><testcase classname="tests.unit.workflows.test_fly.TestFlyInputs" name="test_fly_inputs_edge_case_branch_names[feature/special-chars_123]" time="0.000" /><testcase classname="tests.unit.workflows.test_fly.TestFlyInputs" name="test_fly_inputs_edge_case_branch_names[feature/\xfcber-cool]" time="0.000" /><testcase classname="tests.unit.workflows.test_fly.TestFlyInputs" name="test_fly_inputs_edge_case_branch_names[fix/JIRA-1234]" time="0.000" /><testcase classname="tests.unit.workflows.test_fly.TestFlyInputs" name="test_fly_inputs_edge_case_branch_names[release/v1.0.0]" time="0.000" /><testcase classname="tests.unit.workflows.test_fly.TestFlyInputs" name="test_fly_inputs_edge_case_task_files[specs/001/tasks.md]" time="0.001" /><testcase classname="tests.unit.workflows.test_fly.TestFlyInputs" name="test_fly_inputs_edge_case_task_files[task_file1]" time="0.001" /><testcase classname="tests.unit.workflows.test_fly.TestFlyInputs" name="test_fly_inputs_edge_case_task_files[path with spaces/tasks.md]" time="0.001" /><testcase classname="tests.unit.workflows.test_fly.TestWorkflowState" name="test_workflow_state_has_all_required_fields" time="0.001" /><testcase classname="tests.unit.workflows.test_fly.TestWorkflowState" name="test_workflow_state_stage_can_hold_any_workflow_stage_enum_value" time="0.002" /><testcase classname="tests.unit.workflows.test_fly.TestWorkflowState" name="test_workflow_state_errors_list_accumulates_strings" time="0.001" /><testcase classname="tests.unit.workflows.test_fly.TestWorkflowState" name="test_workflow_state_default_values" time="0.000" /><testcase classname="tests.unit.workflows.test_fly.TestFlyConfig" name="test_fly_config_default_values" time="0.000" /><testcase classname="tests.unit.workflows.test_fly.TestFlyConfig" name="test_max_validation_attempts_validates_range_1_to_10" time="0.001" /><testcase classname="tests.unit.workflows.test_fly.TestFlyConfig" name="test_fly_config_is_frozen_immutable" time="0.002" /><testcase classname="tests.unit.workflows.test_fly.TestFlyConfig" name="test_maverick_config_fly_field_exists" time="0.003" /><testcase classname="tests.unit.workflows.test_fly.TestFlyWorkflow" name="test_accepts_optional_fly_config_in_constructor" time="0.000" /><testcase classname="tests.unit.workflows.test_fly.TestFlyWorkflowExecution" name="test_init_stage_creates_branch_without_ai" time="0.002" /><testcase classname="tests.unit.workflows.test_fly.TestFlyWorkflowExecution" name="test_implementation_stage_invokes_agent" time="0.002" /><testcase classname="tests.unit.workflows.test_fly.TestFlyWorkflowExecution" name="test_validation_stage_with_retry" time="0.005" /><testcase classname="tests.unit.workflows.test_fly.TestFlyWorkflowExecution" name="test_code_review_stage_optional_coderabbit" time="0.008" /><testcase classname="tests.unit.workflows.test_fly.TestFlyWorkflowExecution" name="test_pr_creation_stage_generates_description" time="0.011" /><testcase classname="tests.unit.workflows.test_fly.TestFlyWorkflowExecution" name="test_progress_events_emitted_at_each_stage" time="0.008" /><testcase classname="tests.unit.workflows.test_fly.TestFlyWorkflowExecution" name="test_error_handling_stage_failure_continues" time="0.005" /><testcase classname="tests.unit.workflows.test_fly.TestFlyResult" name="test_fly_result_has_all_required_fields" time="0.000" /><testcase classname="tests.unit.workflows.test_fly.TestFlyResult" name="test_fly_result_total_cost_usd_validates_non_negative" time="0.000" /><testcase classname="tests.unit.workflows.test_fly.TestFlyResult" name="test_fly_result_is_frozen_immutable" time="0.000" /><testcase classname="tests.unit.workflows.test_fly.TestFlyResult" name="test_fly_result_summary_is_human_readable_string" time="0.000" /><testcase classname="tests.unit.workflows.test_fly.TestProgressEvents" name="test_fly_workflow_started_has_inputs_and_timestamp" time="0.000" /><testcase classname="tests.unit.workflows.test_fly.TestProgressEvents" name="test_fly_stage_started_has_stage_and_timestamp" time="0.000" /><testcase classname="tests.unit.workflows.test_fly.TestProgressEvents" name="test_fly_stage_completed_has_stage_result_and_timestamp" time="0.000" /><testcase classname="tests.unit.workflows.test_fly.TestProgressEvents" name="test_fly_workflow_completed_has_result_and_timestamp" time="0.000" /><testcase classname="tests.unit.workflows.test_fly.TestProgressEvents" name="test_fly_workflow_failed_has_error_state_and_timestamp" time="0.000" /><testcase classname="tests.unit.workflows.test_fly.TestProgressEvents" name="test_all_progress_events_are_frozen_dataclasses_with_slots" time="0.000" /><testcase classname="tests.unit.workflows.test_fly.TestInterfaceIntegration" name="test_all_interface_types_importable" time="0.000" /><testcase classname="tests.unit.workflows.test_fly.TestInterfaceIntegration" name="test_interface_types_integrate_with_existing_types" time="0.000" /><testcase classname="tests.unit.workflows.test_fly.TestProgressEventEmission" name="test_workflow_started_event_emission" time="0.002" /><testcase classname="tests.unit.workflows.test_fly.TestProgressEventEmission" name="test_stage_started_completed_event_pairs" time="0.008" /><testcase classname="tests.unit.workflows.test_fly.TestProgressEventEmission" name="test_validation_retry_progress_updates" time="0.007" /><testcase classname="tests.unit.workflows.test_fly_dryrun.TestFlyWorkflowDryRun" name="test_dry_run_emits_progress_events" time="0.004" /><testcase classname="tests.unit.workflows.test_fly_dryrun.TestFlyWorkflowDryRun" name="test_dry_run_does_not_execute_git_operations" time="0.005" /><testcase classname="tests.unit.workflows.test_fly_dryrun.TestFlyWorkflowDryRun" name="test_dry_run_does_not_create_pr" time="0.004" /><testcase classname="tests.unit.workflows.test_fly_dryrun.TestFlyWorkflowDryRun" name="test_dry_run_does_not_invoke_agents" time="0.002" /><testcase classname="tests.unit.workflows.test_fly_dryrun.TestFlyWorkflowDryRun" name="test_dry_run_event_sequence_matches_real_run" time="0.018" /><testcase classname="tests.unit.workflows.test_fly_dsl.TestFlyWorkflowDSLExecution" name="test_enable_dsl_execution_sets_flag" time="0.001" /><testcase classname="tests.unit.workflows.test_fly_dsl.TestFlyWorkflowDSLExecution" name="test_executes_dsl_workflow_when_enabled" time="0.005" /><testcase classname="tests.unit.workflows.test_fly_dsl.TestFlyWorkflowDSLExecution" name="test_handles_workflow_file_not_found" time="0.001" /><testcase classname="tests.unit.workflows.test_fly_dsl.TestEventTranslation" name="test_translates_dsl_workflow_started" time="0.001" /><testcase classname="tests.unit.workflows.test_fly_dsl.TestEventTranslation" name="test_translates_dsl_step_started_to_stage_started" time="0.000" /><testcase classname="tests.unit.workflows.test_fly_dsl.TestEventTranslation" name="test_translates_dsl_step_completed_to_stage_completed" time="0.000" /><testcase classname="tests.unit.workflows.test_fly_dsl.TestEventTranslation" name="test_maps_all_step_names_to_stages" time="0.000" /><testcase classname="tests.unit.workflows.test_fly_dsl.TestEventTranslation" name="test_returns_none_for_unmapped_step_names" time="0.000" /><testcase classname="tests.unit.workflows.test_fly_dsl.TestEventTranslation" name="test_returns_none_for_unmapped_event_types" time="0.000" /><testcase classname="tests.unit.workflows.test_fly_dsl.TestResultConstruction" name="test_builds_fly_result_from_successful_workflow" time="0.001" /><testcase classname="tests.unit.workflows.test_fly_dsl.TestResultConstruction" name="test_builds_fly_result_from_failed_workflow" time="0.001" /><testcase classname="tests.unit.workflows.test_fly_dsl.TestResultConstruction" name="test_includes_pr_url_in_success_summary" time="0.001" /><testcase classname="tests.unit.workflows.test_fly_dsl.TestResultConstruction" name="test_extracts_error_from_failed_step" time="0.001" /><testcase classname="tests.unit.workflows.test_fly_dsl.TestResultConstruction" name="test_aggregates_token_usage" time="0.001" /><testcase classname="tests.unit.workflows.test_fly_dsl.TestDSLExecutionErrorHandling" name="test_handles_workflow_parse_error" time="0.003" /><testcase classname="tests.unit.workflows.test_fly_dsl.TestDSLExecutionErrorHandling" name="test_handles_executor_error" time="0.004" /><testcase classname="tests.unit.workflows.test_fly_dsl.TestDSLExecutionErrorHandling" name="test_state_updated_on_failure" time="0.002" /><testcase classname="tests.unit.workflows.test_refuel.TestGitHubIssue" name="test_creates_with_all_fields" time="0.000" /><testcase classname="tests.unit.workflows.test_refuel.TestGitHubIssue" name="test_creates_with_none_body" time="0.000" /><testcase classname="tests.unit.workflows.test_refuel.TestGitHubIssue" name="test_creates_with_assignee" time="0.000" /><testcase classname="tests.unit.workflows.test_refuel.TestGitHubIssue" name="test_immutable_frozen" time="0.000" /><testcase classname="tests.unit.workflows.test_refuel.TestGitHubIssue" name="test_has_slots" time="0.000" /><testcase classname="tests.unit.workflows.test_refuel.TestIssueStatus" name="test_all_status_values_exist" time="0.000" /><testcase classname="tests.unit.workflows.test_refuel.TestIssueStatus" name="test_string_values" time="0.000" /><testcase classname="tests.unit.workflows.test_refuel.TestIssueStatus" name="test_skipped_value_exists_for_dry_run" time="0.000" /><testcase classname="tests.unit.workflows.test_refuel.TestIssueStatus" name="test_string_conversion" time="0.000" /><testcase classname="tests.unit.workflows.test_refuel.TestRefuelInputs" name="test_default_values" time="0.000" /><testcase classname="tests.unit.workflows.test_refuel.TestRefuelInputs" name="test_immutable_frozen" time="0.000" /><testcase classname="tests.unit.workflows.test_refuel.TestRefuelInputs" name="test_accepts_dry_run_true" time="0.000" /><testcase classname="tests.unit.workflows.test_refuel.TestRefuelInputs" name="test_accepts_parallel_true" time="0.000" /><testcase classname="tests.unit.workflows.test_refuel.TestRefuelInputs" name="test_accepts_custom_values" time="0.000" /><testcase classname="tests.unit.workflows.test_refuel.TestRefuelResult" name="test_has_all_required_fields" time="0.001" /><testcase classname="tests.unit.workflows.test_refuel.TestRefuelResult" name="test_total_duration_and_cost_accessible" time="0.001" /><testcase classname="tests.unit.workflows.test_refuel.TestRefuelResult" name="test_issues_found_zero_represents_empty_label_match" time="0.000" /><testcase classname="tests.unit.workflows.test_refuel.TestRefuelResult" name="test_success_true_when_issues_failed_zero" time="0.000" /><testcase classname="tests.unit.workflows.test_refuel.TestRefuelResult" name="test_immutable_frozen" time="0.001" /><testcase classname="tests.unit.workflows.test_refuel.TestRefuelWorkflow" name="test_accepts_optional_config_in_constructor" time="0.000" /><testcase classname="tests.unit.workflows.test_refuel.TestRefuelWorkflow" name="test_execute_yields_events" time="0.001" /><testcase classname="tests.unit.workflows.test_refuel.TestRefuelStarted" name="test_has_inputs_and_issues_found_fields" time="0.000" /><testcase classname="tests.unit.workflows.test_refuel.TestRefuelStarted" name="test_frozen_with_slots" time="0.000" /><testcase classname="tests.unit.workflows.test_refuel.TestIssueProcessingStarted" name="test_has_issue_index_total_fields" time="0.000" /><testcase classname="tests.unit.workflows.test_refuel.TestIssueProcessingStarted" name="test_frozen_with_slots" time="0.000" /><testcase classname="tests.unit.workflows.test_refuel.TestIssueProcessingCompleted" name="test_has_result_field" time="0.000" /><testcase classname="tests.unit.workflows.test_refuel.TestIssueProcessingCompleted" name="test_frozen_with_slots" time="0.000" /><testcase classname="tests.unit.workflows.test_refuel.TestRefuelCompleted" name="test_has_result_field" time="0.000" /><testcase classname="tests.unit.workflows.test_refuel.TestRefuelCompleted" name="test_frozen_with_slots" time="0.000" /><testcase classname="tests.unit.workflows.test_refuel.TestRefuelProgressEvent" name="test_type_alias_covers_all_events" time="0.000" /><testcase classname="tests.unit.workflows.test_refuel.TestIssueProcessingResult" name="test_agent_usage_field_holds_agent_usage" time="0.000" /><testcase classname="tests.unit.workflows.test_refuel.TestIssueProcessingResult" name="test_duration_ms_field_is_int" time="0.000" /><testcase classname="tests.unit.workflows.test_refuel.TestIssueProcessingResult" name="test_skipped_with_all_optional_fields_none" time="0.000" /><testcase classname="tests.unit.workflows.test_refuel.TestIssueProcessingResult" name="test_failed_has_error_field" time="0.000" /><testcase classname="tests.unit.workflows.test_refuel.TestRefuelConfig" name="test_default_values" time="0.000" /><testcase classname="tests.unit.workflows.test_refuel.TestRefuelConfig" name="test_max_parallel_validates_range" time="0.000" /><testcase classname="tests.unit.workflows.test_refuel.TestRefuelConfig" name="test_branch_prefix_validation" time="0.000" /><testcase classname="tests.unit.workflows.test_refuel.TestRefuelConfig" name="test_frozen_config" time="0.000" /><testcase classname="tests.unit.workflows.test_refuel.TestInterfaceExports" name="test_all_types_importable_from_refuel" time="0.000" /><testcase classname="tests.unit.workflows.test_refuel.TestMaverickConfigIntegration" name="test_maverick_config_refuel_field_exists" time="0.001" /><testcase classname="tests.unit.workflows.test_refuel.TestRefuelWorkflowExecution" name="test_issue_discovery_via_github_runner" time="0.001" /><testcase classname="tests.unit.workflows.test_refuel.TestRefuelWorkflowExecution" name="test_branch_creation_per_issue" time="0.005" /><testcase classname="tests.unit.workflows.test_refuel.TestRefuelWorkflowExecution" name="test_issue_isolation_one_failure_does_not_crash_others" time="0.009" /><testcase classname="tests.unit.workflows.test_refuel.TestRefuelWorkflowExecution" name="test_result_aggregation" time="0.004" /><testcase classname="tests.unit.workflows.test_refuel.TestRefuelWorkflowExecution" name="test_progress_events_per_issue" time="0.003" /><testcase classname="tests.unit.workflows.test_refuel.TestRefuelWorkflowExecution" name="test_network_failure_retry_with_exponential_backoff" time="3.015" /><testcase classname="tests.unit.workflows.test_refuel.TestRefuelWorkflowExecution" name="test_issue_skip_after_max_attempts" time="0.004" /><testcase classname="tests.unit.workflows.test_refuel.TestRefuelProgressEventEmission" name="test_refuel_started_event_with_issues_found" time="0.003" /><testcase classname="tests.unit.workflows.test_refuel.TestRefuelProgressEventEmission" name="test_issue_processing_started_completed_event_pairs" time="0.003" /><testcase classname="tests.unit.workflows.test_refuel_dryrun.TestRefuelWorkflowDryRun" name="test_dry_run_emits_progress_events" time="0.003" /><testcase classname="tests.unit.workflows.test_refuel_dryrun.TestRefuelWorkflowDryRun" name="test_dry_run_does_not_execute_git_operations" time="0.004" /><testcase classname="tests.unit.workflows.test_refuel_dryrun.TestRefuelWorkflowDryRun" name="test_dry_run_does_not_create_pr" time="0.004" /><testcase classname="tests.unit.workflows.test_refuel_dryrun.TestRefuelWorkflowDryRun" name="test_dry_run_does_not_invoke_agents" time="0.003" /><testcase classname="tests.unit.workflows.test_refuel_dryrun.TestRefuelWorkflowDryRun" name="test_dry_run_event_sequence_matches_real_run" time="0.006" /><testcase classname="tests.unit.workflows.test_refuel_dsl.TestRefuelWorkflowDSLExecution" name="test_enable_dsl_execution_sets_flag" time="0.001" /><testcase classname="tests.unit.workflows.test_refuel_dsl.TestRefuelWorkflowDSLExecution" name="test_executes_dsl_workflow_when_enabled" time="0.002" /><testcase classname="tests.unit.workflows.test_refuel_dsl.TestRefuelWorkflowDSLExecution" name="test_handles_workflow_file_not_found" time="0.001" /><testcase classname="tests.unit.workflows.test_refuel_dsl.TestRefuelWorkflowDSLExecution" name="test_loads_workflow_from_library" time="0.002" /><testcase classname="tests.unit.workflows.test_refuel_dsl.TestRefuelWorkflowDSLExecution" name="test_uses_legacy_execution_when_dsl_disabled" time="0.001" /><testcase classname="tests.unit.workflows.test_refuel_dsl.TestEventTranslation" name="test_translates_dsl_workflow_started" time="0.000" /><testcase classname="tests.unit.workflows.test_refuel_dsl.TestEventTranslation" name="test_uses_default_values_for_missing_inputs" time="0.000" /><testcase classname="tests.unit.workflows.test_refuel_dsl.TestEventTranslation" name="test_returns_none_for_step_started" time="0.000" /><testcase classname="tests.unit.workflows.test_refuel_dsl.TestEventTranslation" name="test_returns_none_for_step_completed" time="0.000" /><testcase classname="tests.unit.workflows.test_refuel_dsl.TestEventTranslation" name="test_returns_none_for_workflow_completed" time="0.001" /><testcase classname="tests.unit.workflows.test_refuel_dsl.TestResultConstruction" name="test_builds_refuel_result_from_successful_workflow" time="0.000" /><testcase classname="tests.unit.workflows.test_refuel_dsl.TestResultConstruction" name="test_builds_refuel_result_from_failed_workflow" time="0.000" /><testcase classname="tests.unit.workflows.test_refuel_dsl.TestResultConstruction" name="test_extracts_issues_found_from_output" time="0.000" /><testcase classname="tests.unit.workflows.test_refuel_dsl.TestResultConstruction" name="test_extracts_issue_processing_results" time="0.000" /><testcase classname="tests.unit.workflows.test_refuel_dsl.TestResultConstruction" name="test_counts_status_types_correctly" time="0.000" /><testcase classname="tests.unit.workflows.test_refuel_dsl.TestResultConstruction" name="test_computes_total_cost" time="0.000" /><testcase classname="tests.unit.workflows.test_refuel_dsl.TestResultConstruction" name="test_uses_workflow_duration_when_no_output" time="0.000" /><testcase classname="tests.unit.workflows.test_refuel_dsl.TestResultConstruction" name="test_prefers_output_duration_over_workflow_duration" time="0.000" /><testcase classname="tests.unit.workflows.test_refuel_dsl.TestResultConstruction" name="test_handles_empty_results_gracefully" time="0.000" /><testcase classname="tests.unit.workflows.test_refuel_dsl.TestResultConstruction" name="test_success_false_when_workflow_failed" time="0.000" /><testcase classname="tests.unit.workflows.test_refuel_dsl.TestResultConstruction" name="test_success_false_when_issues_failed" time="0.000" /><testcase classname="tests.unit.workflows.test_refuel_dsl.TestDSLExecutionErrorHandling" name="test_handles_workflow_parse_error" time="0.003" /><testcase classname="tests.unit.workflows.test_refuel_dsl.TestDSLExecutionErrorHandling" name="test_handles_executor_error" time="0.002" /><testcase classname="tests.unit.workflows.test_refuel_dsl.TestDSLExecutionErrorHandling" name="test_returns_empty_result_on_failure" time="0.002" /><testcase classname="tests.unit.workflows.test_refuel_dsl.TestDSLExecutionErrorHandling" name="test_passes_config_to_executor" time="0.001" /><testcase classname="tests.unit.workflows.test_refuel_dsl.TestDSLExecutionErrorHandling" name="test_converts_inputs_to_dict_for_executor" time="0.002" /><testcase classname="tests.unit.workflows.test_validation" name="test_workflow_executes_stages_in_order" time="0.002" /><testcase classname="tests.unit.workflows.test_validation" name="test_stage_passes_on_first_attempt" time="0.002" /><testcase classname="tests.unit.workflows.test_validation" name="test_fix_agent_invoked_when_fixable_stage_fails" time="0.003" /><testcase classname="tests.unit.workflows.test_validation" name="test_stage_retried_after_fix_attempt" time="0.002" /><testcase classname="tests.unit.workflows.test_validation" name="test_stage_marked_fixed_when_passes_after_fix" time="0.002" /><testcase classname="tests.unit.workflows.test_validation" name="test_stage_fails_after_max_fix_attempts" time="0.004" /><testcase classname="tests.unit.workflows.test_validation" name="test_non_fixable_stage_fails_without_fix_attempts" time="0.002" /><testcase classname="tests.unit.workflows.test_validation" name="test_get_result_raises_before_workflow_completes" time="0.002" /><testcase classname="tests.unit.workflows.test_validation" name="test_workflow_yields_progress_updates" time="0.003" /><testcase classname="tests.unit.workflows.test_validation" name="test_workflow_config_stop_on_failure" time="0.002" /><testcase classname="tests.unit.workflows.test_validation" name="test_stage_marked_failed_after_exhausting_fix_attempts" time="0.002" /><testcase classname="tests.unit.workflows.test_validation" name="test_non_fixable_stage_not_retried_on_failure" time="0.001" /><testcase classname="tests.unit.workflows.test_validation" name="test_workflow_continues_to_next_stage_after_failure" time="0.002" /><testcase classname="tests.unit.workflows.test_validation" name="test_workflow_reports_overall_success_when_all_stages_pass" time="0.002" /><testcase classname="tests.unit.workflows.test_validation" name="test_command_not_found_fails_stage_immediately" time="0.001" /><testcase classname="tests.unit.workflows.test_validation" name="test_custom_commands_used_instead_of_defaults" time="0.002" /><testcase classname="tests.unit.workflows.test_validation" name="test_command_timeout_fails_stage_immediately" time="0.002" /><testcase classname="tests.unit.workflows.test_validation" name="test_dry_run_mode_does_not_execute_commands" time="0.001" /><testcase classname="tests.unit.workflows.test_validation" name="test_dry_run_reports_planned_commands_in_progress_updates" time="0.001" /><testcase classname="tests.unit.workflows.test_validation" name="test_dry_run_returns_success_result" time="0.001" /><testcase classname="tests.unit.workflows.test_validation" name="test_progress_update_emitted_when_stage_begins" time="0.001" /><testcase classname="tests.unit.workflows.test_validation" name="test_progress_update_includes_fix_attempt_number" time="0.002" /><testcase classname="tests.unit.workflows.test_validation" name="test_progress_update_emitted_on_stage_completion" time="0.001" /><testcase classname="tests.unit.workflows.test_validation" name="test_timestamp_included_in_progress_updates" time="0.001" /><testcase classname="tests.unit.workflows.test_validation" name="test_cancel_sets_cancellation_flag" time="0.001" /><testcase classname="tests.unit.workflows.test_validation" name="test_workflow_stops_at_earliest_safe_point_after_cancel" time="0.001" /><testcase classname="tests.unit.workflows.test_validation" name="test_partial_results_available_after_cancellation" time="0.001" /><testcase classname="tests.unit.workflows.test_validation" name="test_remaining_stages_marked_cancelled" time="0.001" /><testcase classname="tests.unit.workflows.test_validation" name="test_cancellation_within_5_seconds" time="0.506" /><testcase classname="tests.unit.workflows.test_validation" name="test_cancellation_during_fix_attempts" time="0.005" /><testcase classname="tests.unit.workflows.test_workflow_example.TestWorkflowConfiguration" name="test_config_default_values" time="0.001" /><testcase classname="tests.unit.workflows.test_workflow_example.TestWorkflowConfiguration" name="test_config_custom_values" time="0.001" /><testcase classname="tests.unit.workflows.test_workflow_example.TestWorkflowConfiguration" name="test_config_immutability" time="0.001" /><testcase classname="tests.unit.workflows.test_workflow_example.TestWorkflowInitialization" name="test_workflow_init_minimal" time="0.001" /><testcase classname="tests.unit.workflows.test_workflow_example.TestWorkflowInitialization" name="test_workflow_init_with_fix_agent" time="0.003" /><testcase classname="tests.unit.workflows.test_workflow_example.TestWorkflowInitialization" name="test_workflow_init_with_custom_config" time="0.001" /><testcase classname="tests.unit.workflows.test_workflow_example.TestWorkflowStateMethods" name="test_cancel_sets_event" time="0.001" /><testcase classname="tests.unit.workflows.test_workflow_example.TestWorkflowStateMethods" name="test_get_result_before_run_raises" time="0.001" /><testcase classname="tests.unit.workflows.test_workflow_example.TestCommandExecution" name="test_execute_command_success" time="0.003" /><testcase classname="tests.unit.workflows.test_workflow_example.TestCommandExecution" name="test_execute_command_timeout" time="0.002" /><testcase classname="tests.unit.workflows.test_workflow_example.TestCommandExecution" name="test_execute_command_not_found" time="0.002" /><testcase classname="tests.unit.workflows.test_workflow_example.TestFixAgentInvocation" name="test_invoke_fix_agent_success" time="0.001" /><testcase classname="tests.unit.workflows.test_workflow_example.TestFixAgentInvocation" name="test_invoke_fix_agent_no_agent" time="0.001" /><testcase classname="tests.unit.workflows.test_workflow_example.TestFixAgentInvocation" name="test_invoke_fix_agent_exception" time="0.003" /><testcase classname="tests.unit.workflows.test_workflow_example.TestStageValidation" name="test_stage_requires_name" time="0.001" /><testcase classname="tests.unit.workflows.test_workflow_example.TestStageValidation" name="test_stage_requires_command" time="0.001" /><testcase classname="tests.unit.workflows.test_workflow_example.TestStageValidation" name="test_stage_timeout_must_be_positive" time="0.001" /><testcase classname="tests.unit.workflows.test_workflow_example.TestStageValidation" name="test_stage_is_fixable_property" time="0.000" /><testcase classname="tests.unit.workflows.test_workflow_example.TestDryRunMode" name="test_dry_run_skips_execution" time="0.005" /></testsuite></testsuites>